<page>
    <title>2Wire 5012NV/Serial info</title>
    <ns>0</ns>
    <id>30542</id>
    <revision>
      <id>86483</id>
      <timestamp>2020-09-19T18:09:28Z</timestamp>
      <contributor>
        <username>DarkShadow</username>
        <id>3096572</id>
      </contributor>
      <comment>add data</comment>
      <origin>86483</origin>
      <model>wikitext</model>
      <format>text/x-wiki</format>
      <text bytes="18177" sha1="rst7saws0esl9t2tumnccy1k5fab2ir" xml:space="preserve">
===Serial Output===
{{SCollapse|Bootup|
&lt;pre&gt;U-Boot 1.3.3 (Jun 14 2011 - 23:53:14)

CPU:   Broadcom BCM6338 v3.1 at 240 MHz: 16 kB I-Cache 8 kB D-Cache
BOARD: 2Wire Broadcom BCM96368
DRAM:  64 MB
NAND:  NAND device: Manufacturer ID: 0x20, Chip ID: 0x75 (ST Micro NAND 32MiB 3,3V 8-bit)
32 MiB
OOB[1/16384]55 69 56 69 ff ff 99 a6 42 6f 6f 74 43 6f 64 65 
OOB[2/32768]66 a9 96 96 ff ff 6a a6 42 6f 6f 74 43 6f 64 65 
OOB[3/49152]6a 59 5a 59 ff ff 95 66 42 6f 6f 74 43 6f 64 65 
OOB[4/65536]96 a9 a6 a6 ff ff 56 6a 42 6f 6f 74 43 6f 64 65 
OOB[5/81920]ff ff f 56 ff ff a9 aa 42 6f 6f 74 43 6f 64 65 
OOB[6/98304]f0 cc 3f ff ff ff 3f ff 42 6f 6f 74 43 6f 64 65 
OOB[7/114688]56 99 6a 3f ff ff cf 33 42 6f 6f 74 43 6f 64 65 
OOB[8/131072]56 66 56 aa ff ff 55 56 42 6f 6f 74 43 6f 64 65 
OOB[9/147456]cf c f 99 ff ff 6a 9a 42 6f 6f 74 43 6f 64 65 
OOB[10/163840]a6 59 66 a9 ff ff 65 96 42 6f 6f 74 43 6f 64 65 
OOB[11/180224]66 5a 96 a6 ff ff a5 6a 42 6f 6f 74 43 6f 64 65 
OOB[12/196608]fc f0 c3 f3 ff ff f0 3 42 6f 6f 74 43 6f 64 65 
OOB[13/212992]95 a5 6a f0 ff ff 3 cf 42 6f 6f 74 43 6f 64 65 
OOB[14/229376]33 0 33 30 ff ff 3 f3 42 6f 6f 74 43 6f 64 65 
OOB[15/245760]59 aa 96 ff ff ff c0 c3 42 6f 6f 74 43 6f 64 65 
OOB[16/262144]96 5a 56 ff ff ff 3f f3 42 6f 6f 74 43 6f 64 65 
OOB[17/278528]fc 3f f3 f3 ff ff f3 cf 42 6f 6f 74 43 6f 64 65 
OOB[18/294912]cf f0 3f a5 ff ff 59 aa 42 6f 6f 74 43 6f 64 65 
OOB[19/311296]3 f 33 a9 ff ff 65 a6 42 6f 6f 74 43 6f 64 65 
OOB[20/327680]fc c0 f f ff ff f f3 42 6f 6f 74 43 6f 64 65 
OOB[21/344064]fc 3f cf 66 ff ff 95 5a 42 6f 6f 74 43 6f 64 65 
OOB[22/360448]65 95 96 65 ff ff 65 9a 42 6f 6f 74 43 6f 64 65 
OOB[23/376832]55 56 6a 56 ff ff 9a 5a 42 6f 6f 74 43 6f 64 65 
OOB[24/393216]0 ff 3f c ff ff f0 33 ff ff ff ff ff ff ff ff 
OOB scan: Found pattern mismatch at 24/393216
Fixed up MTD partition to mtdparts=mtd-0:393216(loader),-(ubipart)

Creating 1 MTD partitions on &quot;nand0&quot;:
0x00060000-0x02000000 : &quot;mtd=1&quot;
Scanning device for bad blocks
UBI: attaching mtd1 to ubi0
UBI: physical eraseblock size:   16384 bytes (16 KiB)
UBI: logical eraseblock size:    15872 bytes
UBI: smallest flash I/O unit:    512
UBI: sub-page size:              256
UBI: VID header offset:          256 (aligned 256)
UBI: data offset:                512
UBI: attached mtd1 to ubi0
UBI: MTD device name:            &quot;mtd=1&quot;
UBI: MTD device size:            31 MiB
UBI: number of good PEBs:        2024
UBI: number of bad PEBs:         0
UBI: max. allowed volumes:       92
UBI: wear-leveling threshold:    4096
UBI: number of internal volumes: 1
UBI: number of user volumes:     4
UBI: available PEBs:             0
UBI: total number of reserved PEBs: 2024
UBI: number of PEBs reserved for bad PEB handling: 20
UBI: max/mean erase counter: 5989/5098
UBI env volume info: U-Boot Environment, sizes=81920/79360 led_start=512
Volume U-Boot Environment found at volume id 0
read 64512 bytes from volume 0 to 83fdf7bc(buf address)
env dump -----b7 c0 27 6 0 62 6f 6f 74 63 6d 64 3d 75 62 69 66 73 6d 6f 75 6e 74 20 52 6f 6f 74 66 73 3b 75 
UBI env volume info: U-Boot Environment CRC=b7c02706/b7c02706 env_size=64507 
UBI env volume info: Backup U-Boot Environment, sizes=81920/79360 led_start=512
Volume Backup U-Boot Environment found at volume id 1
read 64512 bytes from volume 1 to 83fdf7bc(buf address)
env dump -----b7 c0 27 6 0 62 6f 6f 74 63 6d 64 3d 75 62 69 66 73 6d 6f 75 6e 74 20 52 6f 6f 74 66 73 3b 75 
UBI env volume info: Backup U-Boot Environment CRC=b7c02706/b7c02706 env_size=64507 
In:    serial
Out:   serial
Err:   serial
BpSetBoardId: Setting GPIO overlays....
Board Id : 2701-000808-004
Net:   br0
Hit any key to stop autoboot:  0 
UBIFS: lebsize=15872 min=3 max_bud=126976 main=1971 MIN=9
UBIFS: recovery needed
UBIFS: recovery deferred
UBIFS: mounted UBI device 0, volume 3, name &quot;Rootfs&quot;
UBIFS: mounted read-only
UBIFS: file system size:   31283712 bytes (30550 KiB, 29 MiB, 1971 LEBs)
UBIFS: journal size:       190464 bytes (186 KiB, 0 MiB, 12 LEBs)
UBIFS: media format:       w4/r0 (latest is w4/r0)
UBIFS: default compressor: no compression
UBIFS: reserved for root:  0 bytes (0 KiB)
&lt;DIR&gt;        3312  Thu May 12 16:00:57 2011  rw
&lt;DIR&gt;         160  Wed Jun 15 07:11:54 2011  bcm
&lt;DIR&gt;         160  Wed Jun 15 07:11:54 2011  opt
&lt;DIR&gt;         160  Sat Jan 01 00:02:12 2000  tmp
&lt;DIR&gt;         384  Wed Jun 15 07:12:13 2011  sys1
&lt;DIR&gt;         160  Sat Jan 01 00:02:12 2000  sys2
               50  Thu May 12 16:01:30 2011  sw_factory_reset_done
&lt;DIR&gt;         160  Sat Jan 01 00:00:13 2000  config
               25  Thu May 12 16:03:07 2011  hw_reset_factory_done
Loading file '/sys1/uImage' to addr 0x80400000 with size 1391486 (0x00153b7e)...
Done
Upgrade Image present. Checking image integrity

## Checking Image at 80400000 ...
   Legacy image found
   Image Name:   Linux-2.6.21.5-9.3.1.29
   Created:      2011-05-13   4:55:15 UTC
   Image Type:   MIPS Linux Kernel Image (lzma compressed)
   Data Size:    1391422 Bytes =  1.3 MB
   Load Address: 80010000
   Entry Point:  8030d000
   Verifying Checksum ... OK
Valid Image Found
## Booting kernel from Legacy Image at 80400000 ...
   Image Name:   Linux-2.6.21.5-9.3.1.29
   Created:      2011-05-13   4:55:15 UTC
   Image Type:   MIPS Linux Kernel Image (lzma compressed)
   Data Size:    1391422 Bytes =  1.3 MB
   Load Address: 80010000
   Entry Point:  8030d000
   Verifying Checksum ... OK
   Uncompressing Kernel Image ... OK

Starting kernel commandline=console=ttyS0,115200 ubi.mtd=ubipart 
rdinit=/init mtdparts=mtd-0:393216(loader),-(ubipart) 5,a3b5c3b0,a3b5c810...

Linux version 2.6.21.5-9.3.1.29 (bslave1@buildbot) 
(gcc version 3.4.3) #3 Fri May 13 10:25:13 IST 2011
Flash SPI: got c210 
Flash SPI: num_sectors=1 sectorsize=65536
flash init: Bringing up SPI as boot flash:1
flash init: Boot flash init done, bringing up data flash...
Boot Serial flash device: name MX25L512, id 0xc210 size 64KB EraseSize:65536B 
@@@@ Setting cs base=1a000000 config=1 
MPINAND device: Vendor ID: 0x20, Chip ID: 0x75 block: 16384 page: 512 name: NAND 32MiB 3,3V 8-bit
&gt;&gt; nand_scan_part - Total 0 bad and 2048 good blocks found
flash init: Bringing up MPI as data flash:1
Found a secondary flash of type 5 
Data MPI NAND flash device: name NAND 32MiB 3,3V 8-bit, id 0x2075
Going to setup data flash....
Switching to MPI NAND flash:1 
MPI NAND: Reading page 0 ba000000
                                                                                                                                MPI NAND: Reading page 1 ba000000
MPI NAND: Reading page 2 ba000000
MPI NAND: Reading page 3 ba000000
MPI NAND: Reading page 4 ba000000
MPI NAND: Reading page 5 ba000000
MPI NAND: Reading page 6 ba000000
MPI NAND: Reading page 7 ba000000
MPI NAND: Reading page 8 ba000000
MPI NAND: Reading page 9 ba000000
MPI NAND: Reading page 10 ba000000
MPI NAND: Reading page 11 ba000000
MPI NAND: Reading page 12 ba000000
MPI NAND: Reading page 13 ba000000
MPI NAND: Reading page 14 ba000000
MPI NAND: Reading page 15 ba000000
                                                                                                                                kerSysEarlyFlashInit: NVRAM size=8188 CRC 363ab401 363ab401 
2701-000808-004 prom init
Linux TP ID = 0 
CPU revision is: 0002a031
Determined physical RAM map:
 memory: 03f00000 @ 00000000 (usable)
Initrd not found or empty - disabling initrd
On node 0 totalpages: 16128
  DMA zone: 32 pages used for memmap
  DMA zone: 0 pages reserved
  DMA zone: 4064 pages, LIFO batch:0
  Normal zone: 94 pages used for memmap
  Normal zone: 11938 pages, LIFO batch:1
Built 1 zonelists.  Total pages: 16002
Kernel command line: console=ttyS0,115200 ubi.mtd=ubipart 
rdinit=/init mtdparts=mtd-0:393216(loader),-(ubipart) 
brcm mips: enabling icache and dcache...
Primary instruction cache 64kB, physically tagged, 4-way, linesize 16 bytes.
Primary data cache 32kB, 2-way, linesize 16 bytes.
Synthesized TLB refill handler (21 instructions).
Synthesized TLB load handler fastpath (33 instructions).
Synthesized TLB store handler fastpath (33 instructions).
Synthesized TLB modify handler fastpath (32 instructions).
PID hash table entries: 256 (order: 8, 1024 bytes)
Using 200.000 MHz high precision timer.
Dentry cache hash table entries: 8192 (order: 3, 32768 bytes)
Inode-cache hash table entries: 4096 (order: 2, 16384 bytes)
Allocating memory for DSP module core and initialization code
Allocated DSP module memory - CORE=0x8108c760 SIZE=1573552, INIT=0x0 SIZE=0
Memory: 58608k/64512k available (2413k kernel code, 5888k reserved, 642k data, 392k init, 0k highmem)
KLOB Pool 1 Initialized: 1048576 bytes &lt;0x80c00000 ... 0x80d00000&gt;
Calibrating delay loop... 398.33 BogoMIPS (lpj=199168)
Mount-cache hash table entries: 512
wait instruction: enabled
NET: Registered protocol family 16

*** kerSysFlashInit ....
registering PCI controller with io_map_base unset
SCSI subsystem initialized
usbcore: registered new interface driver usbfs
usbcore: registered new interface driver hub
usbcore: registered new device driver usb
BLOG v2.1 Initialized
NET: Registered protocol family 8
NET: Registered protocol family 20
Time: MIPS clocksource has been installed.
NET: Registered protocol family 2
IP route cache hash table entries: 1024 (order: 0, 4096 bytes)
TCP established hash table entries: 2048 (order: 2, 16384 bytes)
TCP bind hash table entries: 2048 (order: 1, 8192 bytes)
TCP: Hash tables configured (established 2048 bind 2048)
TCP reno registered
squashfs: version 3.2-r2 (2007/01/15) Phillip Lougher
squashfs: LZMA suppport for slax.org by jro
io scheduler noop registered (default)
loop: loaded (max 8 devices)
PPP generic driver version 2.4.2
PPP Deflate Compression module registered
PPP BSD Compression module registered
NET: Registered protocol family 24
NAND device: Manufacturer ID: 0x20, Chip ID: 0x75 (ST Micro NAND 32MiB 3,3V 8-bit)
Scanning device for bad blocks
2 cmdlinepart partitions found on MTD device mtd-0

Creating 2 MTD partitions on &quot;mtd-0&quot;:
0x00000000-0x00060000 : &quot;loader&quot;
0x00060000-0x02000000 : &quot;ubipart&quot;
UBI: attaching mtd1 to ubi0
UBI: physical eraseblock size:   16384 bytes (16 KiB)
UBI: logical eraseblock size:    15872 bytes
UBI: smallest flash I/O unit:    512
UBI: sub-page size:              256
UBI: VID header offset:          256 (aligned 256)
UBI: data offset:                512
UBI: attached mtd1 to ubi0
UBI: MTD device name:            &quot;ubipart&quot;
UBI: MTD device size:            31 MiB
UBI: number of good PEBs:        2024
UBI: number of bad PEBs:         0
UBI: max. allowed volumes:       92
UBI: wear-leveling threshold:    4096
UBI: number of internal volumes: 1
UBI: number of user volumes:     4
UBI: available PEBs:             0
UBI: total number of reserved PEBs: 2024
UBI: number of PEBs reserved for bad PEB handling: 20
UBI: max/mean erase counter: 5989/5098
UBI: background thread &quot;ubi_bgt0d&quot; started, PID 594
PCI: Enabling device 0000:00:0a.0 (0000 -&gt; 0002)
PCI: Setting latency timer of device 0000:00:0a.0 to 64
ehci_hcd 0000:00:0a.0: EHCI Host Controller
ehci_hcd 0000:00:0a.0: new USB bus registered, assigned bus number 1
ehci_hcd 0000:00:0a.0: irq 15, io mem 0x10001500
ehci_hcd 0000:00:0a.0: USB f.f started, EHCI 1.00, driver 10 Dec 2004
usb usb1: configuration #1 chosen from 1 choice
hub 1-0:1.0: USB hub found
hub 1-0:1.0: 2 ports detected
ohci_hcd: 2006 August 04 USB 1.1 'Open' Host Controller (OHCI) Driver
hub 1-0:1.0: over-current change on port 2
PCI: Enabling device 0000:00:09.0 (0000 -&gt; 0002)
PCI: Setting latency timer of device 0000:00:09.0 to 64
ohci_hcd 0000:00:09.0: OHCI Host Controller
ohci_hcd 0000:00:09.0: new USB bus registered, assigned bus number 2
ohci_hcd 0000:00:09.0: irq 13, io mem 0x10001600
usb usb2: configuration #1 chosen from 1 choice
hub 2-0:1.0: USB hub found
hub 2-0:1.0: 2 ports detected
usbcore: registered new interface driver usblp
drivers/usb/class/usblp.c: v0.13: USB Printer Device Class driver
Initializing USB Mass Storage driver...
usbcore: registered new interface driver usb-storage
USB Mass Storage support registered.
brcmboard: brcm_board_init entry
SES: Button Interrupt 0x2 is enabled
In EnableUSBPower

Serial: BCM63XX driver $Revision: 3.00 $
ttyS0 at MMIO 0xb0000100 (irq = 10) is a BCM63XX
ttyS1 at MMIO 0xb0000120 (irq = 11) is a BCM63XX
bcmxtmrt: Broadcom BCM6368B2 ATM/PTM Network Device v0.3 May 13 2011 10:11:53
IPSEC SPU: SUCCEEDED 
u32 classifier
    input device check on 
    Actions configured 
Netfilter messages via NETLINK v0.30.
nf_conntrack version 0.5.0 (504 buckets, 4032 max)
ctnetlink v0.93: registering with nfnetlink.
Ah4 module with HW offload
netfilter PSD loaded - (c) astaro AG
ip_tables: (C) 2000-2006 Netfilter Core Team
arp_tables: (C) 2002 David S. Miller
TCP cubic registered
Initializing XFRM netlink socket
NET: Registered protocol family 1
NET: Registered protocol family 17
NET: Registered protocol family 15
Initializing MCPD Module
Ebtables v2.0 registered
802.1Q VLAN Support v1.8 Ben Greear &lt;greearb@candelatech.com&gt;
All bugs added by David S. Miller &lt;davem@redhat.com&gt;
Freeing unused kernel memory: 392k freed
UBIFS: recovery needed
UBIFS: recovery completed
UBIFS: mounted UBI device 0, volume 3, name &quot;Rootfs&quot;
UBIFS: file system size:   31283712 bytes (30550 KiB, 29 MiB, 1971 LEBs)
UBIFS: journal size:       190464 bytes (186 KiB, 0 MiB, 12 LEBs)
UBIFS: media format:       w4/r0 (latest is w4/r0)
UBIFS: default compressor: none
UBIFS: reserved for root:  0 bytes (0 KiB)
Integrity checks
Cleaning up
Booting from sys1
mount /mnt/sys1/target-mips.squashfs.img /ro -t squashfs -o loop
mount /mnt/ /ro/mnt -o move
exec switch_root /ro /sbin/init

switch_root : Change to new root directory.
switch_root : D
Do execve: filename = /sbin/init 
eleted contents on /
switch_root : Mounted new root on /
switch_root : Calling init from new root : Process = /sbin/init
Init : Starting init
Init : Doing console init

Init : console init done
Starting Config update check: done.
pktflow: module license 'Proprietary' taints kernel.
Broadcom Packet Flow Cache  Char Driver v2.1 Oct 18 2010 12:06:13 Registered&lt;242&gt;
NBUFF v1.0 Initialized
Broadcom Packet Flow Cache learning via BLOG enabled.
Created Proc FS /procfs/fcache
Broadcom Packet Flow Cache registered with netdev chain
Constructed Broadcom Packet Flow Cache v2.1 Oct 18 2010 12:06:12
Broadcom Packet CMF (Experimental) Char Driver v0.1 May 24 2010 10:40:45 Registered&lt;232&gt;
Broadcom Packet CMF (Experimental) [6368-B2] v0.1 May 24 2010 10:40:45 Loaded
robosw_configure_ports: configuring....

Broadcom BCM6368B2 Ethernet Network Device v0.1 May 13 2011 10:11:20
KLOB extended to 2 pools
KLOB extended to 3 pools
KLOB extended to 4 pools
KLOB extended to 5 pools
KLOB extended to 6 pools
KLOB extended to 7 pools
KLOB extended to 8 pools
dgasp: kerSysRegisterDyingGaspHandler: bcmsw registered 
Broadcom Packet CMF (Experimental) SWC RESET.
Broadcom Packet CMF (Experimental) SWC INITIALIZED.
Broadcom Packet CMF (Experimental) Forwarder Net Device 0 v0.1 May 24 2010 10:40:46 Registered
Broadcom Packet CMF (Experimental) Forwarder Net Device 0 v0.1 May 24 2010 10:40:46 Registered
Broadcom Packet CMF (Experimental) ENABLED.
eth0: MAC Address: 64:0F:28:56:01:69
eth1: MAC Address: 64:0F:28:56:01:69
eth2: MAC Address: 64:0F:28:56:01:69
eth3: MAC Address: 64:0F:28:56:01:69
eth4: MAC Address: 64:0F:28:56:01:69
eth5: MAC Address: 64:0F:28:56:01:69
--------------ENET probe---------------------
ENET: PERF enables=4ff80 GPIO robosw=903c0 
---------------------------------------------
bcmxtmcfg: bcmxtmcfg_init entry
adsl: adsl_init entry
PCI: Enabling device 0000:00:01.0 (0000 -&gt; 0002)
PCI: Setting latency timer of device 0000:00:01.0 to 64
wl: srom not detected, using main memory mapped srom info (wombo board)
@@@@ kerSysGetWlanSromParams:No default wireless calibration data
wl0: wlc_attach: MAC addr from system pool. id:0x776c0000
wl0: MAC Address: 64:0F:28:56:01:6A
wl0: Broadcom BCMa8d6 802.11 Wireless Controller 5.10.120.0.cpe4.404.8
dgasp: kerSysRegisterDyingGaspHandler: wl0 registered 
DSP Driver: DSP init stub
Endpoint: endpoint_init entry
PROV(ts: 12s 217ms):Allocated memory = 34260 
Endpoint: endpoint_init COMPLETED
Starting networking: done.
Starting Generating interface-to-MAC map: done.
Starting initialising interfaces: done.
Starting Initialising Dsl Driver: 
Do execve: filename = /usr/sbin/init_ioctls 
BcmAdsl_Initialize=0xC0121AE8, g_pFnNotifyCallback=0xC014BE64
Clocks for QPROC and AFE are being aligned with step through ... 
AFE is aligned, i = 034, PhaseValue = -050, PhaseCntl = 0x3FDE0000
QPROC is aligned, i = 045, PhaseValue = 0050, PhaseCntl = 0x3FDE402D
Clocks for QPROC and AFE are aligned with syn_status AFE = 0x70, QPROC = 0x78
AFE  phase control reg @0xb0f570f8 default actual = 0x0021C38F, exp = 0x0021c38f
QPRC phase control reg @0xb0f5f0c0 default actual = 0x0421C38F, exp = 0x0421c38f
pSdramPHY=0xA3FFFFF8, 0xF0F0F0F 0xF0F0F0F
AdslCoreSharedMemInit: shareMemAvailable=482848
AdslCoreHwReset:  AdslOemDataAddr = 0xA3F6A6C4
dgasp: kerSysRegisterDyingGaspHandler: dsl0 registered 
done.
Starting Starting Syslog: done.
Starting Event Manager: done.
Starting SSH key generator: done.
Starting creating map: done.
Starting Firewall Init: done.
Starting Ethernet Bridge Tables Init: done.
Starting Configuration Provisioning: done.
Starting Switch WAN port routing: done.
Starting AIM daemon: done.
Starting system_status_monitor daemon: done.
Starting monit daemon: done.
No Crash-Dump present.

Welcome to 2Wire Network Persona(TM) Linux(R) 9.3.1.29
Kernel: 2.6.21.5-9.3.1.29
CPU: mips
(none) login: &lt;/pre&gt;}}

===Info dump of Singtel's 2wire 5012NV-002===
&lt;small&gt;&lt;pre&gt;WAN &amp; LAN1 ports are GE, while LAN2-4 are 10/100Mbps ports

S/N 09111A0210XX (last 2 digits obfuscated)
(manufactured week 9, year 2011 (look at first 4 digits of serial no.))

P/N 4201-006007-002
MAC 98:2C:BE:75:08:XX (last 2 chars obfuscated)

SSID: SINGTEL-1010
Wireless Key: 6475405623

5012NV-002
ARC
Customer Care Hotline 1688
2Wire(R) Gateway
www.2wire.com

Complies with
IDA Standards
DA103787

Electrical Rating
14.5V dc 2.5A
Made in China&lt;/pre&gt;&lt;/small&gt;&lt;noinclude&gt;[[Category:2Wire]]&lt;/noinclude&gt;</text>
      <sha1>rst7saws0esl9t2tumnccy1k5fab2ir</sha1>
    </revision>
  </page>