<page>
    <title>Adtran Bluesocket BSAP-1800V2/Serial info</title>
    <ns>0</ns>
    <id>40427</id>
    <revision>
      <id>167036</id>
      <timestamp>2022-04-16T09:22:02Z</timestamp>
      <contributor>
        <username>DarkShadow</username>
        <id>3096572</id>
      </contributor>
      <comment>add data</comment>
      <origin>167036</origin>
      <model>wikitext</model>
      <format>text/x-wiki</format>
      <text bytes="23578" sha1="staay4wf6ig1rt0cdmjdnm5sj1lz7g4" xml:space="preserve">
====Boot log====
{{SCollapse|Stock boot messages
|&lt;small&gt;&lt;pre&gt;
+

============= BOOTLOADER STARTUP =============

Flash id read c22018
No network interfaces found

=&gt; Bootloader Version: 1.0.4

=&gt; RAM: 64M	FLASH: 16M

=&gt; MFG State: 48

=&gt; MAC Address [Board Data]: 00:19:92:xx:xx:xx

=&gt; Serial Num  [Board Data]: 1802xxxxxxxxxx

FIS Filesystem Integrity Check...OK 
Firmware integrity check...
Booting Bank B ...
Calculating CRC: start=0xbf4d0000, Size=0x00130000

	 &lt;&lt;CRC Passed&gt;&gt;

.
.
=&gt; BOOT BANK:2 CNT:1

== Executing boot script in 5.000 sec - enter password to abort ==

fis load -l vmlinux_2
Image loaded from 0x80060000-0x80376086
boot&gt; exec -c &quot;console=ttyS0,115200 root=31:04 rootfstype=jffs2 mem=64M@0x00000000 quiet&quot;
Now booting linux kernel:
 Base address 0x80050000 Entry 0x80354000
 Cmdline : console=ttyS0,115200 root=31:04 rootfstype=jffs2 mem=64M@0x00000000 quiet


========================
ACCESS POINT CONSOLE    
========================
User Access verification

/

AP login: 
Password: 


BusyBox v1.1.1 (2016.11.22-17:04+0000) Built-in shell (ash)
Enter 'help' for a list of built-in commands.

~ # dmesg
Linux version 2.6.15--LSDK-7.0.0.380 (root@kickseed) (gcc version 3.4.4 (Wind River Linux)) #1 Tue Nov 22 11:05:28 CST 2016
flash_size passed from bootloader = 16
arg 1: console=ttyS0,115200 root=31:04 rootfstype=jffs2 mem=64M@0x00000000 quiet
CPU revision is: 00019374
Determined physical RAM map:
 memory: 02000000 @ 00000000 (usable)
User-defined physical RAM map:
 memory: 04000000 @ 00000000 (usable)
On node 0 totalpages: 16384
  DMA zone: 16384 pages, LIFO batch:3
  DMA32 zone: 0 pages, LIFO batch:0
  Normal zone: 0 pages, LIFO batch:0
  HighMem zone: 0 pages, LIFO batch:0
Built 1 zonelists
Kernel command line: console=ttyS0,115200 root=31:04 rootfstype=jffs2 mem=64M@0x00000000 quiet 
Primary instruction cache 64kB, physically tagged, 4-way, linesize 32 bytes.
Primary data cache 32kB, 4-way, linesize 32 bytes.
Synthesized TLB refill handler (20 instructions).
Synthesized TLB load handler fastpath (32 instructions).
Synthesized TLB store handler fastpath (32 instructions).
Synthesized TLB modify handler fastpath (31 instructions).
Cache parity protection disabled
PID hash table entries: 512 (order: 9, 8192 bytes)
Using 300.000 MHz high precision timer.
Dentry cache hash table entries: 16384 (order: 4, 65536 bytes)
Inode-cache hash table entries: 8192 (order: 3, 32768 bytes)
Memory: 61196k/65536k available (2447k kernel code, 4284k reserved, 572k data, 140k init, 0k highmem)
Calibrating delay loop... 398.33 BogoMIPS (lpj=199168)
Mount-cache hash table entries: 512
Checking for 'wait' instruction...  available.
NET: Registered protocol family 16
SCSI subsystem initialized
AR7100 GPIOC major 0
JFFS version 1.0, (C) 1999, 2000  Axis Communications AB
JFFS2 version 2.2. (NAND) (C) 2001-2003 Red Hat, Inc.
JFS: nTxBlock = 478, nTxLock = 3828
Initializing Cryptographic API
io scheduler noop registered
io scheduler deadline registered
Serial: 8250/16550 driver $Revision: #1 $ 4 ports, IRQ sharing disabled
serial8250.0: ttyS0 at MMIO 0x0 (irq = 19) is a 16550A
RAMDISK driver initialized: 1 RAM disks of 8192K size 1024 blocksize
tun: Universal TUN/TAP device driver, 1.6
tun: (C) 1999-2004 Max Krasnyansky &lt;maxk@qualcomm.com&gt;
Creating 11 MTD partitions on &quot;ar7100-nor0&quot;:
0x00000000-0x00040000 : &quot;Redboot&quot;
0x00040000-0x00170000 : &quot;vmlinux_1&quot;
0x00170000-0x004d0000 : &quot;root_1&quot;
0x004d0000-0x00600000 : &quot;vmlinux_2&quot;
0x00600000-0x00dc0000 : &quot;root_2&quot;
0x00dc0000-0x00e30000 : &quot;home&quot;
0x00e30000-0x00fb0000 : &quot;var&quot;
0x00fc0000-0x00fd0000 : &quot;Board config&quot;
0x00fd0000-0x00fe0000 : &quot;FIS directory&quot;
0x00fe0000-0x00ff0000 : &quot;Redboot config&quot;
0x00ff0000-0x01000000 : &quot;cert&quot;
NET: Registered protocol family 26
Netfilter messages via NETLINK v0.30.
NET: Registered protocol family 2
IP route cache hash table entries: 1024 (order: 0, 4096 bytes)
TCP established hash table entries: 4096 (order: 2, 16384 bytes)
TCP bind hash table entries: 4096 (order: 2, 16384 bytes)
TCP: Hash tables configured (established 4096 bind 4096)
TCP reno registered
ip_conntrack version 2.4 (512 buckets, 4096 max) - 212 bytes per conntrack
ip_conntrack_pptp version 3.1 loaded
ip_nat_pptp version 3.0 loaded
ip_tables: (C) 2000-2002 Netfilter core team
TCP bic registered
Ethernet over IPv4 tunneling driver
eip fallback tunnel initialized
NET: Registered protocol family 1
NET: Registered protocol family 10
IPv6 over IPv4 tunneling driver
NET: Registered protocol family 17
802.1Q VLAN Support v1.8 Ben Greear &lt;greearb@candelatech.com&gt;
All bugs added by David S. Miller &lt;davem@redhat.com&gt;
VFS: Mounted root (jffs2 filesystem) readonly.
Freeing unused kernel memory: 140k freed
Algorithmics/MIPS FPU Emulator v1.5
1880_wdt: module license 'unspecified' taints kernel.
ar7100wdt_init: Registering WDT success
AG7100: Length per segment 512
AG7100: Max segments per packet 4
AG7100: Max tx descriptor count    400
AG7100: Max rx descriptor count    252
AG7100: fifo cfg 3 018001ff
AG7100CHH: Mac address for unit 0
AG7100CHH: 00:19:92:xx:xx:xx 
vbrg: no version for &quot;gc_new_item&quot; found: kernel tainted.
init vbr, registering ioctl
init vbr 2
wlan: 0.8.4.2 (Atheros/multi-bss)
ath_hal: 0.9.17.1 (AR5416, DEBUG, WRITE_EEPROM, 11D)
ath_rate_atheros: Copyright (c) 2001-2005 Atheros Communications, Inc, All Rights Reserved
ath_dev: Copyright (c) 2001-2007 Atheros Communications, Inc, All Rights Reserved
ath_pci: 0.9.4.5 (Atheros/multi-bss)
PCI: Enabling device 0000:00:00.0 (0000 -&gt; 0002)
Rate cntrl mode not loaded returning
Rate cntrl mode not loaded returning
Rate cntrl mode not loaded returning
Rate cntrl mode not loaded returning
Rate cntrl mode not loaded returning
Rate cntrl mode not loaded returning
Rate cntrl mode not loaded returning
Rate cntrl mode not loaded returning
Rate cntrl mode not loaded returning
Rate cntrl mode not loaded returning
Rate cntrl mode not loaded returning
No Rate table yet!!!!
No Rate table yet!!!!
ath_txq_update  qnum 8 aifs 2  cwmin -1  cwmax 1023  burstime 0 
__ath_attach **  device wifi0 
wifi0: Atheros 9160: mem=0x10000000, irq=48 hw_base=0xb0000000
PCI: Enabling device 0000:00:01.0 (0000 -&gt; 0002)
Rate cntrl mode not loaded returning
Rate cntrl mode not loaded returning
Rate cntrl mode not loaded returning
Rate cntrl mode not loaded returning
Rate cntrl mode not loaded returning
Rate cntrl mode not loaded returning
Rate cntrl mode not loaded returning
Rate cntrl mode not loaded returning
Rate cntrl mode not loaded returning
Rate cntrl mode not loaded returning
Rate cntrl mode not loaded returning
No Rate table yet!!!!
No Rate table yet!!!!
ath_txq_update  qnum 8 aifs 2  cwmin -1  cwmax 1023  burstime 0 
__ath_attach **  device wifi1 
wifi1: Atheros 9160: mem=0x10010000, irq=49 hw_base=0xb0010000
wlan: mac acl policy registered
ag7100_ring_alloc Allocated 6400 at 0x83024000
ag7100_ring_alloc Allocated 4032 at 0x837ba000
AG7100: cfg1 0xf cfg2 0x7014
VSC8601: Found 0  unit 0:0  phy_addr: 0  id: 00070421
VSC8601: PHY is Vitesse VSC8601 Rev B
VSC8601: unit 0  phy_addr 0
VSC8601: unit 0  phy_addr 0
AG7100: unit 0: phy not up carrier 1
Writing 4
ADDRCONF(NETDEV_UP): eth0: link is not ready
VSC8601: unit 0  phy_addr 0
AG7100: unit 0 phy is up...RGMii 1000Mbps full duplex
AG7100: pll reg 0x18050010: 0x110000  
AG7100: cfg_1: 0x1ff0000
AG7100: cfg_2: 0x3ff
AG7100: cfg_3: 0x18001ff
AG7100: cfg_4: 0xffff
AG7100: cfg_5: 0xbffef
AG7100: done cfg2 0x7215 ifctl 0x0 miictrl 0x22 
ADDRCONF(NETDEV_CHANGE): eth0: link becomes ready

~ # ifconfig -a
dummy0    Link encap:Ethernet  HWaddr AA:CD:62:F8:61:30  
          BROADCAST NOARP  MTU:1500  Metric:1
          RX packets:0 errors:0 dropped:0 overruns:0 frame:0
          TX packets:0 errors:0 dropped:0 overruns:0 carrier:0
          collisions:0 txqueuelen:0 
          RX bytes:0 (0.0 B)  TX bytes:0 (0.0 B)

eth0      Link encap:Ethernet  HWaddr 00:19:92:xx:xx:xx  
          UP BROADCAST RUNNING MULTICAST  MTU:1500  Metric:1
          RX packets:68 errors:0 dropped:2 overruns:0 frame:0
          TX packets:3 errors:0 dropped:0 overruns:0 carrier:0
          collisions:0 txqueuelen:1000 
          RX bytes:10239 (9.9 KiB)  TX bytes:1770 (1.7 KiB)

eth0:0    Link encap:Ethernet  HWaddr 00:19:92:xx:xx:xx  
          inet addr:192.168.190.1  Bcast:192.168.190.255  Mask:255.255.255.0
          UP BROADCAST RUNNING MULTICAST  MTU:1500  Metric:1

etherip0  Link encap:Ethernet  HWaddr EA:90:3E:AB:E1:DF  
          BROADCAST MULTICAST  MTU:1500  Metric:1
          RX packets:0 errors:0 dropped:0 overruns:0 frame:0
          TX packets:0 errors:0 dropped:0 overruns:0 carrier:0
          collisions:0 txqueuelen:0 
          RX bytes:0 (0.0 B)  TX bytes:0 (0.0 B)

lo        Link encap:Local Loopback  
          inet addr:127.0.0.1  Mask:255.0.0.0
          UP LOOPBACK RUNNING  MTU:16436  Metric:1
          RX packets:0 errors:0 dropped:0 overruns:0 frame:0
          TX packets:0 errors:0 dropped:0 overruns:0 carrier:0
          collisions:0 txqueuelen:0 
          RX bytes:0 (0.0 B)  TX bytes:0 (0.0 B)

sit0      Link encap:UNSPEC  HWaddr 00-00-00-00-00-00-00-00-00-00-00-00-00-00-00-00  
          NOARP  MTU:1480  Metric:1
          RX packets:0 errors:0 dropped:0 overruns:0 frame:0
          TX packets:0 errors:0 dropped:0 overruns:0 carrier:0
          collisions:0 txqueuelen:0 
          RX bytes:0 (0.0 B)  TX bytes:0 (0.0 B)

venet0    Link encap:Ethernet  HWaddr 02:19:92:0E:41:60  
          inet6 addr: fe80::19:92ff:fe0e:4160/64 Scope:Link
          UP BROADCAST RUNNING  MTU:1500  Metric:1
          RX packets:0 errors:0 dropped:0 overruns:0 frame:0
          TX packets:0 errors:0 dropped:3 overruns:0 carrier:0
          collisions:0 txqueuelen:500 
          RX bytes:0 (0.0 B)  TX bytes:0 (0.0 B)

wifi0     Link encap:Ethernet  HWaddr 00:19:92:xx:xx:xx  
          BROADCAST MULTICAST  MTU:1540  Metric:1
          RX packets:0 errors:0 dropped:0 overruns:0 frame:0
          TX packets:0 errors:0 dropped:0 overruns:0 carrier:0
          collisions:0 txqueuelen:2999 
          RX bytes:0 (0.0 B)  TX bytes:0 (0.0 B)
          Interrupt:48 Memory:b0000000-b0010000 

wifi1     Link encap:Ethernet  HWaddr 00:19:92:xx:xx:xx  
          BROADCAST MULTICAST  MTU:1540  Metric:1
          RX packets:0 errors:0 dropped:0 overruns:0 frame:0
          TX packets:0 errors:0 dropped:0 overruns:0 carrier:0
          collisions:0 txqueuelen:2999 
          RX bytes:0 (0.0 B)  TX bytes:0 (0.0 B)
          Interrupt:49 Memory:b0010000-b0020000 

~ # 
&lt;/pre&gt;&lt;/small&gt;}}

====Boot log====
{{SCollapse|OpenWrt boot messages
|&lt;small&gt;&lt;pre&gt;
+

============= BOOTLOADER STARTUP =============

Flash id read c22018
No network interfaces found

=&gt; Bootloader Version: 1.0.4

=&gt; RAM: 64M	FLASH: 16M

=&gt; MFG State: 48

=&gt; MAC Address [Board Data]: 00:19:92:xx:xx:xx

=&gt; Serial Num  [Board Data]: 1802xxxxxxxxxx

FIS Filesystem Integrity Check...OK 
Firmware integrity check...

== Executing boot script in 5.000 sec - enter password to abort ==

fis load -l vmlinux_2;exec
Image loaded from 0x80060000-0x805dea82
Now booting linux kernel:
 Base address 0x80050000 Entry 0x80060000
 Cmdline : 
[    0.000000] Linux version 4.19.79 (builder@sunny) (gcc version 8.3.0 (OpenWrt GCC 8.3.0 r11358-f526e85426)) #0 Tue Oct 29 13:28:49 2019
[    0.000000] bootconsole [early0] enabled
[    0.000000] CPU0 revision is: 00019374 (MIPS 24Kc)
[    0.000000] MIPS: machine is Adtran/Bluesocket BSAP-1800 v2
[    0.000000] SoC: Atheros AR7161 rev 2
[    0.000000] Determined physical RAM map:
[    0.000000]  memory: 04000000 @ 00000000 (usable)
[    0.000000] Initrd not found or empty - disabling initrd
[    0.000000] Primary instruction cache 64kB, VIPT, 4-way, linesize 32 bytes.
[    0.000000] Primary data cache 32kB, 4-way, VIPT, cache aliases, linesize 32 bytes
[    0.000000] Zone ranges:
[    0.000000]   Normal   [mem 0x0000000000000000-0x0000000003ffffff]
[    0.000000] Movable zone start for each node
[    0.000000] Early memory node ranges
[    0.000000]   node   0: [mem 0x0000000000000000-0x0000000003ffffff]
[    0.000000] Initmem setup node 0 [mem 0x0000000000000000-0x0000000003ffffff]
[    0.000000] random: get_random_bytes called from start_kernel+0x98/0x4a8 with crng_init=0
[    0.000000] Built 1 zonelists, mobility grouping on.  Total pages: 16240
[    0.000000] Kernel command line: console=ttyS0,115200n8 rootfstype=squashfs,jffs2
[    0.000000] Dentry cache hash table entries: 8192 (order: 3, 32768 bytes)
[    0.000000] Inode-cache hash table entries: 4096 (order: 2, 16384 bytes)
[    0.000000] Writing ErrCtl register=00077d32
[    0.000000] Readback ErrCtl register=00077d32
[    0.000000] Memory: 57588K/65536K available (4273K kernel code, 178K rwdata, 1008K rodata, 1188K init, 206K bss, 7948K reserved, 0K cma-reserved)
[    0.000000] SLUB: HWalign=32, Order=0-3, MinObjects=0, CPUs=1, Nodes=1
[    0.000000] NR_IRQS: 51
[    0.000000] CPU clock: 600.000 MHz
[    0.000000] clocksource: MIPS: mask: 0xffffffff max_cycles: 0xffffffff, max_idle_ns: 6370868154 ns
[    0.000008] sched_clock: 32 bits at 300MHz, resolution 3ns, wraps every 7158278654ns
[    0.007773] Calibrating delay loop... 398.13 BogoMIPS (lpj=1990656)
[    0.074023] pid_max: default: 32768 minimum: 301
[    0.078871] Mount-cache hash table entries: 1024 (order: 0, 4096 bytes)
[    0.085463] Mountpoint-cache hash table entries: 1024 (order: 0, 4096 bytes)
[    0.096414] clocksource: jiffies: mask: 0xffffffff max_cycles: 0xffffffff, max_idle_ns: 19112604462750000 ns
[    0.106250] futex hash table entries: 256 (order: -1, 3072 bytes)
[    0.112438] pinctrl core: initialized pinctrl subsystem
[    0.118448] NET: Registered protocol family 16
[    0.427646] PCI host bridge /ahb/apb/pcie-controller@17010000 ranges:
[    0.434086]  MEM 0x0000000010000000..0x0000000016ffffff
[    0.439292]   IO 0x0000000000000000..0x0000000000000000
[    0.460061] PCI host bridge to bus 0000:00
[    0.464157] pci_bus 0000:00: root bus resource [mem 0x10000000-0x16ffffff]
[    0.471052] pci_bus 0000:00: root bus resource [io  0x0000]
[    0.476600] pci_bus 0000:00: root bus resource [??? 0x00000000 flags 0x0]
[    0.483366] pci_bus 0000:00: No busn resource found for root bus, will use [bus 00-ff]
[    0.492506] pci 0000:00:11.0: BAR 0: assigned [mem 0x10000000-0x1000ffff]
[    0.499302] pci 0000:00:12.0: BAR 0: assigned [mem 0x10010000-0x1001ffff]
[    0.508937] clocksource: Switched to clocksource MIPS
[    0.514957] NET: Registered protocol family 2
[    0.520074] tcp_listen_portaddr_hash hash table entries: 512 (order: 0, 4096 bytes)
[    0.527738] TCP established hash table entries: 1024 (order: 0, 4096 bytes)
[    0.534733] TCP bind hash table entries: 1024 (order: 0, 4096 bytes)
[    0.541088] TCP: Hash tables configured (established 1024 bind 1024)
[    0.547550] UDP hash table entries: 256 (order: 0, 4096 bytes)
[    0.553410] UDP-Lite hash table entries: 256 (order: 0, 4096 bytes)
[    0.559967] NET: Registered protocol family 1
[    0.566879] Crashlog allocated RAM at address 0x3f00000
[    0.573313] workingset: timestamp_bits=14 max_order=14 bucket_order=0
[    0.586025] squashfs: version 4.0 (2009/01/31) Phillip Lougher
[    0.591882] jffs2: version 2.2 (NAND) (SUMMARY) (LZMA) (RTIME) (CMODE_PRIORITY) (c) 2001-2006 Red Hat, Inc.
[    0.612139] io scheduler noop registered
[    0.616046] io scheduler deadline registered (default)
[    0.622009] Serial: 8250/16550 driver, 1 ports, IRQ sharing disabled
[    0.628915] console [ttyS0] disabled
[    0.632556] 18020000.uart: ttyS0 at MMIO 0x18020000 (irq = 10, base_baud = 9375000) is a 16550A
[    0.641247] console [ttyS0] enabled
[    0.641247] console [ttyS0] enabled
[    0.648185] bootconsole [early0] disabled
[    0.648185] bootconsole [early0] disabled
[    0.661732] m25p80 spi0.0: mx25l12805d (16384 Kbytes)
[    0.666841] Searching for RedBoot partition table in spi0.0 at offset 0xfd0000
[    0.774611] 8 RedBoot partitions found on MTD device spi0.0
[    0.780201] Creating 8 MTD partitions on &quot;spi0.0&quot;:
[    0.784975] 0x000000000000-0x000000040000 : &quot;RedBoot&quot;
[    0.790745] 0x000000040000-0x000000170000 : &quot;vmlinux_1&quot;
[    0.796612] 0x000000170000-0x0000004d0000 : &quot;root_1&quot;
[    0.802277] 0x0000004d0000-0x000000690000 : &quot;vmlinux_2&quot;
[    0.808150] 0x000000690000-0x000000fc0000 : &quot;rootfs&quot;
[    0.813793] mtd: device 4 (rootfs) set to be root filesystem
[    0.822255] 1 squashfs-split partitions found on MTD device rootfs
[    0.828420] 0x000000a00000-0x000000fc0000 : &quot;rootfs_data&quot;
[    0.834577] 0x000000fc0000-0x000000fd0000 : &quot;Board data&quot;
[    0.840595] 0x000000fd0000-0x000000fe0000 : &quot;FIS directory&quot;
[    0.846801] 0x000000fe0000-0x000000fe1000 : &quot;RedBoot config&quot;
[    0.854014] libphy: Fixed MDIO Bus: probed
[    0.860605] ag71xx 19000000.eth: invalid MAC address, using random address
[    1.200748] libphy: ag71xx_mdio: probed
[    1.299044] ag71xx 19000000.eth: connected to PHY at mdio-bus.0:00 [uid=00070421, driver=Vitesse VSC8601]
[    1.309239] eth0: Atheros AG71xx at 0xb9000000, irq 4, mode: rgmii-id
[    1.317587] NET: Registered protocol family 10
[    1.326078] Segment Routing with IPv6
[    1.329891] NET: Registered protocol family 17
[    1.334375] 8021q: 802.1Q VLAN Support v1.8
[    1.350979] VFS: Mounted root (squashfs filesystem) readonly on device 31:4.
[    1.361123] Freeing unused kernel memory: 1188K
[    1.365634] This architecture does not have kernel memory protection.
[    1.372068] Run /sbin/init as init process
[    2.588948] random: fast init done
[    2.753303] init: Console is alive
[    2.756894] init: - watchdog -
[    4.257582] kmodloader: loading kernel modules from /etc/modules-boot.d/*
[    4.327432] kmodloader: done loading kernel modules from /etc/modules-boot.d/*
[    4.345519] init: - preinit -
[    5.878550] random: jshn: uninitialized urandom read (4 bytes read)
[    6.090285] random: jshn: uninitialized urandom read (4 bytes read)
[    6.192421] random: jshn: uninitialized urandom read (4 bytes read)
[    6.645637] IPv6: ADDRCONF(NETDEV_UP): eth0: link is not ready
Press the [f] key and hit [enter] to enter failsafe mode
Press the [1], [2], [3] or [4] key and hit [enter] to select the debug level
[    9.927750] jffs2_scan_eraseblock(): End of filesystem marker found at 0x10000
[    9.934991] jffs2_build_filesystem(): unlocking the mtd device... 
[    9.934995] done.
[    9.943063] jffs2_build_filesystem(): erasing all blocks after the end marker... 
[   10.844418] eth0: link up (1000Mbps/Full duplex)
[   10.862761] IPv6: ADDRCONF(NETDEV_CHANGE): eth0: link becomes ready
[   44.654603] random: crng init done
[   44.658006] random: 5 urandom warning(s) missed due to ratelimiting
[   51.158703] done.
[   51.160710] jffs2: notice: (466) jffs2_build_xattr_subsystem: complete building xattr subsystem, 0 of xdatum (0 unchecked, 0 orphan) and 0 of xref (0 dead, 0 orphan) found.
[   51.178105] mount_root: overlay filesystem has not been fully initialized yet
[   51.201481] mount_root: switching to jffs2 overlay
[   51.228419] overlayfs: upper fs does not support tmpfile.
- config restore -
[   51.770828] urandom-seed: Seed file not found (/etc/urandom.seed)
[   51.958770] eth0: link down
[   51.972830] procd: - early -
[   51.975796] procd: - watchdog -
[   52.594801] procd: - watchdog -
[   52.598208] procd: - ubus -
[   52.669635] procd: - init -
Please press Enter to activate this console.
[   53.418843] kmodloader: loading kernel modules from /etc/modules.d/*
[   53.583144] Loading modules backported from Linux version v5.4-rc2-0-gda0c9ea146cb
[   53.590739] Backport generated by backports.git v5.4-rc2-1-0-g5a0c323a
[   53.659792] xt_time: kernel timezone is -0000
[   53.770083] PPP generic driver version 2.4.2
[   53.789919] NET: Registered protocol family 24
[   53.858928] ath9k 0000:00:11.0: enabling device (0000 -&gt; 0002)
[   54.663892] ieee80211 phy0: Atheros AR9160 MAC/BB Rev:1 AR2133 RF Rev:b0 mem=0xb0000000, irq=15
[   54.672772] ath9k 0000:00:12.0: enabling device (0000 -&gt; 0002)
[   55.479672] ieee80211 phy1: Atheros AR9160 MAC/BB Rev:1 AR5133 RF Rev:b0 mem=0xb0010000, irq=16
[   55.766510] urngd: v1.0.1 started.
[   56.846990] kmodloader: done loading kernel modules from /etc/modules.d/*
[   69.920163] eth0: link up (1000Mbps/Full duplex)
[   69.925329] br-lan: port 1(eth0) entered blocking state
[   69.930609] br-lan: port 1(eth0) entered disabled state
[   69.936130] device eth0 entered promiscuous mode
[   69.989067] br-lan: port 1(eth0) entered blocking state
[   69.994282] br-lan: port 1(eth0) entered forwarding state
[   69.999854] IPv6: ADDRCONF(NETDEV_UP): br-lan: link is not ready
[   70.919030] IPv6: ADDRCONF(NETDEV_CHANGE): br-lan: link becomes ready
[   79.208785] IPv6: ADDRCONF(NETDEV_UP): wlan1: link is not ready
[   79.292683] br-lan: port 2(wlan1) entered blocking state
[   79.297979] br-lan: port 2(wlan1) entered disabled state
[   79.303639] device wlan1 entered promiscuous mode
[   79.439817] IPv6: ADDRCONF(NETDEV_UP): wlan0: link is not ready
[   79.548803] br-lan: port 3(wlan0) entered blocking state
[   79.554155] br-lan: port 3(wlan0) entered disabled state
[   79.560089] device wlan0 entered promiscuous mode
[   79.564878] br-lan: port 3(wlan0) entered blocking state
[   79.570246] br-lan: port 3(wlan0) entered forwarding state
[   80.279389] br-lan: port 3(wlan0) entered disabled state
[   86.513789] IPv6: ADDRCONF(NETDEV_CHANGE): wlan0: link becomes ready
[   86.520340] br-lan: port 3(wlan0) entered blocking state
[   86.525632] br-lan: port 3(wlan0) entered forwarding state



BusyBox v1.31.0 () built-in shell (ash)

  _______                     ________        __
 |       |.-----.-----.-----.|  |  |  |.----.|  |_
 |   -   ||  _  |  -__|     ||  |  |  ||   _||   _|
 |_______||   __|_____|__|__||________||__|  |____|
          |__| W I R E L E S S   F R E E D O M
 -----------------------------------------------------
 OpenWrt SNAPSHOT, r11358-f526e85426
 -----------------------------------------------------
=== WARNING! =====================================
There is no root password defined on this device!
Use the &quot;passwd&quot; command to set up a new password
in order to prevent unauthorized SSH logins.
--------------------------------------------------
root@OpenWrt:/# ip a
1: lo: &lt;LOOPBACK,UP,LOWER_UP&gt; mtu 65536 qdisc noqueue state UNKNOWN qlen 1000
    link/loopback 00:00:00:00:00:00 brd 00:00:00:00:00:00
    inet 127.0.0.1/8 scope host lo
       valid_lft forever preferred_lft forever
    inet6 ::1/128 scope host 
       valid_lft forever preferred_lft forever
2: eth0: &lt;BROADCAST,MULTICAST,UP,LOWER_UP&gt; mtu 1500 qdisc fq_codel master br-lan state UP qlen 1000
    link/ether 00:19:92:xx:xx:xx brd ff:ff:ff:ff:ff:ff
5: br-lan: &lt;BROADCAST,MULTICAST,UP,LOWER_UP&gt; mtu 1500 qdisc noqueue state UP qlen 1000
    link/ether 00:19:92:xx:xx:xx brd ff:ff:ff:ff:ff:ff
    inet 10.1.1.176/16 brd 10.108.1.255 scope global br-lan
       valid_lft forever preferred_lft forever
    inet6 fe80::219:92ff:fe0d:bee0/64 scope link 
       valid_lft forever preferred_lft forever
6: wlan1: &lt;NO-CARRIER,BROADCAST,MULTICAST,UP&gt; mtu 1500 qdisc noqueue master br-lan state DOWN qlen 1000
    link/ether 00:19:92:xx:xx:xx brd ff:ff:ff:ff:ff:ff
7: wlan0: &lt;BROADCAST,MULTICAST,UP,LOWER_UP&gt; mtu 1500 qdisc noqueue master br-lan state UP qlen 1000
    link/ether 00:19:92:xx:xx:xx brd ff:ff:ff:ff:ff:ff
    inet6 fe80::219:92ff:fe0d:bee1/64 scope link 
       valid_lft forever preferred_lft forever
root@OpenWrt:/#
&lt;/pre&gt;&lt;/small&gt;}}
&lt;noinclude&gt;[[Category:Adtran]]__NOTOC__&lt;/noinclude&gt;</text>
      <sha1>staay4wf6ig1rt0cdmjdnm5sj1lz7g4</sha1>
    </revision>
  </page>