<page>
    <title>Adtran Bluesocket BSAP-1925/Serial info</title>
    <ns>0</ns>
    <id>34465</id>
    <revision>
      <id>106215</id>
      <timestamp>2021-02-18T16:32:38Z</timestamp>
      <contributor>
        <username>DarkShadow</username>
        <id>3096572</id>
      </contributor>
      <comment>add data</comment>
      <origin>106215</origin>
      <model>wikitext</model>
      <format>text/x-wiki</format>
      <text bytes="21519" sha1="lptdedgrxym3rlnw0bd1r5jl0cqkoj1" xml:space="preserve">
====Boot log====
{{SCollapse|stock boot messages
|&lt;small&gt;&lt;pre&gt;
U-Boot 1.1.4 (Oct  3 2012 - 13:28:43)

U-boot DB120
DRAM:  
sri
Wasp 1.2
wasp_ddr_initial_config(249): (32bit) ddr2 init
wasp_ddr_initial_config(426): Wasp ddr init done
Tap value selected = 0xd [0x0 - 0x1a]
128 MB
Top of RAM usable for U-Boot at: 88000000
Reserving 211k for U-Boot at: 87fc8000
Reserving 192k for malloc() at: 87f98000
Reserving 44 Bytes for Board Info at: 87f97fd4
Reserving 36 Bytes for Global Data at: 87f97fb0
Reserving 128k for boot params() at: 87f77fb0
Stack Pointer at: 87f77f98
Now running in RAM - U-Boot at: 87fc8000
Flash Manuf Id 0x1, DeviceId0 0x2, DeviceId1 0x19
flash size 32MB, sector count = 512
Flash: 32 MB
BOARD IS NOT CALIBRATED!!!
In:    serial
Out:   serial
Err:   serial
Setting 0xb8116290 to 0x58b02d0f
Net:   ag934x_enet_initialize...
loc=a0ff0000 for eth0, [ff] [ff] [ff]
No valid address in Flash. Using generated address
 wasp  reset mask:c03300 
WASP  ----&gt; S17 PHY *
: cfg1 0x80000000 cfg2 0x7114
eth0: 00:0d:fc:06:a9:16
athrs17_reg_init: complete
eth0 up
eth0
Adtran bootloader version 1.0.4
Protect off 9F040000 ... 9F04FFFF
Un-Protecting sectors 4..4 in bank 1
Un-Protected 1 sectors
Erasing Flash...Erase Flash from 0x9f040000 to 0x9f04ffff in Bank # 1 
First 0x4 last 0x4 sector size 0x10000
����   4
Erased 1 sectors
Writing to Flash... write addr: 9f040000
done
Protecting sectors 4..4 in bank 1
Protected 1 sectors
## Booting image at 9f300000 ...
   Image Name:   Linux Kernel Image
   Created:      2018-06-11  20:52:25 UTC
   Image Type:   MIPS Linux Kernel Image (lzma compressed)
   Data Size:    1400641 Bytes =  1.3 MB
   Load Address: 80002000
   Entry Point:  800061f0
   Verifying Checksum at 0x81000040 ...OK
   Uncompressing Kernel Image ... OK
No initrd
## Transferring control to Linux (at address 800061f0) ...
## Giving linux memsize in bytes, 134217728

Starting kernel ...

Booting Atheros AR934x
 
Linux version 2.6.35 (root@jenkins19-hsv) (gcc version 4.5.4 20120201 (prerelease) (Linaro GCC 4.5-2012.02) ) #1 Mon Jun 11 20:51:57 UTC 2018
flash_size passed from bootloader = 32
arg 1: console=ttyS0,115200
arg 2: root=31:06
arg 3: rw
arg 4: rootfstype=jffs2
arg 5: init=/sbin/init
arg 6: mem=128M
CPU revision is: 0001974c (MIPS 74Kc)
ath_sys_frequency: cpu srif ddr srif cpu 560 ddr 450 ahb 225
Determined physical RAM map:
 memory: 02000000 @ 00000000 (usable)
User-defined physical RAM map:
 memory: 08000000 @ 00000000 (usable)
Initrd not found or empty - disabling initrd
Zone PFN ranges:
  Normal   0x00000000 -&gt; 0x00008000
Movable zone start PFN for each node
early_node_map[1] active PFN ranges
    0: 0x00000000 -&gt; 0x00008000
Built 1 zonelists in Zone order, mobility grouping on.  Total pages: 32512
Kernel command line: console=ttyS0,115200 root=31:06 rw rootfstype=jffs2 init=/sbin/init mem=128M 
PID hash table entries: 512 (order: -1, 2048 bytes)
Dentry cache hash table entries: 16384 (order: 4, 65536 bytes)
Inode-cache hash table entries: 8192 (order: 3, 32768 bytes)
Primary instruction cache 64kB, VIPT, 4-way, linesize 32 bytes.
Primary data cache 32kB, 4-way, VIPT, cache aliases, linesize 32 bytes
Writing ErrCtl register=00000000
Readback ErrCtl register=00000000
Memory: 125868k/131072k available (2940k kernel code, 5204k reserved, 797k data, 196k init, 0k highmem)
Hierarchical RCU implementation.
	RCU-based detection of stalled CPUs is disabled.
	Verbose stalled-CPUs detection is disabled.
NR_IRQS:128
plat_time_init: plat time init done
Calibrating delay loop... 279.55 BogoMIPS (lpj=559104)
pid_max: default: 4096 minimum: 301
Mount-cache hash table entries: 512
NET: Registered protocol family 16
PCI init:ath_pcibios_init
ath_pcibios_init(326): PCI CMD write: 0x356
registering PCI controller with io_map_base unset
bio: create slab &lt;bio-0&gt; at 0
SCSI subsystem initialized
pci 0000:00:00.0: BAR 0: assigned [mem 0x10000000-0x1001ffff 64bit]
pci 0000:00:00.0: BAR 0: set to [mem 0x10000000-0x1001ffff 64bit] (PCI address [0x10000000-0x1001ffff]
pci 0000:00:00.0: BAR 6: assigned [mem 0x10020000-0x1002ffff pref]
pdev_fixup_irq pin 0
Returning IRQ 64
pdev_fixup_irq dev-&gt;irq 64  slot 0 pin 1 dev 87c10400 
Switching to clocksource MIPS
NET: Registered protocol family 2
IP route cache hash table entries: 1024 (order: 0, 4096 bytes)
TCP established hash table entries: 4096 (order: 3, 32768 bytes)
TCP bind hash table entries: 4096 (order: 2, 16384 bytes)
TCP: Hash tables configured (established 4096 bind 4096)
TCP reno registered
NET: Registered protocol family 1
RPC: Registered udp transport module.
RPC: Registered tcp transport module.
RPC: Registered tcp NFSv4.1 backchannel transport module.
ATH GPIOC major 0
Slow work thread pool: Starting up
Slow work thread pool: Ready
JFFS2 version 2.2. © 2001-2006 Red Hat, Inc.
fuse init (API version 7.14)
msgmni has been set to 245
alg: No test for stdrng (krng)
io scheduler noop registered
io scheduler deadline registered (default)
Serial: 8250/16550 driver, 1 ports, IRQ sharing disabled
serial8250.0: ttyS0 at MMIO 0xb8020000 (irq = 19) is a 16550A
console [ttyS0] enabled
brd: module loaded
****ath_flash_init*****
Creating 13 MTD partitions on &quot;ath-nor0&quot;:
0x000000000000-0x000000040000 : &quot;u-boot&quot;
0x000000040000-0x000000080000 : &quot;u-boot-env&quot;
0x000000050000-0x000000090000 : &quot;Cert&quot;
0x000000090000-0x000000200000 : &quot;Kdump&quot;
mtdoops: Attached to MTD device 3
0x000000200000-0x000000300000 : &quot;/var&quot;
0x000000300000-0x000000580000 : &quot;Kernel A&quot;
0x000000580000-0x000001000000 : &quot;Rootfs A&quot;
0x000001000000-0x000001280000 : &quot;Kernel B&quot;
0x000001280000-0x000001d00000 : &quot;Rootfs B&quot;
0x000001d00000-0x000001e00000 : &quot;/home&quot;
0x000001e00000-0x000001f80000 : &quot;/log&quot;
0x000001ff0000-0x000002000000 : &quot;ART&quot;
0x000001fe0000-0x000001ff0000 : &quot;SENAO&quot;
tun: Universal TUN/TAP device driver, 1.6
tun: (C) 1999-2004 Max Krasnyansky &lt;maxk@qualcomm.com&gt;
Netfilter messages via NETLINK v0.30.
nf_conntrack version 0.5.0 (1966 buckets, 7864 max)
ctnetlink v0.93: registering with nfnetlink.
GRE over IPv4 tunneling driver
TCP cubic registered
NET: Registered protocol family 10
NET: Registered protocol family 17
802.1Q VLAN Support v1.8 Ben Greear &lt;greearb@candelatech.com&gt;
All bugs added by David S. Miller &lt;davem@redhat.com&gt;
arch/mips/atheros/gpio.c (ath_simple_config_init) JUMPSTART_GPIO: 16
ath_otp_init: Registering OTP success
ath_clksw_init: Registering Clock Switch Interface success
VFS: Mounted root (jffs2 filesystem) on device 31:6.
Freeing unused kernel memory: 196k freed

Boot Bank: A Count: 1
A: 3.2.0-HA-650478 B: 3.0.1-HB-646847

Serial: 1925xxxxxxxxxx
MAC: 00:19:92:xx:xx:xx

===========================
Access Point Console (1925)
===========================
User Access verification

/
Cores disabled.

Detected 5 stored panic files on flash.



AP login:
&lt;/pre&gt;&lt;/small&gt;}}

====Boot log====
{{SCollapse|OpenWrt boot messages WIP
|&lt;small&gt;&lt;pre&gt;
U-Boot 1.1.4 (Oct  3 2012 - 13:28:43)

U-boot DB120
DRAM:  
sri
Wasp 1.2
wasp_ddr_initial_config(249): (32bit) ddr2 init
wasp_ddr_initial_config(426): Wasp ddr init done
Tap value selected = 0xc [0x0 - 0x19]
128 MB
Top of RAM usable for U-Boot at: 88000000
Reserving 211k for U-Boot at: 87fc8000
Reserving 192k for malloc() at: 87f98000
Reserving 44 Bytes for Board Info at: 87f97fd4
Reserving 36 Bytes for Global Data at: 87f97fb0
Reserving 128k for boot params() at: 87f77fb0
Stack Pointer at: 87f77f98
Now running in RAM - U-Boot at: 87fc8000
Flash Manuf Id 0x1, DeviceId0 0x2, DeviceId1 0x19
flash size 32MB, sector count = 512
Flash: 32 MB
BOARD IS NOT CALIBRATED!!!
In:    serial
Out:   serial
Err:   serial
Setting 0xb8116290 to 0x58b02d0f
Net:   ag934x_enet_initialize...
loc=a0ff0000 for eth0, [ff] [ff] [ff]
No valid address in Flash. Using generated address
 wasp  reset mask:c03300 
WASP  ----&gt; S17 PHY *
: cfg1 0x80000000 cfg2 0x7114
eth0: 00:0d:fc:06:af:1a
athrs17_reg_init: complete
eth0 up
eth0
Adtran bootloader version 1.0.4
Protect off 9F040000 ... 9F04FFFF
Un-Protecting sectors 4..4 in bank 1
Un-Protected 1 sectors
Erasing Flash...Erase Flash from 0x9f040000 to 0x9f04ffff in Bank # 1 
First 0x4 last 0x4 sector size 0x10000
   4
Erased 1 sectors
Writing to Flash... write addr: 9f040000
done
Protecting sectors 4..4 in bank 1
Protected 1 sectors
## Booting image at 9f300000 ...
   Image Name:   MIPS OpenWrt Linux-4.19.72
   Created:      2019-09-17   1:37:36 UTC
   Image Type:   MIPS Linux Kernel Image (lzma compressed)
   Data Size:    1797764 Bytes =  1.7 MB
   Load Address: 80060000
   Entry Point:  80060000
   Verifying Checksum at 0x81000040 ...OK
   Uncompressing Kernel Image ... OK
No initrd
## Transferring control to Linux (at address 80060000) ...
## Giving linux memsize in bytes, 134217728

Starting kernel ...

[    0.000000] Linux version 4.19.72 (briang@sunny) (gcc version 7.4.0 (OpenWrt GCC 7.4.0 r11034-cf6ccef8f2)) #0 Tue Sep 17 01:37:36 2019
[    0.000000] bootconsole [early0] enabled
[    0.000000] CPU0 revision is: 0001974c (MIPS 74Kc)
[    0.000000] MIPS: machine is Adtran Bluesocket BSAP-1925
[    0.000000] SoC: Atheros AR9344 rev 2
[    0.000000] Determined physical RAM map:
[    0.000000]  memory: 08000000 @ 00000000 (usable)
[    0.000000] User-defined physical RAM map:
[    0.000000]  memory: 08000000 @ 00000000 (usable)
[    0.000000] Initrd not found or empty - disabling initrd
[    0.000000] Primary instruction cache 64kB, VIPT, 4-way, linesize 32 bytes.
[    0.000000] Primary data cache 32kB, 4-way, VIPT, cache aliases, linesize 32 bytes
[    0.000000] Zone ranges:
[    0.000000]   Normal   [mem 0x0000000000000000-0x0000000007ffffff]
[    0.000000] Movable zone start for each node
[    0.000000] Early memory node ranges
[    0.000000]   node   0: [mem 0x0000000000000000-0x0000000007ffffff]
[    0.000000] Initmem setup node 0 [mem 0x0000000000000000-0x0000000007ffffff]
[    0.000000] random: get_random_bytes called from start_kernel+0x98/0x4a8 with crng_init=0
[    0.000000] Built 1 zonelists, mobility grouping on.  Total pages: 32480
[    0.000000] Kernel command line: console=ttyS0,115200 root=31:06 rw rootfstype=jffs2 init=/sbin/init mem=128M root= rootfstype=squashfs,jffs2
[    0.000000] Dentry cache hash table entries: 16384 (order: 4, 65536 bytes)
[    0.000000] Inode-cache hash table entries: 8192 (order: 3, 32768 bytes)
[    0.000000] Writing ErrCtl register=00000000
[    0.000000] Readback ErrCtl register=00000000
[    0.000000] Memory: 122488K/131072K available (4272K kernel code, 172K rwdata, 1008K rodata, 1196K init, 207K bss, 8584K reserved, 0K cma-reserved)
[    0.000000] SLUB: HWalign=32, Order=0-3, MinObjects=0, CPUs=1, Nodes=1
[    0.000000] NR_IRQS: 51
[    0.000000] CPU clock: 560.000 MHz
[    0.000000] clocksource: MIPS: mask: 0xffffffff max_cycles: 0xffffffff, max_idle_ns: 6825930166 ns
[    0.000010] sched_clock: 32 bits at 280MHz, resolution 3ns, wraps every 7669584382ns
[    0.008234] Calibrating delay loop... 278.93 BogoMIPS (lpj=1394688)
[    0.084812] pid_max: default: 32768 minimum: 301
[    0.089921] Mount-cache hash table entries: 1024 (order: 0, 4096 bytes)
[    0.096918] Mountpoint-cache hash table entries: 1024 (order: 0, 4096 bytes)
[    0.109915] clocksource: jiffies: mask: 0xffffffff max_cycles: 0xffffffff, max_idle_ns: 19112604462750000 ns
[    0.120331] futex hash table entries: 256 (order: -1, 3072 bytes)
[    0.126907] pinctrl core: initialized pinctrl subsystem
[    0.133397] NET: Registered protocol family 16
[    0.146546] PCI host bridge /ahb/pcie-controller@180c0000 ranges:
[    0.153031]  MEM 0x0000000010000000..0x0000000013ffffff
[    0.158536]   IO 0x0000000000000000..0x0000000000000000
[    0.183667] PCI host bridge to bus 0000:00
[    0.188056] pci_bus 0000:00: root bus resource [mem 0x10000000-0x13ffffff]
[    0.195304] pci_bus 0000:00: root bus resource [io  0x0000]
[    0.201193] pci_bus 0000:00: root bus resource [??? 0x00000000 flags 0x0]
[    0.208351] pci_bus 0000:00: No busn resource found for root bus, will use [bus 00-ff]
[    0.218293] pci 0000:00:00.0: BAR 0: assigned [mem 0x10000000-0x1001ffff 64bit]
[    0.226016] pci 0000:00:00.0: BAR 6: assigned [mem 0x10020000-0x1002ffff pref]
[    0.237072] clocksource: Switched to clocksource MIPS
[    0.243567] NET: Registered protocol family 2
[    0.249071] tcp_listen_portaddr_hash hash table entries: 512 (order: 0, 4096 bytes)
[    0.257259] TCP established hash table entries: 1024 (order: 0, 4096 bytes)
[    0.264614] TCP bind hash table entries: 1024 (order: 0, 4096 bytes)
[    0.271346] TCP: Hash tables configured (established 1024 bind 1024)
[    0.278180] UDP hash table entries: 256 (order: 0, 4096 bytes)
[    0.284348] UDP-Lite hash table entries: 256 (order: 0, 4096 bytes)
[    0.291391] NET: Registered protocol family 1
[    0.299283] Crashlog allocated RAM at address 0x3f00000
[    0.306223] workingset: timestamp_bits=14 max_order=15 bucket_order=1
[    0.320045] squashfs: version 4.0 (2009/01/31) Phillip Lougher
[    0.326190] jffs2: version 2.2 (NAND) (SUMMARY) (LZMA) (RTIME) (CMODE_PRIORITY) (c) 2001-2006 Red Hat, Inc.
[    0.349558] io scheduler noop registered
[    0.353696] io scheduler deadline registered (default)
[    0.361383] pinctrl-single 1804002c.pinmux: 544 pins, size 68
[    0.368476] Serial: 8250/16550 driver, 1 ports, IRQ sharing disabled
[    0.375879] console [ttyS0] disabled
[    0.379737] 18020000.uart: ttyS0 at MMIO 0x18020000 (irq = 9, base_baud = 1562500) is a 16550A
[    0.388853] console [ttyS0] enabled
[    0.388853] console [ttyS0] enabled
[    0.396401] bootconsole [early0] disabled
[    0.396401] bootconsole [early0] disabled
[    0.412165] m25p80 spi0.0: s25fl256s1 (32768 Kbytes)
[    0.417419] 11 fixed-partitions partitions found on MTD device spi0.0
[    0.424071] Creating 11 MTD partitions on &quot;spi0.0&quot;:
[    0.429156] 0x000000000000-0x000000040000 : &quot;u-boot&quot;
[    0.435140] 0x000000040000-0x000000050000 : &quot;u-boot-env&quot;
[    0.441580] 0x000000050000-0x000000090000 : &quot;Cert&quot;
[    0.447401] 0x000000090000-0x000000200000 : &quot;Kdump&quot;
[    0.453248] 0x000000200000-0x000000300000 : &quot;/var&quot;
[    0.459063] 0x000000300000-0x000001000000 : &quot;firmware1&quot;
[    0.470296] 2 uimage-fw partitions found on MTD device firmware1
[    0.476506] Creating 2 MTD partitions on &quot;firmware1&quot;:
[    0.481787] 0x000000000000-0x0000001c0000 : &quot;kernel&quot;
[    0.487763] 0x0000001c0000-0x000000d00000 : &quot;rootfs&quot;
[    0.493643] mtd: device 7 (rootfs) set to be root filesystem
[    0.501135] 1 squashfs-split partitions found on MTD device rootfs
[    0.507597] 0x000000550000-0x000000d00000 : &quot;rootfs_data&quot;
[    0.514033] 0x000001000000-0x000001d00000 : &quot;firmware2&quot;
[    0.520377] 0x000001d00000-0x000001e00000 : &quot;/home&quot;
[    0.526235] 0x000001e00000-0x000001f80000 : &quot;/log&quot;
[    0.532058] 0x000001fe0000-0x000001ff0000 : &quot;SENAO&quot;
[    0.538001] 0x000001ff0000-0x000002000000 : &quot;art&quot;
[    0.544778] libphy: Fixed MDIO Bus: probed
[    0.908999] libphy: ag71xx_mdio: probed
[    1.007277] ag71xx 19000000.eth: connected to PHY at mdio-bus.0:00 [uid=004dd072, driver=Atheros 8035 ethernet]
[    1.018423] eth0: Atheros AG71xx at 0xb9000000, irq 4, mode: rgmii
[    1.027561] NET: Registered protocol family 10
[    1.037418] Segment Routing with IPv6
[    1.041333] NET: Registered protocol family 17
[    1.045990] 8021q: 802.1Q VLAN Support v1.8
[    1.061340] VFS: Mounted root (squashfs filesystem) readonly on device 31:7.
[    1.073976] Freeing unused kernel memory: 1196K
[    1.078701] This architecture does not have kernel memory protection.
[    1.085354] Run /sbin/init as init process
[    2.226134] init: Console is alive
[    2.229974] init: - watchdog -
[    2.477090] random: fast init done
[    3.520859] kmodloader: loading kernel modules from /etc/modules-boot.d/*
[    3.597901] kmodloader: done loading kernel modules from /etc/modules-boot.d/*
[    3.615832] init: - preinit -
[    5.033785] random: jshn: uninitialized urandom read (4 bytes read)
[    5.273403] random: jshn: uninitialized urandom read (4 bytes read)
[    5.327921] random: jshn: uninitialized urandom read (4 bytes read)
[    5.579363] IPv6: ADDRCONF(NETDEV_UP): eth0: link is not ready
Press the [f] key and hit [enter] to enter failsafe mode
Press the [1], [2], [3] or [4] key and hit [enter] to select the debug level
[    8.898422] jffs2: notice: (487) jffs2_build_xattr_subsystem: complete building xattr subsystem, 5 of xdatum (0 unchecked, 3 orphan) and 14 of xref (3 dead, 0 orphan) found.
[    8.917691] mount_root: switching to jffs2 overlay
[    8.945881] overlayfs: upper fs does not support tmpfile.
[    8.962263] urandom-seed: Seeding with /etc/urandom.seed
[    9.192294] procd: - early -
[    9.195382] procd: - watchdog -
[    9.849780] procd: - watchdog -
[    9.853355] procd: - ubus -
[    9.933713] urandom_read: 5 callbacks suppressed
[    9.933721] random: ubusd: uninitialized urandom read (4 bytes read)
[    9.947813] random: ubusd: uninitialized urandom read (4 bytes read)
[    9.955996] procd: - init -
Please press Enter to activate this console.
[   10.854931] kmodloader: loading kernel modules from /etc/modules.d/*
[   11.032161] Loading modules backported from Linux version v5.3-rc4-0-gd45331b00ddb
[   11.040052] Backport generated by backports.git v5.3-rc4-1-0-g4ec72687
[   11.054687] urngd: v1.0.0 started.
[   11.108871] xt_time: kernel timezone is -0000
[   11.255733] PPP generic driver version 2.4.2
[   11.278146] NET: Registered protocol family 24
[   11.380769] random: crng init done
[   11.389537] ath: phy0: disabling 2GHz band
[   11.411196] ieee80211 phy0: Atheros AR9340 Rev:2 mem=0xb8100000, irq=12
[   11.418455] ath9k 0000:00:00.0: enabling device (0000 -&gt; 0002)
[   11.510861] ieee80211 phy1: Atheros AR9300 Rev:3 mem=0xb0000000, irq=14
[   11.521362] kmodloader: done loading kernel modules from /etc/modules.d/*
[   26.047457] br-lan: port 1(eth0) entered blocking state
[   26.052864] br-lan: port 1(eth0) entered disabled state
[   26.058645] device eth0 entered promiscuous mode
[   26.095257] IPv6: ADDRCONF(NETDEV_UP): br-lan: link is not ready
[   33.409209] IPv6: ADDRCONF(NETDEV_UP): wlan1: link is not ready
[   33.431221] br-lan: port 2(wlan1) entered blocking state
[   33.436826] br-lan: port 2(wlan1) entered disabled state
[   33.442723] device wlan1 entered promiscuous mode
[   33.602813] IPv6: ADDRCONF(NETDEV_UP): wlan0: link is not ready
[   33.636967] br-lan: port 3(wlan0) entered blocking state
[   33.642524] br-lan: port 3(wlan0) entered disabled state
[   33.648399] device wlan0 entered promiscuous mode
[   33.653367] br-lan: port 3(wlan0) entered blocking state
[   33.658903] br-lan: port 3(wlan0) entered forwarding state
[   33.665091] IPv6: ADDRCONF(NETDEV_CHANGE): br-lan: link becomes ready
[   34.438305] br-lan: port 3(wlan0) entered disabled state
[   39.369374] IPv6: ADDRCONF(NETDEV_CHANGE): wlan0: link becomes ready
[   39.376291] br-lan: port 3(wlan0) entered blocking state
[   39.381843] br-lan: port 3(wlan0) entered forwarding state
[   40.309696] IPv6: ADDRCONF(NETDEV_CHANGE): wlan1: link becomes ready
[   40.316494] br-lan: port 2(wlan1) entered blocking state
[   40.322044] br-lan: port 2(wlan1) entered forwarding state



BusyBox v1.31.0 () built-in shell (ash)

  _______                     ________        __
 |       |.-----.-----.-----.|  |  |  |.----.|  |_
 |   -   ||  _  |  -__|     ||  |  |  ||   _||   _|
 |_______||   __|_____|__|__||________||__|  |____|
          |__| W I R E L E S S   F R E E D O M
 -----------------------------------------------------
 OpenWrt SNAPSHOT, r11034-cf6ccef8f2
 -----------------------------------------------------
root@OpenWrt:/# cat /proc/cpuinfo 
system type             : Atheros AR9344 rev 2
machine                 : Adtran Bluesocket BSAP-1925
processor               : 0
cpu model               : MIPS 74Kc V4.12
BogoMIPS                : 278.93
wait instruction        : yes
microsecond timers      : yes
tlb_entries             : 32
extra interrupt vector  : yes
hardware watchpoint     : yes, count: 4, address/irw mask: [0x0ffc, 0x0ffc, 0x0ffb, 0x0ffb]
isa                     : mips1 mips2 mips32r1 mips32r2
ASEs implemented        : mips16 dsp dsp2
Options implemented     : tlb 4kex 4k_cache prefetch mcheck ejtag llsc dc_aliases perf_cntr_intr_bit nan_legacy nan_2008 perf
shadow register sets    : 1
kscratch registers      : 0
package                 : 0
core                    : 0
VCED exceptions         : not available
VCEI exceptions         : not available

root@OpenWrt:/# iwinfo
wlan0     ESSID: &quot;OpenWrt&quot;
          Access Point: 00:19:92:xx:xx:xx
          Mode: Master  Channel: 44 (5.220 GHz)
          Tx-Power: 15 dBm  Link Quality: unknown/70
          Signal: unknown  Noise: -95 dBm
          Bit Rate: unknown
          Encryption: none
          Type: nl80211  HW Mode(s): 802.11an
          Hardware: unknown [Generic MAC80211]
          TX power offset: unknown
          Frequency offset: unknown
          Supports VAPs: yes  PHY name: phy0

wlan1     ESSID: &quot;OpenWrt&quot;
          Access Point: 00:19:92:xx:xx:xx
          Mode: Master  Channel: 6 (2.437 GHz)
          Tx-Power: 21 dBm  Link Quality: unknown/70
          Signal: unknown  Noise: -91 dBm
          Bit Rate: unknown
          Encryption: none
          Type: nl80211  HW Mode(s): 802.11bgn
          Hardware: 168C:0030 168C:A120 [Generic MAC80211]
          TX power offset: unknown
          Frequency offset: unknown
          Supports VAPs: yes  PHY name: phy1
&lt;/pre&gt;&lt;/small&gt;}}&lt;noinclude&gt;[[Category:Adtran]]&lt;/noinclude&gt;</text>
      <sha1>lptdedgrxym3rlnw0bd1r5jl0cqkoj1</sha1>
    </revision>
  </page>