<page>
    <title>Adtran Bluesocket BSAP-1930/Serial info</title>
    <ns>0</ns>
    <id>40428</id>
    <revision>
      <id>167047</id>
      <timestamp>2022-04-16T09:34:51Z</timestamp>
      <contributor>
        <username>DarkShadow</username>
        <id>3096572</id>
      </contributor>
      <comment>add data</comment>
      <origin>167047</origin>
      <model>wikitext</model>
      <format>text/x-wiki</format>
      <text bytes="18529" sha1="tqw9kq9hyxagkibyeo2ydeab7xyggws" xml:space="preserve">
====Boot log====
{{SCollapse|stock boot messages
|&lt;small&gt;&lt;pre&gt;
U-Boot 2010.12-svn87344 (Nov 27 2012 - 10:39:41)

CPU:   P1010E, Version: 1.0, (0x80f90010)
Core:  E500, Version: 5.1, (0x80212151)
Clock Configuration:
       CPU0:800 MHz, 
       CCB:400  MHz,
       DDR:333.333 MHz (666.667 MT/s data rate) (Asynchronous), IFC:100  MHz
L1:    D-cache 32 kB enabled
       I-cache 32 kB enabled
Board: P1010RDB 
I2C:   ready
SPI:   ready
DRAM:  256 MiB (DDR3, 32-bit, CL=5, ECC off)
L2:    256 KB enabled
SF: Detected S25FL512S_256K with page size 256, total 64 MiB
No valid address in Flash. Using generated address
PCIe1: Root Complex of mini PCIe Slot, x1, regs @ 0xffe0a000
  01:00.0     - 168c:003c - Network controller
PCIe1: Bus 00 - 01
PCIe2: Root Complex of PCIe Slot, x1, regs @ 0xffe09000
  03:00.0     - 168c:0033 - Network controller
PCIe2: Bus 02 - 03
In:    serial
Out:   serial
Err:   serial
Net:   eTSEC1, eTSEC2
Adtran bootloader version 1.0.5
SF: Detected S25FL512S_256K with page size 256, total 64 MiB
SF: Detected S25FL512S_256K with page size 256, total 64 MiB
Erasing SPI flash...Writing to SPI flash...done
SF: Detected S25FL512S_256K with page size 256, total 64 MiB
65536 KiB S25FL512S_256K at 0:0 is now current device
## Booting kernel from Legacy Image at 02000000 ...
   Image Name:   Linux Kernel Image
   Created:      2018-06-11  20:56:22 UTC
   Image Type:   PowerPC Linux Kernel Image (lzma compressed)
   Data Size:    1836021 Bytes = 1.8 MiB
   Load Address: 00000000
   Entry Point:  00000000
   Verifying Checksum ... OK
## Flattened Device Tree blob at 00c00000
   Booting using the fdt blob at 0xc00000
   Uncompressing Kernel Image ... OK
   Loading Device Tree to 00ffb000, end 00fffeb3 ... OK
Using P1010 RDB machine description
Memory CAM mapping: 256 Mb, residual: 0Mb
Linux version 2.6.35 (root@jenkins24-hsv) (gcc version 4.5.1 (Sourcery G++ Lite 2010.09-55) ) #1 Mon Jun 11 20:56:09 UTC 2018
bootconsole [udbg0] enabled
setup_arch: bootmem
p1010_rdb_setup_arch()
Found FSL PCI host bridge at 0x00000000ffe09000. Firmware bus number: 0-&gt;255
PCI host bridge /pcie@ffe09000  ranges:
 MEM 0x00000000a0000000..0x00000000bfffffff -&gt; 0x00000000a0000000 
  IO 0x00000000ffc10000..0x00000000ffc1ffff -&gt; 0x0000000000000000
/pcie@ffe09000: PCICSRBAR @ 0xfff00000
Found FSL PCI host bridge at 0x00000000ffe0a000. Firmware bus number: 0-&gt;255
PCI host bridge /pcie@ffe0a000  ranges:
 MEM 0x0000000080000000..0x000000009fffffff -&gt; 0x0000000080000000 
  IO 0x00000000ffc00000..0x00000000ffc0ffff -&gt; 0x0000000000000000
/pcie@ffe0a000: PCICSRBAR @ 0xfff00000
P1010 RDB board from Freescale Semiconductor
arch: exit
Zone PFN ranges:
  DMA      0x00000000 -&gt; 0x00010000
  Normal   empty
  HighMem  empty
Movable zone start PFN for each node
early_node_map[1] active PFN ranges
    0: 0x00000000 -&gt; 0x00010000
MMU: Allocated 1088 bytes of context maps for 255 contexts

--ALL LINES ABOVE THIS POINT ARE NOT 100% KNOWN DUE TO KERNEL BUFFER BEING SMALL--

Built 1 zonelists in Zone order, mobility grouping on.  Total pages: 65024
Kernel command line: root=31:06 rw rootfstype=jffs2 console=ttyS0,115200
PID hash table entries: 1024 (order: 0, 4096 bytes)
Dentry cache hash table entries: 32768 (order: 5, 131072 bytes)
Inode-cache hash table entries: 16384 (order: 4, 65536 bytes)
High memory: 0k
Memory: 254536k/262144k available (4892k kernel code, 7608k reserved, 244k data, 138k bss, 176k init)
Kernel virtual memory layout:
  * 0xfffcf000..0xfffff000  : fixmap
  * 0xff800000..0xffc00000  : highmem PTEs
  * 0xff7d8000..0xff800000  : early ioremap
  * 0xd1000000..0xff7d8000  : vmalloc &amp; ioremap
SLUB: Genslabs=13, HWalign=32, Order=0-3, MinObjects=0, CPUs=1, Nodes=1
Hierarchical RCU implementation.
        RCU-based detection of stalled CPUs is disabled.
        Verbose stalled-CPUs detection is disabled.
NR_IRQS:512
mpic: Setting up MPIC &quot; OpenPIC  &quot; version 1.2 at ffe40000, max 1 CPUs
mpic: ISU size: 256, shift: 8, mask: ff
mpic: Initializing for 256 sources
time_init: decrementer frequency = 50.000000 MHz
time_init: processor frequency   = 799.999992 MHz
clocksource: timebase mult[5000000] shift[22] registered
clockevent: decrementer mult[ccccccc] shift[32] cpu[0]
Console: colour dummy device 80x25
pid_max: default: 32768 minimum: 301
Mount-cache hash table entries: 512
xor: measuring software checksum speed
   8regs     :   981.000 MB/sec
   8regs_prefetch:   845.000 MB/sec
   32regs    :   977.000 MB/sec
   32regs_prefetch:   869.000 MB/sec
xor: using function: 8regs (981.000 MB/sec)
NET: Registered protocol family 16
e500 family performance monitor hardware support registered
irq: irq 28 on host /soc@ffe00000/pic@40000 mapped to virtual irq 28
irq: irq 176 on host /soc@ffe00000/pic@40000 mapped to virtual irq 176
irq: irq 177 on host /soc@ffe00000/pic@40000 mapped to virtual irq 177
irq: irq 178 on host /soc@ffe00000/pic@40000 mapped to virtual irq 178
irq: irq 179 on host /soc@ffe00000/pic@40000 mapped to virtual irq 179
irq: irq 180 on host /soc@ffe00000/pic@40000 mapped to virtual irq 180
irq: irq 181 on host /soc@ffe00000/pic@40000 mapped to virtual irq 181
irq: irq 182 on host /soc@ffe00000/pic@40000 mapped to virtual irq 182
irq: irq 183 on host /soc@ffe00000/pic@40000 mapped to virtual irq 183
GPIO initing mpc8572 cfffe04c
gpiochip_find_base: found new base at 224
irq: irq 47 on host /soc@ffe00000/pic@40000 mapped to virtual irq 47
LED: PCMUXCR2 0x40000000
LED: GPIO_DIR 0x88300000
LED: GPIO_DAT 0xfc000000
LED: initial 74LS164 0xf1
PCI: Probing PCI hardware
pci 0000:00:00.0: ignoring class b20 (doesn't match header type 01)
pci 0000:00:00.0: supports D1 D2
pci 0000:00:00.0: PME# supported from D0 D1 D2 D3hot D3cold
pci 0000:00:00.0: PME# disabled
pci 0000:01:00.0: reg 10: [mem 0xa0000000-0xa001ffff 64bit]
pci 0000:01:00.0: reg 30: [mem 0x00000000-0x0000ffff pref]
pci 0000:01:00.0: supports D1
pci 0000:01:00.0: PME# supported from D0 D1 D3hot
pci 0000:01:00.0: PME# disabled
pci 0000:00:00.0: PCI bridge to [bus 01-ff]
pci 0000:00:00.0:   bridge window [io  0x1000-0x0000] (disabled)
pci 0000:00:00.0:   bridge window [mem 0xa0000000-0xa00fffff]
pci 0000:00:00.0:   bridge window [mem 0x10000000-0x000fffff pref] (disabled)
irq: irq 4 on host /soc@ffe00000/pic@40000 mapped to virtual irq 16
pci 0001:02:00.0: ignoring class b20 (doesn't match header type 01)
pci 0001:02:00.0: supports D1 D2
pci 0001:02:00.0: PME# supported from D0 D1 D2 D3hot D3cold
pci 0001:02:00.0: PME# disabled
pci 0001:03:00.0: reg 10: [mem 0x80000000-0x8001ffff 64bit]
pci 0001:03:00.0: reg 30: [mem 0x00000000-0x0000ffff pref]
pci 0001:03:00.0: supports D1
pci 0001:03:00.0: PME# supported from D0 D1 D3hot
pci 0001:03:00.0: PME# disabled
pci 0001:02:00.0: PCI bridge to [bus 03-ff]
pci 0001:02:00.0:   bridge window [io  0x1000-0x0000] (disabled)
pci 0001:02:00.0:   bridge window [mem 0x80000000-0x800fffff]
pci 0001:02:00.0:   bridge window [mem 0x10000000-0x000fffff pref] (disabled)
irq: irq 0 on host /soc@ffe00000/pic@40000 mapped to virtual irq 17
pci 0000:01:00.0: BAR 6: assigned [mem 0xa0020000-0xa002ffff pref]
pci 0000:00:00.0: not setting up bridge for bus 0000:01
pci 0001:03:00.0: BAR 6: assigned [mem 0x80020000-0x8002ffff pref]
pci 0001:02:00.0: not setting up bridge for bus 0001:03
pci_bus 0000:00: resource 0 [io  0xff7ec000-0xff7fbfff]
pci_bus 0000:00: resource 1 [mem 0xa0000000-0xbfffffff]
pci_bus 0000:01: resource 1 [mem 0xa0000000-0xa00fffff]
pci_bus 0001:02: resource 0 [io  0xff7d9000-0xff7e8fff]
pci_bus 0001:02: resource 1 [mem 0x80000000-0x9fffffff]
pci_bus 0001:03: resource 1 [mem 0x80000000-0x800fffff]
bio: create slab &lt;bio-0&gt; at 0
Freescale Elo / Elo Plus DMA driver
cfg80211: Calling CRDA to update world regulatory domain
Switching to clocksource timebase
NET: Registered protocol family 2
IP route cache hash table entries: 2048 (order: 1, 8192 bytes)
TCP established hash table entries: 8192 (order: 4, 65536 bytes)
TCP bind hash table entries: 8192 (order: 3, 32768 bytes)
TCP: Hash tables configured (established 8192 bind 8192)
TCP reno registered
UDP hash table entries: 256 (order: 0, 4096 bytes)
UDP-Lite hash table entries: 256 (order: 0, 4096 bytes)
NET: Registered protocol family 1
RPC: Registered udp transport module.
RPC: Registered tcp transport module.
RPC: Registered tcp NFSv4.1 backchannel transport module.
PCI: CLS 32 bytes, default 32
irq: irq 42 on host /soc@ffe00000/pic@40000 mapped to virtual irq 42
irq: irq 20 on host /soc@ffe00000/pic@40000 mapped to virtual irq 20
fsl-elo-dma ffe21300.dma: #0 (fsl,eloplus-dma-channel), irq 20
irq: irq 21 on host /soc@ffe00000/pic@40000 mapped to virtual irq 21
fsl-elo-dma ffe21300.dma: #1 (fsl,eloplus-dma-channel), irq 21
irq: irq 22 on host /soc@ffe00000/pic@40000 mapped to virtual irq 22
fsl-elo-dma ffe21300.dma: #2 (fsl,eloplus-dma-channel), irq 22
irq: irq 23 on host /soc@ffe00000/pic@40000 mapped to virtual irq 23
fsl-elo-dma ffe21300.dma: #3 (fsl,eloplus-dma-channel), irq 23
Setting up Freescale MSI support
irq: irq 224 on host /soc@ffe00000/pic@40000 mapped to virtual irq 224
irq: irq 225 on host /soc@ffe00000/pic@40000 mapped to virtual irq 225
irq: irq 226 on host /soc@ffe00000/pic@40000 mapped to virtual irq 226
irq: irq 227 on host /soc@ffe00000/pic@40000 mapped to virtual irq 227
irq: irq 228 on host /soc@ffe00000/pic@40000 mapped to virtual irq 228
irq: irq 229 on host /soc@ffe00000/pic@40000 mapped to virtual irq 229
irq: irq 230 on host /soc@ffe00000/pic@40000 mapped to virtual irq 230
irq: irq 231 on host /soc@ffe00000/pic@40000 mapped to virtual irq 231
Slow work thread pool: Starting up
Slow work thread pool: Ready
JFFS2 version 2.2. (NAND) (SUMMARY)  Â© 2001-2006 Red Hat, Inc.
msgmni has been set to 497
alg: No test for stdrng (krng)
async_tx: api initialized (async)
io scheduler noop registered
io scheduler deadline registered (default)
Null function/null data passed to tasklet
Generic non-volatile memory driver v1.1
Serial: 8250/16550 driver, 2 ports, IRQ sharing enabled
serial8250.0: ttyS0 at MMIO 0xffe04500 (irq = 42) is a 16550A
console [ttyS0] enabled, bootconsole disabled
serial8250.0: ttyS1 at MMIO 0xffe04600 (irq = 42) is a 16550A
brd: module loaded
loop: module loaded
irq: irq 59 on host /soc@ffe00000/pic@40000 mapped to virtual irq 59
fsl-espi ffe07000.spi: at 0xd110e000 (irq = 59)
registering panic_write to support mtdoops
m25p80 spi32766.0: s25fl256s1 (32768 Kbytes)
Creating 15 MTD partitions on &quot;spi32766.0&quot;:
0x000000000000-0x000000040000 : &quot;Bootloader&quot;
0x000000040000-0x000000050000 : &quot;Bootloader environment&quot;
0x000000050000-0x000000090000 : &quot;Cert&quot;
0x000000090000-0x000000200000 : &quot;Kdump&quot;
mtdoops: Attached to MTD device 3
mtdoops: ready 0, 1
0x000000200000-0x000000300000 : &quot;/var&quot;
0x000000300000-0x000000580000 : &quot;Kernel A&quot;
0x000000580000-0x000001000000 : &quot;Rootfs A&quot;
0x000001000000-0x000001280000 : &quot;Kernel B&quot;
0x000001280000-0x000001d00000 : &quot;Rootfs B&quot;
0x000001d00000-0x000001e00000 : &quot;/home&quot;
0x000001e00000-0x000001f80000 : &quot;/log&quot;
0x000001f80000-0x000001f90000 : &quot;DTB A&quot;
0x000001f90000-0x000001fa0000 : &quot;DTB B&quot;
0x000001ff0000-0x000002000000 : &quot;ART&quot;
0x000001fe0000-0x000001ff0000 : &quot;SENA0&quot;
Fixed MDIO Bus: probed
e1000e: Intel(R) PRO/1000 Network Driver - 1.0.2-k4
e1000e: Copyright (c) 1999 - 2009 Intel Corporation.
/proc/ptp_1588 created
irq: irq 29 on host /soc@ffe00000/pic@40000 mapped to virtual irq 29
irq: irq 30 on host /soc@ffe00000/pic@40000 mapped to virtual irq 30
irq: irq 34 on host /soc@ffe00000/pic@40000 mapped to virtual irq 34
IEEE1588: ptp-timer devicepresent in the system
IEEE1588: ptp-timer initialized
eth0: Gianfar Ethernet Controller Version 1.4-skbr1.1.5, 00:19:92:xx:xx:xx
eth0: Running with NAPI enabled
eth0: RX BD ring size for Q[0]: 128
eth0: RX BD ring size for Q[1]: 128
eth0: RX BD ring size for Q[2]: 128
eth0: RX BD ring size for Q[3]: 128
eth0: RX BD ring size for Q[4]: 128
eth0: RX BD ring size for Q[5]: 128
eth0: RX BD ring size for Q[6]: 128
eth0: RX BD ring size for Q[7]: 128
eth0: TX BD ring size for Q[0]: 128
eth0: TX BD ring size for Q[1]: 128
eth0: TX BD ring size for Q[2]: 128
eth0: TX BD ring size for Q[3]: 128
eth0: TX BD ring size for Q[4]: 128
eth0: TX BD ring size for Q[5]: 128
eth0: TX BD ring size for Q[6]: 128
eth0: TX BD ring size for Q[7]: 128
Freescale PowerQUICC MII Bus: probed
irq: irq 3 on host /soc@ffe00000/pic@40000 mapped to virtual irq 18
tun: Universal TUN/TAP device driver, 1.6
tun: (C) 1999-2004 Max Krasnyansky &lt;maxk@qualcomm.com&gt;
i2c /dev entries driver
irq: irq 43 on host /soc@ffe00000/pic@40000 mapped to virtual irq 43
PowerPC Book-E Watchdog Timer Loaded
irq: irq 58 on host /soc@ffe00000/pic@40000 mapped to virtual irq 58
irq: irq 45 on host /soc@ffe00000/pic@40000 mapped to virtual irq 45
caam ffe30000.crypto: device ID = 0x0a14010000000000
caam ffe30000.crypto: job queues = 4
alg: No test for authenc(hmac(sha1),cbc(aes)) (authenc-hmac-sha1-cbc-aes-caam)
caam ffe30000.crypto: authenc-hmac-sha1-cbc-aes-caam
alg: No test for authenc(hmac(sha256),cbc(aes)) (authenc-hmac-sha256-cbc-aes-caam)
caam ffe30000.crypto: authenc-hmac-sha256-cbc-aes-caam
alg: No test for authenc(hmac(sha1),cbc(des3_ede)) (authenc-hmac-sha1-cbc-des3_ede-caam)
caam ffe30000.crypto: authenc-hmac-sha1-cbc-des3_ede-caam
alg: No test for authenc(hmac(sha256),cbc(des3_ede)) (authenc-hmac-sha256-cbc-des3_ede-caam)
caam ffe30000.crypto: authenc-hmac-sha256-cbc-des3_ede-caam
alg: No test for authenc(hmac(sha1),cbc(des)) (authenc-hmac-sha1-cbc-des-caam)
caam ffe30000.crypto: authenc-hmac-sha1-cbc-des-caam
alg: No test for authenc(hmac(sha256),cbc(des)) (authenc-hmac-sha256-cbc-des-caam)
caam ffe30000.crypto: authenc-hmac-sha256-cbc-des-caam
NET: Registered protocol family 26
TCP cubic registered
netfilter_table_index_init_early:init ok
MAXLINES_OF_TABLE:8
NET: Registered protocol family 10
NET: Registered protocol family 17
802.1Q VLAN Support v1.8 Ben Greear &lt;greearb@candelatech.com&gt;
All bugs added by David S. Miller &lt;davem@redhat.com&gt;
JFFS2 notice: (1) jffs2_build_xattr_subsystem: complete building xattr subsystem, 0 of xdatum (0 unchecked, 0 orphan) and 0 of xref (0 dead, 0 orphan) found.
VFS: Mounted root (jffs2 filesystem) on device 31:6.
Freeing unused kernel memory: 176k init
JFFS2 notice: (1056) jffs2_build_xattr_subsystem: complete building xattr subsystem, 0 of xdatum (0 unchecked, 0 orphan) and 0 of xref (0 dead, 0 orphan) found.
JFFS2 notice: (1058) jffs2_build_xattr_subsystem: complete building xattr subsystem, 0 of xdatum (0 unchecked, 0 orphan) and 0 of xref (0 dead, 0 orphan) found.
JFFS2 notice: (1060) jffs2_build_xattr_subsystem: complete building xattr subsystem, 0 of xdatum (0 unchecked, 0 orphan) and 0 of xref (0 dead, 0 orphan) found.
PowerPC Book-E Watchdog Timer Enabled (wdt_period=35)
gc: module license 'unspecified' taints kernel.
Disabling lock debugging due to kernel taint
init vbr, registering ioctl
init vbr 2
etherip: Ethernet over IPv4 tunneling driver
****Address of trace_timer :d129a638
ath_hal: 0.9.17.1 (AR9380, DEBUG, REGOPS_FUNC, TX_DATA_SWAP, RX_DATA_SWAP, 11D)
ath_rate_atheros: Copyright (c) 2001-2005 Atheros Communications, Inc, All Rights Reserved
ath_dev: Copyright (c) 2001-2007 Atheros Communications, Inc, All Rights Reserved
ath_dfs: Version 2.0.0
Copyright (c) 2005-2006 Atheros Communications, Inc. All Rights Reserved
ath_pci: SmartAntenna-DRT-0.1 (Atheros/multi-bss)
__ath_attach: Set global_scn[0]
*** All the minfree values should be &lt;= ATH_TXBUF-32, otherwise default value will be used instead ***
ACBKMinfree = 48
ACBEMinfree = 32
ACVIMinfree = 16
ACVOMinfree = 0
CABMinfree = 48
UAPSDMinfree = 0
ATH_TXBUF=512
__ioremap(): phys addr 0x0 is RAM lr d133c4ec

ART Version : -48.10.30
SW Image Version : 6.550.584.1040.101
Board Revision : 7
ar9300_attach: nf_2_nom -110 nf_2_max -60 nf_2_min -125
Rate cntrl mode not loaded returning
Rate cntrl mode not loaded returning
Rate cntrl mode not loaded returning
Rate cntrl mode not loaded returning
Rate cntrl mode not loaded returning
Rate cntrl mode not loaded returning
Rate cntrl mode not loaded returning
Rate cntrl mode not loaded returning
Rate cntrl mode not loaded returning
Rate cntrl mode not loaded returning
Rate cntrl mode not loaded returning
Rate cntrl mode not loaded returning
Rate cntrl mode not loaded returning
Green-AP : Green-AP : Attached

ath_get_caps[6845] rx chainmask mismatch actual 7 sc_chainmak 0
ath_get_caps[6820] tx chainmask mismatch actual 7 sc_chainmak 0
band steering initialized for direct attach hardware
ieee80211_bsteering_attach: Band steering initialized
ath_attach_dfs[13434] dfsdomain 1
request_irq type = 0x80
__ath_attach **  device wifi0
wifi0: Atheros 9580: mem=0xa0000000, irq=16 hw_base=0xd1700000
__ath_attach: Set global_scn[1]
*** All the minfree values should be &lt;= ATH_TXBUF-32, otherwise default value will be used instead ***
ACBKMinfree = 48
ACBEMinfree = 32
ACVIMinfree = 16
ACVOMinfree = 0
CABMinfree = 48
UAPSDMinfree = 0
ATH_TXBUF=512
__ioremap(): phys addr 0x0 is RAM lr d133c4ec

ART Version : -48.10.30
SW Image Version : 6.550.584.1040.101
Board Revision : 0
ar9300_attach: nf_2_nom -110 nf_2_max -60 nf_2_min -125
Rate cntrl mode not loaded returning
Rate cntrl mode not loaded returning
Rate cntrl mode not loaded returning
Rate cntrl mode not loaded returning
Rate cntrl mode not loaded returning
Rate cntrl mode not loaded returning
Rate cntrl mode not loaded returning
Rate cntrl mode not loaded returning
Rate cntrl mode not loaded returning
Rate cntrl mode not loaded returning
Rate cntrl mode not loaded returning
Rate cntrl mode not loaded returning
Rate cntrl mode not loaded returning
Green-AP : Green-AP : Attached

ath_get_caps[6845] rx chainmask mismatch actual 7 sc_chainmak 0
ath_get_caps[6820] tx chainmask mismatch actual 7 sc_chainmak 0
band steering initialized for direct attach hardware
ieee80211_bsteering_attach: Band steering initialized
ath_attach_dfs[13434] dfsdomain 1
request_irq type = 0x80
__ath_attach **  device wifi1
wifi1: Atheros 9580: mem=0x80000000, irq=17 hw_base=0xd1740000
module chardrv being loaded.
nf_conntrack version 0.5.0 (3979 buckets, 15916 max)
GRE over IPv4 tunneling driver
1588 is running at system-clock frequency (199999998)
ADDRCONF(NETDEV_UP): eth0: link is not ready
ip_tables: (C) 2000-2006 Netfilter Core Team
PHY: mdio@ffe24000:01 - Link is Up - 1000/Full
ADDRCONF(NETDEV_CHANGE): eth0: link becomes ready
&lt;/pre&gt;&lt;/small&gt;}}

====Boot log====
{{SCollapse|OpenWrt boot messages WIP
|&lt;small&gt;&lt;pre&gt;
&lt;/pre&gt;&lt;/small&gt;}}
&lt;noinclude&gt;[[Category:Adtran]]__NOTOC__&lt;/noinclude&gt;</text>
      <sha1>tqw9kq9hyxagkibyeo2ydeab7xyggws</sha1>
    </revision>
  </page>