<page>
    <title>ASUS WL-600g/Serial info</title>
    <ns>0</ns>
    <id>36248</id>
    <revision>
      <id>366876</id>
      <parentid>109193</parentid>
      <timestamp>2024-05-22T19:15:45Z</timestamp>
      <contributor>
        <username>DarkShadow</username>
        <id>3096572</id>
      </contributor>
      <comment>fixed;)</comment>
      <origin>366876</origin>
      <model>wikitext</model>
      <format>text/x-wiki</format>
      <text bytes="8265" sha1="h2aom0q9cw8aw7ntcl3nltgqztvd2eo" xml:space="preserve">
{{SCollapse|boot log • &gt;&gt; 
|&lt;small&gt;&lt;pre&gt;
CFE version 1.0.37-0.8 for BCM96348 (32bit,SP,BE)
Build Date: є@  2єК 20 18:37:34 CST 2006 (root@localhost.localdomain)
Copyright (C) 2000,2001,2002,2003 Broadcom Corporation.

Initializing Arena.
Initializing Devices.
CPU type 0x29107: 256MHz, Bus: 128MHz, Ref: 32MHz

Total memory used by CFE:  0x80401000 - 0x805246F0 (1193712)
Initialized Data:          0x8041C680 - 0x8041E080 (6656)
BSS Area:                  0x8041E080 - 0x804226F0 (18032)
Local Heap:                0x804226F0 - 0x805226F0 (1048576)
Stack Area:                0x805226F0 - 0x805246F0 (8192)
Text (code) segment:       0x80401000 - 0x8041C67C (112252)
Boot area (physical):      0x00525000 - 0x00565000
Relocation Factor:         I:00000000 - D:00000000

Board IP address                : 192.168.1.1:ffffff00
Host IP address                 : 192.168.1.100
Gateway IP address              :
Run from flash/host (f/h)       : f
Default host run file name      : vmlinux
Default host flash file name    : bcm963xx_fs_kernel
Boot delay (0-9 seconds)        : 1
Board Id Name                   : 96348GW-10
Psi size in KB                  : 24
Number of MAC Addresses (1-32)  : 11
Base MAC Address                : 00:1d:60:49:7c:34
Ethernet PHY Type               : Internal
Memory size in MB               : 16

*** Press any key to stop auto run (1 seconds) ***
Auto run second count down: 0
GPIOio_PIN_HIGH is Off
Code Address: 0x80010000, Entry Address: 0x801f1018
Decompression OK!
Entry at 0x801f1018
Closing network.
Starting program at 0x801f1018
Linux version 2.6.8.1 (root@myubuntu) (gcc version 3.4.2) #1 Tue Jun 2 23:23:34 CEST 2009
Total Flash size: 4096K with 71 sectors
96348GW-10 prom init
CPU revision is: 00029107
mpi: No Card is in the PCMCIA slot
Determined physical RAM map:
 memory: 00fa0000 @ 00000000 (usable)
On node 0 totalpages: 4000
  DMA zone: 4000 pages, LIFO batch:1
  Normal zone: 0 pages, LIFO batch:1
  HighMem zone: 0 pages, LIFO batch:1
Built 1 zonelists
Kernel command line: root=31:0 ro noinitrd
brcm mips: enabling icache and dcache...
Primary instruction cache 16kB, physically tagged, 2-way, linesize 16 bytes.
Primary data cache 8kB 2-way, linesize 16 bytes.
PID hash table entries: 64 (order 6: 512 bytes)
Using 128.000 MHz high precision timer.
Dentry cache hash table entries: 4096 (order: 2, 16384 bytes)
Inode-cache hash table entries: 2048 (order: 1, 8192 bytes)
Memory: 13680k/16000k available (1654k kernel code, 2300k reserved, 265k data, 76k init, 0k highmem)
Calibrating delay loop... 255.59 BogoMIPS
Mount-cache hash table entries: 512 (order: 0, 4096 bytes)
Checking for 'wait' instruction...  unavailable.
NET: Registered protocol family 16
Can't analyze prologue code at 801ac2c4
usbcore: registered new driver usbfs
usbcore: registered new driver hub
devfs: 2004-01-31 Richard Gooch (rgooch@atnf.csiro.au)
devfs: boot_options: 0x1
PPP generic driver version 2.4.2
NET: Registered protocol family 24
Using noop io scheduler
bcm963xx_mtd driver v1.0
brcmboard: brcm_board_init entry
bcm963xx_serial driver v2.0
u32 classifier
    OLD policer on
NET: Registered protocol family 2
IP: routing cache hash table of 512 buckets, 4Kbytes
TCP: Hash tables configured (established 512 bind 1024)
NET: Registered protocol family 1
NET: Registered protocol family 17
Ebtables v2.0 registered
NET: Registered protocol family 8
NET: Registered protocol family 20
802.1Q VLAN Support v1.8 Ben Greear &lt;greearb@candelatech.com&gt;
All bugs added by David S. Miller &lt;davem@redhat.com&gt;
VFS: Mounted root (squashfs filesystem) readonly.
Mounted devfs on /dev
Freeing unused kernel memory: 76k freed
init started:  BusyBox v1.00 (2009.06.02-21:26+0000) multi-call binary
Algorithmics/MIPS FPU Emulator v1.5

BusyBox v1.00 (2009.06.02-21:26+0000) Built-in shell (msh)
Enter 'help' for a list of built-in commands.

Loading drivers and kernel modules...

Asus mknod Init
mknod: /dev/ptmx: File exists
Asus mknod finish (Roly)
Using /lib/modules/2.6.8.1/extra/atmapi.ko
atmapi: module license 'Proprietary' taints kernel.
Using /lib/modules/2.6.8.1/extra/blaadd.ko
blaadd: blaa_detect entry
Using /lib/modules/2.6.8.1/extra/adsldd.ko
adsl: adsl_init entry
Using /lib/modules/2.6.8.1/extra/bcmprocfs.ko
Broadcom BCMPROCFS v1.0 initialized
Using /lib/modules/2.6.8.1/extra/bcm_enet.ko
Broadcom BCM6348B0 Ethernet Network Device v0.3 Jan 19 2009 15:16:48
Config Ethernet Switch Through MDIO Sseudo PHY Interface
eth0: MAC Address: 00:1D:60:49:7C:34
Using /lib/modules/2.6.8.1/extra/wl.ko
PCI: Setting latency timer of device 0000:00:01.0 to 64
PCI: Enabling device 0000:00:01.0 (0004 -&gt; 0006)
wl: srom not detected, using main memory mapped srom info (wombo board)
wl0: wlc_attach: using main board MAC address base in NVRAM (wombo board)
wl0 MAC Address: 00:1D:60:49:7C:34
dgasp: kerSysRegisterDyingGaspHandler: wl0 registered
wl0: Broadcom BCM4318 802.11 Wireless Controller 3.91.41.0
cfm init()
xmlEndQoSobj is not xmlstate.verify
BcmAdsl_Initialize=0xC005D3F8, g_pFnNotifyCallback=0xC0076214
AnnexCParam=0x7FFF7E08 AnnexAParam=0x00000980 adsl2=0x00000000
pSdramPHY=0xA0FFFFF8, 0xCF6CCEFE 0xCCFFE7EF
AdslCoreHwReset: AdslOemDataAddr = 0xA0FFBB64
AnnexCParam=0x7FFF7E08 AnnexAParam=0x00000980 adsl2=0x00000000
dgasp: kerSysRegisterDyingGaspHandler: dsl0 registered

==&gt;   Bcm963xx Software Version: 3.02L.01.A2pB023k.d20e   &lt;==

device eth0 entered promiscuous mode
br0: port 1(eth0) entering learning state
br0: topology change detected, propagating
br0: port 1(eth0) entering forwarding state
Setting country code &quot;NL&quot;
device wl0 entered promiscuous mode
br0: port 2(wl0) entering learning state
br0: topology change detected, propagating
br0: port 2(wl0) entering forwarding state
infosvr start!!!
xmlEndQoSobj is not xmlstate.verify
watchdog init testing!!!!!!!!!
xmlEndQoSobj is not xmlstate.verify
uhci_hcd: falsely claims to have parameter debug
USB Universal Host Controller Interface driver v2.2
PCI: Enabling device 0000:00:07.0 (0000 -&gt; 0001)
uhci_hcd 0000:00:07.0: UHCI Host Controller
uhci_hcd 0000:00:07.0: irq 32, io base 0c000000
uhci_hcd 0000:00:07.0: new USB bus registered, assigned bus number 1
hub 1-0:1.0: USB hub found
hub 1-0:1.0: 2 ports detected
PCI: Enabling device 0000:00:07.1 (0000 -&gt; 0001)
uhci_hcd 0000:00:07.1: UHCI Host Controller
br0: port 2(wl0) entering disabled state
Setting country code &quot;NL&quot;
br0: port 2(wl0) entering learning state
br0: topology change detected, propagating
br0: port 2(wl0) entering forwarding state
uhci_hcd 0000:00:07.1: irq 32, io base 0c000020
uhci_hcd 0000:00:07.1: new USB bus registered, assigned bus number 2
hub 2-0:1.0: USB hub found
hub 2-0:1.0: 2 ports detected
PCI: Enabling device 0000:00:07.2 (0000 -&gt; 0002)
ehci_hcd 0000:00:07.2: EHCI Host Controller
capbase:::1000010
capbase:::1000010
ehci_hcd 0000:00:07.2: irq 32, pci mem a8010800
ehci_hcd 0000:00:07.2: new USB bus registered, assigned bus number 3
ehci_hcd 0000:00:07.2: USB 2.0 enabled, EHCI 1.00, driver 2004-May-10
hub 3-0:1.0: USB hub found
hub 3-0:1.0: 4 ports detected
usblp: falsely claims to have parameter proto_bias
usbcore: registered new driver usblp
drivers/usb/class/usblp.c: v0.13: USB Printer Device Class driver
br0: port 2(wl0) entering disabled state
br0: port 2(wl0) entering learning state
br0: topology change detected, propagating
br0: port 2(wl0) entering forwarding state
br0: port 2(wl0) entering disabled state
br0: port 2(wl0) entering learning state
br0: topology change detected, propagating
br0: port 2(wl0) entering forwarding state
br0: port 2(wl0) entering disabled state
br0: port 2(wl0) entering learning state
br0: topology change detected, propagating
br0: port 2(wl0) entering forwarding state
SCSI subsystem initialized
Initializing USB Mass Storage driver...
usbcore: registered new driver usb-storage
USB Mass Storage support registered.
br0: port 1(eth0) entering disabled state
device wl0 is already a member of a bridge; can't enslave it to bridge br0.
device wds0.49153 entered promiscuous mode
br0: port 3(wds0.49153) entering learning state
br0: topology change detected, propagating
br0: port 3(wds0.49153) entering forwarding state
/var/harddisk/asus/startup: not found

Login:
&lt;/pre&gt;&lt;/small&gt;}}&lt;noinclude&gt;[[Category:ASUS]]&lt;/noinclude&gt;</text>
      <sha1>h2aom0q9cw8aw7ntcl3nltgqztvd2eo</sha1>
    </revision>
  </page>