<page>
    <title>ASUS RT-AC1200GP/Serial info</title>
    <ns>0</ns>
    <id>25958</id>
    <revision>
      <id>331309</id>
      <parentid>70735</parentid>
      <timestamp>2023-10-11T12:48:29Z</timestamp>
      <contributor>
        <username>DarkShadow</username>
        <id>3096572</id>
      </contributor>
      <comment>fixed;)</comment>
      <origin>331309</origin>
      <model>wikitext</model>
      <format>text/x-wiki</format>
      <text bytes="1657" sha1="i0265g4z1qm518925wcyw4xzaztz1g5" xml:space="preserve">{{navbar|:ASUS RT-AC1200GP/Serial info|text=Serial info}}
{{SCollapse|cpuinfo
|&lt;small&gt;&lt;pre&gt;
admin@(none):/tmp/home/root# cat /proc/cpuinfo 
Processor	: ARMv7 Processor rev 5 (v7l) 
BogoMIPS	: 1795.68 
Features	: swp half thumb fastmult edsp 
CPU implementer	: 0x41 
CPU architecture: 7 
CPU variant	: 0x0 
CPU part	: 0xc07 
CPU revision	: 5 
Hardware	: Northstar Prototype 
Revision	: 0000 
Serial	: 0000000000000000

admin@(none):/tmp/home/root# dmesg
Creating 5 MTD partitions on &quot;bcmsflash&quot;:
0x000000000000-0x000000040000 : &quot;boot&quot;
0x000000040000-0x000000ff0000 : &quot;linux&quot;
0x0000001ef244-0x000000d30000 : &quot;rootfs&quot;
0x000000d30000-0x000000ff0000 : &quot;jffs2&quot;
0x000000ff0000-0x000001000000 : &quot;nvram&quot;

admin@RT-AC1200G+:/# uname -a
Linux RT-AC1200G+ 2.6.36.4brcmarm #1 PREEMPT 
Thu Nov 3 15:55:43 CST 2016 armv7l GNU/Linux

ASUSWRT RT-AC1200G+_3.0.0.4 Tue Dec 1 01:55:01 UTC 2015

eth0: Broadcom BCM47XX 10/100/1000Mbps Ethernet Controller 9.10.178.27 (r584393)
eth1: Broadcom BCM43227 802.11 Wireless Controller 9.10.178.27 (r584393)
eth2: Broadcom BCM43c8 802.11 Wireless Controller 9.10.178.27 (r584393)

nvram show | grep ports
size: 39383 bytes (26153 left)
ehci_ports=1-1
ohci_ports=2-1
ftp_ports=ports=21,2021
wanports=0
lanports=1 2 3 4
vlan1ports=1 2 3 4 8*
vlan2ports=0 8u

admin@(none):/# nvram get clkfreq 
900,533

admin@(none):/# free -m | grep Mem 
Mem: 125680 43172 82508 0 1576

admin@(none):/# df -h 
Filesystem Size Used Available Use% Mounted on 
/dev/root 11.9M 11.9M 0 100% / 
devtmpfs 61.3M 0 61.3M 0% /dev 
tmpfs 61.4M 192.0K 61.2M 0% /tmp 
/dev/mtdblock3 2.2M 204.0K 2.0M 9% /jffs
&lt;/pre&gt;&lt;/small&gt;}}
&lt;noinclude&gt;[[Category:ASUS]]&lt;/noinclude&gt;</text>
      <sha1>i0265g4z1qm518925wcyw4xzaztz1g5</sha1>
    </revision>
  </page>