<page>
    <title>ASUS RT-N66U C1</title>
    <ns>0</ns>
    <id>7325</id>
    <revision>
      <id>375157</id>
      <parentid>354862</parentid>
      <timestamp>2024-08-15T00:34:43Z</timestamp>
      <contributor>
        <username>ShadowBot</username>
        <id>3357272</id>
      </contributor>
      <minor/>
      <comment>/* top */clean up</comment>
      <origin>375157</origin>
      <model>wikitext</model>
      <format>text/x-wiki</format>
      <text bytes="14570" sha1="ecinc456o1uvrrf2sewfx6bhaqmrmvi" xml:space="preserve">{{Infobox Embedded System
|image1             = &lt;!-- Image filename --&gt;
|image1_size        = &lt;!-- Image size, ex.150px --&gt;
|caption            = Wireless-N900 Dual-Band Gigabit Router
|caption2           = &lt;!-- 2nd tagleine --&gt;
|pp                 = https://www.asus.com/Networking/RT-N66U-C1/
|sp                 = https://www.asus.com/Networking/RT-N66U-C1/HelpDesk/
|dl                 = https://www.asus.com/Networking/RT-N66U-C1/HelpDesk_Download/
|wikidevi           = ASUS_RT-N66U_C1
|wikipedia          = &lt;!-- [[wikipedia:Main Page|Wikipedia]] Leave blank for none --&gt;
|ddwrtsupport       = &lt;!-- Activation, Donation, Incompatible, Not Supported, Partial Support, Supported, TBD, Unofficially, WIP --&gt;
|openwrtsupport     = &lt;!-- Incompatible, Not Supported, Partial Support, Supported, WIP, Unofficially, --&gt;
|tomatosupport      = &lt;!-- Incompatible, Not Supported, Partial Support, Supported, WIP, Unofficially, --&gt;
|gargoylesupport    = &lt;!-- Incompatible, Not Supported, Partial Support, Supported, WIP, Unofficially, --&gt;

|brand              = ASUS
|model              = RT-N66
|submodelappend     = &lt;!-- yes, for space --&gt;
|submodel           = U
|revision           = C1 
|subrevision        = (B2)
|model_part_num     = 
|page_start_date    = 
|page_start_origon  = 
|wlclass            = AN900
|series             = &lt;!-- Device series --&gt;
|type               = wireless router
|sernum             = 90IG0460-BM3010
|fcc_id             = MSQ-RTACHC00
|icid               = &lt;!-- Industry Canada Identification number, Leave blank for unknown --&gt;
|us_id              = &lt;!-- US ID number --&gt;
|boardid            = WG9117AAC33
|ecc_id             = &lt;!-- eec-id --&gt;

|cpu1chip1          = Broadcom;BCM4708C0;
|cpu1_cores         = 2
|cpu1_type          = ARM
|cpu1_type_rev      = Cortex-A9
|cpu1spd            = 1.0 GHz &lt;!-- 1.0 GHz --&gt;
|is_doc             = 
|bus                = &lt;!-- 8-bit, 16-bit, 32-bit, 64-bit, Leave blank for none --&gt;

|flash1type         = &lt;!-- Parallel,Serial(SPI),SPI NOR,NAND,Compact Flash, --&gt;
|fla1_num           = &lt;!-- 1,2,3,4 --&gt;
|fla1chip           = ESMT;F59L1G81LA-25T;
|flash1size         = 128
|flash1maxsize      = &lt;!-- Maximum size firmware can be in bytes --&gt;

|ram1type           = &lt;!-- DDR,DDR2,DDR3,DDR4, --&gt;
|ram1type1          = &lt;!-- SO-DIMM,SDRAM, --&gt;
|ram1spd            = &lt;!-- RAM speed --&gt;
|ram1size           = 256
|ram1chip           = ESMT;M15F2G16128A-DEB;
|ram1_num           = &lt;!-- Number of Ram chips --&gt;
|nvramsize          = &lt;!-- 32, 60, 64, etc... in kb, Leave blank for unknown --&gt;

|eth_cpu            = true
|sw_cpu             = true
|wan_ports          = 1
|wan_speed          = 1GbE
|lan_ports          = 4
|lan_speed          = 1GbE
|ethstandard        = &lt;!-- auto --&gt;
|portbasedvlan      = &lt;!-- Support for port based vlan tagging, Leave blank for unknown --&gt;
|802.1qvlan         = &lt;!-- Support for 802.1q vlan tagging, Leave blank for unknown --&gt;
|auto_mdix          = &lt;!-- mdix support --&gt;
|sup_jumbo          = &lt;!-- Jumbo frames support --&gt;
|ethoui             = D0:17:C2
|oui                = D0:17:C2

|bootwait           = &lt;!-- On or Off, Leave blank for unknown --&gt;
|stockbootloader    = CFE;1.1.2.0;;
|stockos            = Linux;2.6.36.4;brcmarm;

|exp_if_types       = USB 3.0, USB 2.0
|exp_usb_num        = 2
|usb_hub            = &lt;!-- USB hub compatibility --&gt;

|pwr_volt_type      = VDC
|pwr_vdc            = 19
|pwr_amp_dc         = 1.75
|pwr_conn           = barrel
|pwr_barrel_outer   = &lt;!-- Outer barrel size in mm --&gt;
|pwr_barrel_inner   = &lt;!-- Inner barrel size in mm --&gt;
|pwr_barrel_len     = &lt;!-- Length of barrel --&gt;
|pwr_pol            = &lt;!-- Connector polarity --&gt;

|serial             = yes
|jtag               = yes

|specialfeat        = &lt;!-- Features that don't fit any place else, Leave blank for none --&gt;
|flags              = ASUS Router App, AiCloud support
|addchip            = &lt;!-- 2.4GHz Power Amp Module;Richwave;RTC6649E;370, 49EX, 5610;3; ,,,
5GHz Power Amp Module;Skyworks;SKY85728-11;85728-11, 552LU, 1552, MY;3; --&gt;
|802dot11_protocols = abgn

|defaulip           = 192.168.50.1
|defaultlogin       = admin
|defaultpass        = admin
|defaultssid        = ASUS, ASUS_5G
|defaultssid_regex  = ^ASUS$,,,^ASUS_5G$
|default_ch         = &lt;!-- Defaults channel(s) Radio(s) are set to --&gt;
|manuf              = Arcadyan
|manuf_model        = WG9117A
|manuf_rev          = &lt;!-- Manufacturer Revision --&gt;
|is_manuf           = No
|tpfirmware         = Asuswrt-Merlin, FreshTomato

|availability       = &lt;!-- Market availability --&gt;
|eoldate            = &lt;!-- End of Life date --&gt;
|fccapprovdate      = 08/02/2016
|estreldate         = &lt;!-- Estimated release date --&gt;
|estprice           = &lt;!-- Estimated retail price in US dollars --&gt;
|upc                = &lt;!-- UPC number --&gt;
|ean                = 4712900704860
|newegg             = &lt;!-- newegg item number --&gt;
|asin               = &lt;!-- ASIN number --&gt;
|asin_country       = &lt;!-- ASIN country --&gt;
|asin2              = &lt;!-- ASIN number --&gt;
|asin_country2      = &lt;!-- ASIN country --&gt;
|countrymanuf       = China

|buttons            = &lt;!-- buttons available --&gt;
|led                = &lt;!-- Led colors and descriptions --&gt;
|dimensions         = &lt;!-- Size of device {{convert |length|x|widthordepth|x|height|in|mm}} --&gt;
|weight             = &lt;!-- Weight of device {{convert|weight|oz|g}} --&gt;

|wi1_if_name        = 
|rad1chip1          = Broadcom;BCM4360;
|rad1oui            = &lt;!-- Only if different from above OUI --&gt; 
|rad1_ant_conn      = RP-SMA
|rad1txchains       = 3
|rad1rxchains       = 3
|rad1sstreams       = 3
|rad1stand          = IEEE 802.11b/g/n
|rad1n              = 450
|rad1g              = 54
|rad1b              = 11
|rad1freq           = 2.4
|rad1correv         = &lt;!-- core revision, Leave blank for none or unknown --&gt;
|rad1cap            = &lt;!-- radio capabilities, Leave blank for none or unknown --&gt;

|wi2_if_name        = 
|rad2chip1          = Broadcom;BCM4360;
|rad2oui            = &lt;!-- Only if different from above OUI --&gt; 
|rad2_ant_conn      = RP-SMA
|rad2txchains       = 3
|rad2rxchains       = 3
|rad2sstreams       = 3
|rad2stand          = IEEE 802.11a/n
|rad2n              = 450
|rad2a              = 54
|rad2freq           = 5
|rad2correv         = &lt;!-- core revision, Leave blank for none or unknown --&gt;
|rad2cap            = &lt;!-- radio capabilities, Leave blank for none or unknown --&gt;

}}{{TIDTOC|embedded}}
==Overview==
Model: RT-N66U C1; H/W Ver.: B2; Manuf PN: 90IG0460-BM3010

*ASUS RT-N66U C1 (MSQ-RTACHC00) • [https://www.asus.com/Networking/RT-N66U-C1/specifications/ Specifications]
{{See also|ASUS RT-AC66U|ASUS RT-AC1750|ASUS RT-AC1900}}

FCC ID: [https://fccid.io/MSQ-RTACHC00 MSQ-RTACHC00] (2016-08-02) [https://fccid.io/document.php?id=3083312 FCC Doc]
*[[ASUS RT-AC66U B1]] (V2) - BCM4708C0 (@1.0&amp;nbsp;GHz)
*[[ASUS RT-AC67U]] (R/W) - 
*[[ASUS RT-AC1750]] (R/W/V2) - BCM4709A0 (@1.0&amp;nbsp;GHz)
*[[ASUS RT-AC1900]] (R/V2) - BCM4709A0 (@1.0&amp;nbsp;GHz)
*[[ASUS RT-AC1900P]] - [https://www.smallnetbuilder.com/wireless/wireless-reviews/33043-asus-rt-ac1900p-dual-band-wireless-ac1900-gigabit-router-reviewed BCM4709C0] (@1.4&amp;nbsp;GHz) [https://www.smallnetbuilder.com/images/stories/wireless/asus_rtac1900p/asus_rtac68_versions_2016-12-19.png table]

==Links of Interest==
===Forum threads===
*[https://www.snbforums.com/threads/rt-n66u-c1.46672/ ''ASUS RT-N66U C1'' on '''SmallNetBuilder''' forums]
:Model: RT-N66U C1, H/W ver B2, F/W ver 3.0.0.4.382_19333
:CPU: [[Broadcom]] BCM4708 (ARM); 1x USB 3.0, 1x USB 2.0
:&lt;small&gt;(odmpid == &quot;RT-N66U_C1&quot; || odmpid ==&quot;RT-AC66U_B1&quot; || odmpid == &quot;RT-AC1750_B1&quot;)&lt;/small&gt;
{{See also|ASUS RT-AC66U B1|ASUS RT-AC1750 B1|ASUS RT-AC1900U}}
*[https://www.snbforums.com/threads/rt-ac66u-b1-difference-between-hw-ver-a1-and-b1.38418/ ''ASUS RT-AC66U B1 Difference between HW Ver: A1/B1'' on '''SNB''' forums]
:• [[ASUS RT-AC66U B1]] (H/W Ver.:A1) - BCM4708C0 (@1.0GHz Dual Core)
:Also has one front USB3 port, one USB2 back ports, AMD flash (NAND),
:and can be flashed with Merlin firmware for the RT-AC68U. 
:• [[ASUS RT-AC66U B1]] (H/W Ver.:B1) - BCM4708C0 (@1.0GHz Dual Core)
:Also has one front USB3 port, one USB2 back ports, Zentel flash (NAND).
:• [[ASUS RT-AC66U B1]] (H/W Ver.:B2) - BCM4708C0 (@1.0GHz Dual Core)
:Also has one front USB3 port, one USB2 back ports, AMD flash (NAND).
:• [[ASUS RT-AC66U]] (A1) - BCM4706 (@600MHz), two USB2 back ports.

==JTAG-Serial Info==
===Serial===
====Boot log====
{{SCollapse|boot log • &gt;&gt;
|&lt;small&gt;&lt;pre&gt;
Feb 14 00:00:17 syslogd started: BusyBox v1.17.4
Feb 14 00:00:17 kernel: klogd started: BusyBox v1.17.4 (2018-05-11 21:25:06 CST)
Feb 14 00:00:17 kernel: Linux version 2.6.36.4brcmarm (root@asus) (gcc version 4.5.3 
                    (Buildroot 2012.02) ) #1 SMP PREEMPT Fri May 11 21:29:42 CST 2018
Feb 14 00:00:17 kernel: CPU: ARMv7 Processor [413fc090] revision 0 (ARMv7), cr=10c53c7f
Feb 14 00:00:17 kernel: CPU: VIPT nonaliasing data cache, VIPT nonaliasing instruction cache
Feb 14 00:00:17 kernel: Machine: Northstar Prototype
Feb 14 00:00:17 kernel: Ignoring unrecognised tag 0x00000000
Feb 14 00:00:17 kernel: Memory policy: ECC disabled, Data cache writealloc
Feb 14 00:00:17 kernel: Built 1 zonelists in Zone order, mobility grouping on.  Total pages: 60416
Feb 14 00:00:17 kernel: Kernel command line: root=/dev/mtdblock2 console=ttyS0,115200 init=/sbin/preinit earlyprintk debug
Feb 14 00:00:17 kernel: Memory: 255504k/255504k available, 6640k reserved, 0K highmem
Feb 14 00:00:17 kernel: Virtual kernel memory layout:
Feb 14 00:00:17 kernel:     vector  : 0xffff0000 - 0xffff1000   (   4 kB)
Feb 14 00:00:17 kernel:     fixmap  : 0xfff00000 - 0xfffe0000   ( 896 kB)
Feb 14 00:00:17 kernel:     DMA     : 0xf7e00000 - 0xffe00000   ( 128 MB)
Feb 14 00:00:17 kernel:     vmalloc : 0xd0800000 - 0xf0000000   ( 504 MB)
Feb 14 00:00:17 kernel:     lowmem  : 0xc0000000 - 0xd0000000   ( 256 MB)
Feb 14 00:00:17 kernel:     modules : 0xbf000000 - 0xc0000000   (  16 MB)
Feb 14 00:00:17 kernel:       .init : 0xc0008000 - 0xc003d000   ( 212 kB)
Feb 14 00:00:17 kernel:       .text : 0xc003d000 - 0xc03a6000   (3492 kB)
Feb 14 00:00:17 kernel:       .data : 0xc03be000 - 0xc03e1160   ( 141 kB)
Feb 14 00:00:17 kernel: * Invalid signature of oopsbuf: 46-55-04-10-22-00-08-10 (len 2365655554)
Feb 14 00:00:17 kernel: External imprecise Data abort at addr=0x0, fsr=0x1c06 ignored.
Feb 14 00:00:17 kernel: Mount-cache hash table entries: 512
Feb 14 00:00:17 kernel: CPU1: Booted secondary processor
Feb 14 00:00:17 kernel: Found a AMD NAND flash:
Feb 14 00:00:17 kernel: Total size:  128MB
Feb 14 00:00:17 kernel: Block size:  128KB
Feb 14 00:00:17 kernel: Page Size:   2048B
Feb 14 00:00:17 kernel: OOB Size:    64B
Feb 14 00:00:17 kernel: Sector size: 512B
Feb 14 00:00:17 kernel: Spare size:  16B
Feb 14 00:00:17 kernel: ECC level:   8 (8-bit)
Feb 14 00:00:17 kernel: Device ID: 0x 1 0xf1 0x80 0x1d 0x 1 0xf1
Feb 14 00:00:17 kernel: bio: create slab &lt;bio-0&gt; at 0
Feb 14 00:00:17 kernel: PCI: no core
Feb 14 00:00:17 kernel: PCI: no core
Feb 14 00:00:17 kernel: PCI: Fixing up bus 0
Feb 14 00:00:18 kernel: PCI: Fixing up bus 0
Feb 14 00:00:18 kernel: PCI: Fixing up bus 1
Feb 14 00:00:18 kernel: PCI: Fixing up bus 0
Feb 14 00:00:18 kernel: PCI: Fixing up bus 2
Feb 14 00:00:18 kernel: VFS: Disk quotas dquot_6.5.2
Feb 14 00:00:18 kernel: Dquot-cache hash table entries: 1024 (order 0, 4096 bytes)
Feb 14 00:00:18 kernel: pflash: found no supported devices
Feb 14 00:00:18 kernel: bcmsflash: found no supported devices
Feb 14 00:00:18 kernel: Boot partition size = 524288(0x80000)
Feb 14 00:00:18 kernel: lookup_nflash_rootfs_offset: offset = 0x200000
Feb 14 00:00:18 kernel: nflash: squash filesystem with lzma found at block 28
Feb 14 00:00:18 kernel: Creating 4 MTD partitions on &quot;nflash&quot;:
Feb 14 00:00:18 kernel: 0x000000000000-0x000000080000 : &quot;boot&quot;
Feb 14 00:00:18 kernel: 0x000000080000-0x000000200000 : &quot;nvram&quot;
Feb 14 00:00:18 kernel: 0x000000200000-0x000004000000 : &quot;linux&quot;
Feb 14 00:00:18 kernel: 0x00000039b234-0x000004000000 : &quot;rootfs&quot;
Feb 14 00:00:18 nat: apply redirect rules
Feb 14 00:00:18 kernel: Registering the dns_resolver key type
Feb 14 00:00:18 kernel: Spare area=64 eccbytes 56, ecc bytes located at:
Feb 14 00:00:18 kernel:  2 3 4 5 6 7 8 9 10 11 12 13 14 15 18 19 20 21 22 23 24 25 26 27 28 29 30 31 34 35 36 37 38 39 40 41 42 43 44 45 46 47 50 51 52 53 54 55 56 57 58 59 60 61 62 63
Feb 14 00:00:18 kernel: Available 7 bytes at (off,len):
Feb 14 00:00:18 kernel: (1,1) (16,2) (32,2) (48,2) (0,0) (0,0) (0,0) (0,0)
Feb 14 00:00:18 kernel: Options: NO_AUTOINCR,NO_READRDY,BBT_SCAN2NDPAGE,
Feb 14 00:00:18 kernel: Creating 2 MTD partitions on &quot;brcmnand&quot;:
Feb 14 00:00:18 kernel: 0x000004000000-0x000007ec0000 : &quot;brcmnand&quot;
Feb 14 00:00:18 kernel: 0x000007ec0000-0x000008000000 : &quot;asus&quot;
Feb 14 00:00:18 kernel: VFS: Mounted root (squashfs filesystem) readonly on device 31:3.
Feb 14 00:00:18 kernel: ctf: module license 'Proprietary' taints kernel.
Feb 14 00:00:18 kernel: Disabling lock debugging due to kernel taint
Feb 14 00:00:18 kernel: et_module_init: passivemode set to 0x0
Feb 14 00:00:18 kernel: et_module_init: txworkq set to 0x0
Feb 14 00:00:18 kernel: et_module_init: et_txq_thresh set to 0xce4
Feb 14 00:00:18 kernel: eth0: Broadcom BCM47XX 10/100/1000 Mbps Ethernet Controller 6.37.14.126 (r561982)
Feb 14 00:00:18 kernel: et_probe: mvlan vid[0]: 0
Feb 14 00:00:18 kernel: et_probe: mvlan vid[1]: 0
Feb 14 00:00:18 kernel: et_probe: mvlan en 0
Feb 14 00:00:18 kernel: dpsta_init: msglevel set to 0x1
Feb 14 00:00:18 kernel: wl_module_init: passivemode set to 0x0
Feb 14 00:00:18 kernel: wl_module_init: igs set to 0x0
Feb 14 00:00:18 kernel: wl_module_init: txworkq set to 0x0
Feb 14 00:00:18 kernel: eth1: Broadcom BCM4360 802.11 Wireless Controller 6.37.14.126 (r561982)
Feb 14 00:00:18 kernel: eth2: Broadcom BCM4360 802.11 Wireless Controller 6.37.14.126 (r561982)
Feb 14 00:00:18 kernel: et0: et_mvlan_netdev_event: event 16 for vlan1 mvlan_en 0
Feb 14 00:00:18 kernel: et0: et_mvlan_netdev_event: event 5 for vlan1 mvlan_en 0
Feb 14 00:00:18 kernel: et0: et_mvlan_netdev_event: event 16 for vlan2 mvlan_en 0
Feb 14 00:00:18 kernel: et0: et_mvlan_netdev_event: event 5 for vlan2 mvlan_en 0
Feb 14 00:00:18 kernel: et0: et_mvlan_netdev_event: event 13 for vlan1 mvlan_en 0
Feb 14 00:00:18 kernel: et0: et_mvlan_netdev_event: event 1 for vlan1 mvlan_en 0
Feb 14 00:00:19 dnsmasq[211]: warning: no upstream servers configured
Feb 14 00:00:19 RT-N66U_C1: start httpd:80
&lt;/pre&gt;&lt;/small&gt;}}

[[Category:English Documentation]]</text>
      <sha1>ecinc456o1uvrrf2sewfx6bhaqmrmvi</sha1>
    </revision>
  </page>