<page>
    <title>ASUS RT-N56U B1/Serial info</title>
    <ns>0</ns>
    <id>26564</id>
    <revision>
      <id>366874</id>
      <parentid>74972</parentid>
      <timestamp>2024-05-22T19:12:19Z</timestamp>
      <contributor>
        <username>DarkShadow</username>
        <id>3096572</id>
      </contributor>
      <comment>fixed;)</comment>
      <origin>366874</origin>
      <model>wikitext</model>
      <format>text/x-wiki</format>
      <text bytes="20858" sha1="qjypnph1iz2mq976wbfs13vjcw6ma84" xml:space="preserve">====Boot log====
*FW RT-N56UB1_3.4.3.9-096 {{•}}[https://bitbucket.org/padavan/rt-n56u/ ''Padavan'' BB] ([https://code.google.com/p/rt-n56u/ ''Padavan'' CG]) 
{{SCollapse|boot log • &gt;&gt; 
|&lt;small&gt;&lt;pre&gt;
Jul 28 13:06:19 syslogd started: BusyBox v1.23.2
Jul 28 13:06:19 RT-N56U_B1: bootloader version: RT-N56UB1-01-00-00-00
Jul 28 13:06:19 RT-N56U_B1: firmware version: 3.4.3.9-096
Jul 28 13:06:19 kernel: klogd started: BusyBox v1.23.2 (2015-07-28 08:45:52 MSK)
Jul 28 13:06:19 kernel: Linux version 3.4.108 (padavan@hms) 
(gcc version 4.4.7 (GCC) ) #1 SMP Tue Jul 28 08:36:44 MSK 2015
Jul 28 13:06:19 kernel: Ralink SoC: MT7621S, RevID: 0103, RAM: DDR3, XTAL: 40MHz
Jul 28 13:06:19 kernel: CPU/SYS frequency: 880/220 MHz
Jul 28 13:06:19 kernel: CPU revision is: 0001992f (MIPS 1004Kc)
Jul 28 13:06:19 kernel: Determined physical RAM map:
Jul 28 13:06:19 kernel:  memory: 08000000 @ 00000000 (usable)
Jul 28 13:06:19 kernel: Zone PFN ranges:
Jul 28 13:06:19 kernel:   Normal   0x00000000 -&gt; 0x00008000
Jul 28 13:06:19 kernel: Movable zone start PFN for each node
Jul 28 13:06:19 kernel: Early memory PFN ranges
Jul 28 13:06:19 kernel:     0: 0x00000000 -&gt; 0x00008000
Jul 28 13:06:19 kernel: On node 0 totalpages: 32768
Jul 28 13:06:19 kernel: free_area_init_node: node 0, pgdat 80355780, node_mem_map 81000000
Jul 28 13:06:19 kernel:   Normal zone: 256 pages used for memmap
Jul 28 13:06:19 kernel:   Normal zone: 0 pages reserved
Jul 28 13:06:19 kernel:   Normal zone: 32512 pages, LIFO batch:7
Jul 28 13:06:19 kernel: Detected 1 available secondary CPU(s)
Jul 28 13:06:19 kernel: Primary instruction cache 32kB, VIPT, 4-way, linesize 32 bytes.
Jul 28 13:06:19 kernel: Primary data cache 32kB, 4-way, PIPT, no aliases, linesize 32 bytes
Jul 28 13:06:19 kernel: MIPS secondary cache 256kB, 8-way, linesize 32 bytes.
Jul 28 13:06:19 kernel: PERCPU: Embedded 7 pages/cpu @81103000 s5984 r8192 d14496 u32768
Jul 28 13:06:19 kernel: pcpu-alloc: s5984 r8192 d14496 u32768 alloc=8*4096
Jul 28 13:06:19 kernel: pcpu-alloc: [0] 0 [0] 1 
Jul 28 13:06:19 kernel: Built 1 zonelists in Zone order, mobility grouping on.  Total pages: 32512
Jul 28 13:06:19 kernel: Kernel command line: console=ttyS0,115200n8 root=/dev/mtdblock4 rootfstype=squashfs
Jul 28 13:06:19 kernel: PID hash table entries: 512 (order: -1, 2048 bytes)
Jul 28 13:06:19 kernel: Dentry cache hash table entries: 16384 (order: 4, 65536 bytes)
Jul 28 13:06:19 kernel: Inode-cache hash table entries: 8192 (order: 3, 32768 bytes)
Jul 28 13:06:19 kernel: Writing ErrCtl register=00030010
Jul 28 13:06:19 kernel: Readback ErrCtl register=00030010
Jul 28 13:06:19 kernel: Memory: 126160k/131072k available 
(2983k kernel code, 4912k reserved, 427k data, 200k init, 0k highmem)
Jul 28 13:06:19 kernel: Hierarchical RCU implementation.
Jul 28 13:06:19 kernel: NR_IRQS:64
Jul 28 13:06:19 kernel: MIPS GIC RevID: 3.0
Jul 28 13:06:19 kernel: console [ttyS0] enabled
Jul 28 13:06:19 kernel: Calibrating delay loop... 577.53 BogoMIPS (lpj=1155072)
Jul 28 13:06:19 kernel: pid_max: default: 32768 minimum: 301
Jul 28 13:06:19 kernel: Mount-cache hash table entries: 512
Jul 28 13:06:19 kernel: Primary instruction cache 32kB, VIPT, 4-way, linesize 32 bytes.
Jul 28 13:06:19 kernel: Primary data cache 32kB, 4-way, PIPT, no aliases, linesize 32 bytes
Jul 28 13:06:19 kernel: MIPS secondary cache 256kB, 8-way, linesize 32 bytes.
Jul 28 13:06:19 kernel: CPU revision is: 0001992f (MIPS 1004Kc)
Jul 28 13:06:19 kernel: Synchronize counters for CPU 1: done.
Jul 28 13:06:19 kernel: Brought up 2 CPUs
Jul 28 13:06:19 kernel: NET: Registered protocol family 16
Jul 28 13:06:19 kernel: FPU Affinity set after 3504 emulations
Jul 28 13:06:19 kernel: bio: create slab &lt;bio-0&gt; at 0
Jul 28 13:06:19 kernel: SCSI subsystem initialized
Jul 28 13:06:19 kernel: usbcore: registered new interface driver usbfs
Jul 28 13:06:19 kernel: usbcore: registered new interface driver hub
Jul 28 13:06:19 kernel: usbcore: registered new device driver usb
Jul 28 13:06:19 kernel: PCI host bridge to bus 0000:00
Jul 28 13:06:19 kernel: pci_bus 0000:00: root bus resource [mem 0x60000000-0x6fffffff]
Jul 28 13:06:19 kernel: pci_bus 0000:00: root bus resource [io  0x1e160000-0x1e16ffff]
Jul 28 13:06:19 kernel: pci 0000:00:00.0: [0e8d:0801] type 01 class 0x060400
Jul 28 13:06:19 kernel: pci 0000:00:00.0: supports D1
Jul 28 13:06:19 kernel: pci 0000:00:00.0: PME# supported from D0 D1 D3hot
Jul 28 13:06:19 kernel: pci 0000:00:01.0: [0e8d:0801] type 01 class 0x060400
Jul 28 13:06:19 kernel: pci 0000:00:01.0: supports D1
Jul 28 13:06:19 kernel: pci 0000:00:01.0: PME# supported from D0 D1 D3hot
Jul 28 13:06:19 kernel: pci 0000:01:00.0: [14c3:7662] type 00 class 0x028000
Jul 28 13:06:19 kernel: pci 0000:01:00.0: reg 0x10: [mem 0x00000000-0x000fffff 64bit]
Jul 28 13:06:19 kernel: pci 0000:01:00.0: reg 0x30: [mem 0x00000000-0x0000ffff pref]
Jul 28 13:06:19 kernel: pci 0000:01:00.0: PME# supported from D0 D3hot D3cold
Jul 28 13:06:19 kernel: pci 0000:02:00.0: [14c3:7603] type 00 class 0x028000
Jul 28 13:06:19 kernel: pci 0000:02:00.0: reg 0x10: [mem 0x00000000-0x000fffff]
Jul 28 13:06:19 kernel: pci 0000:02:00.0: PME# supported from D0 D3hot D3cold
Jul 28 13:06:19 kernel: pci 0000:00:00.0: BAR 8: assigned [mem 0x60000000-0x600fffff]
Jul 28 13:06:19 kernel: pci 0000:00:00.0: BAR 9: assigned [mem 0x60100000-0x601fffff pref]
Jul 28 13:06:19 kernel: pci 0000:00:01.0: BAR 8: assigned [mem 0x60200000-0x602fffff]
Jul 28 13:06:19 kernel: pci 0000:01:00.0: BAR 0: assigned [mem 0x60000000-0x600fffff 64bit]
Jul 28 13:06:19 kernel: pci 0000:01:00.0: BAR 6: assigned [mem 0x60100000-0x6010ffff pref]
Jul 28 13:06:19 kernel: pci 0000:00:00.0: PCI bridge to [bus 01-01]
Jul 28 13:06:19 kernel: pci 0000:00:00.0:   bridge window [mem 0x60000000-0x600fffff]
Jul 28 13:06:19 kernel: pci 0000:00:00.0:   bridge window [mem 0x60100000-0x601fffff pref]
Jul 28 13:06:19 kernel: pci 0000:02:00.0: BAR 0: assigned [mem 0x60200000-0x602fffff]
Jul 28 13:06:19 kernel: pci 0000:00:01.0: PCI bridge to [bus 02-02]
Jul 28 13:06:19 kernel: pci 0000:00:01.0:   bridge window [mem 0x60200000-0x602fffff]
Jul 28 13:06:19 kernel: Switching to clocksource MIPS
Jul 28 13:06:19 kernel: NET: Registered protocol family 2
Jul 28 13:06:19 kernel: IP route cache hash table entries: 1024 (order: 0, 4096 bytes)
Jul 28 13:06:19 kernel: TCP established hash table entries: 4096 (order: 3, 32768 bytes)
Jul 28 13:06:19 kernel: TCP bind hash table entries: 4096 (order: 3, 32768 bytes)
Jul 28 13:06:19 kernel: TCP: Hash tables configured (established 4096 bind 4096)
Jul 28 13:06:19 kernel: TCP: reno registered
Jul 28 13:06:19 kernel: UDP hash table entries: 128 (order: 0, 4096 bytes)
Jul 28 13:06:19 kernel: NET: Registered protocol family 1
Jul 28 13:06:19 kernel: PCI: CLS 32 bytes, default 32
Jul 28 13:06:19 kernel: 2 CPUs re-calibrate udelay (lpj = 1167360)
Jul 28 13:06:19 kernel: squashfs: version 4.0 (2009/01/31) Phillip Lougher
Jul 28 13:06:19 kernel: msgmni has been set to 246
Jul 28 13:06:19 kernel: io scheduler noop registered (default)
Jul 28 13:06:19 kernel: Serial: 8250/16550 driver, 1 ports, IRQ sharing disabled
Jul 28 13:06:19 kernel: serial8250: ttyS0 at MMIO 0x1e000c00 (irq = 26) is a 16550A
Jul 28 13:06:19 kernel: Ralink GPIO driver initialized. Number of GPIO: 64, GPIO mode: 000405AC
Jul 28 13:06:19 kernel: loop: module loaded
Jul 28 13:06:19 kernel: Ralink SPI flash driver, SPI clock: 25MHz
Jul 28 13:06:19 kernel: SPI flash chip: MX25L12805D (c2 2018c220) (16384 Kbytes)
Jul 28 13:06:19 kernel: Creating 7 MTD partitions on &quot;raspi&quot;:
Jul 28 13:06:19 kernel: 0x000000000000-0x000000030000 : &quot;Bootloader&quot;
Jul 28 13:06:19 kernel: 0x000000030000-0x000000040000 : &quot;Config&quot;
Jul 28 13:06:19 kernel: 0x000000040000-0x000000050000 : &quot;Factory&quot;
Jul 28 13:06:19 kernel: 0x000000050000-0x000000181070 : &quot;Kernel&quot;
Jul 28 13:06:19 kernel: 0x000000181070-0x000000fc0000 : &quot;RootFS&quot;
Jul 28 13:06:19 kernel: 0x000000fc0000-0x000001000000 : &quot;Storage&quot;
Jul 28 13:06:19 kernel: 0x000000050000-0x000000fc0000 : &quot;Firmware_Stub&quot;
Jul 28 13:06:19 kernel: tun: Universal TUN/TAP device driver, 1.6
Jul 28 13:06:19 kernel: tun: (C) 1999-2004 Max Krasnyansky &lt;maxk@qualcomm.com&gt;
Jul 28 13:06:19 kernel: Ralink APSoC Ethernet Driver v3.2.1 (raeth)
Jul 28 13:06:19 kernel: raeth: PDMA RX ring 256, QDMA TX pool 512. Max packet size 1536
Jul 28 13:06:19 kernel: raeth: NAPI support, weight 32
Jul 28 13:06:19 kernel: raeth: Byte Queue Limits (BQL) support
Jul 28 13:06:19 kernel: PPP generic driver version 2.4.2
Jul 28 13:06:19 kernel: PPP MPPE Compression module registered
Jul 28 13:06:19 kernel: NET: Registered protocol family 24
Jul 28 13:06:19 kernel: PPTP driver version 0.8.5
Jul 28 13:06:19 kernel: usbcore: registered new interface driver libusual
Jul 28 13:06:19 kernel: nf_conntrack version 0.5.0 (16384 buckets, 32768 max)
Jul 28 13:06:19 kernel: xt_time: kernel timezone is -0000
Jul 28 13:06:19 kernel: Bridge firewalling registered
Jul 28 13:06:19 kernel: gre: GRE over IPv4 demultiplexor driver
Jul 28 13:06:19 kernel: ip_tables: (C) 2000-2006 Netfilter Core Team
Jul 28 13:06:19 kernel: TCP: cubic registered
Jul 28 13:06:19 kernel: NET: Registered protocol family 10
Jul 28 13:06:19 kernel: ip6_tables: (C) 2000-2006 Netfilter Core Team
Jul 28 13:06:19 kernel: IPv6 over IPv4 tunneling driver
Jul 28 13:06:19 kernel: NET: Registered protocol family 17
Jul 28 13:06:19 kernel: L2TP core driver, V2.0
Jul 28 13:06:19 kernel: PPPoL2TP kernel driver, V2.0
Jul 28 13:06:19 kernel: 8021q: 802.1Q VLAN Support v1.8
Jul 28 13:06:19 kernel: ASUS NVRAM, v0.08. Available space: 61440. Integrity: OK
Jul 28 13:06:19 kernel: VFS: Mounted root (squashfs filesystem) readonly on device 31:4.
Jul 28 13:06:19 kernel: Freeing unused kernel memory: 200k freed
Jul 28 13:06:19 kernel: Algorithmics/MIPS FPU Emulator v1.5
Jul 28 13:06:19 kernel: PCI: Enabling device 0000:02:00.0 (0000 -&gt; 0002)
Jul 28 13:06:19 kernel: MT7603 AP Driver version: 4.0.0.9
Jul 28 13:06:19 kernel: PCI: Enabling device 0000:01:00.0 (0000 -&gt; 0002)
Jul 28 13:06:19 kernel: MT76x2 AP Driver version: 3.0.3.2_rev2
Jul 28 13:06:19 kernel: usbcore: registered new interface driver usblp
Jul 28 13:06:19 kernel: Initializing USB Mass Storage driver...
Jul 28 13:06:19 kernel: usbcore: registered new interface driver usb-storage
Jul 28 13:06:19 kernel: USB Mass Storage support registered.
Jul 28 13:06:19 kernel: U2PHY P0 set SRCTRL calibration value: 3
Jul 28 13:06:19 kernel: U2PHY P1 set SRCTRL calibration value: 3
Jul 28 13:06:19 kernel: xhci-hcd xhci-hcd: xHCI Host Controller
Jul 28 13:06:19 kernel: xhci-hcd xhci-hcd: new USB bus registered, assigned bus number 1
Jul 28 13:06:19 kernel: xhci-hcd xhci-hcd: irq 22, io mem 0x1e1c0000
Jul 28 13:06:19 kernel: usb usb1: New USB device found, idVendor=1d6b, idProduct=0002
Jul 28 13:06:19 kernel: usb usb1: Product: xHCI Host Controller
Jul 28 13:06:19 kernel: usb usb1: Manufacturer: Linux 3.4.108 xhci-hcd
Jul 28 13:06:19 kernel: usb usb1: SerialNumber: xhci-hcd
Jul 28 13:06:19 kernel: xHCI xhci_add_endpoint called for root hub
Jul 28 13:06:19 kernel: xHCI xhci_check_bandwidth called for root hub
Jul 28 13:06:19 kernel: hub 1-0:1.0: USB hub found
Jul 28 13:06:19 kernel: hub 1-0:1.0: 2 ports detected
Jul 28 13:06:19 kernel: xhci-hcd xhci-hcd: xHCI Host Controller
Jul 28 13:06:19 kernel: xhci-hcd xhci-hcd: new USB bus registered, assigned bus number 2
Jul 28 13:06:19 kernel: usb usb2: New USB device found, idVendor=1d6b, idProduct=0003
Jul 28 13:06:19 kernel: usb usb2: Product: xHCI Host Controller
Jul 28 13:06:19 kernel: usb usb2: Manufacturer: Linux 3.4.108 xhci-hcd
Jul 28 13:06:19 kernel: usb usb2: SerialNumber: xhci-hcd
Jul 28 13:06:19 kernel: xHCI xhci_add_endpoint called for root hub
Jul 28 13:06:19 kernel: xHCI xhci_check_bandwidth called for root hub
Jul 28 13:06:19 kernel: hub 2-0:1.0: USB hub found
Jul 28 13:06:19 kernel: hub 2-0:1.0: 1 port detected
Jul 28 13:06:19 kernel: raeth: HW VLAN RX offload enabled
Jul 28 13:06:19 kernel: raeth: HW VLAN TX offload enabled
Jul 28 13:06:19 kernel: raeth: HW IP/TCP/UDP checksum RX/TX offload enabled
Jul 28 13:06:19 kernel: raeth: HW Scatter/Gather TX offload enabled
Jul 28 13:06:19 kernel: raeth: HW TCP segmentation offload (TSO) enabled
Jul 28 13:06:19 kernel: mtk_esw - hw bridge: W|LLLL
Jul 28 13:06:19 kernel: device eth2 entered promiscuous mode
Jul 28 13:06:21 kernel: =====================================================
Jul 28 13:06:21 kernel: Channel 36 : Dirty = 0, False CCA = 1, Busy Time = 0, Skip Channel = FALSE
Jul 28 13:06:21 kernel: Channel 40 : Dirty = 0, False CCA = 33, Busy Time = 0, Skip Channel = FALSE
Jul 28 13:06:21 kernel: Channel 44 : Dirty = 0, False CCA = 0, Busy Time = 0, Skip Channel = FALSE
Jul 28 13:06:21 kernel: Channel 48 : Dirty = 0, False CCA = 0, Busy Time = 0, Skip Channel = FALSE
Jul 28 13:06:21 kernel: =====================================================
Jul 28 13:06:21 kernel: Rule 1 CCA value : Min Dirtiness (Include extension channel) ==&gt; Select Channel 36 
Jul 28 13:06:21 kernel: Min Dirty = 0
Jul 28 13:06:21 kernel: ExChannel = 0 , 0
Jul 28 13:06:21 kernel: BW        = 80
Jul 28 13:06:21 kernel: device rai0 entered promiscuous mode
Jul 28 13:06:22 kernel: mtk_esw: Link Status Changed - Port WAN Link Up
Jul 28 13:06:25 kernel:  ch1 bssid=02:0b:2b:cb:a3:b0
Jul 28 13:06:25 kernel:  ch1 bssid=2c:ab:25:3d:fa:4d
Jul 28 13:06:25 kernel:  ch1 bssid=28:10:7b:ee:59:52
Jul 28 13:06:25 kernel:  ch11 bssid=e8:94:f6:53:d3:34
Jul 28 13:06:25 kernel:  ch13 bssid=c8:60:00:66:d4:e8
Jul 28 13:06:25 kernel: =====================================================
Jul 28 13:06:25 kernel: Channel 1 : Dirty = 210, False CCA = 0, Busy Time = 9805, Skip Channel = FALSE
Jul 28 13:06:25 kernel: Channel 2 : Dirty = 96, False CCA = 0, Busy Time = 10148, Skip Channel = FALSE
Jul 28 13:06:25 kernel: Channel 3 : Dirty = 84, False CCA = 0, Busy Time = 15379, Skip Channel = FALSE
Jul 28 13:06:25 kernel: Channel 4 : Dirty = 72, False CCA = 0, Busy Time = 15624, Skip Channel = FALSE
Jul 28 13:06:25 kernel: Channel 5 : Dirty = 60, False CCA = 0, Busy Time = 31354, Skip Channel = FALSE
Jul 28 13:06:25 kernel: Channel 6 : Dirty = 0, False CCA = 0, Busy Time = 31148, Skip Channel = FALSE
Jul 28 13:06:25 kernel: Channel 7 : Dirty = 20, False CCA = 0, Busy Time = 20935, Skip Channel = FALSE
Jul 28 13:06:25 kernel: Channel 8 : Dirty = 24, False CCA = 0, Busy Time = 43608, Skip Channel = FALSE
Jul 28 13:06:25 kernel: Channel 9 : Dirty = 48, False CCA = 0, Busy Time = 20638, Skip Channel = FALSE
Jul 28 13:06:25 kernel: Channel 10 : Dirty = 56, False CCA = 0, Busy Time = 13084, Skip Channel = FALSE
Jul 28 13:06:25 kernel: Channel 11 : Dirty = 98, False CCA = 0, Busy Time = 10050, Skip Channel = FALSE
Jul 28 13:06:25 kernel: Channel 12 : Dirty = 64, False CCA = 0, Busy Time = 9759, Skip Channel = FALSE
Jul 28 13:06:25 kernel: Channel 13 : Dirty = 98, False CCA = 0, Busy Time = 24838, Skip Channel = FALSE
Jul 28 13:06:25 kernel: =====================================================
Jul 28 13:06:25 kernel: Rule 1 CCA value : Min Dirtiness (Include extension channel) ==&gt; Select Channel 10 
Jul 28 13:06:25 kernel: Min Dirty = 56
Jul 28 13:06:25 kernel: ExChannel = 6 , 0
Jul 28 13:06:25 kernel: BW        = 40
Jul 28 13:06:25 kernel: device ra0 entered promiscuous mode
Jul 28 13:06:26 kernel: br0: port 3(ra0) entered forwarding state
Jul 28 13:06:26 kernel: br0: port 2(rai0) entered forwarding state
Jul 28 13:06:26 kernel: br0: port 1(eth2) entered forwarding state
Jul 28 13:06:26 dnsmasq[432]: started, version 2.73 cachesize 1024
Jul 28 13:06:26 dnsmasq[432]: compile time options: IPv6 GNU-getopt no-RTC no-DBus no-i18n 
no-IDN DHCP DHCPv6 no-scripts TFTP no-conntrack ipset no-auth no-DNSSEC no-loop-detect no-inotify
Jul 28 13:06:26 dnsmasq-dhcp[432]: DHCP, IP range 192.168.1.2 -- 192.168.1.244, lease time 1d
Jul 28 13:06:26 dnsmasq-dhcp[432]: DHCP, sockets bound exclusively to interface br0
Jul 28 13:06:26 dnsmasq[432]: read /etc/hosts - 3 addresses
Jul 28 13:06:26 dnsmasq[432]: read /etc/storage/dnsmasq/hosts - 0 addresses
Jul 28 13:06:26 dnsmasq-dhcp[432]: read /etc/dnsmasq/dhcp/dhcp-hosts.rc
Jul 28 13:06:26 kernel: eth3: ===&gt; VirtualIF_open
Jul 28 13:06:26 kernel: hw_nat: module license 'Proprietary' taints kernel.
Jul 28 13:06:26 kernel: Ralink HW NAT v2.51.8 Module Enabled, FoE Size: 16384
Jul 28 13:06:26 RT-N56U_B1: Hardware NAT/Routing: Enabled, IPoE/PPPoE offload [WAN]&lt;-&gt;[LAN/WLAN]
Jul 28 13:06:26 RT-N56U_B1: Hardware NAT/Routing: IPv4 UDP flow offload - ON
Jul 28 13:06:26 RT-N56U_B1: Hardware NAT/Routing: IPv6 routes offload - OFF
Jul 28 13:06:26 DHCP WAN Client: starting on eth3 ...
Jul 28 13:06:27 DHCP WAN Client: bound (eth3), IP: 93.126.xx.xx, GW: 93.126.xx.xx, lease time: 86400
Jul 28 13:06:27 RT-N56U_B1: WAN up (eth3)
Jul 28 13:06:27 dnsmasq[432]: read /etc/hosts - 3 addresses
Jul 28 13:06:27 dnsmasq[432]: read /etc/storage/dnsmasq/hosts - 0 addresses
Jul 28 13:06:27 dnsmasq-dhcp[432]: read /etc/dnsmasq/dhcp/dhcp-hosts.rc
Jul 28 13:06:27 dnsmasq[432]: using nameserver xx.xx.xx.xx#53
Jul 28 13:06:27 dnsmasq[432]: using nameserver xx.xx.xx.xx#53
Jul 28 13:06:27 httpd[502]: Server listening port 80 (HTTP).
Jul 28 13:06:27 miniupnpd[512]: version 1.9 starting UPnP-IGD ext if eth3 …
Jul 28 13:06:27 miniupnpd[512]: HTTP listening on port 33947
Jul 28 13:06:28 kernel: br0: port 3(ra0) entered forwarding state
Jul 28 13:06:28 kernel: br0: port 2(rai0) entered forwarding state
Jul 28 13:06:28 kernel: br0: port 1(eth2) entered forwarding state
Jul 28 13:06:37 NTP Client: Synchronizing time to pool.ntp.org.
Jul 28 13:06:38 NTP Client: Synchronizing time to pool.ntp.org.
Jul 28 13:07:06 NTP Client: System time changed, offset: 27.256003s
&lt;/pre&gt;&lt;/small&gt;}}
==== [https://github.com/RMerl/asuswrt-merlin/blob/master/release/src/router/rc/sysdeps/init-ralink.c RMerlin's Github] ====
* [https://github.com/RMerl/asuswrt-merlin/blob/master/release/src/router/rc/sysdeps/init-ralink.c init-ralink.c]
* [https://github.com/RMerl/asuswrt-merlin/blob/master/release/src/router/shared/sysdeps/ralink/mt7620.c mt7620.c]

{{SCollapse|config • &gt;&gt; 
|&lt;small&gt;&lt;pre&gt;	#ifdef RTCONFIG_RALINK
	#include &lt;ralink.h&gt;
	#include &lt;flash_mtd.h&gt;
	#endif

		case MODEL_RTN11P:	/* fall through */
		case MODEL_RTN14U:	/* fall through */
		case MODEL_RTN54U:      /* fall through */
		case MODEL_RTAC54U:      /* fall through */
		case MODEL_RTN56UB1:      /* fall through */
		case MODEL_RTAC1200HP:  /* fall through */
		case MODEL_RTAC51U:	/* fall through */
		case MODEL_RTAC52U

============================
 
#if defined(LINUX30) &amp;&amp; !defined(RTN14U) &amp;&amp; !defined(RTAC52U) 
&amp;&amp; !defined(RTAC51U) &amp;&amp; !defined(RTN11P) &amp;&amp; !defined(RTN54U) 
&amp;&amp; !defined(RTAC1200HP) &amp;&amp; !defined(RTN56UV2)
 
		case MODEL_RTN11P:	/* fall through */
		case MODEL_RTN14U:	/* fall through */
		case MODEL_RTN54U:      /* fall through */
		case MODEL_RTN56UV2:      /* fall through */
		case MODEL_RTAC1200HP:  /* fall through */
		case MODEL_RTAC51U:	/* fall through */
		case MODEL_RTAC52U:

============================

#elif defined(RTAC1200HP)
enum {
	WAN_PORT=5,
	LAN1_PORT=0,
	LAN2_PORT=1,
	LAN3_PORT=2,
	LAN4_PORT=3,
	P5_PORT=4,
	CPU_PORT=6,
	P7_PORT=7,
};
#elif defined(RTN56UV2)
enum {
	WAN_PORT=4,
	LAN1_PORT=3,
	LAN2_PORT=2,
	LAN3_PORT=1,
	LAN4_PORT=0,
	P5_PORT=5,
	CPU_PORT=6,
	P7_PORT=7,
};
#define MT7621_GSW
#endif
&lt;/pre&gt;&lt;/small&gt;}}
{{SCollapse|target.mak • &gt;&gt; 
|&lt;small&gt;&lt;pre&gt;
export RT-N56UB1 := IPV6SUPP=y HTTPS=y MIPS32=r2 RALINK=y MT7621=y BBEXTRAS=y USBEXTRAS=y 
EBTABLES=y SAMBA3=y MEDIASRV=y MODEM=y MODEMPIN=y PARENTAL2=y ACCEL_PPTPD=y PRINTER=y 
USB=&quot;USB&quot; APP=&quot;network&quot; AUTODICT=y SHP=y BUILD_NAME=&quot;RT-N56UB1&quot; RTN56UB1=y NTFS=&quot;open&quot; 
ODMPID=y WEBDAV=y CLOUDSYNC=y SWEBDAVCLIENT=y LED_ALL=y NEW_RGDM=y RA_SKU=y VPNC=y 
OPENVPN=y LANWAN_LED=y DUALWAN=y BLINK_LED=y FINDASUS=y REBOOT_SCHEDULE=y \
	BOOT_FLASH_TYPE=SPI  MT7603_INTERNAL_PA_EXTERNAL_LNA=y \
	DRAM=128M  MTK_TW_AUTO_BAND4=y \
	FIRST_IF=MT7603E \
	SECOND_IF=MT7612E \
	JFFS2=y PSISTLOG=y \
	TEMPROOTFS=y RALINK_DFS=y \
	EXTRA_KERNEL_CONFIGS=&quot;MT7621_BAUDRATE=57600 RT2880_DRAM_128M=y UBOOT_CMDLINE=y&quot;
 
export RT-N56UB2 := IPV6SUPP=y HTTPS=y MIPS32=r2 RALINK=y MT7621=y BBEXTRAS=y USBEXTRAS=y 
EBTABLES=y SAMBA3=y MEDIASRV=y MODEM=y MODEMPIN=y PARENTAL2=y ACCEL_PPTPD=y PRINTER=y 
USB=&quot;USB&quot; APP=&quot;network&quot; AUTODICT=y SHP=y BUILD_NAME=&quot;RT-N56UB2&quot; RTN56UB2=y NTFS=&quot;open&quot; 
ODMPID=y WEBDAV=y CLOUDSYNC=y SWEBDAVCLIENT=y LED_ALL=y NEW_RGDM=y RA_SKU=y VPNC=y 
OPENVPN=y LANWAN_LED=y DUALWAN=y BLINK_LED=y FINDASUS=y REBOOT_SCHEDULE=y \
	BOOT_FLASH_TYPE=SPI  MT7603_EXTERNAL_PA_EXTERNAL_LNA=y \
	DRAM=128M  MTK_TW_AUTO_BAND4=y \
	FIRST_IF=MT7603E \
	SECOND_IF=MT7612E \
	JFFS2=y PSISTLOG=y \
	TEMPROOTFS=y \
	EXTRA_KERNEL_CONFIGS=&quot;MT7621_BAUDRATE=57600 RT2880_DRAM_128M=y UBOOT_CMDLINE=y&quot;
&lt;/pre&gt;&lt;/small&gt;}}


&lt;noinclude&gt;[[Category:ASUS]]&lt;/noinclude&gt;</text>
      <sha1>qjypnph1iz2mq976wbfs13vjcw6ma84</sha1>
    </revision>
  </page>