<page>
    <title>ASUS WL-500W/Serial info</title>
    <ns>0</ns>
    <id>45557</id>
    <revision>
      <id>349015</id>
      <timestamp>2024-01-06T16:45:01Z</timestamp>
      <contributor>
        <username>DarkShadow</username>
        <id>3096572</id>
      </contributor>
      <comment>add data</comment>
      <origin>349015</origin>
      <model>wikitext</model>
      <format>text/x-wiki</format>
      <text bytes="8359" sha1="9dwwpijqkmc81cl5qplqy02otybj6ve" xml:space="preserve">{{navbar|:ASUS WL-500W/Serial info|text=Serial info}}
{{SCollapse
| boot log â€¢ &gt;&gt; 
| &lt;pre&gt;
CFE version 1.0.37 for BCM947XX (32bit,SP,LE)
Build Date: ?G  6??13 16:25:32 CST 2006 (root@localhost.localdomain)
Copyright (C) 2000,2001,2002,2003 Broadcom Corporation.

Initializing Arena
Initializing Devices.
et0: Broadcom BCM47xx 10/100 Mbps Ethernet Controller 3.90.23.0
rndis0: Broadcom USB RNDIS Network Adapter (P-t-P)
et1: Broadcom BCM47xx 10/100 Mbps Ethernet Controller 3.90.23.0
CPU type 0x29006: 264MHz
Total memory: 33554432 KBytes

Total memory used by CFE:  0x80800000 - 0x8089B600 (636416)
Initialized Data:          0x80831770 - 0x80833E50 (9952)
BSS Area:                  0x80833E50 - 0x80835600 (6064)
Local Heap:                0x80835600 - 0x80899600 (409600)
Stack Area:                0x80899600 - 0x8089B600 (8192)
Text (code) segment:       0x80800000 - 0x80831770 (202608)
Boot area (physical):      0x0089C000 - 0x008DC000
Relocation Factor:         I:00000000 - D:00000000

Device eth0:  hwaddr 00-18-F3-59-D4-C3, ipaddr 192.168.1.1, mask 255.255.255.0
        gateway not set, nameserver not set
Null Rescue Flag.
Reading :: TFTP Server.
Failed.: Timeout occured
Loader:raw Filesys:raw Dev:flash0.os File: Options:(null)
Loading: .... 1720320 bytes read
Entry at 0x80001000
Closing network.
Starting program at 0x80001000
CPU revision is: 00029006
Primary instruction cache 16kb, linesize 16 bytes (2 ways)
Primary data cache 16kb, linesize 16 bytes (2 ways)
Linux version 2.4.20 (root@localhost.localdomain) (gcc version 3.2.3 with Broadcom modifications) #11 ?@ 8??14 21:01:06 CST 2006
Setting the PFC to its default value
Determined physical RAM map:
 memory: 02000000 @ 00000000 (usable)
On node 0 totalpages: 8192
zone(0): 8192 pages.
zone(1): 0 pages.
zone(2): 0 pages.
Kernel command line: root=/dev/mtdblock2 noinitrd console=ttyS0,115200
CPU: BCM4704 rev 9 at 264 MHz
Calibrating delay loop... 263.78 BogoMIPS
Memory: 30492k/32768k available (1478k kernel code, 2276k reserved, 116k data, 64k init, 0k highmem)
Dentry cache hash table entries: 4096 (order: 3, 32768 bytes)
Inode cache hash table entries: 2048 (order: 2, 16384 bytes)
Mount-cache hash table entries: 512 (order: 0, 4096 bytes)
Buffer-cache hash table entries: 1024 (order: 0, 4096 bytes)
Page-cache hash table entries: 8192 (order: 3, 32768 bytes)
Checking for 'wait' instruction...  unavailable.
POSIX conformance testing by UNIFIX
PCI: Initializing host
PCI: Fixing up bus 0
PCI: Fixing up bridge
PCI: Fixing up bus 1
Linux NET4.0 for Linux 2.4
Based upon Swansea University Computer Society NET3.039
Initializing RT netlink socket
Starting kswapd
devfs: v1.12c (20020818) Richard Gooch (rgooch@atnf.csiro.au)
devfs: boot_options: 0x1
NTFS driver v1.1.22 [Flags: R/O]
pty: 256 Unix98 ptys configured
Serial driver version 5.05c (2001-07-08) with MANY_PORTS SHARE_IRQ SERIAL_PCI enabled
ttyS00 at 0xb8000300 (irq = 3) is a 16550A
ttyS01 at 0xb8000400 (irq = 0) is a 16550A
PPP generic driver version 2.4.2
PPP Deflate Compression module registered
PPP BSD Compression module registered
 Amd/Fujitsu Extended Query Table v1.3 at 0x0040
 MFR: 1 ID 7e
number of CFI chips: 1
Flash device: 0x800000 at 0x1c000000
Physically mapped flash: cramfs filesystem found at block 982
Creating 4 MTD partitions on &quot;Physically mapped flash&quot;:
0x00000000-0x00040000 : &quot;boot&quot;
0x00040000-0x007f0000 : &quot;linux&quot;
0x000f5964-0x007f0000 : &quot;rootfs&quot;
0x007f0000-0x00800000 : &quot;nvram&quot;
sflash: found no supported devices
NET4: Linux TCP/IP 1.0 for NET4.0
IP Protocols: ICMP, UDP, TCP
IP: routing cache hash table of 512 buckets, 4Kbytes
TCP: Hash tables configured (established 2048 bind 4096)
ip_conntrack version 2.1 (256 buckets, 2048 max) - 344 bytes per conntrack
ip_conntrack_pptp version 1.9 loaded
ip_nat_pptp version 1.5 loaded
ip_tables: (C) 2000-2002 Netfilter core team
ipt_time loading
NET4: Unix domain sockets 1.0/SMP for Linux NET4.0.
NET4: Ethernet Bridge 008 for NET4.0
802.1Q VLAN Support v1.7 Ben Greear &lt;greearb@candelatech.com&gt;
All bugs added by David S. Miller &lt;davem@redhat.com&gt;
VFS: Mounted root (cramfs filesystem) readonly.
Mounted devfs on /dev
Freeing unused kernel memory: 64k freed
Algorithmics/MIPS FPU Emulator v1.5
eth0: Broadcom BCM47xx 10/100 Mbps Ethernet Controller 4.80.17.0
eth1: Broadcom BCM47xx 10/100 Mbps Ethernet Controller 4.80.17.0
PCI: Enabling device 01:02.0 (0004 -&gt; 0006)
eth2: Broadcom BCM4329 802.11 Wireless Controller 4.80.17.0
device eth0 entered promiscuous mode
device eth2 entered promiscuous mode
eth3: No such device
eth4: No such device
br0: port 2(eth2) entering listening state
br0: port 1(eth0) entering listening state
br0: port 2(eth2) entering learning state
br0: port 1(eth0) entering learning state
br0: port 2(eth2) entering forwarding state
br0: topology change detected, propagating
br0: port 1(eth0) entering forwarding state
br0: topology change detected, propagating
info, udhcp server (v0.9.8) started
No interface specified. Quitting...
usb.c: registered new driver usbdevfs
usb.c: registered new driver hub
usb-ohci.c: USB OHCI at membase 0xb8003000, IRQ 6
usb-ohci.c: usb-00:03.0, PCI device 14e4:4715
usb.c: new USB bus registered, assigned bus number 1
hub.c: USB hub found
hub.c: 2 ports detected
uhci.c: USB Universal Host Controller Interface driver v1.1
PCI: Enabling device 01:03.0 (0000 -&gt; 0001)
uhci.c: USB UHCI at I/O 0x100, IRQ 12
usb.c: new USB bus registered, assigned bus number 2
hub.c: USB hub found
hub.c: 2 ports detected
PCI: Enabling device 01:03.1 (0000 -&gt; 0001)
uhci.c: USB UHCI at I/O 0x120, IRQ 12
usb.c: new USB bus registered, assigned bus number 3
hub.c: USB hub found
hub.c: 2 ports detected
PCI: Enabling device 01:03.2 (0000 -&gt; 0002)
ehci_hcd 01:03.2: PCI device 1106:3104
ehci_hcd 01:03.2: irq 12, pci mem c0100000
usb.c: new USB bus registered, assigned bus number 4
ECHI PCI device 31041106 found.
ECHI reg 0x49 = 80010f20
ECHI reg 0x49 changed to = 80010f00
ECHI reg 0x4b = 80010f09
ECHI reg 0x4b changed to = 80010f29
PCI: 01:03.2 PCI cache line size set incorrectly (0 bytes) by BIOS/FW, correcting to 32
ehci_hcd 01:03.2: USB 2.0 enabled, EHCI 1.00, driver 2003-Dec-29/2.4
hub.c: USB hub found
hub.c: 4 ports detected
usb.c: registered new driver usblp
printer.c: v0.13: USB Printer Device Class driver
usb.c: registered new driver audio
audio.c: v1.0.0:USB Audio Class driver
Linux video capture interface: v1.00
SCSI subsystem driver Revision: 1.00
Initializing USB Mass Storage driver...
usb.c: registered new driver usb-storage
USB Mass Storage support registered.
No interface specified. Quitting...
PCI devices found:
    Class 0501: PCI device 14e4:0800 (rev 9).
    Class 0200: PCI device 14e4:4713 (rev 9).
    Class 0200: PCI device 14e4:4713 (rev 9).
    Class 0c03: PCI device 14e4:4715 (rev 9).
    Class 0604: PCI device 14e4:0804 (rev 9).
    Class 0b30: PCI device 14e4:0816 (rev 9).
    Class 0703: PCI device 14e4:4712 (rev 9).
    Class 1000: PCI device 14e4:4718 (rev 9).
    Class 0500: PCI device 14e4:080f (rev 9).
    Class 0600: PCI device 14e4:4704 (rev 9).
    Class 0280: PCI device 14e4:4329 (rev 1).
    Class 0c03: PCI device 1106:3038 (rev 97).
    Class 0c03: PCI device 1106:3038 (rev 97).
    Class 0c03: PCI device 1106:3104 (rev 99).
echo for PaN ::: &amp;&amp;&amp;PaN



BusyBox v0.60.0 (2006.08.14-12:43+0000) Built-in shell (msh)
Enter 'help' for a list of built-in commands.

#
# lsmod
Module                  Size  Used by
usb-storage            66464   0 (unused)
sd_mod                 13072   0 (unused)
scsi_mod               69968   1 [usb-storage sd_mod]
videodev                5712   0 (unused)
audio                  49824   0 (unused)
soundcore               5056   0 [audio]
printer                11712   0 (unused)
ehci-hcd               23632   0 (unused)
uhci                   31488   0 (unused)
usb-ohci               21696   0 (unused)
usbcore                77680   0 [usb-storage audio printer ehci-hcd uhci usb-ohci]
nls_utf8                 752   0 (unused)
nls_big5                 416   0 (unused)
nls_cp950              98336   1
wl                    567808   0 (unused)
et                     26576   0 (unused)
ip_nat_ftp              3680   0 (unused)
ip_conntrack_ftp        4944   1
ipt_NETMAP               768   2
ip_nat_starcraft        1984   0 (unused)
#
&lt;/pre&gt;|}}
&lt;noinclude&gt;[[Category:ASUS]]&lt;/noinclude&gt;</text>
      <sha1>9dwwpijqkmc81cl5qplqy02otybj6ve</sha1>
    </revision>
  </page>