<page>
    <title>ASUS RT-N11P/Serial info</title>
    <ns>0</ns>
    <id>26387</id>
    <revision>
      <id>366873</id>
      <parentid>74286</parentid>
      <timestamp>2024-05-22T19:08:19Z</timestamp>
      <contributor>
        <username>DarkShadow</username>
        <id>3096572</id>
      </contributor>
      <comment>/* Boot log (FW by Padavan) */</comment>
      <origin>366873</origin>
      <model>wikitext</model>
      <format>text/x-wiki</format>
      <text bytes="10311" sha1="g7bbd7wl8bukzryx96sskecv5rbdfzh" xml:space="preserve">====Boot log (FW by Padavan)====
{{SCollapse|boot log â€¢ &gt;&gt; 
|&lt;small&gt;&lt;pre&gt;
Jan 10 14:03:39 syslogd started: BusyBox v1.22.1
Jan 10 14:03:39 RT-N11P: bootloader version: RT-N11P-01-00-00-01
Jan 10 14:03:39 RT-N11P: firmware version: 3.4.3.8-088
Jan 10 14:03:39 kernel: klogd started: BusyBox v1.22.1 (2014-12-07 20:51:14 KRAT)
Jan 10 14:03:39 kernel: Linux version 3.4.105 (padavan@hms) 
(gcc version 4.4.7 (GCC) ) #1 Sun Dec 7 20:50:36 KRAT 2014
Jan 10 14:03:39 kernel: Ralink SoC: MT7620N, RevID: 0206, RAM: SDRAM
Jan 10 14:03:39 kernel: CPU/SYS frequency: 600/120 MHz
Jan 10 14:03:39 kernel: CPU revision is: 00019650 (MIPS 24KEc)
Jan 10 14:03:39 kernel: Determined physical RAM map:
Jan 10 14:03:39 kernel: memory: 02000000 @ 00000000 (usable)
Jan 10 14:03:39 kernel: Zone PFN ranges:
Jan 10 14:03:39 kernel: Normal 0x00000000 -&gt; 0x00002000
Jan 10 14:03:39 kernel: Movable zone start PFN for each node
Jan 10 14:03:39 kernel: Early memory PFN ranges
Jan 10 14:03:39 kernel: 0: 0x00000000 -&gt; 0x00002000
Jan 10 14:03:39 kernel: On node 0 totalpages: 8192
Jan 10 14:03:39 kernel: free_area_init_node: node 0, pgdat 80266b20, node_mem_map 81000000
Jan 10 14:03:39 kernel: Normal zone: 64 pages used for memmap
Jan 10 14:03:39 kernel: Normal zone: 0 pages reserved
Jan 10 14:03:39 kernel: Normal zone: 8128 pages, LIFO batch:0
Jan 10 14:03:39 kernel: Primary instruction cache 64kB, VIPT, 4-way, linesize 32 bytes.
Jan 10 14:03:39 kernel: Primary data cache 32kB, 4-way, PIPT, no aliases, linesize 32 bytes
Jan 10 14:03:39 kernel: pcpu-alloc: s0 r0 d32768 u32768 alloc=1*32768
Jan 10 14:03:39 kernel: pcpu-alloc: [0] 0 
Jan 10 14:03:39 kernel: Built 1 zonelists in Zone order, mobility grouping off. Total pages: 8128
Jan 10 14:03:39 kernel: Kernel command line: 
console=ttyS0,115200n8 root=/dev/mtdblock4 rootfstype=squashfs
Jan 10 14:03:39 kernel: PID hash table entries: 128 (order: -3, 512 bytes)
Jan 10 14:03:39 kernel: Dentry cache hash table entries: 4096 (order: 2, 16384 bytes)
Jan 10 14:03:39 kernel: Inode-cache hash table entries: 2048 (order: 1, 8192 bytes)
Jan 10 14:03:39 kernel: Writing ErrCtl register=000137f0
Jan 10 14:03:39 kernel: Readback ErrCtl register=000137f0
Jan 10 14:03:39 kernel: Memory: 29732k/32768k available 
(2135k kernel code, 3036k reserved, 324k data, 156k init, 0k highmem)
Jan 10 14:03:39 kernel: NR_IRQS:64
Jan 10 14:03:39 kernel: console [ttyS0] enabled
Jan 10 14:03:39 kernel: Calibrating delay loop... 397.82 BogoMIPS (lpj=795648)
Jan 10 14:03:39 kernel: pid_max: default: 32768 minimum: 301
Jan 10 14:03:39 kernel: Mount-cache hash table entries: 512
Jan 10 14:03:39 kernel: NET: Registered protocol family 16
Jan 10 14:03:39 kernel: bio: create slab &lt;bio-0&gt; at 0
Jan 10 14:03:39 kernel: Switching to clocksource MIPS
Jan 10 14:03:39 kernel: NET: Registered protocol family 2
Jan 10 14:03:39 kernel: IP route cache hash table entries: 1024 (order: 0, 4096 bytes)
Jan 10 14:03:39 kernel: TCP established hash table entries: 1024 (order: 1, 8192 bytes)
Jan 10 14:03:39 kernel: TCP bind hash table entries: 1024 (order: 0, 4096 bytes)
Jan 10 14:03:39 kernel: TCP: Hash tables configured (established 1024 bind 1024)
Jan 10 14:03:39 kernel: TCP: reno registered
Jan 10 14:03:39 kernel: UDP hash table entries: 256 (order: 0, 4096 bytes)
Jan 10 14:03:39 kernel: NET: Registered protocol family 1
Jan 10 14:03:39 kernel: squashfs: version 4.0 (2009/01/31) Phillip Lougher
Jan 10 14:03:39 kernel: msgmni has been set to 58
Jan 10 14:03:39 kernel: io scheduler noop registered (default)
Jan 10 14:03:39 kernel: Serial: 8250/16550 driver, 1 ports, IRQ sharing disabled
Jan 10 14:03:39 kernel: serial8250: ttyS0 at MMIO 0x10000c00 (irq = 12) is a 16550A
Jan 10 14:03:39 kernel: Ralink GPIO driver initialized. Number of GPIO: 73, GPIO mode: 007A911D
Jan 10 14:03:39 kernel: Ralink SPI flash driver, SPI clock: 30MHz
Jan 10 14:03:39 kernel: MX25L6405D (c2 2017c220) (8192 Kbytes)
Jan 10 14:03:39 kernel: Creating 7 MTD partitions on &quot;raspi&quot;:
Jan 10 14:03:39 kernel: 0x000000000000-0x000000030000 : &quot;Bootloader&quot;
Jan 10 14:03:39 kernel: 0x000000030000-0x000000040000 : &quot;Config&quot;
Jan 10 14:03:39 kernel: 0x000000040000-0x000000050000 : &quot;Factory&quot;
Jan 10 14:03:39 kernel: 0x000000050000-0x00000012fed0 : &quot;Kernel&quot;
Jan 10 14:03:39 kernel: 0x00000012fed0-0x0000007c0000 : &quot;RootFS&quot;
Jan 10 14:03:39 kernel: 0x0000007c0000-0x000000800000 : &quot;Storage&quot;
Jan 10 14:03:39 kernel: 0x000000050000-0x000000800000 : &quot;Firmware_Stub&quot;
Jan 10 14:03:39 kernel: PPP generic driver version 2.4.2
Jan 10 14:03:39 kernel: PPP MPPE Compression module registered
Jan 10 14:03:39 kernel: NET: Registered protocol family 24
Jan 10 14:03:39 kernel: PPTP driver version 0.8.5
Jan 10 14:03:39 kernel: Ralink APSoC Ethernet Driver v3.1.4 (raeth)
Jan 10 14:03:39 kernel: raeth: RX Ring 256, TX Ring 1*256. Max packet size 1536
Jan 10 14:03:39 kernel: raeth: NAPI support, weight 32
Jan 10 14:03:39 kernel: nf_conntrack version 0.5.0 (8192 buckets, 16384 max)
Jan 10 14:03:39 kernel: xt_time: kernel timezone is -0000
Jan 10 14:03:39 kernel: gre: GRE over IPv4 demultiplexor driver
Jan 10 14:03:39 kernel: ip_tables: (C) 2000-2006 Netfilter Core Team
Jan 10 14:03:39 kernel: TCP: cubic registered
Jan 10 14:03:39 kernel: NET: Registered protocol family 17
Jan 10 14:03:39 kernel: Bridge firewalling registered
Jan 10 14:03:39 kernel: L2TP core driver, V2.0
Jan 10 14:03:39 kernel: PPPoL2TP kernel driver, V2.0
Jan 10 14:03:39 kernel: 8021q: 802.1Q VLAN Support v1.8
Jan 10 14:03:39 kernel: ASUS NVRAM, v0.07. Available space: 61440. Integrity: OK
Jan 10 14:03:39 kernel: VFS: Mounted root (squashfs filesystem) readonly on device 31:4.
Jan 10 14:03:39 kernel: Freeing unused kernel memory: 156k freed
Jan 10 14:03:39 kernel: Algorithmics/MIPS FPU Emulator v1.5
Jan 10 14:03:39 kernel: rt2860v2_ap: module license 'Proprietary' taints kernel.
Jan 10 14:03:39 kernel: APSoC AP Driver version: 2.7.2.0
Jan 10 14:03:39 kernel: mtk_esw - hw bridge: W|LLLL
Jan 10 14:03:39 kernel: raeth: HW VLAN TX offload enabled
Jan 10 14:03:39 kernel: raeth: HW IP/TCP/UDP checksum RX/TX offload enabled
Jan 10 14:03:39 kernel: raeth: HW Scatter/Gather TX offload enabled
Jan 10 14:03:39 kernel: device eth2.1 entered promiscuous mode
Jan 10 14:03:39 kernel: device eth2 entered promiscuous mode
Jan 10 14:03:41 kernel: mtk_esw: Link Status Changed - Port WAN Link Up
Jan 10 14:03:43 kernel: ch1 bssid=40:16:7e:xx:xx:xx
Jan 10 14:03:43 kernel: ch6 bssid=ac:f1 f:xx:xx:xx
Jan 10 14:03:43 kernel: ch6 bssid=34:e0:cf:xx:xx:xx
Jan 10 14:03:43 kernel: ch11 bssid=d8:6c:e9:xx:xx:xx
Jan 10 14:03:43 kernel: ch11 bssid=00:1f:ce:xx:xx:xx
Jan 10 14:03:43 kernel: =====================================================
Jan 10 14:03:43 kernel: Channel 1 : Dirty = 70, False CCA = 2, Busy Time = 0, Skip Channel = FALSE
Jan 10 14:03:43 kernel: Channel 2 : Dirty = 72, False CCA = 6, Busy Time = 0, Skip Channel = FALSE
Jan 10 14:03:43 kernel: Channel 3 : Dirty = 76, False CCA = 2, Busy Time = 0, Skip Channel = FALSE
Jan 10 14:03:43 kernel: Channel 4 : Dirty = 80, False CCA = 11, Busy Time = 0, Skip Channel = FALSE
Jan 10 14:03:43 kernel: Channel 5 : Dirty = 84, False CCA = 16, Busy Time = 0, Skip Channel = FALSE
Jan 10 14:03:43 kernel: Channel 6 : Dirty = 140, False CCA = 119, Busy Time = 0, Skip Channel = FALSE
Jan 10 14:03:43 kernel: Channel 7 : Dirty = 104, False CCA = 17, Busy Time = 0, Skip Channel = FALSE
Jan 10 14:03:43 kernel: Channel 8 : Dirty = 104, False CCA = 565, Busy Time = 0, Skip Channel = FALSE
Jan 10 14:03:43 kernel: Channel 9 : Dirty = 104, False CCA = 23, Busy Time = 0, Skip Channel = FALSE
Jan 10 14:03:43 kernel: Channel 10 : Dirty = 104, False CCA = 30, Busy Time = 0, Skip Channel = FALSE
Jan 10 14:03:43 kernel: Channel 11 : Dirty = 140, False CCA = 9, Busy Time = 0, Skip Channel = FALSE
Jan 10 14:03:43 kernel: Channel 12 : Dirty = 64, False CCA = 10, Busy Time = 0, Skip Channel = FALSE
Jan 10 14:03:43 kernel: Channel 13 : Dirty = 56, False CCA = 3, Busy Time = 0, Skip Channel = FALSE
Jan 10 14:03:43 kernel: =====================================================
Jan 10 14:03:43 kernel: Rule 1 CCA value: Min Dirtiness =&gt; Select Channel 13 
Jan 10 14:03:43 kernel: Min Dirty = 56
Jan 10 14:03:43 kernel: ExChannel = 9 , 0
Jan 10 14:03:43 kernel: BW = 40
Jan 10 14:03:43 kernel: device ra0 entered promiscuous mode
Jan 10 14:03:44 kernel: br0: port 2(ra0) entered forwarding state
Jan 10 14:03:44 kernel: br0: port 1(eth2.1) entered forwarding state
Jan 10 14:03:45 dnsmasq[151]: started, version 2.72 cachesize 256
Jan 10 14:03:45 dnsmasq[151]: compile time options: no-IPv6 GNU-getopt no-RTC no-DBus no-i18n 
no-IDN DHCP no-DHCPv6 no-scripts no-TFTP no-conntrack no-ipset no-auth no-DNSSEC no-loop-detect
Jan 10 14:03:45 dnsmasq-dhcp[151]: DHCP, IP range 192.168.1.2 -- 192.168.1.244, lease time 1d
Jan 10 14:03:45 dnsmasq-dhcp[151]: DHCP, sockets bound exclusively to interface br0
Jan 10 14:03:45 dnsmasq[151]: read /etc/hosts - 3 addresses
Jan 10 14:03:45 dnsmasq[151]: read /etc/storage/dnsmasq/hosts - 0 addresses
Jan 10 14:03:45 kernel: Ralink HW NAT v2.51.2 Module Enabled, FoE Size: 8192
Jan 10 14:03:45 RT-N11P: Hardware NAT/Routing: Enabled, IPoE/PPPoE offload [WAN]&lt;-&gt;[LAN/WLAN]
Jan 10 14:03:45 RT-N11P: Hardware NAT/Routing: IPv4 UDP flow offload - ON
Jan 10 14:03:45 DHCP MAN Client: starting on eth2.2 ...
Jan 10 14:03:45 DHCP MAN Client: bound (eth2.2), IP: 10.51.160.xx, GW: 10.51.160.1, lease time: 182278
Jan 10 14:03:45 RT-N11P: MAN up (eth2.2)
Jan 10 14:03:45 dnsmasq[151]: read /etc/hosts - 3 addresses
Jan 10 14:03:45 dnsmasq[151]: read /etc/storage/dnsmasq/hosts - 0 addresses
Jan 10 14:03:45 dnsmasq[151]: using nameserver 213.234.192.8#53
Jan 10 14:03:45 dnsmasq[151]: using nameserver 85.21.192.3#53
Jan 10 14:03:46 kernel: br0: port 2(ra0) entered forwarding state
Jan 10 14:03:46 kernel: br0: port 1(eth2.1) entered forwarding state
Jan 10 14:03:47 xl2tpd[201]: Using l2tp kernel support.
Jan 10 14:03:47 xl2tpd[202]: xl2tpd version xl2tpd-1.3.6 started on RT-N11P PID:202
Jan 10 14:03:47 xl2tpd[202]: Connecting to host tp.internet.beeline.ru, port 1701
Jan 10 14:03:47 xl2tpd[202]: Connection established to 89.179.76.xx, 1701. Local: 65530, Remote: 4540 (ref=0/0).
Jan 10 14:03:47 xl2tpd[202]: Calling on tunnel 65530
&lt;/pre&gt;&lt;/small&gt;}}

&lt;noinclude&gt;[[Category:ASUS]]&lt;/noinclude&gt;</text>
      <sha1>g7bbd7wl8bukzryx96sskecv5rbdfzh</sha1>
    </revision>
  </page>