<page>
    <title>Belkin F9K1102 v3/Serial info</title>
    <ns>0</ns>
    <id>27190</id>
    <revision>
      <id>77230</id>
      <parentid>77229</parentid>
      <timestamp>2020-05-25T21:32:36Z</timestamp>
      <contributor>
        <username>DarkShadow</username>
        <id>3096572</id>
      </contributor>
      <comment>fixed</comment>
      <origin>77230</origin>
      <model>wikitext</model>
      <format>text/x-wiki</format>
      <text bytes="18230" sha1="5ur3oi9ggo3gquw7chq6d0a4fgzfc9p" xml:space="preserve">{{SCollapse|boot log
|&lt;pre&gt;
Decompressing...done
Init Arena
Init Devs.
Boot partition size = 131072(0x20000)
Found a 8MB ST compatible serial flash
et0: Broadcom BCM47XX 10/100/1000 Mbps 
Ethernet Controller 5.70.55.34 @VERSION_TYPE@
CPU type 0x19749: 530MHz
Tot mem: 65536 KBytes

CFE mem:    0x80700000 - 0x807A1590 (660880)
Data:       0x807370C0 - 0x8073A300 (12864)
BSS:        0x8073A300 - 0x8073B590 (4752)
Heap:       0x8073B590 - 0x8079F590 (409600)
Stack:      0x8079F590 - 0x807A1590 (8192)
Text:       0x80700000 - 0x807370BC (225468)

Copying boot params.....
DONE

Bootloader version v0.12 boot_version v0.12
Project name : WG8016G22-AK
Press space bar to cancel startup...
Device eth0:  hwaddr EC-1A-59-46-27-B2, 
ipaddr 192.168.2.1, mask 255.255.255.0
gateway not set, nameserver not set
.... 4454076 bytes read
Entry at 0x80001000
Closing network.
Starting program at 0x80001000
Linux version 2.6.22-gcebacd5b-dirty (rick@SWI-91) 
(gcc version 4.1.2) #25 Mon Mar 17 17:42:49 CST 2014
CPU revision is: 00019749
Found a 8MB ST compatible serial flash
wombo_reset set to gpio 22
Determined physical RAM map:
 memory: 04000000 @ 00000000 (usable)
Built 1 zonelists.  Total pages: 16256
Kernel command line: root=/dev/mtdblock2 console=ttyS0,115200 init=/sbin/preinit
Primary instruction cache 32kB, physically tagged, 4-way, linesize 32 bytes.
Primary data cache 32kB, 4-way, linesize 32 bytes.
Synthesized TLB refill handler (20 instructions).
Synthesized TLB load handler fastpath (32 instructions).
Synthesized TLB store handler fastpath (32 instructions).
Synthesized TLB modify handler fastpath (31 instructions).
PID hash table entries: 256 (order: 8, 1024 bytes)
CPU: BCM5357 rev 2 at 530 MHz
Using 265.000 MHz high precision timer.
Dentry cache hash table entries: 8192 (order: 3, 32768 bytes)
Inode-cache hash table entries: 4096 (order: 2, 16384 bytes)
Memory: 60104k/65536k available (2988k kernel code, 
5376k reserved, 1183k data, 176k init, 0k highmem)
Mount-cache hash table entries: 512
NET: Registered protocol family 16
SCSI subsystem initialized
usbcore: registered new interface driver usbfs
usbcore: registered new interface driver hub
usbcore: registered new device driver usb
PCI: no core
PCI: Fixing up bus 0
Time: MIPS clocksource has been installed.
NET: Registered protocol family 2
IP route cache hash table entries: 1024 (order: 0, 4096 bytes)
TCP established hash table entries: 2048 (order: 2, 16384 bytes)
TCP bind hash table entries: 2048 (order: 1, 8192 bytes)
TCP: Hash tables configured (established 2048 bind 2048)
TCP reno registered
gpio_init 156
VFS: Disk quotas dquot_6.5.1
Dquot-cache hash table entries: 1024 (order 0, 4096 bytes)
squashfs: version 3.2-r2 (2007/01/15) Phillip Lougher
fuse init (API version 7.8)
io scheduler noop registered (default)
HDLC line discipline: version $Revision: 1.1.1.1 $, maxframe=4096
N_HDLC line discipline registered.
Serial: 8250/16550 driver $Revision: 1.1.1.1 $ 4 ports, IRQ sharing disabled
serial8250: ttyS0 at MMIO 0x0 (irq = 8) is a 16550A
loop: module loaded
PPP generic driver version 2.4.2
PPP Deflate Compression module registered
PPP BSD Compression module registered
PPP MPPE Compression module registered
NET: Registered protocol family 24
PPPoL2TP kernel driver, V0.17
pflash: found no supported devices
sflash: squash filesystem with lzma found at block 1806
Creating 4 MTD partitions on &quot;sflash&quot;:
0x00000000-0x00030000 : &quot;boot&quot;
0x00030000-0x007f0000 : &quot;linux&quot;
0x001c3a24-0x007f0000 : &quot;rootfs&quot;
0x007f0000-0x00800000 : &quot;nvram&quot;
usbmon: debugfs is not available
GACT probability on
Mirror/redirect action on
u32 classifier
    input device check on 
    Actions configured 
Netfilter messages via NETLINK v0.30.
nf_conntrack version 0.5.0 (512 buckets, 4096 max)
ctnetlink v0.93: registering with nfnetlink.
BCM fast NAT: INIT
ip_tables: (C) 2000-2006 Netfilter Core Team
ClusterIP Version 0.8 loaded successfully
arp_tables: (C) 2002 David S. Miller
TCP cubic registered
NET: Registered protocol family 1
NET: Registered protocol family 17
Ebtables v2.0 registered
802.1Q VLAN Support v1.8 Ben Greear &lt;greearb@candelatech.com&gt;
All bugs added by David S. Miller &lt;davem@redhat.com&gt;
VFS: Mounted root (squashfs filesystem) readonly.
Freeing unused kernel memory: 176k freed
Warning: unable to open an initial console.
Failed to execute /init
Algorithmics/MIPS FPU Emulator v1.5
[sighandler]: No more events to be processed, quitting.
[cleanup]: Waiting for children.
[cleanup]: All children terminated.
insmod: emf.ko: no module by that name found
insmod: igs.ko: no module by that name found
insmod: bcm57xx.ko: no module by that name found
insmod: usbcore.ko: no module by that name found
wl1 is up in 0 sec
Hit enter to continue...chkWl:843 ----check eth2
vlan2: Operation not supported
eth1: Operation not supported
eth1: Operation not supported
eth1: Invalid argument
wlconf: PHYTYPE: 4
eth1: Invalid argument
eth1: Invalid argument
eth1: Operation not supported
eth1: Invalid argument
eth1: Invalid argument
???Hit enter to continue...updatePIC:2831 4--0:0 
Portrd: Add iptable command:
iptables -t nat -A POSTROUTING -s 192.168.2.0/24 -o vlan1 -j MASQUERADE
iptables -t nat -A POSTROUTING -s 192.168.169.0/24 -o vlan1 -j MASQUERADE
Hit enter to continue...iptables: Bad rule 
(does a matching rule exist in that chain?)
rm: cannot remove '/tmp/pic_block.list': No such file or directory
start_townkyServer(878): DLNA status=1
initial_DLNA_iniFile(849): cp /usr/local/twonky/twonkyserver-default.ini 
/tmp/twonkyDB/twonkyserver.ini
initial_DLNA_iniFile(856): cd /tmp/twonkyDB; 
cat twonkyserver.ini | grep -v &quot;friendlyname&quot; &gt; tmpServer
initial_DLNA_iniFile(861): cd /tmp/twonkyDB; echo &quot;friendlyname=belkin.7b2_MediaServer&quot; &gt;&gt; tmpServer
initial_DLNA_iniFile(866): cd /tmp/twonkyDB; 
rm -f twonkyserver.ini; cp tmpServer twonkyserver.ini;
start_townkyServer(892): start up the twonkyserver..
Daemonizing...
&lt;/pre&gt;}}

{{SCollapse|wl revinfo
|&lt;pre&gt;
# wl -i eth1 revinfo
vendorid 0x14e4
deviceid 0x4329
radiorev 0x52057000
chipnum 0x5357
chiprev 0x2
chippackage 0x8
corerev 0x1c
boardid 0x550
boardvendor 0x14e4
boardrev P200
driverrev 0x5463722
ucoderev 0x256013e
bus 0x0
phytype 0x4
phyrev 0x9
anarev 0x0
# wl -i eth2 revinfo
vendorid 0x14e4
deviceid 0x4346
radiorev 0x72057000
chipnum 0xa8e4
chiprev 0x3
chippackage 0x4
corerev 0x18
boardid 0x521
boardvendor 0x14e4
boardrev P113
driverrev 0x5463722
ucoderev 0x256013e
bus 0x0
phytype 0x4
phyrev 0x9
anarev 0x0
&lt;/pre&gt;}}

===cat /proc/mtd===
&lt;pre&gt;
# cat /proc/mtd
dev:    size   erasesize  name
mtd0: 00030000 00010000 &quot;boot&quot;
mtd1: 007c0000 00010000 &quot;linux&quot;
mtd2: 0062c5dc 00010000 &quot;rootfs&quot;
mtd3: 00010000 00010000 &quot;nvram&quot;
&lt;/pre&gt;

===cat /proc/cpuinfo===
&lt;pre&gt;
# cat /proc/cpuinfo
system type		: Broadcom BCM5357 chip rev 2
processor		: 0
cpu model		: MIPS 74K V4.9
BogoMIPS		: 264.60
wait instruction	: no
microsecond timers	: yes
tlb_entries		: 64
extra interrupt vector	: no
hardware watchpoint	: yes
ASEs implemented	: mips16 dsp
VCED exceptions		: not available
VCEI exceptions		: not available

unaligned_instructions	: 541
dcache hits		: 2147483648
dcache misses		: 201129644
icache hits		: 2147483648
icache misses		: 4239510487
instructions		: 2147483648
&lt;/pre&gt;

===lsmod===
&lt;pre&gt;
# lsmod
Module                  Size  Used by    Tainted: PF 
usb_storage            45296  0 
jcp                    18928  0 
sxuptp_driver           6176  0 
sxuptp_usbmode          4368  0 
ohci_hcd               26384  0 
sxuptp                 42336  3 jcp,sxuptp_driver,sxuptp_usbmode
sxuptp_wq               1712  1 sxuptp
wl_high              1148144  0 
ehci_hcd               46496  0 
wl                   1780800  0 
et                     59328  0 
ctf                    15712  0 
&lt;/pre&gt;

{{SCollapse|netstat -l
|&lt;pre&gt;
# netstat -l
Active Internet connections (only servers)
Proto Recv-Q Send-Q Local Address           Foreign Address         State
tcp        0      0 router.Belkin:9090      0.0.0.0:*               LISTEN      
tcp        0      0 192.168.169.1:9000      0.0.0.0:*               LISTEN      
tcp        0      0 router.Belkin:9000      0.0.0.0:*               LISTEN      
tcp        0      0 localhost.localdomain:9000 0.0.0.0:*              LISTEN      
tcp        0      0 0.0.0.0:139             0.0.0.0:*               LISTEN      
tcp        0      0 192.168.169.1:8080      0.0.0.0:*               LISTEN      
tcp        0      0 0.0.0.0:80              0.0.0.0:*               LISTEN      
tcp        0      0 0.0.0.0:51890           0.0.0.0:*               LISTEN      
tcp        0      0 192.168.169.1:1780      0.0.0.0:*               LISTEN      
tcp        0      0 router.Belkin:1780      0.0.0.0:*               LISTEN      
tcp        0      0 0.0.0.0:53              0.0.0.0:*               LISTEN      
tcp        0      0 0.0.0.0:445             0.0.0.0:*               LISTEN      
netstat: no support for 'AF INET6 (tcp)' on this system
udp        0      0 0.0.0.0:32769           0.0.0.0:*                           
udp        0      0 192.168.169.1:1030      0.0.0.0:*                           
udp        0      0 router.Belkin:1030      0.0.0.0:*                           
udp        0      0 0.0.0.0:37000           0.0.0.0:*                           
udp        0      0 0.0.0.0:137             0.0.0.0:*                           
udp        0      0 0.0.0.0:137             0.0.0.0:*                           
udp        0      0 0.0.0.0:137             0.0.0.0:*                           
udp        0      0 0.0.0.0:137             0.0.0.0:*                           
udp        0      0 0.0.0.0:138             0.0.0.0:*                           
udp        0      0 0.0.0.0:138             0.0.0.0:*                           
udp        0      0 localhost.localdomain:38032 0.0.0.0:*                           
udp        0      0 localhost.localdomain:40100 0.0.0.0:*                           
udp        0      0 localhost.localdomain:40101 0.0.0.0:*                           
udp        0      0 localhost.localdomain:40500 0.0.0.0:*                           
udp        0      0 0.0.0.0:53              0.0.0.0:*                           
udp        0      0 localhost.localdomain:40000 0.0.0.0:*                           
udp        0      0 localhost.localdomain:40001 0.0.0.0:*                           
udp        0      0 0.0.0.0:67              0.0.0.0:*                           
udp        0      0 0.0.0.0:67              0.0.0.0:*                           
udp        0      0 0.0.0.0:67              0.0.0.0:*                           
udp        0      0 localhost.localdomain:37064 0.0.0.0:*                           
udp        0      0 0.0.0.0:49235           0.0.0.0:*                           
udp        0      0 0.0.0.0:19540           0.0.0.0:*                           
udp        0      0 0.0.0.0:19541           0.0.0.0:*                           
udp        0      0 0.0.0.0:39000           0.0.0.0:*                           
udp        0      0 localhost.localdomain:40040 0.0.0.0:*                           
udp        0      0 0.0.0.0:5353            0.0.0.0:*                           
udp        0      0 0.0.0.0:5353            0.0.0.0:*                           
udp        0      0 224.0.0.251:5353        0.0.0.0:*                           
udp        0      0 localhost.localdomain:40041 0.0.0.0:*                           
udp        0      0 239.255.255.250:1900    0.0.0.0:*                           
udp        0      0 192.168.169.1:1900      0.0.0.0:*                           
udp        0      0 239.255.255.250:1900    0.0.0.0:*                           
udp        0      0 router.Belkin:1900      0.0.0.0:*                           
udp        0      0 239.255.255.250:1900    0.0.0.0:*                           
udp        0      0 0.0.0.0:1900            0.0.0.0:*                           
udp        0      0 0.0.0.0:38000           0.0.0.0:*                           
udp        0      0 239.255.255.250:3702    0.0.0.0:*                           
netstat: no support for 'AF INET6 (udp)' on this system
raw        0      0 0.0.0.0:2               0.0.0.0:*               7           
netstat: no support for 'AF INET6 (raw)' on this system
Active UNIX domain sockets (only servers)
Proto RefCnt Flags       Type       State         I-Node Path
&lt;/pre&gt;}}

{{SCollapse|ps w
|&lt;pre&gt;
# ps w
  PID  Uid        VSZ Stat Command
    1 0          3748 S   /sbin/preinit 
    2 0               SW&lt; [kthreadd]
    3 0               SWN [ksoftirqd/0]
    4 0               SW&lt; [events/0]
    5 0               SW&lt; [khelper]
   31 0               SW&lt; [kblockd/0]
   32 0               SW&lt; [ksuspend_usbd]
   35 0               SW&lt; [khubd]
   59 0               SW  [pdflush]
   60 0               SW  [pdflush]
   61 0               SW&lt; [kswapd0]
   62 0               SW&lt; [aio/0]
   87 0               SW&lt; [mtdblockd]
  347 0          4060 S   httpd 
  351 0          1400 S   minhttpd /tmp/land_httpd.pro 
  356 0          2792 S   upnp -D -W vlan1 
  383 0          1984 S   /usr/sbin/dnsmasq -n -i br0 -i br1 -r /tmp/resolv.conf 
  385 0          1808 S   /bin/eapd 
  388 0          2304 S   nas 
  392 0          3064 S   /bin/wps_monitor 
  394 0          2408 S   /usr/sbin/ledd 
  410 0          1432 S   igmp vlan1 
  413 0          1872 S   lld2d br0 
  423 0               SW&lt; [sxuptp-wq]
  426 0               SW  [sxuptp-ka]
  442 0               SW  [jcpcore]
  456 0          2752 S   /usr/sbin/portrd 
  458 0          2720 S   /usr/sbin/usb_wlc_status 
  460 0          3740 S   /sbin/guestchk 
  462 0          1796 S   sxhotplugd -f /tmp/sxnasplus/sxhotplugd.conf -l 4 -D 
  463 0          1796 S   sxhotplugd -f /tmp/sxnasplus/sxhotplugd.conf -l 4 -D 
  471 0          1796 S   sxhotplugd -f /tmp/sxnasplus/sxhotplugd.conf -l 4 -D 
  474 0          1588 S   /sbin/sxnas-fssd -f /tmp/sxnasplus/sxnas.conf 
  476 0          1400 S   minhttpd /tmp/guest_httpd.pro 
  478 0          2404 S   reset_button 
  482 0          1944 S   /sbin/sxnas-nsd -f /tmp/sxnasplus/sxnas.conf -i br0 -D 
  483 0          1944 S   /sbin/sxnas-nsd -f /tmp/sxnasplus/sxnas.conf -i br0 -D 
  485 0          1944 S   /sbin/sxnas-nsd -f /tmp/sxnasplus/sxnas.conf -i br0 -D 
  490 0          1548 S   /sbin/jcpd -i br0 
  496 0          1944 S   /sbin/sxnas-nsd -f /tmp/sxnasplus/sxnas.conf -i br0 -D 
  497 0          1944 S   /sbin/sxnas-nsd -f /tmp/sxnasplus/sxnas.conf -i br0 -D 
  498 0          1944 S   /sbin/sxnas-nsd -f /tmp/sxnasplus/sxnas.conf -i br0 -D 
  499 0          1944 S   /sbin/sxnas-nsd -f /tmp/sxnasplus/sxnas.conf -i br0 -D 
  508 0          2184 S   udhcpd /tmp/udhcpd0.conf 
  517 0          2184 S   udhcpd /tmp/udhcpd1.conf 
  529 0          3656 S   devidentd -d -i br0 -f /etc/devidentd.conf 
  542 0          2164 S   udhcpc -i vlan1 -p /var/run/udhcpc0.pid -s /tmp/udhcpc 
  634 0          2424 S   /usr/sbin/wanstatus 
  636 0          3732 S   /sbin/acscher 
  641 0          2068 S   /sbin/ulogd -d 
  793 0          1436 S   /usr/local/twonky/twonkystarter -D -appdata /tmp/twonkyDB 
  794 0          6840 S   /usr/local/twonky/twonkyserver -D -appdata /tmp/twonkyDB 
  807 0          6840 S   /usr/local/twonky/twonkyserver -D -appdata /tmp/twonkyDB 
  808 0          6840 S   /usr/local/twonky/twonkyserver -D -appdata /tmp/twonkyDB 
  989 0          6840 S   /usr/local/twonky/twonkyserver -D -appdata /tmp/twonkyDB 
  990 0          6840 S   /usr/local/twonky/twonkyserver -D -appdata /tmp/twonkyDB 
  991 0          6840 S   /usr/local/twonky/twonkyserver -D -appdata /tmp/twonkyDB 
  992 0          6840 S   /usr/local/twonky/twonkyserver -D -appdata /tmp/twonkyDB 
  993 0          6840 S   /usr/local/twonky/twonkyserver -D -appdata /tmp/twonkyDB 
  998 0          6840 S   /usr/local/twonky/twonkyserver -D -appdata /tmp/twonkyDB 
  999 0          6840 S   /usr/local/twonky/twonkyserver -D -appdata /tmp/twonkyDB 
 1002 0          6840 S   /usr/local/twonky/twonkyserver -D -appdata /tmp/twonkyDB 
 1003 0          6840 S   /usr/local/twonky/twonkyserver -D -appdata /tmp/twonkyDB 
 1009 0          6840 S   /usr/local/twonky/twonkyserver -D -appdata /tmp/twonkyDB 
 1014 0          6840 S   /usr/local/twonky/twonkyserver -D -appdata /tmp/twonkyDB 
 1015 0          6840 R   /usr/local/twonky/twonkyserver -D -appdata /tmp/twonkyDB 
 1016 0          6840 S   /usr/local/twonky/twonkyserver -D -appdata /tmp/twonkyDB 
 1017 0          6840 S   /usr/local/twonky/twonkyserver -D -appdata /tmp/twonkyDB 
 1018 0          6840 S   /usr/local/twonky/twonkyserver -D -appdata /tmp/twonkyDB 
 1019 0          6840 S   /usr/local/twonky/twonkyserver -D -appdata /tmp/twonkyDB 
 1020 0          6840 S   /usr/local/twonky/twonkyserver -D -appdata /tmp/twonkyDB 
 1021 0          6840 S   /usr/local/twonky/twonkyserver -D -appdata /tmp/twonkyDB 
 1022 0          6840 S   /usr/local/twonky/twonkyserver -D -appdata /tmp/twonkyDB 
 1023 0          6840 S   /usr/local/twonky/twonkyserver -D -appdata /tmp/twonkyDB 
 1030 0          6840 S   /usr/local/twonky/twonkyserver -D -appdata /tmp/twonkyDB 
 1031 0          6840 S   /usr/local/twonky/twonkyserver -D -appdata /tmp/twonkyDB 
 1032 0          6840 S   /usr/local/twonky/twonkyserver -D -appdata /tmp/twonkyDB 
 1033 0          6840 S   /usr/local/twonky/twonkyserver -D -appdata /tmp/twonkyDB 
 1034 0          6840 S   /usr/local/twonky/twonkyserver -D -appdata /tmp/twonkyDB 
 1035 0          6840 S   /usr/local/twonky/twonkyserver -D -appdata /tmp/twonkyDB 
 1038 0          6840 S   /usr/local/twonky/twonkyserver -D -appdata /tmp/twonkyDB 
 1041 0          6840 S   /usr/local/twonky/twonkyserver -D -appdata /tmp/twonkyDB 
 1052 0          6840 S   /usr/local/twonky/twonkyserver -D -appdata /tmp/twonkyDB 
 1102 0          6840 S   /usr/local/twonky/twonkyserver -D -appdata /tmp/twonkyDB 
 1226 0          6840 S   /usr/local/twonky/twonkyserver -D -appdata /tmp/twonkyDB 
 1227 0          6840 S   /usr/local/twonky/twonkyserver -D -appdata /tmp/twonkyDB 
 1444 0          1852 S   /bin/sh 
 1848 0          1848 R   ps w 
&lt;/pre&gt;}}

===nvram dump===
* [[Belkin F9K1102 v3/Serial info/nvram]]
* [[Belkin F9K1102 v3/Serial info/nvram/tomato]]</text>
      <sha1>5ur3oi9ggo3gquw7chq6d0a4fgzfc9p</sha1>
    </revision>
  </page>