<page>
    <title>Belkin F5D8235-4 v3/Serial info</title>
    <ns>0</ns>
    <id>44813</id>
    <revision>
      <id>347017</id>
      <parentid>347016</parentid>
      <timestamp>2023-11-30T20:21:55Z</timestamp>
      <contributor>
        <username>DarkShadow</username>
        <id>3096572</id>
      </contributor>
      <comment>add data</comment>
      <origin>347017</origin>
      <model>wikitext</model>
      <format>text/x-wiki</format>
      <text bytes="34547" sha1="nvx7593656nyowd3cffmerouzr6p91q" xml:space="preserve">{{navbar|:Belkin F5D8235-4 v3/Serial info|text=Serial info}}
{{SCollapse
| # dmesg • &gt;&gt; 
| &lt;pre&gt;
Linux version 2.6.22 (lichen@fedora10) (gcc version 4.1.2) #1 Fri Nov 6 11:11:05 CST 2009
CPU revision is: 00019740
Found chip type AI (0x19a14716)
Chipc: rev 31, caps 0x184807c9, chipst 0x9800 pmurev 5, pmucaps 0x11242c05
No PLL init done for chip 4716 rev 1 pmurev 5
si_kattach done. ccrev = 31, wd_msticks = 32
Determined physical RAM map:
 memory: 02000000 @ 00000000 (usable)
On node 0 totalpages: 8192
  Normal zone: 64 pages used for memmap
  Normal zone: 0 pages reserved
  Normal zone: 8128 pages, LIFO batch:0
Built 1 zonelists.  Total pages: 8128
Kernel command line: root=/dev/mtdblock2 console=ttyS0,115200 init=/sbin/preinit
Primary instruction cache 32kB, physically tagged, 4-way, linesize 32 bytes.
Primary data cache 32kB, 4-way, linesize 32 bytes.
Synthesized TLB refill handler (20 instructions).
Synthesized TLB load handler fastpath (32 instructions).
Synthesized TLB store handler fastpath (32 instructions).
Synthesized TLB modify handler fastpath (31 instructions).
PID hash table entries: 128 (order: 7, 512 bytes)
CPU: BCM4716 rev 1 at 453 MHz
Using 226.500 MHz high precision timer.
Dentry cache hash table entries: 4096 (order: 2, 16384 bytes)
Inode-cache hash table entries: 2048 (order: 1, 8192 bytes)
Memory: 28240k/32768k available (2810k kernel code, 4528k reserved, 1121k data, 132k init, 0k highmem)
Calibrating delay loop... 225.28 BogoMIPS (lpj=112640)
Mount-cache hash table entries: 512
NET: Registered protocol family 16
SCSI subsystem initialized
usbcore: registered new interface driver usbfs
usbcore: registered new interface driver hub
usbcore: registered new device driver usb
PCI: Using membase 8000000
PCI: Initializing host
PCI: Reset RC
PCI: Fixing up bus 0
PCI: Fixing up bridge
PCI: Setting latency timer of device 0000:01:00.0 to 64
PCI: Fixing up bridge
PCI: Setting latency timer of device 0000:01:00.1 to 64
PCI: Enabling device 0000:01:00.1 (0004 -&gt; 0006)
PCI: Fixing up bus 1
Time: MIPS clocksource has been installed.
NET: Registered protocol family 2
IP route cache hash table entries: 1024 (order: 0, 4096 bytes)
TCP established hash table entries: 1024 (order: 1, 8192 bytes)
TCP bind hash table entries: 1024 (order: 0, 4096 bytes)
TCP: Hash tables configured (established 1024 bind 1024)
TCP reno registered
gpio_init 466
VFS: Disk quotas dquot_6.5.1
Dquot-cache hash table entries: 1024 (order 0, 4096 bytes)
squashfs: version 3.2-r2 (2007/01/15) Phillip Lougher
fuse init (API version 7.8)
io scheduler noop registered (default)
Serial: 8250/16550 driver $Revision: 1.1.1.1 $ 4 ports, IRQ sharing disabled
serial8250: ttyS0 at MMIO 0x0 (irq = 8) is a 16550A
loop: module loaded
PPP generic driver version 2.4.2
PPP MPPE Compression module registered
NET: Registered protocol family 24
Physically mapped flash: Found 1 x16 devices at 0x0 in 8-bit bank
Physically mapped flash: Found an alias at 0x800000 for the chip at 0x0
Physically mapped flash: Found an alias at 0x1000000 for the chip at 0x0
Physically mapped flash: Found an alias at 0x1800000 for the chip at 0x0
 Amd/Fujitsu Extended Query Table at 0x0040
number of CFI chips: 1
cfi_cmdset_0002: Disabling erase-suspend-program due to code brokenness.
Flash device: 0x800000 at 0x1c000000
Physically mapped flash: squash filesystem with lzma found at block 2037
Creating 4 MTD partitions on &quot;Physically mapped flash&quot;:
0x00000000-0x00030000 : &quot;boot&quot;
0x00030000-0x007f0000 : &quot;linux&quot;
0x001fd590-0x007f0000 : &quot;rootfs&quot;
0x007f0000-0x00800000 : &quot;nvram&quot;
Found a 0MB  serial flash
sflash: found no supported devices
usbmon: debugfs is not available
GACT probability on
Mirror/redirect action on
u32 classifier
    input device check on
    Actions configured
Netfilter messages via NETLINK v0.30.
nf_conntrack version 0.5.0 (256 buckets, 2048 max)
ctnetlink v0.93: registering with nfnetlink.
ip_tables: (C) 2000-2006 Netfilter Core Team
ipt_time loading
ClusterIP Version 0.8 loaded successfully
arp_tables: (C) 2002 David S. Miller
TCP cubic registered
NET: Registered protocol family 1
NET: Registered protocol family 10
IPv6 over IPv4 tunneling driver
NET: Registered protocol family 17
Ebtables v2.0 registered
802.1Q VLAN Support v1.8 Ben Greear &lt;greearb@candelatech.com&gt;
All bugs added by David S. Miller &lt;davem@redhat.com&gt;
VFS: Mounted root (squashfs filesystem) readonly.
Freeing unused kernel memory: 132k freed
Warning: unable to open an initial console.
emf: module license 'Proprietary' taints kernel.
et_module_init: msglevel set to 0x1
PCI: Setting latency timer of device 0000:00:02.0 to 64
si_doattach: incoming bus is PCI but it's a lie, switching to SI devid:0x4715
Found chip type AI (0x19a14716)
Chipc: rev 31, caps 0x184807c9, chipst 0x9800 pmurev 5, pmucaps 0x11242c05
No PLL init done for chip 4716 rev 1 pmurev 5
eth0: Broadcom BCM47XX 10/100/1000 Mbps Ethernet Controller 5.10.128.0
wl_module_init: msglevel set to 0x1
wl_module_init: msglevel2 set to 0x0
PCI: Setting latency timer of device 0000:00:01.0 to 64
si_doattach: incoming bus is PCI but it's a lie, switching to SI devid:0x4329
Found chip type AI (0x19a14716)
Chipc: rev 31, caps 0x184807c9, chipst 0x9800 pmurev 5, pmucaps 0x11242c05
No PLL init done for chip 4716 rev 1 pmurev 5
Overriding device id = 0x4329
wlc_bmac_attach, deviceid 0x4329 nbands 1
eth1: Broadcom BCM4329 802.11 Wireless Controller 5.10.128.0 (Compiled in . at 11:11:30 on Nov  6 2009)
Initializing USB Mass Storage driver...
usbcore: registered new interface driver usb-storage
USB Mass Storage support registered.
Algorithmics/MIPS FPU Emulator v1.5
br0: starting userspace STP failed, staring kernel STP
vlan2: add 33:33:00:00:00:01 mcast address to master interface
vlan2: add 01:00:5e:00:00:01 mcast address to master interface
vlan2: add 33:33:ff:00:00:01 mcast address to master interface
vlan2: dev_set_promiscuity(master, 1)
device eth0 entered promiscuous mode
device vlan2 entered promiscuous mode
si_pmu_fast_pwrup_delay: chip 4716 rev 1 delay 15000
wl0: wlc_switch_ab_11n ERROR 0 restoring amsdu to 0
wl0: wlc_switch_ab_11n ERROR 0 restoring amsdu to 0
wl0: wlc_set_rate_override: 5G band not available
wl0: wlc_set_rate_override: 5G band not available
si_pmu_fast_pwrup_delay: chip 4716 rev 1 delay 15000
device eth1 entered promiscuous mode
br0: port 2(eth1) entering listening state
br0: port 1(vlan2) entering listening state
br0: port 2(eth1) entering learning state
br0: port 1(vlan2) entering learning state
br0: topology change detected, propagating
br0: port 2(eth1) entering forwarding state
br0: topology change detected, propagating
br0: port 1(vlan2) entering forwarding state
br1: starting userspace STP failed, staring kernel STP
vlan2: add 33:33:00:00:00:02 mcast address to master interface
vlan2: add 33:33:ff:00:00:00 mcast address to master interface
ohci_hcd: 2006 August 04 USB 1.1 'Open' Host Controller (OHCI) Driver
PCI: Setting latency timer of device 0000:00:04.0 to 64
ohci_hcd 0000:00:04.0: OHCI Host Controller
ohci_hcd 0000:00:04.0: new USB bus registered, assigned bus number 1
ohci_hcd 0000:00:04.0: irq 5, io mem 0x18009000
usb usb1: configuration #1 chosen from 1 choice
hub 1-0:1.0: USB hub found
hub 1-0:1.0: 2 ports detected
PCI: Setting latency timer of device 0000:00:04.1 to 64
ehci_hcd 0000:00:04.1: EHCI Host Controller
ehci_hcd 0000:00:04.1: new USB bus registered, assigned bus number 2
ehci_hcd 0000:00:04.1: irq 5, io mem 0x18004000
ehci_hcd 0000:00:04.1: USB 0.0 started, EHCI 1.00, driver 10 Dec 2004
usb usb2: configuration #1 chosen from 1 choice
hub 2-0:1.0: USB hub found
hub 2-0:1.0: 2 ports detected
vlan1: Setting MAC address to  00 06 4e 00 00 02.
vlan1: add 33:33:00:00:00:02 mcast address to master interface
vlan1: add 33:33:00:00:00:01 mcast address to master interface
vlan1: add 01:00:5e:00:00:01 mcast address to master interface
vlan1: add 33:33:ff:00:00:02 mcast address to master interface
wl0: wl_link_up: link up
vlan1: add 33:33:ff:00:00:00 mcast address to master interface
vlan1: del 33:33:00:00:00:02 mcast address from master interface
vlan1: del 33:33:ff:00:00:00 mcast address from master interface
vlan2: del 33:33:00:00:00:02 mcast address from master interface
vlan2: del 33:33:ff:00:00:00 mcast address from master interface
ohci_hcd 0000:00:04.0: remove, state 1
usb usb1: USB disconnect, address 1
ohci_hcd 0000:00:04.0: USB bus 1 deregistered
ehci_hcd 0000:00:04.1: remove, state 1
usb usb2: USB disconnect, address 1
ehci_hcd 0000:00:04.1: USB bus 2 deregistered
vlan1: del 33:33:ff:00:00:02 mcast address from vlan interface
vlan1: del 33:33:ff:00:00:02 mcast address from master interface
vlan1: del 01:00:5e:00:00:01 mcast address from vlan interface
vlan1: del 01:00:5e:00:00:01 mcast address from master interface
vlan1: del 33:33:00:00:00:01 mcast address from vlan interface
vlan1: del 33:33:00:00:00:01 mcast address from master interface
br0: port 2(eth1) entering disabled state
br0: port 1(vlan2) entering disabled state
vlan2: del 33:33:ff:00:00:01 mcast address from vlan interface
vlan2: del 33:33:ff:00:00:01 mcast address from master interface
vlan2: del 01:00:5e:00:00:01 mcast address from vlan interface
vlan2: del 01:00:5e:00:00:01 mcast address from master interface
vlan2: del 33:33:00:00:00:01 mcast address from vlan interface
vlan2: del 33:33:00:00:00:01 mcast address from master interface
device vlan2 left promiscuous mode
br0: port 1(vlan2) entering disabled state
wl0: wl_link_down: link down
device eth1 left promiscuous mode
br0: port 2(eth1) entering disabled state
br0: starting userspace STP failed, staring kernel STP
vlan2: add 33:33:00:00:00:01 mcast address to master interface
vlan2: add 01:00:5e:00:00:01 mcast address to master interface
vlan2: add 33:33:ff:00:00:01 mcast address to master interface
si_pmu_fast_pwrup_delay: chip 4716 rev 1 delay 15000
wl0: wlc_switch_ab_11n ERROR 0 restoring amsdu to 0
wl0: wlc_switch_ab_11n ERROR 0 restoring amsdu to 0
wl0: wlc_set_rate_override: 5G band not available
wl0: wlc_set_rate_override: 5G band not available
si_pmu_fast_pwrup_delay: chip 4716 rev 1 delay 15000
device eth1 entered promiscuous mode
br0: port 2(eth1) entering listening state
br0: port 1(vlan2) entering listening state
br0: port 2(eth1) entering learning state
br0: port 1(vlan2) entering learning state
br0: topology change detected, propagating
br0: port 2(eth1) entering forwarding state
br0: topology change detected, propagating
br0: port 1(vlan2) entering forwarding state
br1: starting userspace STP failed, staring kernel STP
vlan2: dev_set_promiscuity(master, 1)
vlan2: add 33:33:00:00:00:02 mcast address to master interface
vlan2: add 33:33:ff:00:00:00 mcast address to master interface
ohci_hcd: 2006 August 04 USB 1.1 'Open' Host Controller (OHCI) Driver
ohci_hcd 0000:00:04.0: OHCI Host Controller
ohci_hcd 0000:00:04.0: new USB bus registered, assigned bus number 1
ohci_hcd 0000:00:04.0: irq 5, io mem 0x18009000
usb usb1: configuration #1 chosen from 1 choice
hub 1-0:1.0: USB hub found
hub 1-0:1.0: 2 ports detected
ehci_hcd 0000:00:04.1: EHCI Host Controller
ehci_hcd 0000:00:04.1: new USB bus registered, assigned bus number 2
ehci_hcd 0000:00:04.1: irq 5, io mem 0x18004000
ehci_hcd 0000:00:04.1: USB 0.0 started, EHCI 1.00, driver 10 Dec 2004
usb usb2: configuration #1 chosen from 1 choice
hub 2-0:1.0: USB hub found
hub 2-0:1.0: 2 ports detected
vlan1: Setting MAC address to  00 06 4e 00 00 02.
vlan1: add 33:33:00:00:00:02 mcast address to master interface
vlan1: add 33:33:00:00:00:01 mcast address to master interface
vlan1: add 01:00:5e:00:00:01 mcast address to master interface
vlan1: add 33:33:ff:00:00:02 mcast address to master interface
wl0: wl_link_up: link up
vlan1: add 33:33:ff:00:00:00 mcast address to master interface
vlan1: dev_set_allmulti(master, 1)
&lt;/pre&gt;|}}

{{SCollapse
| # bootlog • &gt;&gt; 
| &lt;pre&gt;
# Decompressing...done
Decompressing...done
Init Arena
Init Devs.
Boot partition size = 131072(0x20000)
et0: Broadcom BCM47XX 10/100/1000 Mbps Ethernet Controller 5.10.128.0
CPU type 0x19740: 453MHz
Tot mem: 32768 KBytes

CFE mem:    0x80700000 - 0x8079A6E0 (632544)
Data:       0x807317E0 - 0x80733BA0 (9152)
BSS:        0x80733BA0 - 0x807346E0 (2880)
Heap:       0x807346E0 - 0x807986E0 (409600)
Stack:      0x807986E0 - 0x8079A6E0 (8192)
Text:       0x80700000 - 0x807317E0 (202720)


Copying boot params.....DONEDecompressing...done
Init Arena
Init Devs.
Boot partition size = 131072(0x20000)
et0: Broadcom BCM47XX 10/100/1000 Mbps Ethernet Controller 5.10.128.0
CPU type 0x19740: 453MHz
Tot mem: 32768 KBytes

CFE mem:    0x80700000 - 0x8079A6E0 (632544)
Data:       0x807317E0 - 0x80733BA0 (9152)
BSS:        0x80733BA0 - 0x807346E0 (2880)
Heap:       0x807346E0 - 0x807986E0 (409600)
Stack:      0x807986E0 - 0x8079A6E0 (8192)
Text:       0x80700000 - 0x807317E0 (202720)


Copying boot params.....DONE

Bootloader version 2.66.7116.10 boot_version 2.66.7116.10
Press space bar to cancel startup...
Committing NVRAM...done
Device eth0:  hwaddr 00-22-75-F0-8F-DF, ipaddr 192.168.2.1, mask 255.255.255.0
        gateway not set, nameserver not set
Loader:raw Filesys:raw Dev:flash0.os File: Options:(null)
Loading: ....... 4165392 bytes read
Entry at 0x80001000
Closing network.
Starting program at 0x80001000
Linux version 2.6.22 (lichen@fedora10) (gcc version 4.1.2) #1 Fri Nov 6 11:11:05 CST 2009
CPU revision is: 00019740
Found chip type AI (0x19a14716)
Chipc: rev 31, caps 0x184807c9, chipst 0x9800 pmurev 5, pmucaps 0x11242c05
No PLL init done for chip 4716 rev 1 pmurev 5
si_kattach done. ccrev = 31, wd_msticks = 32
Determined physical RAM map:
 memory: 02000000 @ 00000000 (usable)
Built 1 zonelists.  Total pages: 8128
Kernel command line: root=/dev/mtdblock2 console=ttyS0,115200 init=/sbin/preinit
Primary instruction cache 32kB, physically tagged, 4-way, linesize 32 bytes.
Primary data cache 32kB, 4-way, linesize 32 bytes.
Synthesized TLB refill handler (20 instructions).
Synthesized TLB load handler fastpath (32 instructions).
Synthesized TLB store handler fastpath (32 instructions).
Synthesized TLB modify handler fastpath (31 instructions).
PID hash table entries: 128 (order: 7, 512 bytes)
CPU: BCM4716 rev 1 at 453 MHz
Using 226.500 MHz high precision timer.
Dentry cache hash table entries: 4096 (order: 2, 16384 bytes)
Inode-cache hash table entries: 2048 (order: 1, 8192 bytes)
Memory: 28240k/32768k available (2810k kernel code, 4528k reserved, 1121k data, 132k init, 0k highmem)
Mount-cache hash table entries: 512
NET: Registered protocol family 16
SCSI subsystem initialized
usbcore: registered new interface driver usbfs
usbcore: registered new interface driver hub
usbcore: registered new device driver usb
PCI: Using membase 8000000
PCI: Initializing host
PCI: Reset RC
PCI: Fixing up bus 0
PCI: Fixing up bridge
PCI: Fixing up bridge
PCI: Enabling device 0000:01:00.1 (0004 -&gt; 0006)
PCI: Fixing up bus 1
Time: MIPS clocksource has been installed.
NET: Registered protocol family 2
IP route cache hash table entries: 1024 (order: 0, 4096 bytes)
TCP established hash table entries: 1024 (order: 1, 8192 bytes)
TCP bind hash table entries: 1024 (order: 0, 4096 bytes)
TCP: Hash tables configured (established 1024 bind 1024)
TCP reno registered
gpio_init 466
VFS: Disk quotas dquot_6.5.1
Dquot-cache hash table entries: 1024 (order 0, 4096 bytes)
squashfs: version 3.2-r2 (2007/01/15) Phillip Lougher
fuse init (API version 7.8)
io scheduler noop registered (default)
Serial: 8250/16550 driver $Revision: 1.1.1.1 $ 4 ports, IRQ sharing disabled
serial8250: ttyS0 at MMIO 0x0 (irq = 8) is a 16550A
loop: module loaded
PPP generic driver version 2.4.2
PPP MPPE Compression module registered
NET: Registered protocol family 24
Physically mapped flash: Found 1 x16 devices at 0x0 in 8-bit bank
 Amd/Fujitsu Extended Query Table at 0x0040
number of CFI chips: 1
cfi_cmdset_0002: Disabling erase-suspend-program due to code brokenness.
Flash device: 0x800000 at 0x1c000000
Physically mapped flash: squash filesystem with lzma found at block 2037
Creating 4 MTD partitions on &quot;Physically mapped flash&quot;:
0x00000000-0x00030000 : &quot;boot&quot;
0x00030000-0x007f0000 : &quot;linux&quot;
0x001fd590-0x007f0000 : &quot;rootfs&quot;
0x007f0000-0x00800000 : &quot;nvram&quot;
Found a 0MB  serial flash
sflash: found no supported devices
usbmon: debugfs is not available
GACT probability on
Mirror/redirect action on
u32 classifier
    input device check on
    Actions configured
Netfilter messages via NETLINK v0.30.
nf_conntrack version 0.5.0 (256 buckets, 2048 max)
ctnetlink v0.93: registering with nfnetlink.
ip_tables: (C) 2000-2006 Netfilter Core Team
ipt_time loading
ClusterIP Version 0.8 loaded successfully
arp_tables: (C) 2002 David S. Miller
TCP cubic registered
NET: Registered protocol family 1
NET: Registered protocol family 10
IPv6 over IPv4 tunneling driver
NET: Registered protocol family 17
Ebtables v2.0 registered
802.1Q VLAN Support v1.8 Ben Greear &lt;greearb@candelatech.com&gt;
All bugs added by David S. Miller &lt;davem@redhat.com&gt;
VFS: Mounted root (squashfs filesystem) readonly.
Freeing unused kernel memory: 132k freed
Warning: unable to open an initial console.
[sighandler]: No more events to be processed, quitting.
[cleanup]: Waiting for children.
[cleanup]: All children terminated.
insmod: ipv6.ko: no module by that name found
insmod: scsi_mod.ko: no module by that name found
insmod: sd_mod.ko: no module by that name found
insmod: usbcore.ko: no module by that name found
insmod: usb-ohci.ko: no module by that name found
insmod: fat.ko: no module by that name found
insmod: vfat.ko: no module by that name found
insmod: msdos.ko: no module by that name found
Hit enter to continue...waitpid: No child processes
waitpid: No child processes
waitpid: No child processes
waitpid: No child processes
waitpid: No child processes
waitpid: No child processes
waitpid: No child processes
waitpid: No child processes
waitpid: No child processes
waitpid: No child processes
waitpid: No child processes
waitpid: No child processes
waitpid: No child processes
waitpid: No child processes
vlan2: Operation not supported
waitpid: No child processes
brctl: No child processes
eth1: Operation not supported
eth1: Operation not supported
eth1: Operation not supported
eth1: Operation not supported
eth1: Operation not supported
eth1: Operation not supported
eth1: Operation not supported
eth1: Operation not supported
eth1: Operation not supported
eth1: Operation not supported
eth1: Operation not supported
eth1: Operation not supported
eth1: Operation not supported
eth1: Operation not supported
eth1: Operation not supported
eth1: Operation not supported
eth1: Operation not supported
eth1: Invalid argument
eth1: Invalid argument
eth1: Operation not supported
eth1: Invalid argument
eth1: Invalid argument
eth1: Invalid argument
eth1: Invalid argument
eth1: Invalid argument
eth1: Invalid argument
eth1: Invalid argument
eth1: Invalid argument
eth1: Invalid argument
eth1: Invalid argument
eth1: Invalid argument
eth1: Invalid argument
eth1: Invalid argument
eth1: Invalid argument
eth1: Invalid argument
eth1: Invalid argument
eth1: Invalid argument
eth1: Invalid argument
waitpid: No child processes
waitpid: No child processes
[Jan 01 00:00:04] radvd: interface vlan1 is not UP
[Jan 01 00:00:04] radvd: interface vlan1 does not exist
[Jan 01 00:00:04] radvd: error parsing or activating the config file: /tmp/radvd.conf
HTTPD: main(919)
udhcpd_main(139): udhcp server (v0.9.8) started
udhcpd_main(139): udhcp server (v0.9.8) started
waitpid: No child processes
AVDevice_common_init
Reaped 313
ut-&gt;en 1
ut-&gt;name ushare
ut-&gt;model_name uShare
ut-&gt;override_iconv_err 0
ut-&gt;xbox360 1
DIR list /media/sda1
uShare (version 1.1a), a lightweight UPnP A/V and DLNA Media Server.
Benjamin Zores (C) 2005-2007, for GeeXboX Team.
See http://ushare.geexbox.org/ for updates.
Building Metadata List ...
Looking for files in content directory : /media/sda1
scandir: No such file or directory
Found 1 files and subdirectories.
UPnP daemon is ready to run
killall: wps_monitor: no process killed
waitpid: No child processes
killall: wps_ap: no process killed
killall: wps_enr: no process killed
ses: No such file or directory
Set 2.4G Board Limits
Set 2.4G Regulatory Limits to FCC
WARNING: console log level set to 1
original zone=GMT+8
modified dst=GMT
ses_cl: No such file or directory
Set 2.4G Board Limits
Set 2.4G Regulatory Limits to FCC
WARNING: console log level set to 1
original zone=GMT+8
modified dst=GMT
waitpid: No child processes
startsmbfilepwent_internal: file /tmp/smbpasswd did not exist. File successfully created.

share memory key=74565 successful id on creating=32769
original zone=GMT+8
modified dst=GMT
vlan1: Operation not supported
waitpid: No child processes
waitpid: No child processes
udhcpc_main(302): udhcp client (v0.9.8) started
original zone=GMT+8
modified dst=GMT
waitpid: No child processes
vlan1 dhcp
vlan1: No such process
Stop DDNS service!
Hit enter to continue...connect: Network is unreachable
Hit enter to continue...


BusyBox v1.7.2 (2009-11-06 11:14:29 CST) built-in shell (ash)
Enter 'help' for a list of built-in commands.

#
# original zone=GMT+8
modified dst=GMT
Portrd: Add iptable command:
iptables -t nat -A POSTROUTING -s 192.168.2.0/24 -o vlan1 -j MASQUERADE
iptables -t nat -A POSTROUTING -s 192.168.169.0/24 -o vlan1 -j MASQUERADE
&lt;/pre&gt;|}}

{{SCollapse
| # nvram • &gt;&gt; 
| &lt;pre&gt;
sb/1/ofdm2gpo=0x2222
wl_radius_port=1812
wan_unit=0
wl0_wmf_bss_enable=0
wan0_primary=1
pci/1/1/mcs5gpo0=0
pci/1/1/stbcpo=0
wan_route=
ses_wds_mode=1
wl0_frameburst=on
pci/1/1/mcs5gpo1=0
wl_txstreams=0
pci/1/1/maxp5gha0=0x3c
pci/1/1/mcs5gpo2=0
wan_pppoe_keepalive=0
wan_pptp_ip=
filter_client_url0=
wan0_ipaddr=1.0.0.1
pci/1/1/maxp5gha1=0x3c
pci/1/1/mcs5gpo3=0
log_ipaddr=
wan0_proto=dhcp
boardrev=0x1100
pci/1/1/mcs5gpo4=0
br0_ifnames=vlan2 eth1
wl0.14_hwaddr=02:22:75:F0:8F:DD
pci/1/1/mcs5gpo5=0
pci/1/1/aa5g=0x3
pci/1/1/mcs5gpo6=0
pci/1/1/mcs5gpo7=0
wl_nctrlsb=none
wan0_pptp_dhcp=dhcp
sb/1/mcs2gpo0=0
wl_version=5.10.128.0
wl0_leddc=0x640000
sb/1/mcs2gpo1=0
et0macaddr=00:22:75:F0:8F:DF
ddns_enable=disabled
sb/1/mcs2gpo2=0x2222
sb/1/mcs2gpo3=0x2222
wl0_akm=psk2
wl0_radarthrs=0 0x6a8 0x6c8 0x6ac 0x6c7
sb/1/mcs2gpo4=0x2222
pci/1/1/pa5glw2a0=0xfa8e
wan_pppoe_passwd=
wl_maxassoc=128
wl0_guest_mode=0
wan0_dns=
sb/1/mcs2gpo5=0x2222
pci/1/1/pa5glw2a1=0xfabc
boot_wait=on
watchdog=3000
sb/1/mcs2gpo6=0x2222
wl_phytypes=
wl_leddc=0x640000
wps_modelname=Belkin
wl0_infra=1
sb/1/mcs2gpo7=0x2222
bt_autoDelTorrent=1
wl0_country_code=
fw_disable=0
emf_rtport_entry=
bt_autoRateControl=1
wps_config_command=0
gs_remote_mgmt=0
gs_dmzEnable=0
gui_version=3.00.15
ddns_wildcard=
wl_infra=1
reset_gpio=6
ses_event=2
ddns_server=0
wan0_bigpond_passwd=
wl0_bcn_rotate=1
pmon_ver=CFE 5.10.128.0
bw_maxTx=100000000
restore_defaults=0
wan0_ifname=vlan1
vlan2ports=1 2 3 4 8*
wl0.1_hwaddr=02:22:75:F0:8F:D0
wan0_pptp_demand=0
wl0_wme_sta_be=15 1023 3 0 0 off off
wl0_nctrlsb=none
pci/1/1/cddpo=0
wan_lease=86400
wan_pppoe_service=
wl0_version=5.10.128.0
sb/1/triso2g=3
wl_wme_apsd=on
sb/1/sromrev=8
http_wanport=8080
wl_radius_ipaddr=
ddns_hostname=
eco_wlan_start=0
wl0.7_hwaddr=02:22:75:F0:8F:D6
lan_gateway=192.168.2.1
wl0_ifname=eth1
dst_time_zone=GMT
lan_domain=Belkin
lan_ipv6_prefix=2001:db8:1:0::/64
wl0_wme_sta_bk=15 1023 7 0 0 off off
pci/1/1/ag0=2
timer_interval=3600
dhcp_reserveIndex=0
pci/1/1/ag1=2
gpio2=robo_reset
wan_bigpond_sindex=0
bt_autoHideMode=1
lan1_ipaddr=192.168.169.1
forward_port0=
wl_net_reauth=900
wl0_rxstreams=0
ses_enable=1
wan_pppoe_mru=1492
lan_route=
wl0_mrate=0
gpio8=wps_button
wps_device_pin=54432963
time_zone_index=4
wl1_channel=36
wps_hw_enable=1
wl0_mode=ap
pci/1/1/pa5gw2a0=0xfae3
wan_gateway=1.0.0.1
sb/1/pa2gw2a0=0xfaa0
pci/1/1/pa5gw2a1=0xfb08
serial=0
dhcp_start=192.168.2.2
sb/1/pa2gw2a1=0xfaaf
wl0_ap_isolate=0
lan1_route=
pci/1/1/pa5ghw2a0=0xfb01
dhcp_end=192.168.2.100
wl_mrate=0
wan_bigpond_enable=0
wan0_pptp_subnet=
sb/1/itt2ga0=0x20
pci/1/1/pa5ghw2a1=0xfb0a
wl_wmf_bss_enable=0
wl_akm=
wps_get_stauts=0
wl0.15_hwaddr=02:22:75:F0:8F:DE
wl0_wme_no_ack=off
wl0_ampdu=auto
wl0_gmode=1
sb/1/itt2ga1=0x20
login_timeout=10
eco_led_dim=0
dlna_enabled=1
boardtype=0xa4cf
is_default=0
wl_wme_bss_disable=0
wl_ampdu_rr_rtylimit_tid=2 2 2 2 2 2 2 2
wl0_nband=2
wan0_bigpond_srver=
wl_gmode=1
wl_ampdu=auto
wps_uuid=D3B97C07D2622AFA994E99A807514A79
qos_prof0_rule0=
ddns_password=
stats_server=
pci/1/1/rxchain=3
pci/1/1/itt5ga0=0x3e
eco_wlan=0
bw_peekTx=178
wl0_nreqd=0
pci/1/1/itt5ga1=0x3e
lan_netmask=255.255.255.0
wps_enr_mode=disabled
wl0_wme_txp_be=7 3 4 2 0
lan1_ifname=br1
wan_pptp_demand=0
wl_nband=2
wl0_dtim=3
wl0_ssid=MI4DB49QBRQT7QA_Network
lan1_hwnames=
wan_pptp_hostname=
http_username=
wl_wme_sta_vi=7 15 2 6016 3008 off off
wan0_pppoe_ifname=
pci/1/1/maxp5ga0=0x40
wl_nreqd=0
wl_wme_ap_be=15 63 3 0 0 off off
wan_bigpond_user_name=
wl0_dfs_preism=60
pci/1/1/maxp5ga1=0x40
os_date=Nov  6 2009
lan_ap_ipaddr=192.168.2.254
sb/1/regrev=20
access_control_member0=
wl0_wme_txp_bk=7 3 4 2 0
sb/1/ag0=0
http_lanport=80
sb/1/ag1=0
pci/1/1/pdetrange5g=4
wl_plcphdr=long
wl_wme_sta_vo=3 7 2 3264 1504 off off
lan1_wins=
wl_macmode=disabled
nvram_version=1
wan_hwname=
wan_domain=
wl_wme_ap_bk=15 1023 7 0 0 off off
wl0_key1=
wan0_pptp_enable=0
lan_lease=5184000
wan_netmask=255.255.255.0
wl_phytype=n
wl0_vlan_prio_mode=off
wl0_key2=
wan0_hostname=
wl_lazywds=0
wl0.2_hwaddr=02:22:75:F0:8F:D1
wl0_key3=
wl_dfs_postism=60
wl0_key4=
filter_client0=
wps_default_pin=54432963
lan1_lease=86400
filter_maclist=
pci/1/1/boardflags=0x200
wl_auth_mode=none
wl0.8_hwaddr=02:22:75:F0:8F:D7
vlan2hwname=et0
wan_pptp_subnet=
wl0_hw_rxchain=3
pci/1/1/pa5glw1a0=0x1637
pci/1/1/mcs5glpo0=0
http_passwd=
wl_wpa_psk=
wl_guest_passwd=123456
sb/1/extpagain2g=2
pci/1/1/pa5glw1a1=0x1591
pci/1/1/ofdm5gpo=0
pci/1/1/mcs5glpo1=0
bt_torrentFolder=torrent
pci/1/1/mcs5glpo2=0
lan_stp=1
wan_pppoe_demand=0
nat_type=cone
wl0_wme_ap_vi=7 15 1 6016 3008 off off
wan0_pptp_idletime=5
pci/1/1/mcs5glpo3=0
wl0_bss_maxassoc=128
pci/1/1/mcs5glpo4=0
wl_mode=ap
igmp_proxy_func=1
wan0_pppoe_passwd=
pci/1/1/mcs5glpo5=0
pci/1/1/mcs5glpo6=0
gs_sku_id=1
wl0_plcphdr=long
wl0_rate=0
wl0_closed=0
pci/1/1/mcs5glpo7=0
wan_pptp_gateway=
wl0.10_hwaddr=02:22:75:F0:8F:D9
wl0_macmode=disabled
xtalfreq=20000
wl_wpa_gtk_rekey=0
wps_unconfig_addenr=0
wl0_wme_ap_vo=3 7 1 3264 1504 off off
wl0_radioids=BCM2056
wan0_pptp_ip=
sb/1/stbcpo=0
lan_dhcp=0
wl0_phytype=n
wl_wme_txp_vi=7 3 4 2 0
wl0_lazywds=0
usb_mounted_nodes=/dev/sda1
wps_proc_status=0
wan0_pppoe_keepalive=0
boardflags2=0x402
sb/1/aa2g=3
sb/1/bwduppo=0
wl0_afterburner=off
sb/1/txchain=3
wl_wme_txp_vo=7 3 4 2 0
wl0_antdiv=-1
lan_hwaddr=00:22:75:F0:8F:DF
wl_wds_timeout=1
ddns_started=0
wan_dns=
filter_client_srv0=
wl_wps_mode=enabled
wan0_pppoe_ac=
pci/1/1/bw40po=0
wan_pptp_enable=0
wl_ssid=Belkin_N+_F08FDF
wl_dtim=3
project_id=00n1
wl0_wpa_psk=i05c-zof6-s6of
pci/1/1/sromrev=8
wan_pppoe_mtu=1454
wl_radarthrs=0 0x6a8 0x6c8 0x6ac 0x6c7
ac_schedule0=inactive
wait_time=3
bt_autoHideSec=86400
ac_schedule1=inactive
wan0_pppoe_ip=0.0.0.0
ac_schedule2=inactive
wl0_amsdu=auto
wan0_pptp_username=
ac_schedule3=inactive
wan0_pppoe_dhcp=dhcp
bt_torrentDLimit=50
ac_schedule4=inactive
dhcp_wins=wan
ac_schedule5=inactive
os_server=
ac_schedule6=inactive
ac_schedule7=inactive
pci/1/1/pa5gw1a0=0x1497
wan_proto=dhcp
wan_pptp_serviceip=
wl_key1=
wl_amsdu=auto
ac_schedule8=inactive
sb/1/pa2gw1a0=0x16ed
pci/1/1/pa5gw1a1=0x1334
wl_key2=
ac_schedule9=inactive
wl0_unit=0
wan0_pppoe_mru=1492
sb/1/pa2gw1a1=0x17a7
wl_key3=
wl_country_code=
wl_key4=
pci/1/1/pa5ghw1a0=0x144b
wl_hwaddr=
wl0.3_hwaddr=02:22:75:F0:8F:D2
pci/1/1/pa5ghw1a1=0x137b
wl0_net_reauth=900
wl0_bss_enabled=1
sb/1/boardflags2=0x402
wl_vlan_prio_mode=off
remote_mgmt_enabled=0
wps_count=0
gs_wftp_enabled=0
bt_torrentExitHour=1
wl0_nmode=-1
lan1_stp=1
wps_timeout_enable=0
wl0.9_hwaddr=02:22:75:F0:8F:D8
gs_obscure_psk5g=0
board_version=01A
wan_pppoe_idletime=5
wps_restart=0
wan0_bigpond_sindex=0
wl_nmode=-1
gs_domainName=Belkin
bt_torrentULimit=20
lan1_gateway=192.168.169.1
remote_mgmt_ip=
serial_number=12952823501927
wl_rxstreams=0
ses_cl_enable=1
wl_wps_reg=enabled
wl0_wds=
wl_rate=0
wan0_gateway=1.0.0.1
log_level=0
wl0_reg_mode=off
ntp_server=192.43.244.18 192.5.41.41 133.100.9.2
wan_hwaddr=
wps_mfstring=Belkin
lan_ipv6_dns=
wl0.11_hwaddr=02:22:75:F0:8F:DA
wan0_bigpond_enable=0
lan_ifnames=vlan2 eth1
bandwidth_var_5=1
first_bootup=0
wl0_radius_port=1812
wl0_wme=on
wl0_auth=0
wan_bigpond_srver=
wl0_rxchain=3
wl0_radius_ipaddr=
wl0_wme_bss_disable=0
wl0_wme_sta_vi=7 15 2 6016 3008 off off
pci/1/1/boardflags2=0x0
ure_disable=1
sb/1/boardflags=0x310
wan_pppoe_username=
sb/1/leddc=0xffff
wan_ifnames=vlan1
wl0_wme_sta_vo=3 7 2 3264 1504 off off
wan0_domain=
wan0_hwname=
pci/1/1/ledbh0=0
wl_rateset=12
wl_crypto=tkip+aes
pci/1/1/ledbh1=0
pci/1/1/ledbh2=0
pci/1/1/pa5glw0a0=0xfe87
wl_guest_timeout=720
wl0_wps_reg=enabled
pci/1/1/ledbh3=0
pci/1/1/pa5glw0a1=0xfe9a
clkfreq=453,226,113
lan_ipaddr=192.168.2.1
os_name=linux
lan_proto=dhcp
wl_radius_key=
allow_remote_ip=1
wl0_maxassoc=128
vlan1hwname=et0
lan1_netmask=255.255.255.0
wan0_route=
wl_unit=0
wan_bigpond_manual=0
wl0_phytypes=n
wan0_pppoe_demand=0
wl0_frag=2346
wl0_wep=disabled
wps_button_assertlvl=0
router_disable=0
lan1_proto=dhcp
filter_client_sch0=
wl_nmode_protection=off
wps_sta_pin=00000000
wan0_netmask=255.255.255.0
ddns_username=
wl0.4_hwaddr=02:22:75:F0:8F:D3
wan0_pptp_gateway=
sdram_config=0x284
gs_apMode=0
wan0_wins=
vlan1ports=0 8
dmz_ipaddr=
gs_obscure_psk=0
wl_wds=
wan_pptp_idletime=5
wps_pinfail=0
pci/1/1/mcs5ghpo0=0
pci/1/1/mcs5ghpo1=0
wl0_ampdu_rr_rtylimit_tid=2 2 2 2 2 2 2 2
wl0_rateset=12
pci/1/1/mcs5ghpo2=0
pci/1/1/bwduppo=0
wl0.1_ssid=Belkin_N+_Guest
pci/1/1/txchain=3
pci/1/1/mcs5ghpo3=0
loader_version=2.66.7116.10
wl0_wme_apsd=on
eco_mode_started=0
pci/1/1/mcs5ghpo4=0
sb/1/macaddr=00:22:75:F0:8F:DF
wl0_wme_txp_vi=7 3 4 2 0
sb/1/ccode=US
pci/1/1/mcs5ghpo5=0
wl0_txstreams=0
pci/1/1/ofdm5glpo=0
pci/1/1/mcs5ghpo6=0
wl_wme=auto
pci/1/1/antswitch=0
pci/1/1/mcs5ghpo7=0
lan_ifname=br0
wan_primary=0
wl_wme_ap_vi=7 15 1 6016 3008 off off
ht_remote_ip=192.168.2.2
boardflags=0x310
lan_ipv6_6to4id=0
wan0_pppoe_mtu=1454
sdram_refresh=0x213a
wandevs=vlan1
wl0_wme_txp_vo=7 3 4 2 0
sb/1/cck2gpo=0
dhcp_domain=wan
wl0.12_hwaddr=02:22:75:F0:8F:DB
wl_auth=0
wps_proc_mac=
sdram_ncdl=0x63000024
pci/1/1/pa5gw0a0=0xfecd
sb/1/pa2gw0a0=0xfeb0
pci/1/1/pa5gw0a1=0xfe9d
lan1_domain=
wl_wme_ap_vo=3 7 1 3264 1504 off off
sb/1/pa2gw0a1=0xfedc
hardware_version=F5D8235-4 v3
default_wan_macaddr=00:22:75:F0:8F:E0
hw_version=0B
ezc_enable=1
wl_frameburst=on
wl_bss_maxassoc=128
lang_code=6
wl0_nmode_protection=off
wan0_lease=86400
pci/1/1/pa5ghw0a0=0xfedc
pci/1/1/ofdm5ghpo=0
pci/1/1/pa5ghw0a1=0xfeb2
wan_pppoe_dhcp=dhcp
qos_enable=1
is_modified=0
wan_ipaddr=1.0.0.1
lan_ipv6_mode=3
wan_pptp_username=
gs_samba_enabled=1
dlna_xbox=1
wl0_rts=2347
time_zone_DST=1
sb/1/devid=0x4329
sb/1/bw40po=0
lan1_dhcp=0
wan_wins=
wl_ifname=
qm_prof0=
pci/1/1/leddc=0xffff
wl_wep=disabled
wl_nbw_cap=0
wl_ampdu_rtylimit_tid=5 5 5 5 5 5 5 5
gs_remote_mgmt_port=8080
wl0_hw_txchain=3
lan_ap_netmask=255.255.255.0
wps_show_status=10
os_version=3.00.15
wl_guest_mode=0
wl0_wpa_gtk_rekey=0
pci/1/1/triso5g=3
wan_pptp_dhcp=dhcp
wan_bigpond_passwd=
wl0_sta_retry_time=5
bt_torrentTimeout=60
wan0_desc=Default Connection
wan0_pptp_serviceip=
pci/1/1/extpagain5g=2
wl_frag=2346
wl0_key=1
ses_cl_event=0
filter_macmode=deny
wl_maclist=
wps_addER=0
emf_entry=
et0phyaddr=30
console_loglevel=1
dhcp_reserveIP=
wl0.5_hwaddr=02:22:75:F0:8F:D4
bl_version=1.0.37
time_zone=GMT+8
filter_client_key0=
wl_bcn_rotate=1
wl_wps_config_state=0
wan0_pppoe_service=
wan0_pppoe_idletime=5
wan_ifname=vlan1
wan0_ipv6_prefix=2001:db0:1:0::/64
wl_wme_sta_be=15 1023 3 0 0 off off
dlna_ps3=1
sb/1/pdetrange2g=2
wan0_hwaddr=00:22:75:F0:8F:E0
wl_radioids=
dlna_folder=/media/sda1
wl0_dfs_postism=60
landevs=vlan2 wl0
wan_hostname=
wl0_radio=1
dhcp1_start=192.168.169.2
wl_corerev=
wl_nmcsidx=-1
wl0_nbw_cap=0
dhcp_reserveRemoveId=0
wl0_bcn=100
wps_mode=enabled
wl_wme_sta_bk=15 1023 7 0 0 off off
wps_currentband=
gs_fw_auto=0
gs_usb_enabled=1
wl0_hwaddr=00:22:75:F0:8F:DF
wl_radio=1
wl_afterburner=off
ddns_timeout=
wan0_pptp_passwd=
pci/1/1/ccode=0
wl0_ampdu_rtylimit_tid=5 5 5 5 5 5 5 5
sb/1/tssipos2g=1
ezc_version=2
emf_enable=0
wl0.13_hwaddr=02:22:75:F0:8F:DC
wan0_bigpond_user_name=
bw_maxRx=100000000
wl0_maclist=
bt_started=0
bt_torrentExitRatio=0.75
sdram_init=0x0419
wl_rts=2347
log_ram_enable=1
firewall_version=1.3.8
sb/1/antswctl2g=2
lan_wins=
wan_desc=
wl_ap_isolate=0
bt_contentFolder=download
lan_hwnames=
wps_modelnum=123456
qos_prof_idx=0
wps_method=1
lan1_ifnames=wl0.1 wl0.2 wl0.3 wl1.1 wl1.2 wl1.3
lan_upnp_wfa_subc_num=0
dhcp1_end=192.168.169.100
wl_wme_no_ack=off
wan0_unit=0
wan0_pppoe_username=
remote_auto_fw=0
wl0_wps_config_state=1
wl0_radius_key=
wl0_wme_ap_be=15 63 3 0 0 off off
qos_prof0=
wl0_nmcsidx=-1
wl0_corerev=17
wan0_ifnames=vlan1
bw_qos_changed=0
bigpond_started=0
wl_key=1
obscurePSK=1
pci/1/1/regrev=0
wl0_channel=0
wps_aplockdown=0
wl0_wds_timeout=1
sb/1/ledbh0=0
pci/1/1/tssipos5g=1
wps_device_name=BelkinAP
eco_wlan_end=0
sb/1/ledbh1=0
sb/1/maxp2ga0=0x40
wl0_wme_ap_bk=15 1023 7 0 0 off off
wl0_wps_mode=enabled
sb/1/ledbh2=0
sb/1/maxp2ga1=0x40
pci/1/1/devid=0x4355
upnp_enable=1
wl_bss_enabled=1
wan0_pptp_hostname=
sb/1/ledbh3=0
wps_config_method=0x84
wl_wme_txp_be=7 3 4 2 0
gs_login_timeout=10
wan_pppoe_ac=
wan_ipv6_prefix=2001:db0:1:0::/64
gs_remote_mgmt_ip=192.168.2.7
wan0_bigpond_manual=0
sb/1/cddpo=0
pci/1/1/macaddr=00:06:4E:00:00:01
emf_uffp_entry=
gs_pingWanBlock=1
eco_wlan_days=0 0 0 0 0 0 0
ddns_status=disabled
wps_status=0
wl0_guest_passwd=123456
lan1_hwaddr=00:00:00:00:00:00
wl_dfs_preism=60
sb/1/rxchain=3
wan_pppoe_ip=0.0.0.0
wl_sta_retry_time=5
wl0_auth_mode=none
wl_closed=0
wl_wme_txp_bk=7 3 4 2 0
ac_schedule10=inactive
autofw_port0=
wl0.6_hwaddr=02:22:75:F0:8F:D5
gs_ftp_enabled=0
ac_schedule11=inactive
wl0_crypto=aes
boardnum=12345
ac_schedule12=inactive
wl0_txchain=3
sb/1/antswitch=0
wan_pppoe_ifname=
wan_pptp_passwd=
bt_maxDownloads=3
dhcp_reserveMAC=
ac_schedule13=inactive
usbsms_boot=1
wl_bcn=100
ac_schedule14=inactive
reconnect_info=no
pci/1/1/maxp5gla0=0x3a
wl_reg_mode=off
ac_schedule15=inactive
pci/1/1/maxp5gla1=0x3a
ac_schedule16=inactive
ac_schedule17=inactive
pci/1/1/antswctl5g=0
ac_schedule18=inactive
wl0_guest_timeout=720
wl_antdiv=-1
ac_schedule19=inactive
&lt;/pre&gt;|}}
&lt;noinclude&gt;[[Category:Belkin]]&lt;/noinclude&gt;</text>
      <sha1>nvx7593656nyowd3cffmerouzr6p91q</sha1>
    </revision>
  </page>