<page>
    <title>Belkin F9K1113 v1/Serial info</title>
    <ns>0</ns>
    <id>27273</id>
    <revision>
      <id>234667</id>
      <parentid>234666</parentid>
      <timestamp>2022-11-09T22:56:17Z</timestamp>
      <contributor>
        <username>DarkShadow</username>
        <id>3096572</id>
      </contributor>
      <comment>fixed;)</comment>
      <origin>234667</origin>
      <model>wikitext</model>
      <format>text/x-wiki</format>
      <text bytes="25940" sha1="h1pwzkq53441yrnl53ppe3zx8dg4ccn" xml:space="preserve">{{SCollapse|Serial info • &gt;&gt;
|
;cat /proc/mtd
&lt;small&gt;&lt;pre&gt;
~ # cat /proc/mtd
dev:    size   erasesize  name
mtd0: 00050000 00010000 &quot;boot&quot;
mtd1: 00f90000 00010000 &quot;linux&quot;
mtd2: 00e50000 00010000 &quot;rootfs&quot;
mtd3: 00010000 00010000 &quot;glbcfg&quot;
mtd4: 00010000 00010000 &quot;nvram&quot;
&lt;/pre&gt;&lt;/small&gt;

;wl -i eth2 revinfo (BCM4352)
&lt;small&gt;&lt;pre&gt;
~ # wl -i eth2 revinfo
vendorid 0x14e4
deviceid 0x43a2
radiorev 0x32069000
chipnum 0x4360
chiprev 0x2
chippackage 0x1
corerev 0x28
boardid 0x621
boardvendor 0x14e4
boardrev P305
driverrev 0x61e271d
ucoderev 0x2f10071
bus 0x1
phytype 0xb
phyrev 0x0
anarev 0x0
&lt;/pre&gt;&lt;/small&gt;

;wl -i eth1 revinfo (BCM4718A1)
&lt;small&gt;&lt;pre&gt;
~ # wl -i eth1 revinfo
vendorid 0x14e4
deviceid 0x4329
radiorev 0x72056000
chipnum 0x4716
chiprev 0x1
chippackage 0xa
corerev 0x11
boardid 0xf52d
boardvendor 0x14e4
boardrev P200
driverrev 0x61e271d
ucoderev 0x2f10071
bus 0x0
phytype 0x4
phyrev 0x5
anarev 0x0
&lt;/pre&gt;&lt;/small&gt;

;cat /proc/cpuinfo
&lt;small&gt;&lt;pre&gt;
~ # cat /proc/cpuinfo
system type             : Broadcom BCM4716 chip rev 1
processor               : 0
cpu model               : MIPS 74K V4.0
BogoMIPS                : 226.09
wait instruction        : no
microsecond timers      : yes
tlb_entries             : 64
extra interrupt vector  : no
hardware watchpoint     : yes
ASEs implemented        : mips16 dsp
VCED exceptions         : not available
VCEI exceptions         : not available

unaligned_instructions  : 1288
dcache hits             : 2147483648
dcache misses           : 0
icache hits             : 2147483648
icache misses           : 0
instructions            : 2147483648
&lt;/pre&gt;&lt;/small&gt;

;stock FW (probably) boot log
&lt;small&gt;&lt;pre&gt;
Decompressing...done
Decompressing...done
Init Arena
Init Devs.
Boot partition size = 262144(0x40000)
Found an ST compatible serial flash with 256 64KB blocks; total size 16MB
bcm_robo_enable_switch: EEE is disabled
et0: Broadcom BCM47XX 10/100/1000 Mbps Ethernet Controller 6.30.39.13 (r330635)
CPU type 0x19740: 453MHz
Tot mem: 131072 KBytes

CFE mem:    0x80700000 - 0x807A08C0 (657600)
Data:       0x80736440 - 0x807396F0 (12976)
BSS:        0x807396F0 - 0x8073A8C0 (4560)
Heap:       0x8073A8C0 - 0x8079E8C0 (409600)
Stack:      0x8079E8C0 - 0x807A08C0 (8192)
Text:       0x80700000 - 0x80736440 (222272)

Copying boot params.....
DONE

Bootloader version v0.11 boot_version v0.11
Project name : WG9117DAC22-AK
Press space bar to cancel startup...
Device eth0:  hwaddr EC-1A-59-48-90-42, ipaddr 192.168.2.1, mask 255.255.255.0
gateway not set, nameserver not set
Loader:raw Filesys:raw Dev:flash0.os File: Options:(null)
Loading: .. 3792 bytes read
Entry at 0x80001000
Closing network.
Starting program at 0x80001000
Linux version 2.6.22 (qmchen@sw3-build-02) (gcc version 4.1.2) 
#1 PREEMPT Fri Jul 6 17:16:25 CST 2012
CPU revision is: 00019740
Found an ST compatible serial flash with 256 64KB blocks; total size 16MB
Determined physical RAM map:
 memory: 07fff000 @ 00000000 (usable)
Built 1 zonelists.  Total pages: 32512
Kernel command line: root=/dev/mtdblock2 console=ttyS0,115200 init=/sbin/preinit
Primary instruction cache 32kB, physically tagged, 4-way, linesize 32 bytes.
Primary data cache 32kB, 4-way, linesize 32 bytes.
Synthesized TLB refill handler (20 instructions).
Synthesized TLB load handler fastpath (32 instructions).
Synthesized TLB store handler fastpath (32 instructions).
Synthesized TLB modify handler fastpath (31 instructions).
PID hash table entries: 512 (order: 9, 2048 bytes)
CPU: BCM4716 rev 1 at 453 MHz
Using 226.500 MHz high precision timer.
Dentry cache hash table entries: 16384 (order: 4, 65536 bytes)
Inode-cache hash table entries: 8192 (order: 3, 32768 bytes)
Memory: 125752k/131068k available (2658k kernel code, 5172k reserved, 1065k data, 160k init, 0k highmem)
Mount-cache hash table entries: 512
NET: Registered protocol family 16
SCSI subsystem initialized
PCI: Using membase 8000000
PCI: Initializing host
PCI: Reset RC
PCI: no core
PCI: Fixing up bus 0
PCI/PCIe coreunit 0 is set to bus 1.
PCI: Fixing up bridge
PCI: Fixing up bridge
PCI: Enabling device 0000:01:00.1 (0004 -&gt; 0006)
PCI: Fixing up bus 1
NET: Registered protocol family 2
Time: MIPS clocksource has been installed.
IP route cache hash table entries: 1024 (order: 0, 4096 bytes)
TCP established hash table entries: 4096 (order: 3, 32768 bytes)
TCP bind hash table entries: 4096 (order: 2, 16384 bytes)
TCP: Hash tables configured (established 4096 bind 4096)
TCP reno registered
gpio_init 328
Register DIAG LED in /proc/sys/diag_blink.
VFS: Disk quotas dquot_6.5.1
Dquot-cache hash table entries: 1024 (order 0, 4096 bytes)
squashfs: version 3.2-r2 (2007/01/15) Phillip Lougher
fuse init (API version 7.8)
io scheduler noop registered (default)
HDLC line discipline: version $Revision: 1.1.1.1 $, maxframe=4096
N_HDLC line discipline registered.
Serial: 8250/16550 driver $Revision: 1.1.1.1 $ 4 ports, IRQ sharing disabled
serial8250: ttyS0 at MMIO 0x0 (irq = 8) is a 16550A
loop: module loaded
PPP generic driver version 2.4.2
NET: Registered protocol family 24
pflash: found no supported devices
sflash: squash filesystem with lzma found at block 25
Creating 5 MTD partitions on &quot;sflash&quot;:
0x00000000-0x00050000 : &quot;boot&quot;
0x00050000-0x00fe0000 : &quot;linux&quot;
0x00190000-0x00fe0000 : &quot;rootfs&quot;
0x00fe0000-0x00ff0000 : &quot;glbcfg&quot;
0x00ff0000-0x01000000 : &quot;nvram&quot;
nf_conntrack version 0.5.0 (1023 buckets, 8184 max)
ip_tables: (C) 2000-2006 Netfilter Core Team
TCP cubic registered
NET: Registered protocol family 1
NET: Registered protocol family 17
802.1Q VLAN Support v1.8 Ben Greear &lt;greearb@candelatech.com&gt;
All bugs added by David S. Miller &lt;davem@redhat.com&gt;
VFS: Mounted root (squashfs filesystem) readonly.
Freeing unused kernel memory: 160k freed
Warning: unable to open an initial console.
Failed to execute /init
Algorithmics/MIPS FPU Emulator v1.5
arca.dbus.mng: is ready
arca.dbus.ddns: agent start
arca.dbus.dhcp6c: agent start
arca.dbus.misc: is ready

Please press Enter to activate this console. et: no version for &quot;struct_module&quot; found: kernel tainted.
et: module license 'Proprietary' taints kernel.
et_module_init: passivemode set to 0x0
et_module_init: et_txq_thresh set to 0x0
bcm_robo_enable_switch: EEE is disabled
eth0: Broadcom BCM47XX 10/100/1000 Mbps Ethernet Controller 6.30.39.29 (r338244)
eth1: Broadcom BCM4329 802.11 Wireless Controller 6.30.39.29 (r338244)
PCI: Enabling device 0000:01:01.0 (0000 -&gt; 0002)
eth2: Broadcom BCM43a2 802.11 Wireless Controller 6.30.39.29 (r338244)
usbcore: registered new interface driver usbfs
usbcore: registered new interface driver hub
usbcore: registered new device driver usb
ehci_hcd 0000:00:04.1: EHCI Host Controller
ehci_hcd 0000:00:04.1: new USB bus registered, assigned bus number 1
ehci_hcd 0000:00:04.1: EHCI Fastpath: New EHCI driver starting
ehci_hcd 0000:00:04.1: irq 5, io mem 0x18004000
ehci_hcd 0000:00:04.1: USB 0.0 started, EHCI 1.00, driver 10 Dec 2004
usb usb1: configuration #1 chosen from 1 choice
hub 1-0:1.0: USB hub found
hub 1-0:1.0: 2 ports detected
ohci_hcd 0000:00:04.0: OHCI Host Controller
ohci_hcd 0000:00:04.0: new USB bus registered, assigned bus number 2
ohci_hcd 0000:00:04.0: irq 5, io mem 0x18009000
usb usb2: configuration #1 chosen from 1 choice
hub 2-0:1.0: USB hub found
hub 2-0:1.0: 2 ports detected
u32 classifier
Actions configured
NET: Registered protocol family 10
lo: Disabled Privacy Extensions
ip6_tables: (C) 2000-2006 Netfilter Core Team
IPv6 over IPv4 tunneling driver
sit0: Disabled Privacy Extensions
nf_conntrack_rtsp v0.6.21 loading
nf_nat_rtsp v0.6.21 loading
vlan1: Setting MAC address to  ec 1a 59 48 90 42.
VLAN (vlan1):  Underlying device (eth0) has same MAC, not checking promiscious mode.
vlan2: Setting MAC address to  ec 1a 59 48 90 43.
device eth0 entered promiscuous mode
VLAN (vlan2):  Setting underlying device (eth0) to promiscious mode.
vlan1: Setting MAC address to  ec 1a 59 48 90 42.
VLAN (vlan1):  Underlying device (eth0) has same MAC, not checking promiscious mode.
wlc_phy_cal_init_acphy: NOT Implemented
vlan1: dev_set_promiscuity(master, 1)
device vlan1 entered promiscuous mode
device eth1 entered promiscuous mode
device eth2 entered promiscuous mode
device wl0.1 entered promiscuous mode
failed
failed
arca.dbus.misc: CMD_WAN_START
cmd is mng_cli set VAR_WAN0_GET_MTU=&quot;576&quot; action &quot;&quot;
arca.dbus.ac: command_handler return for bridge mode.
MD5=[1b5d4cb75cddd6bdbe179d89fc571942]
start_gn is_guestnetwork_enabled=0
!!BUG: secu_dns is enable, but FAIL to get its value!!
buf is
cmd is mng_cli set VAR_SYSTEM_DNS=&quot;&quot; action &quot;&quot;
cmd is touch /etc/hosts
Jan  1 00:00:21 crond[553]: crond: crond (busybox 1.18.5) started, log level 8
arca.dbus.upnp: command_handler return for bridge mode.
arca.dbus.misc: CMD_START
ARCA_DBUS_MISC:deviceready==1.
ledd is starting....
arca.dbus.dnsmasq: Maybe dnsmasq has stopped, try to restart it. Restart count: 1
cmd=[killall dnsmasq ]
killall: dnsmasq: no process killed
done
&lt;/pre&gt;&lt;/small&gt;

;cat /proc/bus/pci/devices
&lt;small&gt;&lt;pre&gt;
~ # cat /proc/bus/pci/devices
0000    14e40800        8               18000000                       0                       0                       0                       0                       0                    0             1000                       0                       0                       0                       0                       0                     800
0008    14e44329        3               18001000                       0                       0                       0                       0                       0                    0             1000                       0                       0                       0                       0                       0                     800      wl
0010    14e44715        4               18002000                       0                       0                       0                       0                       0                    0             1000                       0                       0                       0                       0                       0                     800      et
0020    14e4471a        5               18009000                       0                       0                       0                       0                       0                    0             1000                       0                       0                       0                       0                       0                     800      ohci_hcd
0021    14e4471a        5               18004000                       0                       0                       0                       0                       0                    0             1000                       0                       0                       0                       0                       0                     800      ehci_hcd
0028    14e40820        6               18005000                       0                       0                       0                       0                       0                    0             1000                       0                       0                       0                       0                       0                     800
0030    14e4082e        e               18006000                       0                       0                       0                       0                       0                    0             1000                       0                       0                       0                       0                       0                     800
0038    14e4080e        8               18007000                       0                       0                       0                       0                       0                    0             1000                       0                       0                       0                       0                       0                     800
0040    14e44711        f               18008000                       0                       0                       0                       0                       0                    0             1000                       0                       0                       0                       0                       0                     800
0100    14e44716        6                8000004                       0                       4                       0                       0                       0                    0             4000                       0                 8000000                       0                       0                       0                       0
0101    14e40000        6                8004004                       0                       4                       0                       0                       0                    0             4000                       0                 8000000                       0                       0                       0                       0
0108    14e443a2        6                8008004                       0                 8200004                       0                       0                       0                    0             8000                       0                  200000                       0                       0                       0                       0      wl
&lt;/pre&gt;&lt;/small&gt;

;netstat -lp
&lt;small&gt;&lt;pre&gt;
~ # netstat -lp
Active Internet connections (only servers)
Proto Recv-Q Send-Q Local Address           Foreign Address         State       PID/Program name
tcp        0      0 255.255.255.255:9090    0.0.0.0:*               LISTEN      546/httpd
tcp        0      0 localhost.localdomain:netbios-ssn 0.0.0.0:*               LISTEN      725/smbd
tcp        0      0 255.255.255.255:http    0.0.0.0:*               LISTEN      546/httpd
tcp        0      0 255.255.255.255:10101   0.0.0.0:*               LISTEN      469/belkin_wan_cfg
tcp        0      0 0.0.0.0:5916            0.0.0.0:*               LISTEN      538/acsd
tcp        0      0 localhost.localdomain:microsoft-ds 0.0.0.0:*               LISTEN      725/smbd
tcp        0      0 :::9090                 :::*                    LISTEN      546/httpd
tcp        0      0 :::http                 :::*                    LISTEN      546/httpd
udp        0      0 0.0.0.0:netbios-ns      0.0.0.0:*                           730/nmbd
udp        0      0 0.0.0.0:netbios-dgm     0.0.0.0:*                           730/nmbd
udp        0      0 localhost.localdomain:38032 0.0.0.0:*                           524/nas
udp        0      0 localhost.localdomain:42032 0.0.0.0:*                           538/acsd
udp        0      0 0.0.0.0:49235           0.0.0.0:*                           -
udp        0      0 0.0.0.0:19540           0.0.0.0:*                           -
udp        0      0 0.0.0.0:mdns            0.0.0.0:*                           556/mDNS
raw        0      0 0.0.0.0:255             0.0.0.0:*               255         175/arca-agent-load
Active UNIX domain sockets (only servers)
Proto RefCnt Flags       Type       State         I-Node PID/Program name    Path
unix  2      [ ACC ]     STREAM     LISTENING        731 147/dbus-daemon     /var/run/dbus/system_bus_socket
unix  2      [ ACC ]     STREAM     LISTENING        745 149/midcore         /tmp/arc-middle/core_trnx
&lt;/pre&gt;&lt;/small&gt;}}

{{SCollapse
| nvram show • &gt;&gt;
| &lt;pre&gt;
~ # nvram show
sb/1/ofdm2gpo=0x00000000
wl1_wme=on
wl0_rxchain_pwrsave_stas_assoc_check=0
wl0_wmf_bss_enable=0
wl0.1_wps_reg=disabled
sb/1/elna2g=3
wl1_auth=0
wl1_hwaddr=EC:1A:59:48:90:44
wl0_rifs_advert=auto
wl0_mcast_regen_bss_enable=1
0:rxgains2gtrisoa0=0
0:sb20in40hrrpo=0
wl0_frameburst=
0:rxgains2gtrisoa1=0
0:rxgains2gtrisoa2=0
0:pa2ga0=0xfe72,0x14c0,0xfac7
boardrev=0x1200
wl1_wme_bss_disable=
0:pa2ga1=0xfe80,0x1472,0xfabc
wl0.14_hwaddr=EE:1A:59:48:90:4F
0:pa2ga2=0xfe82,0x14bf,0xfad9
0:sb40and80lr5gmpo=0
wl1_txstreams=0
sb/1/mcs2gpo0=0x0000
sb/1/mcs2gpo1=0x0000
et0macaddr=EC:1A:59:48:90:42
wl0_leddc=
sb/1/mcs2gpo2=0x0000
wl0_bw_cap=1
sb/1/mcs2gpo3=0x0000
wl1_wme_txp_vi=
wl1.12_hwaddr=EE:1A:59:48:90:40
sb/1/mcs2gpo4=0x0000
wl0_radarthrs=
wl0_akm=psk2
sb/1/mcs2gpo5=0x0000
boot_wait=off
watchdog=5000
devpath0=pci/2/1/
wps_modelname=F9K1113 v1
sb/1/mcs2gpo6=0x0000
wl1_rifs_advert=auto
sb/1/mcs2gpo7=0x0000
wl0_infra=
et0mdcport=0
wl0_country_code=US
wl1_rpcq_rxthresh=
wl1_wep=disabled
wl1_wme_txp_vo=
0:venid=0x14e4
wps_config_command=0
0:aa2g=0
wl1_frag=
reset_gpio=6
pmon_ver=CFE 6.30.39.13 (r330635)
wl0_bcn_rotate=
vlan2ports=0 8
wl1_wpa_gtk_rekey=
wl1_ampdu_rtylimit_tid=5 5 5 5 5 5 5 5
wl0.1_hwaddr=EC:1A:59:48:90:43
wl1_radarargs40_11n=
wl0.1_key=1
0:mcsbw405gmpo=3999678464
wl1_maclist=
wl0_wme_sta_be=
wl1.1_hwaddr=EE:1A:59:48:90:45
wl0_version=6.30.39.29 (r338244)
sb/1/triso2g=4
sb/1/sromrev=8
wl0.7_hwaddr=EE:1A:59:48:90:48
wl0_psr_mrpt=0
wl1_amsdu=
wl1_crypto=aes
wl0_ifname=eth1
wl1_hw_txchain=3
0:mcsbw402gpo=0
wl1.7_hwaddr=EE:1A:59:48:90:4B
wl1_psr_mrpt=0
wl0_wme_sta_bk=
wl0_rxchain_pwrsave_quiet_time=1800
gpio3=wps_button
wl1_bss_maxassoc=128
0:epagain2g=0
wl0_rxstreams=0
wl1_corerev=40
0:sb20in80and160lr5gmpo=0
wl0.1_wps_mode=disabled
wl0_radio_pwrsave_level=
wl1_txpwr=
wl1_active_mac=
wl1_nmcsidx=
wps_device_pin=20314286
wps_hw_enable=0
wl1_channel=
wl0_mrate=0
wl0_mode=
0:sb40and80hr5gmpo=0
sb/1/pa2gw2a0=0xFA79
0:papdcap5g=0
sb/1/pa2gw2a1=0xFA6E
wl0_stbc_tx=
wl1_nmode=-1
wl0_ap_isolate=
wl0_rxchain_pwrsave_pps=10
0:mcsbw202gpo=0
sb/1/itt2ga0=0x20
wl0.15_hwaddr=EE:1A:59:48:90:40
sromrev=8
sb/1/itt2ga1=0x20
wl0_wme_no_ack=
wl0_ampdu=
wl0_gmode=
wl1_stbc_rx=1
wl1_rts=
0:tempcorrx=0x3f
boardtype=0xF52D
0:tworangetssi5g=0
0:pcieingress_war=15
wl1_ampdu_rr_rtylimit_tid=2 2 2 2 2 2 2 2
wl0_nband=
wl1_bw_cap=7
wl0_auth_type=
wl1.13_hwaddr=EE:1A:59:48:90:41
wl0_nreqd=
wl1_txchain=3
lan_netmask=255.255.255.0
wl0.1_crypto=aes
wl1_obss_coex=
lan1_ifname=
wl0_wme_txp_be=
wl1_radarargs_11a=
wl1_key=
wl0_ssid=belkin.042
wl0_dtim=
0:mcsbw805glpo=4282662912
wl1_rxchain_pwrsave_stas_assoc_check=0
wl0_dfs_preism=
sb/1/regrev=0
boardpwrctl=0xd0068000
wl1_radio_pwrsave_level=
sb/1/ag0=0
wps_random_ssid_prefix=Belkin_
wl0_wme_txp_bk=
sb/1/ag1=0
0:rxchain=5
sb/1/ag2=0
wl1_wme_ap_be=
wl0_key1=
wl0_key2=
wl0_vlan_prio_mode=
wl1_rxchain_pwrsave_pps=10
wl0.2_hwaddr=EE:1A:59:48:90:43
wl0_key3=
0:mcsbw805ghpo=3999678464
wl1_radius_key=
wl0_key4=
wl0.1_maclist=
wl1_radarargs_11n=
0:rawtempsense=0x1ff
wl1.2_hwaddr=EE:1A:59:48:90:46
wps_default_pin=20314286
wl1_wme_ap_bk=
0:cckbw20ul2gpo=0
0:sb40and80lr5glpo=0
0:tempthresh=255
wl0_vifs=wl0.1
wl0.8_hwaddr=EE:1A:59:48:90:49
wl1_ifname=eth2
wl1_bcn=
0:sb20in80and160hr5gmpo=0
vlan2hwname=et0
wl1.8_hwaddr=EE:1A:59:48:90:4C
wl0_rxchain_pwrsave_enable=1
wl0_hw_rxchain=3
sb/1/extpagain2g=3
wl1_auth_mode=none
wl0_wme_ap_vi=
0:tssiposslope5g=1
0:noiselvl5gua0=31
wl0_bss_maxassoc=128
wl1_txq_thresh=
0:noiselvl5gua1=31
0:noiselvl5gua2=31
0:sb40and80lr5ghpo=0
0:sar2g=18
gs_sku_id=1
wl1_mcast_regen_bss_enable=1
wl0_closed=
wl0_rate=0
wl0_tpc_db=
wl0_plcphdr=
0:sb20in40lrpo=0
wl0.10_hwaddr=EE:1A:59:48:90:4B
xtalfreq=20000
wps_version2=
wl0_macmode=
sb/1/stbcpo=0x0000
wl0_radioids=BCM2056
wl0_wme_ap_vo=
wl0_phytype=n
wl0_lazywds=
0:gainctrlsph=0
wl1_radioids=BCM2069
wl1_rxchain_pwrsave_quiet_time=1800
wps_proc_status=0
boardflags2=0x00111402
sb/1/aa2g=3
sb/1/bwduppo=0
wl1_dfs_channels=
0:mcsbw405glpo=4282662912
wl1_version=6.30.39.29 (r338244)
sb/1/txchain=3
wl0_afterburner=
lan_hwaddr=EC:1A:59:48:90:42
wl0_antdiv=
0:maxp5ga2=96,100,100,100
wl0.1_auth_mode=none
wl1.14_hwaddr=EE:1A:59:48:90:42
wl0.1_akm=
0:regrev=27
wl_ssid=belkin.042
wl0.1_ifname=wl0.1
lan_wps_oob=
wl0_wpa_psk=9a26a628
wl1_frameburst=
wait_time=3
0:measpower=0x7f
wl0_amsdu=
0:noiselvl5gma0=31
0:noiselvl5gma1=31
0:mcsbw405ghpo=3999678464
wl0_country_rev=99
0:noiselvl5gma2=31
0:sb20in80and160lr5glpo=0
wl1_radarthrs=
0:rxgains2gelnagaina0=0
0:pdgain2g=4
0:rxgains2gelnagaina1=0
0:rxgains2gelnagaina2=0
0:sb40and80hr5glpo=0
sb/1/pa2gw1a0=0x1743
wl1_afterburner=
sb/1/pa2gw1a1=0x17A3
wl0_unit=0
wl1_stbc_tx=
0:aa5g=3
0:sromrev=11
wl0_widechannel=
0:cckbw202gpo=0
wl0_txpwr=
wl0.3_hwaddr=EE:1A:59:48:90:44
wl1_sta_retry_time=5
wl0_net_reauth=
wl0_bss_enabled=
sb/1/boardflags2=0x00111402
wl1.3_hwaddr=EE:1A:59:48:90:47
wl0_nmode=-1
0:sb20in80and160lr5ghpo=0
wl0.9_hwaddr=EE:1A:59:48:90:4A
board_version=01
0:sb40and80hr5ghpo=0
wl1.9_hwaddr=EE:1A:59:48:90:4D
wl1_country_rev=99
wl1_bcn_rotate=
0:stbcpo=0xq
wl_wps_reg=enabled
serial_number=12239GK3101855
wl0_wds=
0:rxgains2gtrelnabypa0=0
wl1_widechannel=
0:rxgains2gtrelnabypa1=0
wl1_wme_sta_be=
0:ccode=Q1SADF
0:rxgains2gtrelnabypa2=0
wl1_closed=
wl0_reg_mode=
0:epagain5g=0
wps_mfstring=
wl1_bss_enabled=
wl1_tpc_db=
wl1_rxstreams=0
wl0.11_hwaddr=EE:1A:59:48:90:4C
lan_ifnames=vlan1 eth1 eth2
wl1_akm=psk2
wl1_reg_mode=
0:boardnum=21059
0:dot11agduplrpo=0
wl0_radius_port=1812
wl0_wme=on
wl0_auth=0
wl1_wme_sta_bk=
0:boardtype=0x621
wl0_radius_ipaddr=
wl0_wme_bss_disable=
wl1_radio=
wl0_rxchain=3
wl0_wme_sta_vi=
wl1_antdiv=
sb/1/boardflags=0x00001310
0:boardvendor=0x14e4
sb/1/leddc=0xFFFF
0:sb20in80and160hr5glpo=0
wl1.15_hwaddr=EE:1A:59:48:90:43
wan_ifnames=vlan2
0:mcslr5gmpo=0
0:ofdmlrbw202gpo=0
wl0_wme_sta_vo=
0:tempsense_slope=0xff
wl1_ap_isolate=
wl1_radio_pwrsave_quiet_time=1800
wl0_wps_reg=enabled
wl1_wme_no_ack=
wl0.1_mode=
0:devid=0x43a0
0:boardrev=0x1303
wl1_radius_port=1812
clkfreq=453,226,113
lan_ipaddr=192.168.2.1
wl1_auth_type=
vlan1hwname=et0
wl0_maxassoc=
0:rxgains5gelnagaina0=3
0:rxgains5gelnagaina1=3
0:dot11agofdmhrbw202gpo=0
wl_unit=
wl1_plcphdr=
0:rxgains5gelnagaina2=3
wl0_phytypes=n
wl1_macmode=
wl1_maxassoc=
0:sb20in80and160hr5ghpo=0
router_disable=0
wl0_wep=disabled
wl0_frag=
0:mcsbw1605gmpo=0
wl1_phytype=v
wl0.1_closed=
0:rxgainerr2g=0xffff
wl1_lazywds=
wl1_phytypes=v
wl0.4_hwaddr=EE:1A:59:48:90:45
wl0_nbw=
0:maxp2ga0=76
0:temps_hysteresis=15
sdram_config=0x104
wl1_wme_txp_be=
0:maxp2ga1=76
wl0_radarargs40_11n=
0:maxp2ga2=76
wl1.4_hwaddr=EE:1A:59:48:90:48
vlan1ports=1 2 3 4 8*
wl0_chanspec=0
0:subband5gver=0x4
wl1_dfs_preism=
wl1_chanspec=0
wl1_mode=
wl1_wme_txp_bk=
wl1_rxchain_pwrsave_enable=1
wl0_ampdu_rr_rtylimit_tid=2 2 2 2 2 2 2 2
wl0.1_ssid=belkin.042.guests
wl0_rateset=
loader_version=v0.11
sb/1/macaddr=EC:1A:59:48:90:42
wl1_wpa_psk=9a26a628
wl0_wme_apsd=
0:boardflags=0x10000000
sb/1/ccode=0
wl0_wme_txp_vi=
wl0_txstreams=0
wl_wme=off
wl0.1_radio=
wl1_wme_apsd=
lan_ifname=br0
0:tempoffset=255
0:noiselvl5gla0=31
0:rxgains5gtrelnabypa0=0
boardflags=0x00001310
0:noiselvl5gla1=31
0:rxgains5gtrelnabypa1=0
sdram_refresh=0x163f
wandevs=et0
0:noiselvl5gla2=31
0:antswitch=0
0:rxgains5gtrelnabypa2=0
sb/1/cck2gpo=0x0000
wl0.1_key1=
wl0_wme_txp_vo=
0:mcsbw205gmpo=3999678464
wl0.1_bss_maxassoc=128
wl0.12_hwaddr=EE:1A:59:48:90:4D
0:txchain=5
0:phycal_tempdelta=255
sdram_ncdl=0x6a26162a
sb/1/pa2gw0a0=0xFEAF
wl1_wme_ap_vi=
0:sar5g=15
wl1_wmf_bss_enable=0
sb/1/pa2gw0a1=0xFEB8
default_wan_macaddr=EC:1A:59:48:90:43
wl1_hw_rxchain=3
wl0_radio_pwrsave_stas_assoc_check=0
wl0_radio_pwrsave_pps=10
wl0_nmode_protection=
wl1_ssid=belkin.042.5GHz
wl1_dtim=
wl1.10_hwaddr=EE:1A:59:48:90:4E
0:noiselvl5gha0=31
wl1_wme_ap_vo=
0:noiselvl5gha1=31
0esh=
wl0_rts=
sb/1/devid=0x4329
sb/1/bw40po=0x0000
0:boardflags2=0x300000
wl1_key1=
wl0_hw_txchain=3
wl1_nmode_protection=
0:boardflags3=0x300030
wl1_key2=
wl1_key3=
wl1_key4=
wl0_wpa_gtk_rekey=
wl1_leddc=
wl0_sta_retry_time=
wl0_key=
wl0.1_macmode=
wl0_active_mac=
0:pa5ga0=0xff39,0x1a55,0xfcc7,0xff38,0x1a7f,0xfcc3,0xff33,0x1a66,0xfcc4,0xff36,0x1a7b,0xfcc2
0:pa5ga1=0xff3a,0x1a0b,0xfcd3,0xff38,0x1a37,0xfccd,0xff37,0x1aa1,0xfcc0,0xff37,0x1a6f,0xfcc4
wl1_infra=
0:rxgains5gtrisoa0=1
0:pa5ga2=0xff3a,0x1a28,0xfccd,0xff38,0x1a2a,0xfcce,0xff35,0x1a93,0xfcc1,0xff38,0x1aab,0xfcbe
et0phyaddr=30
0:pdgain5g=4
0:rxgains5gtrisoa1=1
wl0.5_hwaddr=EE:1A:59:48:90:46
0:rxgains5gtrisoa2=1
0:agbg0=71
wl1_rxchain=3
0:agbg1=71
acs_ifnames=eth1 eth2
0:agbg2=133
wl1.5_hwaddr=EE:1A:59:48:90:49
wan_ifname=vlan2
sb/1/pdetrange2g=5
wan0_hwaddr=EC:1A:59:48:90:43
0:papdcap2g=0
wan_hostname=F9K1113 v1
landevs=vlan1 wl0 wl1
wl0_dfs_postism=
wl1_rate=0
wl0_radio=
wl0.1_wpa_psk=
0:mcslr5glpo=0
wl0_max_channel=
wl0_bcn=
wl1_wps_reg=enabled
wl1_radio_pwrsave_enable=0
wl0_hwaddr=EC:1A:59:48:90:42
wl1_net_reauth=
wps_wer_mode=
0:tworangetssi2g=0
wl0_ampdu_rtylimit_tid=5 5 5 5 5 5 5 5
0:tempsense_option=0x3
sb/1/tssipos2g=1
0:dot11agduphrpo=0
wl0.13_hwaddr=EE:1A:59:48:90:4E
wl0_gmode_protection=
wl0_maclist=
0:femctrl=3
wl0_obss_coex=
wl0.1_wme=on
sdram_init=0x0000
0:mcslr5ghpo=0
0:mcsbw1605glpo=0
sb/1/antswctl2g=2
wl1_dfs_postism=
wps_modelnum=
wl1.11_hwaddr=EE:1A:59:48:90:4F
wl1_radius_ipaddr=
lan1_ifnames=
wl1_mrate=0
wl1_country_code=US
wl0_radius_key=
wl0_radarargs_11a=
wl1_gmode_protection=
wl0_wme_ap_be=
wl0_corerev=17
wl0_nmcsidx=
wl1_rateset=
wl1_ampdu=
wl0_channel=
wl1_gmode=
0:mcsbw1605ghpo=0
wps_device_name=
sb/1/ledbh0=11
wl0_wds_timeout=
wl1_unit=1
wps_aplockdown=0
sb/1/maxp2ga0=0x5A
sb/1/ledbh1=11
wl0.1_bss_enabled=0
wl0_wps_mode=disabled
sb/1/maxp2ga1=0x5A
sb/1/ledbh2=11
wl0_wme_ap_bk=
sb/1/ledbh3=11
wps_config_method=
wl1_nband=
0:noiselvl2ga0=31
wl1_wps_mode=disabled
sb/1/cddpo=0x0000
wl1_wme_sta_vi=
0:noiselvl2ga1=31
wl0_stbc_rx=1
0:noiselvl2ga2=31
wl1_radio_pwrsave_pps=10
wl0_radio_pwrsave_quiet_time=1800
wl0_txq_thresh=
wl1_nreqd=
wl0.1_auth=0
sb/1/rxchain=3
wl0_radarargs_11n=
wl0.1_wep=disabled
0:mcsbw205glpo=4282662912
0:measpower1=0x7f
wl0_auth_mode=none
0:measpower2=0x7f
wl0_radio_pwrsave_enable=0
wl0.6_hwaddr=EE:1A:59:48:90:47
wl1_wme_sta_vo=
boardnum=2040
wl0_crypto=aes
sb/1/antswitch=0
wl1_wds=
wl0_txchain=3
0:temps_period=15
0:tssiposslope2g=1
wl1.6_hwaddr=EE:1A:59:48:90:4A
0:macaddr=EC:1A:59:48:90:44
wl1_vlan_prio_mode=
0:aga0=71
wl1_wds_timeout=
0:rxgainerr5g=0xffff,0xffff,0xffff,0xffff
0:aga1=133
0:mcsbw805gmpo=3999678464
0:aga2=133
wl1_radio_pwrsave_stas_assoc_check=0
0:mcsbw205ghpo=3999678464
size: 10568 bytes (22200 left)
&lt;/pre&gt;|}}&lt;noinclude&gt;[[Category:Belkin]]&lt;/noinclude&gt;</text>
      <sha1>h1pwzkq53441yrnl53ppe3zx8dg4ccn</sha1>
    </revision>
  </page>