<page>
    <title>Belkin F9K1105 v1/Serial info</title>
    <ns>0</ns>
    <id>27193</id>
    <revision>
      <id>77245</id>
      <parentid>77241</parentid>
      <timestamp>2020-05-26T00:13:03Z</timestamp>
      <contributor>
        <username>DarkShadow</username>
        <id>3096572</id>
      </contributor>
      <comment>fixed</comment>
      <origin>77245</origin>
      <model>wikitext</model>
      <format>text/x-wiki</format>
      <text bytes="8217" sha1="i9ikb57s5j9gvrn33gk0jouc7fk1ym2" xml:space="preserve">{{SCollapse
| boot log
| &lt;pre&gt;
Decompressing...done
Init Arena
Init Devs.
Boot partition size = 131072(0x20000)
Found a 8MB ST compatible serial flash
et0: Broadcom BCM47XX 10/100/1000 Mbps Ethernet Controller 5.60.127.10 
CPU type 0x19749: 530MHz
Tot mem: 65536 KBytes

CFE mem:    0x80700000 - 0x807A0220 (655904)
Data:       0x80735E40 - 0x80739060 (12832)
BSS:        0x80739060 - 0x8073A220 (4544)
Heap:       0x8073A220 - 0x8079E220 (409600)
Stack:      0x8079E220 - 0x807A0220 (8192)
Text:       0x80700000 - 0x80735E3C (220732)


Copying boot params.....
DONE


Bootloader version v0.02 boot_version v0.02
Project name : WG8015G12-AK
Press space bar to cancel startup...
Device eth0:  hwaddr 08-86-3B-45-BB-23, ipaddr 192.168.2.1, mask 255.255.255.0
        gateway not set, nameserver not set
Loader:raw Filesys:raw Dev:flash0.os File: Options:(null)
Loading: ....... 4232460 bytes read
Entry at 0x80001000
Closing network.
Starting program at 0x80001000
Linux version 2.6.22 (tony_fu@SW3SRV2.arcadyan.com.tw) (gcc version 4.1.2) #34 Tue Jun 5 09:27:09 CST 2012
CPU revision is: 00019749
Found a 8MB ST compatible serial flash
wombo_reset set to gpio 22
Determined physical RAM map:
 memory: 04000000 @ 00000000 (usable)
Built 1 zonelists.  Total pages: 16256
Kernel command line: root=/dev/mtdblock2 console=ttyS0,115200 init=/sbin/preinit
Primary instruction cache 32kB, physically tagged, 4-way, linesize 32 bytes.
Primary data cache 32kB, 4-way, linesize 32 bytes.
Synthesized TLB refill handler (20 instructions).
Synthesized TLB load handler fastpath (32 instructions).
Synthesized TLB store handler fastpath (32 instructions).
Synthesized TLB modify handler fastpath (31 instructions).
PID hash table entries: 256 (order: 8, 1024 bytes)
CPU: BCM5357 rev 2 at 530 MHz
Using 265.000 MHz high precision timer.
Dentry cache hash table entries: 8192 (order: 3, 32768 bytes)
Inode-cache hash table entries: 4096 (order: 2, 16384 bytes)
Memory: 60312k/65536k available (2815k kernel code, 5160k reserved, 1140k data, 176k init, 0k highmem)
Mount-cache hash table entries: 512
NET: Registered protocol family 16
SCSI subsystem initialized
usbcore: registered new interface driver usbfs
usbcore: registered new interface driver hub
usbcore: registered new device driver usb
PCI: no core
PCI: Fixing up bus 0
Time: MIPS clocksource has been installed.
NET: Registered protocol family 2
IP route cache hash table entries: 1024 (order: 0, 4096 bytes)
TCP established hash table entries: 2048 (order: 2, 16384 bytes)
TCP bind hash table entries: 2048 (order: 1, 8192 bytes)
TCP: Hash tables configured (established 2048 bind 2048)
TCP reno registered
gpio_init 156
VFS: Disk quotas dquot_6.5.1
Dquot-cache hash table entries: 1024 (order 0, 4096 bytes)
squashfs: version 3.2-r2 (2007/01/15) Phillip Lougher
fuse init (API version 7.8)
io scheduler noop registered (default)
Serial: 8250/16550 driver $Revision: 1.1.1.1 $ 4 ports, IRQ sharing disabled
serial8250: ttyS0 at MMIO 0x0 (irq = 8) is a 16550A
loop: module loaded
PPP generic driver version 2.4.2
PPP MPPE Compression module registered
NET: Registered protocol family 24
pflash: found no supported devices
sflash: squash filesystem with lzma found at block 1722
Creating 4 MTD partitions on &quot;sflash&quot;:
0x00000000-0x00030000 : &quot;boot&quot;
0x00030000-0x007f0000 : &quot;linux&quot;
0x001aeb94-0x007f0000 : &quot;rootfs&quot;
0x007f0000-0x00800000 : &quot;nvram&quot;
usbmon: debugfs is not available
GACT probability on
Mirror/redirect action on
u32 classifier
    input device check on 
    Actions configured 
Netfilter messages via NETLINK v0.30.
nf_conntrack version 0.5.0 (512 buckets, 4096 max)
ctnetlink v0.93: registering with nfnetlink.
BCM fast NAT: INIT
ip_tables: (C) 2000-2006 Netfilter Core Team
ClusterIP Version 0.8 loaded successfully
arp_tables: (C) 2002 David S. Miller
TCP cubic registered
NET: Registered protocol family 1
NET: Registered protocol family 17
Ebtables v2.0 registered
802.1Q VLAN Support v1.8 Ben Greear &lt;greearb@candelatech.com&gt;
All bugs added by David S. Miller &lt;davem@redhat.com&gt;
VFS: Mounted root (squashfs filesystem) readonly.
Freeing unused kernel memory: 176k freed
Warning: unable to open an initial console.
Failed to execute /init
Algorithmics/MIPS FPU Emulator v1.5
[sighandler]: No more events to be processed, quitting.
[cleanup]: Waiting for children.
[cleanup]: All children terminated.
insmod: emf.ko: no module by that name found
insmod: igs.ko: no module by that name found
insmod: bcm57xx.ko: no module by that name found
insmod: usbcore.ko: no module by that name found
wl1 is up in 0 sec
Hit enter to continue...vlan2: Operation not supported
eth1: Operation not supported
eth1: Operation not supported
eth1: Invalid argument
wlconf: PHYTYPE: 4
eth1: Invalid argument
eth1: Invalid argument
eth1: Operation not supported
eth1: Invalid argument
eth1: Invalid argument
eth1: Invalid argument
eth1: Invalid argument
eth1: Invalid argument
eth1: Invalid argument
eth1: Invalid argument
eth1: Invalid argument
eth1: Invalid argument
eth1: Invalid argument
eth1: Invalid argument
eth1: Invalid argument
eth1: Invalid argument
eth1: Invalid argument
eth1: Invalid argument
eth1: Invalid argument
eth1: Invalid argument
eth1: Invalid argument
eth1: Invalid argument
eth1: Invalid argument
eth1: Invalid argument
eth1: Invalid argument
eth1: Invalid argument
wlconf: PHYTYPE: 4
eth2: Invalid argument
eth2: Operation not supported
eth2: Invalid argument
eth2: Invalid argument
eth2: Invalid argument
eth2: Invalid argument
eth2: Invalid argument
NET: Setting wl0.1 hw addr to 0A:86:3B:45:BB:24
NET: Error setting hw for wl0.1; returned -1
HTTPD: main(1136) 
killall: wps_monitor: no process killed
killall: wps_ap: no process killed
killall: wps_enr: no process killed
UPnP daemon is ready to run
mkdir: cannot create directory '/tmp/mnt': File exists
mkdir: cannot create directory '/tmp/etc': File exists
mkdir: cannot create directory '/tmp/etc/sysconfig': File exists
Starting HotPlug:                       /usr/sbin/hotplugd -D -f
Starting jcpd daemon:                   /usr/sbin/jcpd
insmod: cannot insert '/lib/modules/2.6.22/kernel/drivers/usb/host/ehci-hcd.ko': Invalid parameters (17): Invalid argument


share memory key=74565 successful id on creating=32769

original zone=GMT-1
modified dst=GMT
udhcpd_main(138): udhcp server (v0.9.8) started
read_conf_data(133):  dhcp_client_list_num :[1]

udhcpd_main(138): udhcp server (v0.9.8) started
[start_wan 1157], ifconfig vlan1 up
vlan1: Operation not supported
udhcpc_main(438): udhcp client (v0.9.8) started
original zone=GMT-1
modified dst=GMT
vlan1 dhcp
vlan1: No such process
Stop DDNS service!
Hit enter to continue...Starting Samba:                         /usr/sbin/smbd -D
                                        /usr/sbin/nmbd -D
Setting SSID: &quot;belkin.b23&quot;
main(1300) wl -i eth1 ssid -C 10 belkin.b23
Setting SSID: &quot;belkin.b23.5GHz&quot;
main(1312) wl -i eth2 ssid -C 15 belkin.b23.5GHz

start_wl(1015) reStart the Wireless, lan_ifNames=vlan2 eth1 eth2  
start_wl(1074), vlan2 start up
start_wl(1076), eth1 start up
start_wl(1079), eth2 start up
guest enable, restart eth1
eth1: Operation not supported
eth1: Operation not supported
eth1: Invalid argument
wlconf: PHYTYPE: 4
eth1: Invalid argument
eth1: Invalid argument
eth1: Operation not supported
eth1: Invalid argument
eth1: Invalid argument
eth1: Invalid argument
eth1: Invalid argument
eth1: Invalid argument
eth1: Invalid argument
eth1: Invalid argument
eth1: Invalid argument
eth1: Invalid argument
Starting sxuptpd
eth1: Invalid argument
Initializing USB port mode:
 port1 = NAS
 port2 = NAS
eth1: Invalid argument
Starting usbjcpd
eth1: Invalid argument
eth1: Invalid argument
Hit enter to continue...eth1: Invalid argument
eth1: Invalid argument
eth1: Invalid argument
eth1: Invalid argument
eth1: Invalid argument
eth1: Invalid argument
eth1: Invalid argument
eth1: Invalid argument
eth1: Invalid argument
eth1: Invalid argument
Hit enter to continue...original zone=GMT-1
modified dst=GMT
Portrd: Add iptable command:
iptables -t nat -A POSTROUTING -s 192.168.2.0/24 -o vlan1 -j MASQUERADE
iptables -t nat -A POSTROUTING -s 192.168.169.0/24 -o vlan1 -j MASQUERADE
&lt;/pre&gt;|}}&lt;noinclude&gt;[[Category:Belkin]]&lt;/noinclude&gt;</text>
      <sha1>i9ikb57s5j9gvrn33gk0jouc7fk1ym2</sha1>
    </revision>
  </page>