<page>
    <title>Belkin F9K1107/Serial info</title>
    <ns>0</ns>
    <id>27265</id>
    <revision>
      <id>274243</id>
      <parentid>274242</parentid>
      <timestamp>2023-03-30T16:57:38Z</timestamp>
      <contributor>
        <username>DarkShadow</username>
        <id>3096572</id>
      </contributor>
      <comment>fixed:)</comment>
      <origin>274243</origin>
      <model>wikitext</model>
      <format>text/x-wiki</format>
      <text bytes="7909" sha1="7k2xhg8nq0t0vwv89kkqi99nfockrv1" xml:space="preserve">{{navbar|:Belkin F9K1107/Serial info|text=Serial info}}
===Info derived from===
{{SCollapse|boot log
|&lt;small&gt;&lt;pre&gt;
========== SPI =============
SDRAM CLOCK:156MHZ
 ------------------------- Force into Single IO Mode ------------------------
|No chipID  Sft chipSize blkSize secSize pageSize sdCk opCk      chipName    |
| 0 c22016h  0h  400000h  10000h   1000h     100h   86   78      MX25L3205D/E|
 ----------------------------------------------------------------------------

---RealTek(RTL8196C)at 2011.08.23-13:05+0800 version v1.1f [16bit](390MHz)
no rootfs signature at 00010000!
no rootfs signature at 00020000!
no rootfs signature at 00060000!
Scanning Flash Section 0...
Scanning Flash Section 1...
Flash Sector Number : 64.

***************************************************
    Sercomm Boot Version 1.9.0.0

***************************************************
Entering Firmware : Everything is OK.
Jump to image start=0x80500000...
decompressing kernel:
Uncompressing Linux... done, booting the kernel.
done decompressing kernel.
start address: 0x80003770
Dentry cache hash table entries: 4096 (order: 2, 16384 bytes)
Inode-cache hash table entries: 2048 (order: 1, 8192 bytes)
Memory: 26468k/32768k available (2318k kernel code, 
6300k reserved, 498k data, 100k init, 0k highmem)
Calibrating delay loop... 388.30 BogoMIPS (lpj=1941504)
Mount-cache hash table entries: 512
net_namespace: 524 bytes
NET: Registered protocol family 16
bio: create slab &lt;bio-0&gt; at 0
NET: Registered protocol family 2
IP route cache hash table entries: 1024 (order: 0, 4096 bytes)
TCP established hash table entries: 1024 (order: 1, 8192 bytes)
TCP bind hash table entries: 1024 (order: 0, 4096 bytes)
TCP: Hash tables configured (established 1024 bind 1024)
TCP reno registered
NET: Registered protocol family 1
squashfs: version 4.0 (2009/01/31) Phillip Lougher
msgmni has been set to 51
io scheduler noop registered
io scheduler cfq registered (default)
Realtek GPIO Driver for Flash Reload Default
Serial: 8250/16550 driver, 1 ports, IRQ sharing disabled
serial8250: ttyS0 at MMIO 0x18002000 (irq = 23) is a 16550A
PPP generic driver version 2.4.2
MPPE/MPPC encryption/compression module registered
NET: Registered protocol family 24
RTL8192C/RTL8188C driver version 1.6 (2011-07-18)
=====&gt;&gt;INSIDE rtl8192cd_init_one &lt;&lt;=====
96C - 40MHz Clock Source
vendor_deivce_id=819310ec
=====&gt;&gt;EXIT rtl8192cd_init_one &lt;&lt;=====
=====&gt;&gt;INSIDE rtl8192cd_init_one &lt;&lt;=====
vendor_deivce_id=819310ec
=====&gt;&gt;EXIT rtl8192cd_init_one &lt;&lt;=====
Probing RTL8186 10/100 NIC-kenel stack size order[3]...
chip name: 8196C, chip revid: 0
  Set 8196C PHY Patch OK
NOT YET
Set threshould idx 0
eth0 added. vid=9 Member port 0x1...
eth1 added. vid=8 Member port 0x10...
eth2 added. vid=9 Member port 0x2...
eth3 added. vid=9 Member port 0x4...
eth4 added. vid=9 Member port 0x8...
[peth0] added, mapping to [eth1]...
SPI INIT
 ========================= Registed SPI Flash Model =========================
|No chipID  Sft chipSize blkSize secSize pageSize sdCk opCk      chipName    |
| 0 c22016h  0h  400000h  10000h   1000h     100h   86    0      MX25L3205D/E|
 ============================================================================
SPI flash(MX25L3205D/E) was found at CS0, size 0x400000
Creating 7 MTD partitions on &quot;flash_bank_1&quot;:
0x000000000000-0x000000020000 : &quot;bootloader&quot;
0x000000020000-0x000000140000 : &quot;Kernel&quot;
0x000000140000-0x0000003c0000 : &quot;rootfs&quot;
0x0000003c0000-0x0000003d0000 : &quot;nvram&quot;
0x0000003d0000-0x0000003e0000 : &quot;nv_default&quot;
0x0000003e0000-0x0000003f0000 : &quot;crash_log&quot;
0x0000003f0000-0x000000400000 : &quot;reserve&quot;
nf_conntrack version 0.5.0 (512 buckets, 2048 max)
ip_tables: (C) 2000-2006 Netfilter Core Team
TCP cubic registered
NET: Registered protocol family 17
Netlink[Kernel] create socket for igmp ok.
VFS: Mounted root (squashfs filesystem) readonly on device 31:2.
Freeing unused kernel memory: 100k freed
init started:  BusyBox v1.1.0 (2011.08.12-03:13+0000) multi-call binary
Starting pid 17, console /dev/console: '/etc/rcS'
led_pb_api: module license 'Sercomm' taints kernel.
Disabling lock debugging due to kernel taint
Register LED ID &lt;40&gt;
Register LED ID &lt;41&gt;
Register LED ID &lt;45&gt;
Register LED ID &lt;46&gt;
Register LED ID &lt;91&gt;
Register LED ID &lt;90&gt;
min_time=1,max_time=10,
start syslog...
syslog_cmd=
start dhcpd...
device wlan0 entered promiscuous mode
device wlan1 entered promiscuous mode
IRQ 11/wlan0: IRQF_DISABLED is not guaranteed on shared IRQs
[PHY_ConfigMACWithParaFile][MACPHY_REG]
&gt;&gt;&gt; 92D load PHYREG
**********************************
** NOTE!! RTL8192D INTERNAL PA! **
**********************************
[phy_RF6052_Config_ParaFile][radio_a_intPA]
[phy_RF6052_Config_ParaFile][radio_b_intPA]
===&gt; Load_92D_Firmware
Firmware check 8005(0)
[Load_92D_Firmware][rtl8192dfw_n]
&lt;=== Load_92D_Firmware
&gt;&gt; IQK_92D_5G_n
br0: port 1(wlan0) entering learning state
br0: port 1(wlan0) entering forwarding state
start_crond config = /tmp/cron.cfg
start httpd...
success.
Find DB for id==40
success.
success.
killall: igd_upnpd: no process killed
start dhcpd...
start printk...
Starting pid 391, console /dev/console: '/bin/sh'

BusyBox v1.1.0 (2011.08.12-03:13+0000) Built-in shell (ash)
Enter 'help' for a list of built-in commands.
~ #
&lt;/pre&gt;&lt;/small&gt;}}

{{SCollapse|ps w
|&lt;small&gt;&lt;pre&gt;
~ # ps w
  PID  Uid     VmSize Stat Command
    1 root        324 S   init
    2 root            SW&lt; [kthreadd]
    3 root            SW&lt; [ksoftirqd/0]
    4 root            SW&lt; [events/0]
    5 root            SW&lt; [khelper]
    6 root            SW&lt; [async/mgr]
    7 root            SW&lt; [kblockd/0]
    8 root            SW  [pdflush]
    9 root            SW&lt; [kswapd0]
   14 root            SW&lt; [mtdblockd]
   35 root        228 S   /usr/sbin/pb_app 90 91 10 100
   51 root        256 S   /sbin/klogd
   60 root        268 S   /sbin/syslogd -f /tmp/syslog.conf
  246 root        288 S   /usr/sbin/network_status -f /tmp/network_status.cfg
  266 root        192 S   /usr/sbin/wsc_daemon
  313 root        208 S   /usr/sbin/ntp -z GMT-08:00:5 -h 192.43.244.18 -b 132.
  328 root        112 S   /usr/sbin/cmd_agent
  331 root        328 S   /usr/sbin/crond -f /tmp/cron.cfg
  347 root        268 S   /usr/sbin/mini_httpd -d /tmp/www -c *.cgi -t 600
  353 root        484 S   /usr/sbin/dnrd -f /tmp/dnrd.cfg -c 1000
  368 root        372 S   /usr/sbin/igd_upnpd -f /tmp/miniupnpd.conf
  373 root        252 S   /usr/sbin/lld2 br0
  389 root        288 S   /usr/sbin/igmpproxy eth1 br0 -D
  391 root        412 S   /bin/sh
  411 root        292 S   /usr/sbin/udhcpc -i eth1 -s /etc/udhcpc.script
  475 root        356 S   sh -c /sbin/rc dhcpd restart
  481 root        332 R   ps w
  483 root        304 S   /usr/sbin/udhcpd /var/udhcpd.conf
&lt;/pre&gt;&lt;/small&gt;}}

====cat /proc/version====
&lt;pre&gt;
~ # cat /proc/version
Linux version 2.6.30.9 (phil@sbu-ii-1-server) 
(gcc version 3.4.6-1.3.6) #177 Wed Sep 21 18:13:52 CST 2011
&lt;/pre&gt;

====netstat -l====
&lt;small&gt;&lt;pre&gt;
~ # netstat -l
Active Internet connections (only servers)
Proto Recv-Q Send-Q Local Address           Foreign Address         State
tcp        0      0 *:80                    *:*                     LISTEN
tcp        0      0 *:23481                 *:*                     LISTEN
udp        0      0 *:53                    *:*
udp        0      0 *:67                    *:*
udp        0      0 *:1900                  *:*
udp        0      0 10.0.0.1:59757          *:*
raw     1152      0 *:2                     *:*                     0
Active UNIX domain sockets (only servers)
Proto RefCnt Flags       Type       State         I-Node Path
&lt;/pre&gt;&lt;/small&gt;

====cat /proc/cpuinfo====
&lt;pre&gt;
/proc # cat cpuinfo
system type             : RTL8196C
processor               : 0
cpu model               : 52481
BogoMIPS                : 388.30
tlb_entries             : 32
mips16 implemented      : yes
&lt;/pre&gt;&lt;noinclude&gt;[[Category:Belkin]] __NOTOC__&lt;/noinclude&gt;</text>
      <sha1>7k2xhg8nq0t0vwv89kkqi99nfockrv1</sha1>
    </revision>
  </page>