<page>
    <title>CANYON CNP-WF514N3A/Serial info</title>
    <ns>0</ns>
    <id>45110</id>
    <revision>
      <id>347795</id>
      <parentid>347789</parentid>
      <timestamp>2023-12-17T21:41:07Z</timestamp>
      <contributor>
        <username>DarkShadow</username>
        <id>3096572</id>
      </contributor>
      <minor/>
      <comment>DarkShadow moved page [[Canyon CNP-WF514N3A/Serial info]] to [[CANYON CNP-WF514N3A/Serial info]]</comment>
      <origin>347789</origin>
      <model>wikitext</model>
      <format>text/x-wiki</format>
      <text bytes="8070" sha1="j0o11hm5ue9el9mmpmqgq0mgx47icqf" xml:space="preserve">{{navbar|:Canyon CNP-WF514N3A/Serial info|text=Serial info}}
{{SCollapse
| bootlog â€¢ &gt;&gt;
| &lt;pre&gt;
CNP-WF514N3A mips #1 Fri Sep 3 12:18:20 CST 2010 (none)
CNP-WF514N3A login:

U-Boot 1.1.4 (Sep  3 2010 - 12:22:02)

AP83 (ar9100) U-boot 0.0.11
DRAM: 
sri
32 MB
id read 0x100000ff
flash size 8MB, sector count = 128
Flash:  8 MB
Using default environment

In:    serial
Out:   serial
Err:   serial
Net:   ag7100_enet_initialize...
No valid address in Flash. Using fixed address
: cfg1 0xf cfg2 0x7114
eth0: 00:03:7f:09:0b:ad
eth0 up
eth0
Autobooting in 1 seconds## Booting image at bf020000 ...
   Uncompressing Kernel Image ... OK

Starting kernel ...

Linux version 2.6.15--LSDK-6.1.1.40 gcc version 3.4.4 #1 Fri Sep 3 12:18:20 CST 2010
flash_size passed from bootloader = 8
CPU revision is: 00019374
Determined physical RAM map:
 memory: 02000000 @ 00000000 (usable)
Built 1 zonelists
Kernel command line: console=ttyS0,115200 root=31:2 rootfstype=squashfs init=/sbin/init
Primary instruction cache 64kB, physically tagged, 4-way, linesize 32 bytes.
Primary data cache 32kB, 4-way, linesize 32 bytes.
Synthesized TLB refill handler (20 instructions).
Synthesized TLB load handler fastpath (32 instructions).
Synthesized TLB store handler fastpath (32 instructions).
Synthesized TLB modify handler fastpath (31 instructions).
Cache parity protection disabled
PID hash table entries: 256 (order: 8, 4096 bytes)
Using 200.000 MHz high precision timer.
Dentry cache hash table entries: 8192 (order: 3, 32768 bytes)
Inode-cache hash table entries: 4096 (order: 2, 16384 bytes)
Memory: 30148k/32768k available (1406k kernel code, 2604k reserved, 293k data, 112k init, 0k highmem)
Mount-cache hash table entries: 512
Checking for 'wait' instruction...  available.
NET: Registered protocol family 16
Jumpstart button pressed.
SCSI subsystem initialized
AR7100 GPIOC major 0
squashfs: version 3.3 (2007/10/31) Phillip Lougher
squashfs: LZMA suppport for slax.org by jro
Initializing Cryptographic API
io scheduler noop registered
io scheduler deadline registered
Serial: 8250/16550 driver $Revision: #1 $ 1 ports, IRQ sharing disabled
serial8250.0: ttyS0 at MMIO 0x0 (irq = 19) is a 16550A
RAMDISK driver initialized: 1 RAM disks of 8192K size 1024 blocksize
PPP generic driver version 2.4.2
PPPoX init, max protocols:3
NET: Registered protocol family 24
pppox protocol 0 register. max:3
cmdlinepart partition parsing not available
Searching for RedBoot partition table
5 RedBoot partitions found on MTD device ar7100-nor0
Creating 5 MTD partitions on &quot;ar7100-nor0&quot;:
0x00000000-0x00020000 : &quot;boot&quot;
0x00020000-0x00120000 : &quot;kernel&quot;
0x00120000-0x007e0000 : &quot;rootfs&quot;
0x007e0000-0x007f0000 : &quot;config&quot;
0x007f0000-0x00800000 : &quot;art&quot;
-&gt;Oops: flash id 0x10216 .
NET: Registered protocol family 2
IP route cache hash table entries: 512 (order: -1, 2048 bytes)
TCP established hash table entries: 2048 (order: 1, 8192 bytes)
TCP bind hash table entries: 2048 (order: 1, 8192 bytes)
TCP: Hash tables configured (established 2048 bind 2048)
TCP reno registered
TCP bic registered
NET: Registered protocol family 1
NET: Registered protocol family 17
802.1Q VLAN Support v1.8 Ben Greear &lt;greearb@candelatech.com&gt;
All bugs added by David S. Miller &lt;davem@redhat.com&gt;
ar7100wdt_init: Registering WDT success
VFS: Mounted root (squashfs filesystem) readonly.
Freeing unused kernel memory: 112k freed
init started:  BusyBox v1.01 (2010.09.17-01:36+0000) multi-call binary
Algorithmics/MIPS FPU Emulator v1.5
This board use 2.6.15
ip_conntrack version 2.4 (256 buckets, 5120 max) - 244 bytes per conntrack
statistics: module license 'BSD' taints kernel.
insmod: cannot open module `/lib/modules/2.6.15/kernel/flashid.ko': No such file or directory
pppox protocol 1 register. max:3
PPPoL2TP kernel driver, V0.17. fixed many bug. drop rcv pkts and xmit pkts while no buffer, use pass time HZ/4.only drop ip pkt. no printk. xl2tpd 15 retries xmit. 08.20
PPTP driver version 0.8.3
pppox protocol 2 register. max:3
insmod: cannot open module `/lib/modules/2.6.15/kernel/harmony.ko': No such file or directory
Now flash open!
Now flash open!
AG7100: Length per segment 1536
AG7100: Max segments per packet 1
AG7100: Max tx descriptor count    40
AG7100: Max rx descriptor count    252
AG7100: fifo cfg 3 00780008

 (none) mips #1 Fri Sep 3 12:18:20 CST 2010 (none)
(none) login: rtl8368s_getAsicPHYRegs(0, 1, 22, &amp;data) return is 0, data is 0x00001000
++ PVID: 0x00000001, bitmap: 0x00000021
++ PVID: 0x00000003, bitmap: 0x0000003e
++ PVID: 0x00000005, bitmap: 0x0000003e
++ PVID: 0x00000007, bitmap: 0x0000003e
++ PVID: 0x00000009, bitmap: 0x0000003e
vtable vid: 0x00000002, bitmap 0x00000022
vtable vid: 0x00000004, bitmap 0x00000024
vtable vid: 0x00000006, bitmap 0x00000026
vtable vid: 0x00000008, bitmap 0x00000028
vtable vid: 0x0000000a, bitmap 0x0000002a
vtable vid: 0x0000000c, bitmap 0x0000002c
vtable vid: 0x0000000e, bitmap 0x0000002e
vtable vid: 0x00000010, bitmap 0x00000030
vtable vid: 0x00000012, bitmap 0x00000032
vtable vid: 0x00000014, bitmap 0x00000034
vtable vid: 0x00000016, bitmap 0x00000036
vtable vid: 0x00000018, bitmap 0x00000038
vtable vid: 0x0000001a, bitmap 0x0000003a
vtable vid: 0x0000001c, bitmap 0x0000003c
vtable vid: 0x0000001e, bitmap 0x0000003e
AG7100: pll reg 0x18050014: 0x1a000000  Writing 4
SIOCETHTOOL
bridge: can't decode speed from eth0: 0
device eth0 entered promiscuous mode
Now flash open!
AG7100: pll reg 0x18050014: 0x1a000000  Writing 4
br0: port 1(eth0) entering learning state
br0: topology change detected, propagating
br0: port 1(eth0) entering forwarding state
ip_conntrack_rtsp v0.01 loading
ip_nat_rtsp v0.01 loading
ath_hal: 0.9.17.1 (AR5416, DEBUG, REGOPS_FUNC, WRITE_EEPROM, 11D)
wlan: 0.8.4.2 (Atheros/multi-bss)
ath_rate_atheros: Copyright (c) 2001-2005 Atheros Communications, Inc, All Rights Reserved
ath_dev: Copyright (c) 2001-2007 Atheros Communications, Inc, All Rights Reserved
ath_ahb: 0.9.4.5 (Atheros/multi-bss)
Howl Revision ID 0xb9 &lt;6&gt;wifi0: Atheros AR9100 WiSoC: mem=0xb80c0000, irq=2
wlan_me: Version 0.1
Copyright (c) 2008 Atheros Communications, Inc. All Rights Reserved
wlan: mac acl policy registered

TP_Flags:6****
The selected channel is 1
Country ie is DE
Country ie is DE
maxrate = 300000
Country ie is DE
br0: port 1(eth0) entering disabled state
AG7100: pll reg 0x18050014: 0x1a000000  Writing 4
br0: port 1(eth0) entering learning state
br0: topology change detected, propagating
br0: port 1(eth0) entering forwarding state
device ath0 entered promiscuous mode
br0: port 2(ath0) entering learning state
br0: topology change detected, propagating
br0: port 2(ath0) entering forwarding state
br0: port 2(ath0) entering disabled state
Country ie is DE
br0: port 2(ath0) entering learning state
br0: topology change detected, propagating
br0: port 2(ath0) entering forwarding state
br0: port 2(ath0) entering disabled state

TP_Flags:6****

TP_Flags:0****
Country ie is DE
br0: port 2(ath0) entering learning state
br0: topology change detected, propagating
br0: port 2(ath0) entering forwarding state
fuse init (API version 7.8)
fuse distribution version: 2.7.4
usbcore: registered new driver usbfs
usbcore: registered new driver hub
Port Status c000004
ar7100-ehci ar7100-ehci.0: ATH EHCI
ar7100-ehci ar7100-ehci.0: new USB bus registered, assigned bus number 1
ar7100-ehci ar7100-ehci.0: irq 3, io mem 0x1b000000
hcc_params addr 0xbb000108 val 0x6 hcs_params addr 0xbb000104 val 0x10011
ar7100-ehci ar7100-ehci.0: USB 2.0 started, EHCI 1.00, driver 10 Dec 2004
hub 1-0:1.0: USB hub found
hub 1-0:1.0: 1 port detected
Initializing USB Mass Storage driver...
usbcore: registered new driver usb-storage
USB Mass Storage support registered.
SIOCENABLEFWD
Inteference detected
rx_clear=100, rx_frame=0, tx_frame=0
ath_bstuck_tasklet... Calling ath_internal reset
erase 0xbf020000 +7c0000
Password:
Login incorrect
CNP-WF514N3A login:
CNP-WF514N3A login: admin
login: no valid shadow password

 CNP-WF514N3A mips #1 Fri Sep 3 12:18:20 CST 2010 (none)
CNP-WF514N3A login:
&lt;/pre&gt;|}}
&lt;noinclude&gt;[[Category:Canyon]]&lt;/noinclude&gt;</text>
      <sha1>j0o11hm5ue9el9mmpmqgq0mgx47icqf</sha1>
    </revision>
  </page>