<page>
    <title>D-Link DIR-806A rev A1/Serial info</title>
    <ns>0</ns>
    <id>27886</id>
    <revision>
      <id>79728</id>
      <timestamp>2020-06-26T16:01:59Z</timestamp>
      <contributor>
        <username>DarkShadow</username>
        <id>3096572</id>
      </contributor>
      <comment>add data</comment>
      <origin>79728</origin>
      <model>wikitext</model>
      <format>text/x-wiki</format>
      <text bytes="1252" sha1="fn93prndlpyy8d7yzqu8giyxcm8y9sd" xml:space="preserve">
&lt;small&gt;&lt;pre&gt;
$ cat /proc/version
Linux version 2.6.30.9 (builder@rd) (gcc version 4.4.5-1.5.5p4 (GCC)) 
 #1 Fri Apr 24 15:18:22 MSK 2015

$ cat cpuinfo
system type             : RTL8881a
processor               : 0
cpu model               : 56322
BogoMIPS                : 519.37
hardware watchpoint     : no
tlb_entries             : 64
mips16 implemented      : yes

$ cat meminfo
MemTotal:          53724 kB
MemFree:           36248 kB
Buffers:            1760 kB
Cached:             6092 kB
SwapCached:            0 kB
Active:             4036 kB
Inactive:           5300 kB
Active(anon):       1484 kB
Inactive(anon):        0 kB
Active(file):       2552 kB
Inactive(file):     5300 kB
SwapTotal:             0 kB
SwapFree:              0 kB
Dirty:                 0 kB
Writeback:             0 kB
AnonPages:          1496 kB
Mapped:             1580 kB
Slab:               7468 kB
SReclaimable:        440 kB
SUnreclaim:         7028 kB
PageTables:          192 kB
NFS_Unstable:          0 kB
Bounce:                0 kB
WritebackTmp:          0 kB
CommitLimit:       26860 kB
Committed_AS:       3732 kB
VmallocTotal:    1048404 kB
VmallocUsed:         328 kB
VmallocChunk:    1045688 kB
&lt;/pre&gt;&lt;/small&gt;&lt;noinclude&gt;[[Category:D-Link]]&lt;/noinclude&gt;</text>
      <sha1>fn93prndlpyy8d7yzqu8giyxcm8y9sd</sha1>
    </revision>
  </page>