<page>
    <title>D-Link DAP-1533 rev A1/Serial info</title>
    <ns>0</ns>
    <id>27504</id>
    <revision>
      <id>78756</id>
      <timestamp>2020-06-19T13:13:14Z</timestamp>
      <contributor>
        <username>DarkShadow</username>
        <id>3096572</id>
      </contributor>
      <comment>add data</comment>
      <origin>78756</origin>
      <model>wikitext</model>
      <format>text/x-wiki</format>
      <text bytes="14270" sha1="kse2w7mf9zxe0vkravwxs3hma1ll6ik" xml:space="preserve">{{SCollapse|Boot log
|&lt;small&gt;&lt;pre&gt;
U-Boot 1.1.4 Rev: 20 (Nov  9 2011 - 19:56:29)

U-boot DB120


DRAM:  128 MB
Top of RAM usable for U-Boot at: 88000000
Reserving 162k for U-Boot at: 87fd4000
Reserving 192k for malloc() at: 87fa4000
Reserving 44 Bytes for Board Info at: 87fa3fd4
Reserving 36 Bytes for Global Data at: 87fa3fb0
Reserving 128k for boot params() at: 87f83fb0
Stack Pointer at: 87f83f98
Now running in RAM - U-Boot at: 87fd4000
id read 0x100000ff
flash size 8MB, sector count = 128
Flash:  8 MB
Using default environment

In:    serial
Out:   serial
Err:   serial
Net:   ag934x_enet_initialize...
No valid address in Flash. Using fixed address
 wasp  reset mask:c03300 
WASP  ----&gt; S17 PHY *
: cfg1 0x7 cfg2 0x7114
eth0: 00:03:7f:09:0b:ae
athrs17_reg_init: complete
eth0 up
eth0
Hit any key to stop autoboot:  2  1  0 
## Booting image at 9f030000 ...
   Image Name:   Linux Kernel Image
   Created:      2012-03-13  12:33:41 UTC
   Image Type:   MIPS Linux Kernel Image (lzma compressed)
   Data Size:    1126377 Bytes =  1.1 MB
   Load Address: 80002000
   Entry Point:  8024c9e0
   Verifying Checksum at 0x9f030040 ...OK
   Uncompressing Kernel Image ... OK
No initrd
## Transferring control to Linux (at address 8024c9e0) ...
## bootargs 0: console=ttyS0,115200 root=31:03 mem=128M rootfstype=squashfs,jffs2 init=/sbin/init mtdparts=ath-nor0:128k(u-boot),64k(nvram),1536k(linux),6144k(rootfs),192k(LANG),64k(MAC),64k(ART)...
## bootargs @A7F83FB0: console=ttyS0,115200 root=31:03 mem=128M rootfstype=squashfs,jffs2 init=/sbin/init mtdparts=ath-nor0:128k(u-boot),64k(nvram),7680k(linux4),6528k@0x00150000(rootfs),192k(LANG),64k(MAC),64k(ART)...
## Giving linux memsize in bytes, 134217728

Starting kernel ...

Booting Atheros AR934x

Linux version 2.6.31--LSDK-9.2.0_U8.834 (root@david-VM) (gcc version 4.3.3 (GCC) ) #25 Tue Mar 13 20:26:18 CST 2012
flash_size passed from bootloader = 8
arg 1: console=ttyS0,115200
arg 2: root=31:03
arg 3: mem=128M
arg 4: rootfstype=squashfs,jffs2
arg 5: init=/sbin/init
arg 6: mtdparts=ath-nor0:128k(u-boot),64k(nvram),7680k(linux4),6528k@0x00150000(rootfs),192k(LANG),64k(MAC),64k(ART)
CPU revision is: 0001974c (MIPS 74Kc)
ath_sys_frequency: cpu srif ddr srif cpu 560 ddr 480 ahb 240
Determined physical RAM map:
 memory: 02000000 @ 00000000 (usable)
User-defined physical RAM map:
 memory: 08000000 @ 00000000 (usable)
Initrd not found or empty - disabling initrd
Zone PFN ranges:
  Normal   0x00000000 -&gt; 0x00008000
Movable zone start PFN for each node
early_node_map[1] active PFN ranges
    0: 0x00000000 -&gt; 0x00008000
Built 1 zonelists in Zone order, mobility grouping on.  Total pages: 32512
Kernel command line: console=ttyS0,115200 root=31:03 mem=128M rootfstype=squashfs,jffs2 init=/sbin/init mtdparts=ath-nor0:128k(u-boot),64k(nvram),7680k(linux4),6528k@0x00150000(rootfs),192k(LANG),64k(MAC),64k(ART) 
PID hash table entries: 512 (order: 9, 2048 bytes)
Dentry cache hash table entries: 16384 (order: 4, 65536 bytes)
Inode-cache hash table entries: 8192 (order: 3, 32768 bytes)
Primary instruction cache 64kB, VIPT, 4-way, linesize 32 bytes.
Primary data cache 32kB, 4-way, VIPT, cache aliases, linesize 32 bytes
Writing ErrCtl register=00000000
Readback ErrCtl register=00000000
Memory: 126464k/131072k available (2376k kernel code, 4424k reserved, 657k data, 144k init, 0k highmem)
NR_IRQS:128
plat_time_init: plat time init done
Calibrating delay loop... 279.55 BogoMIPS (lpj=559104)
Mount-cache hash table entries: 512
NET: Registered protocol family 16
PCI init:ath_pcibios_init
ath_pcibios_init(294): PCI CMD write: 0x356
registering PCI controller with io_map_base unset
bio: create slab &lt;bio-0&gt; at 0
SCSI subsystem initialized
pci 0000:00:00.0: PME# supported from D0 D1 D3hot
pci 0000:00:00.0: PME# disabled
Returning IRQ 64
NET: Registered protocol family 2
IP route cache hash table entries: 1024 (order: 0, 4096 bytes)
TCP established hash table entries: 4096 (order: 3, 32768 bytes)
TCP bind hash table entries: 4096 (order: 2, 16384 bytes)
TCP: Hash tables configured (established 4096 bind 4096)
TCP reno registered
NET: Registered protocol family 1
ATH GPIOC major 0
athwdt_init: Registering WDT success
20000000, 1312D00, USEC_PER_SEC: 1000000,ath_ahb_freq: 240000000
squashfs: version 4.0 (2009/01/31) Phillip Lougher
msgmni has been set to 247
alg: No test for lzma (lzma-generic)
alg: No test for stdrng (krng)
io scheduler noop registered
io scheduler deadline registered (default)
HDLC line discipline maxframe=4096
N_HDLC line discipline registered.
Serial: 8250/16550 driver, 1 ports, IRQ sharing disabled
serial8250.0: ttyS0 at MMIO 0xb8020000 (irq = 19) is a 16550A
console [ttyS0] enabled
brd: module loaded
7 cmdlinepart partitions found on MTD device ath-nor0
Creating 7 MTD partitions on &quot;ath-nor0&quot;:
0x000000000000-0x000000020000 : &quot;u-boot&quot;
0x000000020000-0x000000030000 : &quot;nvram&quot;
0x000000030000-0x0000007b0000 : &quot;linux4&quot;
0x000000150000-0x0000007b0000 : &quot;rootfs&quot;
0x0000007b0000-0x0000007e0000 : &quot;LANG&quot;
0x0000007e0000-0x0000007f0000 : &quot;MAC&quot;
0x0000007f0000-0x000000800000 : &quot;ART&quot;
TCP cubic registered
NET: Registered protocol family 10
lo: Disabled Privacy Extensions
NET: Registered protocol family 17
RPC: Registered udp transport module.
RPC: Registered tcp transport module.
802.1Q VLAN Support v1.8 Ben Greear &lt;greearb@candelatech.com&gt;
All bugs added by David S. Miller &lt;davem@redhat.com&gt;
arch/mips/atheros/gpio.c (ath_simple_config_init) JUMPSTART_GPIO: 16
arch/mips/atheros/gpio.c: create_ar531x_gpio_proc_entry: WPS_LED GPIO = 12
ath_otp_init: Registering OTP success
ath_clksw_init: Registering Clock Switch Interface success
VFS: Mounted root (squashfs filesystem) readonly on device 31:3.
Freeing unused kernel memory: 144k freed

init started:  BusyBox v1.01 (2012.03.13-12:30+0000) multi-call binary
init NVRAM_SPACE from mtdblock size
init nvram memory map size: 0x10000 order of pages: 0x4
nvram module init:
/dev/nvram major number 225 glues to mtd: &quot;nvram&quot; size: 0x00010000
nvram_space: 0x00010000 mapped via mmap(2)
openfile :/etc/sysinfo
new ver: 1.0
old ver: 1.0
new ver: 1.0
old ver: 1.0
openfile :/etc/sysinfo
init artblock :lan_mac=28:10:7B:CA:77:15 to &quot;sys_lan_mac&quot;
init artblock :wan_mac=28:10:7B:CA:77:16 to &quot;sys_wan_mac&quot;
init artblock :hw_version=A1 to &quot;sys_hw_version&quot;
init artblock :wlan0_domain=0x37 to &quot;sys_wlan0_domain&quot;
ATHR_GMAC: Length per segment 1536
ATHR_GMAC: fifo cfg 3 01f00140
ATHR_GMAC: RX TASKLET - Pkts per Intr:16
ATHR_GMAC: Mac address for unit 0:bfff0000
ATHR_GMAC: ff:ff:ff:ff:ff:ff 
ATHR_GMAC: Max segments per packet :   1
ATHR_GMAC: Max tx descriptor count :   40
ATHR_GMAC: Max rx descriptor count :   232
ATHR_GMAC: Mac capability flags    :   2381
athr_gmac_ring_alloc Allocated 640 at 0x87a17c00
athr_gmac_ring_alloc Allocated 3712 at 0x879b8000
WASP  ----&gt; S17 PHY *
Setting Drop CRC Errors, Pause Frames and Length Error frames 
### s17 : set 0x610=0x001bd560 
### s17 : set 0x614=0x80010002 
### s17 : set 0x610=0x001b7fe0 
### s17 : set 0x614=0x80020002 
athrs17_reg_init:done
Setting PHY...
Phy setup Complete
[az] 802.3az init done.. 
[az] 802.3az init done.. 
[az] 802.3az init done.. 
[az] 802.3az init done.. 
[az] 802.3az init done.. 
ADDRCONF(NETDEV_UP): eth0: link is not ready
device eth0 is not a slave of br0
interface eth1 does not exist!
device eth0.1 entered promiscuous mode
device eth0 entered promiscuous mode
AR934x GPIO Controller
################ change to AP or Client mode################
nvram_commit: size crc 10000 erasesize:10000, nvram-&gt;size: 80251640
usbcore: registered new interface driver usbfs
usbcore: registered new interface driver hub
usbcore: registered new device driver usb
ATH_MAC_TIMER: enet unit:0 is up...
RGMii 1000Mbps full duplex
ATH_MAC_TIMER: done cfg2 0x7215 ifctl 0x0 miictrl  
ADDRCONF(NETDEV_CHANGE): eth0: link becomes ready
ehci_hcd: USB 2.0 'Enhanced' Host Controller (EHCI) Driver
Port Status 1c000004 
ath-ehci ath-ehci.0: ATH EHCI
ath-ehci ath-ehci.0: new USB bus registered, assigned bus number 1
ehci_reset Intialize USB CONTROLLER in host mode: 13
ehci_reset Port Status 1c000000 
ath-ehci ath-ehci.0: irq 3, io mem 0x1b000000
ehci_reset Intialize USB CONTROLLER in host mode: 13
ehci_reset Port Status 1c000000 
ath-ehci ath-ehci.0: USB 2.0 started, EHCI 1.00
usb usb1: configuration #1 chosen from 1 choice
hub 1-0:1.0: USB hub found
hub 1-0:1.0: 1 port detected
insmod: cannot open module `/lib/modules/2.6.31--LSDK-9.2.0_U8.834/kernel/drivers/usb/host/ohci-hcd.ko': No such file or directory

Please press Enter to activate this console. ########################## sysinit 
#########################service init 
rc:service_init:init_nvram:start
insmod: cannot insert `/lib/devnvram.ko': File exists (-1): File exists
openfile :/var/etc/nvram.default
rc:service_init:init_nvram:end
configuration_version_control: configuration_version= in NVRAM
configuration_version_control: configuration_version=1.0 in System

=============insert_switch_mod()==============
insert_switch_mod: insmod /lib/modules/2.6.31/net/athrs_gmac.ko
insmod: cannot insert `/lib/modules/2.6.31/net/athrs_gmac.ko': File exists (-1): File exists
device eth0 left promiscuous mode
eth0.1: Cannot assign requested address
device eth0 entered promiscuous mode
eth0.1: Cannot assign requested address
eth0.2: Cannot assign requested address
eth0.2: Cannot assign requested address
device br0 already exists; can't create bridge with the same name
device eth0.1 is already a member of a bridge; can't enslave it to bridge br0.
br0: port 1(eth0.1) entering forwarding state
sh: ./etc/rc.d/pre_customer.sh: not found
Wed Mar 14 17:50:00 UTC 2012
modprobe: could not parse modules.dep

modprobe: could not parse modules.dep

SLIDE on 5GHz Accece Point
/tmp/password has been created
2012-03-14 17:50:00: (network.c.239) warning: please use server.use-ipv6 only for hostnames, not without server.bind / empty address; your config will break if the kernel default for IPV6_V6ONLY changes 
sh: dcc: not found
RC Main Loop: START
rc is BUSY now!
AP Mode or AP Client Mode only need LAN Setting
Start LAN
start_lan():Support AP and Router Mode Switch
killall: udhcpc: no process killed
==========start_ap_lan============
killall: lanmon: no process killed
route_add: ifname=br0,rt_destaddr=0.0.0.0,rt_netmask=0.0.0.0,rt_gateway=192.168.1.1,rt_metric=0
route_add: ifname=lo,rt_destaddr=127.0.0.0,rt_netmask=255.0.0.0,rt_gateway=0.0.0.0,rt_metric=0
##################### wlan1_enable#########################
Loading Wireless Modules: country_Code=276
##########################Loading Wireless Modules: country_Code=276
load DB120
asf: module license 'Proprietary' taints kernel.
Disabling lock debugging due to kernel taint
ath_hal: 0.9.17.1 (AR5416, AR9380, REGOPS_FUNC, WRITE_EEPROM, 11D)
ath_rate_atheros: Copyright (c) 2001-2005 Atheros Communications, Inc, All Rights Reserved
ath_dfs: Version 2.0.0
Copyright (c) 2005-2006 Atheros Communications, Inc. All Rights Reserved
ath_dev: Copyright (c) 2001-2007 Atheros Communications, Inc, All Rights Reserved
ath_pci: 9.2.0_U8.834 (Atheros/multi-bss)
__ath_attach: Set global_scn[0]
ACBKMinfree = 48
ACBEMinfree = 32
ACVIMinfree = 16
ACVOMinfree = 0
CABMinfree = 48
UAPSDMinfree = 0
Restoring Cal data from Flash
eepromVersion: 02, templateVersion: 02
custData: 
[ar9300]TxGainTableApply--OSPREY
dfs_attach: use DFS enhancements
DFS min filter rssiThresh = 18
DFS max pulse dur = 151 ticks
ath_get_caps[4834] rx chainmask mismatch actual 7 sc_chainmak 0
ath_get_caps[4809] tx chainmask mismatch actual 7 sc_chainmak 0
SC Callback Registration for wifi0
wifi0: Atheros 9380: mem=0x10000000, irq=64 hw_base=0xb0000000
DFS min filter rssiThresh = 22
DFS max pulse dur = 151 ticks
Loading Wireless Modules: end
set_wlan_mac: start
set_wlan_mac: end
##################### set client mode ###########################
start_makeVAP: ath_count=0, wds_enable=0, apifnum=0:RF:48:11NAHT40MINUS:1, op_mode=AP
start_makeVAP: Ifnum=0, set_RF=RF, Pri_Ch=48, Ch_Mode=11NAHT40MINUS, pure_mode=1, op_mode=AP
wlan_vap_create : enter. devhandle=0x871002c0, opmode=IEEE80211_M_HOSTAP, flags=0x1
wlan_vap_create : exit. devhandle=0x871002c0, opmode=IEEE80211_M_HOSTAP, flags=0x1.
VAP device ath0 created 
ath0
Invalid command : extoffset
 
 DES SSID SET=dlink 
 ieee80211_ioctl_siwmode: imr.ifm_active=131712, new mode=3, valid=1 
start_makeVAP: end
 
 DES SSID SET=default 
start_activateVAP: ath_count=0, guest_zone=2, netusb_guest_zone=2
device ath0 entered promiscuous mode
br0: port 2(ath0) entering forwarding state
device eth0.1 left promiscuous mode
br0: port 1(eth0.1) entering disabled state
device eth0.1 entered promiscuous mode
br0: port 1(eth0.1) entering forwarding state
Unknown command: 6to4, use subcommands below
  dhcp6c         : dhcp6c command
  rdnssd         : rdnssd command
  autoconfig     : autoconfig mode
  start          : Start AP IPv6 setting
  stop           : Clean AP IPv6 configuration
cli build Dec  9 2011 12:04:53
Unknown command: 6rd, use subcommands below
  dhcp6c         : dhcp6c command
  rdnssd         : rdnssd command
  autoconfig     : autoconfig mode
  start          : Start AP IPv6 setting
  stop           : Clean AP IPv6 configuration
cli build Dec  9 2011 12:04:53
Using Switch Chip to find all mac address
#################################Start WLAN Finished############################
TFTPD start and listen on port 69.
ntp1.dlink.com: Unknown host
usbcore: registered new interface driver sxuptp_generic
usbcore: registered new interface driver sxuptp_ipod
start_route
sh: iptables: not found
sh: iptables: not found
sh: iptables: not found
sh: iptables: not found
sh: iptables: not found
sh: iptables: not found
QoS disabled
Reading topology file /var/tmp/topology.conf ...
409.860: Reading bss configuration file /var/tmp/WSC_ath0.conf ...

 ieee80211_ioctl_siwmode: imr.ifm_active=1376896, new mode=3, valid=1 
br0: port 2(ath0) entering disabled state
Using interface ath0 with hwaddr 28:10:7b:ca:77:15 and ssid 'default'
Failed to kill daemon: No such file or directory
IDLE
rc is IDLE now!
 
 DES SSID SET=default 
br0: port 2(ath0) entering forwarding state
410.661: upnp_wps_device_init called
l2_packet_receive - recvfrom: Network is down
&lt;/pre&gt;&lt;/small&gt;}}&lt;noinclude&gt;[[Category:D-Link]]&lt;/noinclude&gt;</text>
      <sha1>kse2w7mf9zxe0vkravwxs3hma1ll6ik</sha1>
    </revision>
  </page>