<page>
    <title>HP ProLiant Gen8/Serial info</title>
    <ns>0</ns>
    <id>39139</id>
    <revision>
      <id>137784</id>
      <timestamp>2021-12-02T02:29:29Z</timestamp>
      <contributor>
        <username>DarkShadow</username>
        <id>3096572</id>
      </contributor>
      <comment>add data</comment>
      <origin>137784</origin>
      <model>wikitext</model>
      <format>text/x-wiki</format>
      <text bytes="48385" sha1="qhpfxrml4a9ymh7l4i88y03y046of1k" xml:space="preserve">
{{SCollapse|Boot log (Debian 9) â€¢ &gt;&gt;
|&lt;small&gt;&lt;pre&gt;
# dmesg
Linux version 4.9.0-1-amd64 (debian-kernel@lists.debian.org) (gcc version 6.3.0 20170124 (Debian 6.3.0-5) ) #1 SMP Debian 4.9.6-3 (2017-01-28)
Command line: BOOT_IMAGE=/boot/vmlinuz-4.9.0-1-amd64 root=UUID=83d464e8-483c-4bf0-8f04-11d8ab3d2eb0 ro quiet panic=1 console=ttyS0,115200 console=tty0
x86/fpu: Supporting XSAVE feature 0x001: 'x87 floating point registers'
x86/fpu: Supporting XSAVE feature 0x002: 'SSE registers'
x86/fpu: Enabled xstate features 0x3, context size is 576 bytes, using 'standard' format.
x86/fpu: Using 'eager' FPU context switches.
e820: BIOS-provided physical RAM map:
BIOS-e820: [mem 0x0000000000000000-0x00000000000997ff] usable
BIOS-e820: [mem 0x0000000000099800-0x0000000000099bff] reserved
BIOS-e820: [mem 0x000000000009e000-0x000000000009ffff] reserved
BIOS-e820: [mem 0x00000000000f0000-0x00000000000fffff] reserved
BIOS-e820: [mem 0x0000000000100000-0x00000000f1de3fff] usable
BIOS-e820: [mem 0x00000000f1de4000-0x00000000f1dedfff] ACPI data
BIOS-e820: [mem 0x00000000f1dee000-0x00000000f7ffffff] reserved
BIOS-e820: [mem 0x00000000fec00000-0x00000000fee0ffff] reserved
BIOS-e820: [mem 0x00000000ff800000-0x00000000ffffffff] reserved
BIOS-e820: [mem 0x0000000100000000-0x000000010bffefff] usable
NX (Execute Disable) protection: active
SMBIOS 2.7 present.
DMI: HP ProLiant MicroServer Gen8, BIOS J06 11/02/2015
e820: update [mem 0x00000000-0x00000fff] usable ==&gt; reserved
e820: remove [mem 0x000a0000-0x000fffff] usable
e820: last_pfn = 0x10bfff max_arch_pfn = 0x400000000
MTRR default type: write-back
MTRR fixed ranges enabled:
  00000-9FFFF write-back
  A0000-BFFFF uncachable
  C0000-FFFFF write-protect
MTRR variable ranges enabled:
  0 base 0F4000000 mask FFC000000 uncachable
  1 base 0F8000000 mask FF8000000 uncachable
  2 disabled
  3 disabled
  4 disabled
  5 disabled
  6 disabled
  7 disabled
  8 disabled
  9 disabled
x86/PAT: Configuration [0-7]: WB  WC  UC- UC  WB  WC  UC- WT  
e820: last_pfn = 0xf1de4 max_arch_pfn = 0x400000000
found SMP MP-table at [mem 0x000f4f80-0x000f4f8f] mapped at [ffff94ff000f4f80]
Base memory trampoline at [ffff94ff00093000] 93000 size 24576
BRK [0xd3b4c000, 0xd3b4cfff] PGTABLE
BRK [0xd3b4d000, 0xd3b4dfff] PGTABLE
BRK [0xd3b4e000, 0xd3b4efff] PGTABLE
BRK [0xd3b4f000, 0xd3b4ffff] PGTABLE
BRK [0xd3b50000, 0xd3b50fff] PGTABLE
BRK [0xd3b51000, 0xd3b51fff] PGTABLE
BRK [0xd3b52000, 0xd3b52fff] PGTABLE
BRK [0xd3b53000, 0xd3b53fff] PGTABLE
BRK [0xd3b54000, 0xd3b54fff] PGTABLE
BRK [0xd3b55000, 0xd3b55fff] PGTABLE
BRK [0xd3b56000, 0xd3b56fff] PGTABLE
RAMDISK: [mem 0x35c27000-0x36e0afff]
ACPI: Early table checksum verification disabled
ACPI: RSDP 0x00000000000F4F00 000024 (v02 HP    )
ACPI: XSDT 0x00000000F1DE6400 0000B4 (v01 HP     ProLiant 00000002 \xffffffd2?   0000162E)
ACPI: FACP 0x00000000F1DE6540 0000F4 (v03 HP     ProLiant 00000002 \xffffffd2?   0000162E)
ACPI BIOS Warning (bug): 32/64X length mismatch in FADT/Pm1aControlBlock: 16/32 (20160831/tbfadt-603)
ACPI BIOS Warning (bug): 32/64X length mismatch in FADT/Pm2ControlBlock: 8/32 (20160831/tbfadt-603)
ACPI BIOS Warning (bug): Invalid length for FADT/Pm1aControlBlock: 32, using default 16 (20160831/tbfadt-708)
ACPI BIOS Warning (bug): Invalid length for FADT/Pm2ControlBlock: 32, using default 8 (20160831/tbfadt-708)
ACPI: DSDT 0x00000000F1DE6640 001C1A (v01 HP     DSDT     00000001 INTL 20030228)
ACPI: FACS 0x00000000F1DE4140 000040
ACPI: FACS 0x00000000F1DE4140 000040
ACPI: SPCR 0x00000000F1DE4180 000050 (v01 HP     SPCRRBSU 00000001 \xffffffd2?   0000162E)
ACPI: MCFG 0x00000000F1DE4200 00003C (v01 HP     ProLiant 00000001      00000000)
ACPI: HPET 0x00000000F1DE4240 000038 (v01 HP     ProLiant 00000002 \xffffffd2?   0000162E)
ACPI: FFFF 0x00000000F1DE4280 000064 (v02 HP     ProLiant 00000002 \xffffffd2?   0000162E)
ACPI: SPMI 0x00000000F1DE4300 000040 (v05 HP     ProLiant 00000001 \xffffffd2?   0000162E)
ACPI: ERST 0x00000000F1DE4340 000230 (v01 HP     ProLiant 00000001 \xffffffd2?   0000162E)
ACPI: APIC 0x00000000F1DE4580 000252 (v01 HP     ProLiant 00000002      00000000)
ACPI: FFFF 0x00000000F1DE4800 000176 (v01 HP     ProLiant 00000001 \xffffffd2?   0000162E)
ACPI: BERT 0x00000000F1DE4980 000030 (v01 HP     ProLiant 00000001 \xffffffd2?   0000162E)
ACPI: HEST 0x00000000F1DE49C0 0000BC (v01 HP     ProLiant 00000001 \xffffffd2?   0000162E)
ACPI: FFFF 0x00000000F1DE4A80 001914 (v01 HP     ProLiant 00000001 \xffffffd2?   0000162E)
ACPI: FFFF 0x00000000F1DE63C0 00002D (v01 HP     ProLiant 00000001      00000000)
ACPI: SSDT 0x00000000F1DE8280 000137 (v03 HP     CRSPCI0  00000002 HP   00000001)
ACPI: SSDT 0x00000000F1DE83C0 000177 (v03 HP     riser0   00000002 INTL 20030228)
ACPI: SSDT 0x00000000F1DE8540 0001E1 (v01 HP     pcc      00000001 INTL 20090625)
ACPI: SSDT 0x00000000F1DE8740 000377 (v01 HP     pmab     00000001 INTL 20090625)
ACPI: SSDT 0x00000000F1DE8AC0 000504 (v01 INTEL  PPM RCM  80000001 INTL 20061109)
ACPI: Local APIC address 0xfee00000
No NUMA configuration found
Faking a node at [mem 0x0000000000000000-0x000000010bffefff]
NODE_DATA(0) allocated [mem 0x10bffa000-0x10bffefff]
Zone ranges:
  DMA      [mem 0x0000000000001000-0x0000000000ffffff]
  DMA32    [mem 0x0000000001000000-0x00000000ffffffff]
  Normal   [mem 0x0000000100000000-0x000000010bffefff]
  Device   empty
Movable zone start for each node
Early memory node ranges
  node   0: [mem 0x0000000000001000-0x0000000000098fff]
  node   0: [mem 0x0000000000100000-0x00000000f1de3fff]
  node   0: [mem 0x0000000100000000-0x000000010bffefff]
Initmem setup node 0 [mem 0x0000000000001000-0x000000010bffefff]
On node 0 totalpages: 1039739
  DMA zone: 64 pages used for memmap
  DMA zone: 21 pages reserved
  DMA zone: 3992 pages, LIFO batch:0
  DMA32 zone: 16320 pages used for memmap
  DMA32 zone: 986596 pages, LIFO batch:31
  Normal zone: 768 pages used for memmap
  Normal zone: 49151 pages, LIFO batch:15
ACPI: PM-Timer IO Port: 0x908
ACPI: Local APIC address 0xfee00000
ACPI: LAPIC_NMI (acpi_id[0xff] dfl dfl lint[0x1])
IOAPIC[0]: apicid 8, version 32, address 0xfec00000, GSI 0-23
ACPI: INT_SRC_OVR (bus 0 bus_irq 0 global_irq 2 high edge)
ACPI: INT_SRC_OVR (bus 0 bus_irq 9 global_irq 9 high level)
ACPI: IRQ0 used by override.
ACPI: IRQ9 used by override.
Using ACPI (MADT) for SMP configuration information
ACPI: HPET id: 0x8086a201 base: 0xfed00000
smpboot: Allowing 64 CPUs, 62 hotplug CPUs
PM: Registered nosave memory: [mem 0x00000000-0x00000fff]
PM: Registered nosave memory: [mem 0x00099000-0x00099fff]
PM: Registered nosave memory: [mem 0x00099000-0x0009dfff]
PM: Registered nosave memory: [mem 0x0009e000-0x0009ffff]
PM: Registered nosave memory: [mem 0x000a0000-0x000effff]
PM: Registered nosave memory: [mem 0x000f0000-0x000fffff]
PM: Registered nosave memory: [mem 0xf1de4000-0xf1dedfff]
PM: Registered nosave memory: [mem 0xf1dee000-0xf7ffffff]
PM: Registered nosave memory: [mem 0xf8000000-0xfebfffff]
PM: Registered nosave memory: [mem 0xfec00000-0xfee0ffff]
PM: Registered nosave memory: [mem 0xfee10000-0xff7fffff]
PM: Registered nosave memory: [mem 0xff800000-0xffffffff]
e820: [mem 0xf8000000-0xfebfffff] available for PCI devices
Booting paravirtualized kernel on bare hardware
clocksource: refined-jiffies: mask: 0xffffffff max_cycles: 0xffffffff, max_idle_ns: 7645519600211568 ns
setup_percpu: NR_CPUS:512 nr_cpumask_bits:512 nr_cpu_ids:64 nr_node_ids:1
percpu: Embedded 35 pages/cpu @ffff950006400000 s103768 r8192 d31400 u262144
pcpu-alloc: s103768 r8192 d31400 u262144 alloc=1*2097152
pcpu-alloc: [0] 00 01 02 03 04 05 06 07 [0] 08 09 10 11 12 13 14 15 
pcpu-alloc: [0] 16 17 18 19 20 21 22 23 [0] 24 25 26 27 28 29 30 31 
pcpu-alloc: [0] 32 33 34 35 36 37 38 39 [0] 40 41 42 43 44 45 46 47 
pcpu-alloc: [0] 48 49 50 51 52 53 54 55 [0] 56 57 58 59 60 61 62 63 
Built 1 zonelists in Node order, mobility grouping on.  Total pages: 1022566
Policy zone: Normal
Kernel command line: BOOT_IMAGE=/boot/vmlinuz-4.9.0-1-amd64 root=UUID=83d464e8-483c-4bf0-8f04-11d8ab3d2eb0 ro quiet panic=1 console=ttyS0,115200 console=tty0
log_buf_len individual max cpu contribution: 4096 bytes
log_buf_len total cpu_extra contributions: 258048 bytes
log_buf_len min size: 131072 bytes
log_buf_len: 524288 bytes
early log buf free: 120632(92%)
PID hash table entries: 4096 (order: 3, 32768 bytes)
Calgary: detecting Calgary via BIOS EBDA area
Calgary: Unable to locate Rio Grande table in EBDA - bailing!
Memory: 3981748K/4158956K available (6146K kernel code, 1134K rwdata, 2844K rodata, 1392K init, 812K bss, 177208K reserved, 0K cma-reserved)
Hierarchical RCU implementation.
 Build-time adjustment of leaf fanout to 64.
 RCU restricting CPUs from NR_CPUS=512 to nr_cpu_ids=64.
RCU: Adjusting geometry for rcu_fanout_leaf=64, nr_cpu_ids=64
NR_IRQS:33024 nr_irqs:936 16
Console: colour VGA+ 80x25
console [tty0] enabled
console [ttyS0] enabled
clocksource: hpet: mask: 0xffffffff max_cycles: 0xffffffff, max_idle_ns: 133484882848 ns
hpet clockevent registered
tsc: Fast TSC calibration using PIT
tsc: Detected 2294.692 MHz processor
Calibrating delay loop (skipped), value calculated using timer frequency.. 4589.38 BogoMIPS (lpj=9178768)
pid_max: default: 65536 minimum: 512
ACPI: Core revision 20160831
ACPI: 6 ACPI AML tables successfully acquired and loaded
Security Framework initialized
Yama: disabled by default; enable with sysctl kernel.yama.*
AppArmor: AppArmor disabled by boot time parameter
Dentry cache hash table entries: 524288 (order: 10, 4194304 bytes)
Inode-cache hash table entries: 262144 (order: 9, 2097152 bytes)
Mount-cache hash table entries: 8192 (order: 4, 65536 bytes)
Mountpoint-cache hash table entries: 8192 (order: 4, 65536 bytes)
CPU: Physical Processor ID: 0
CPU: Processor Core ID: 0
ENERGY_PERF_BIAS: Set to 'normal', was 'performance'
ENERGY_PERF_BIAS: View and update with x86_energy_perf_policy(8)
mce: CPU supports 7 MCE banks
CPU0: Thermal monitoring enabled (TM1)
process: using mwait in idle threads
Last level iTLB entries: 4KB 512, 2MB 8, 4MB 8
Last level dTLB entries: 4KB 512, 2MB 32, 4MB 32, 1GB 0
Freeing SMP alternatives memory: 24K (ffffffff81e79000 - ffffffff81e7f000)
ftrace: allocating 24999 entries in 98 pages
smpboot: Max logical packages: 32
Switched APIC routing to physical flat.
..TIMER: vector=0x30 apic1=0 pin1=2 apic2=-1 pin2=-1
TSC deadline timer enabled
smpboot: CPU0: Intel(R) Celeron(R) CPU G1610T @ 2.30GHz (family: 0x6, model: 0x3a, stepping: 0x9)
Performance Events: PEBS fmt1+, IvyBridge events, 16-deep LBR, full-width counters, Broken BIOS detected, complain to your hardware vendor.
[Firmware Bug]: the BIOS has corrupted hw-PMU resources (MSR 38d is 330)
Intel PMU driver.
... version:                3
... bit width:              48
... generic registers:      8
... value mask:             0000ffffffffffff
... max period:             00007fffffffffff
... fixed-purpose events:   3
... event mask:             00000007000000ff
NMI watchdog: enabled on all CPUs, permanently consumes one hw-PMU counter.
x86: Booting SMP configuration:
.... node  #0, CPUs:        #1
x86: Booted up 1 node, 2 CPUs
smpboot: Total of 2 processors activated (9179.64 BogoMIPS)
devtmpfs: initialized
x86/mm: Memory block size: 128MB
clocksource: jiffies: mask: 0xffffffff max_cycles: 0xffffffff, max_idle_ns: 7645041785100000 ns
pinctrl core: initialized pinctrl subsystem
NET: Registered protocol family 16
cpuidle: using governor ladder
cpuidle: using governor menu
ACPI FADT declares the system doesn't support PCIe ASPM, so disable it
ACPI: bus type PCI registered
acpiphp: ACPI Hot Plug PCI Controller Driver version: 0.5
PCI: MMCONFIG for domain 0000 [bus 00-3f] at [mem 0xf4000000-0xf7ffffff] (base 0xf4000000)
PCI: MMCONFIG at [mem 0xf4000000-0xf7ffffff] reserved in E820
PCI: Using configuration type 1 for base access
NMI watchdog: enabled on all CPUs, permanently consumes one hw-PMU counter.
core: PMU erratum BJ122, BV98, HSD29 workaround disabled, HT off
HugeTLB registered 2 MB page size, pre-allocated 0 pages
ACPI: Added _OSI(Module Device)
ACPI: Added _OSI(Processor Device)
ACPI: Added _OSI(3.0 _SCP Extensions)
ACPI: Added _OSI(Processor Aggregator Device)
ACPI: Interpreter enabled
ACPI: (supports S0 S4 S5)
ACPI: Using IOAPIC for interrupt routing
HEST: Table parsing has been initialized.
PCI: Using host bridge windows from ACPI; if necessary, use &quot;pci=nocrs&quot; and report a bug
ACPI: PCI Root Bridge [PCI0] (domain 0000 [bus 00-14])
acpi PNP0A08:00: _OSC: OS supports [ExtendedConfig ASPM ClockPM Segments MSI]
acpi PNP0A08:00: _OSC: platform does not support [PCIeHotplug PME AER PCIeCapability]
acpi PNP0A08:00: _OSC: not requesting control; platform does not support [PCIeCapability]
acpi PNP0A08:00: _OSC: OS requested [PCIeHotplug PME AER PCIeCapability]
acpi PNP0A08:00: _OSC: platform willing to grant []
acpi PNP0A08:00: _OSC failed (AE_SUPPORT); disabling ASPM
acpi PNP0A08:00: host bridge window expanded to [mem 0xfed00000-0xfed44fff window]; [mem 0xfed00000-0xfed44fff window] ignored
PCI host bridge to bus 0000:00
pci_bus 0000:00: root bus resource [mem 0xf8000000-0xfbffffff window]
pci_bus 0000:00: root bus resource [io  0x1000-0xffff window]
pci_bus 0000:00: root bus resource [io  0x0000-0x03af window]
pci_bus 0000:00: root bus resource [io  0x03e0-0x0cf7 window]
pci_bus 0000:00: root bus resource [io  0x0d00-0x0fff window]
pci_bus 0000:00: root bus resource [mem 0xfed00000-0xfed44fff window]
pci_bus 0000:00: root bus resource [io  0x03b0-0x03bb window]
pci_bus 0000:00: root bus resource [io  0x03c0-0x03df window]
pci_bus 0000:00: root bus resource [mem 0x000a0000-0x000bffff window]
pci_bus 0000:00: root bus resource [bus 00-14]
pci 0000:00:00.0: [8086:0150] type 00 class 0x060000
pci 0000:00:01.0: [8086:0151] type 01 class 0x060400
pci 0000:00:01.0: PME# supported from D0 D3hot D3cold
pci 0000:00:06.0: [8086:015d] type 01 class 0x060400
pci 0000:00:06.0: PME# supported from D0 D3hot D3cold
pci 0000:00:1a.0: [8086:1c2d] type 00 class 0x0c0320
pci 0000:00:1a.0: reg 0x10: [mem 0xfacf0000-0xfacf03ff]
pci 0000:00:1a.0: PME# supported from D0 D3hot D3cold
pci 0000:00:1c.0: [8086:1c10] type 01 class 0x060400
pci 0000:00:1c.0: PME# supported from D0 D3hot D3cold
pci 0000:00:1c.4: [8086:1c18] type 01 class 0x060400
pci 0000:00:1c.4: PME# supported from D0 D3hot D3cold
pci 0000:00:1c.6: [8086:1c1c] type 01 class 0x060400
pci 0000:00:1c.6: PME# supported from D0 D3hot D3cold
pci 0000:00:1c.7: [8086:1c1e] type 01 class 0x060400
pci 0000:00:1c.7: PME# supported from D0 D3hot D3cold
pci 0000:00:1d.0: [8086:1c26] type 00 class 0x0c0320
pci 0000:00:1d.0: reg 0x10: [mem 0xface0000-0xface03ff]
pci 0000:00:1d.0: PME# supported from D0 D3hot D3cold
pci 0000:00:1e.0: [8086:244e] type 01 class 0x060401
pci 0000:00:1f.0: [8086:1c54] type 00 class 0x060100
pci 0000:00:1f.2: [8086:1c02] type 00 class 0x010601
pci 0000:00:1f.2: reg 0x10: [io  0x10c0-0x10c7]
pci 0000:00:1f.2: reg 0x14: [io  0x10c8-0x10cb]
pci 0000:00:1f.2: reg 0x18: [io  0x10d0-0x10d7]
pci 0000:00:1f.2: reg 0x1c: [io  0x10d8-0x10db]
pci 0000:00:1f.2: reg 0x20: [io  0x10e0-0x10ff]
pci 0000:00:1f.2: reg 0x24: [mem 0xfacd0000-0xfacd07ff]
pci 0000:00:1f.2: PME# supported from D3hot
pci 0000:00:01.0: PCI bridge to [bus 07]
pci 0000:00:06.0: PCI bridge to [bus 02]
pci 0000:00:1c.0: PCI bridge to [bus 0d]
pci 0000:03:00.0: [14e4:165f] type 00 class 0x020000
pci 0000:03:00.0: reg 0x10: [mem 0xfabf0000-0xfabfffff 64bit pref]
pci 0000:03:00.0: reg 0x18: [mem 0xfabe0000-0xfabeffff 64bit pref]
pci 0000:03:00.0: reg 0x20: [mem 0xfabd0000-0xfabdffff 64bit pref]
pci 0000:03:00.0: reg 0x30: [mem 0x00000000-0x0001ffff pref]
pci 0000:03:00.0: PME# supported from D0 D3hot D3cold
pci 0000:03:00.1: [14e4:165f] type 00 class 0x020000
pci 0000:03:00.1: reg 0x10: [mem 0xfabc0000-0xfabcffff 64bit pref]
pci 0000:03:00.1: reg 0x18: [mem 0xfabb0000-0xfabbffff 64bit pref]
pci 0000:03:00.1: reg 0x20: [mem 0xfaba0000-0xfabaffff 64bit pref]
pci 0000:03:00.1: reg 0x30: [mem 0x00000000-0x0001ffff pref]
pci 0000:03:00.1: PME# supported from D0 D3hot D3cold
pci 0000:00:1c.4: PCI bridge to [bus 03]
pci 0000:00:1c.4:   bridge window [mem 0xfab00000-0xfabfffff 64bit pref]
pci 0000:04:00.0: [1912:0014] type 00 class 0x0c0330
pci 0000:04:00.0: reg 0x10: [mem 0xfbff0000-0xfbff1fff 64bit]
pci 0000:04:00.0: PME# supported from D0 D3hot D3cold
pci 0000:00:1c.6: PCI bridge to [bus 04]
pci 0000:00:1c.6:   bridge window [mem 0xfbf00000-0xfbffffff]
pci 0000:01:00.0: [103c:3306] type 00 class 0x088000
pci 0000:01:00.0: reg 0x10: [io  0x3000-0x30ff]
pci 0000:01:00.0: reg 0x14: [mem 0xfbef0000-0xfbef01ff]
pci 0000:01:00.0: reg 0x18: [io  0x3400-0x34ff]
pci 0000:01:00.1: [102b:0533] type 00 class 0x030000
pci 0000:01:00.1: reg 0x10: [mem 0xf9000000-0xf9ffffff pref]
pci 0000:01:00.1: reg 0x14: [mem 0xfbee0000-0xfbee3fff]
pci 0000:01:00.1: reg 0x18: [mem 0xfb000000-0xfb7fffff]
pci 0000:01:00.2: [103c:3307] type 00 class 0x088000
pci 0000:01:00.2: reg 0x10: [io  0x3800-0x38ff]
pci 0000:01:00.2: reg 0x14: [mem 0xfaff0000-0xfaff00ff]
pci 0000:01:00.2: reg 0x18: [mem 0xfae00000-0xfaefffff]
pci 0000:01:00.2: reg 0x1c: [mem 0xfad80000-0xfadfffff]
pci 0000:01:00.2: reg 0x20: [mem 0xfad70000-0xfad77fff]
pci 0000:01:00.2: reg 0x24: [mem 0xfad60000-0xfad67fff]
pci 0000:01:00.2: reg 0x30: [mem 0x00000000-0x0000ffff pref]
pci 0000:01:00.2: PME# supported from D0 D3hot D3cold
pci 0000:01:00.4: [103c:3300] type 00 class 0x0c0300
pci 0000:01:00.4: reg 0x20: [io  0x4000-0x401f]
pci 0000:00:1c.7: PCI bridge to [bus 01]
pci 0000:00:1c.7:   bridge window [io  0x3000-0x4fff]
pci 0000:00:1c.7:   bridge window [mem 0xfad00000-0xfbefffff]
pci 0000:00:1c.7:   bridge window [mem 0xf9000000-0xf9ffffff 64bit pref]
pci 0000:00:1e.0: PCI bridge to [bus 14] (subtractive decode)
pci 0000:00:1e.0:   bridge window [mem 0xf8000000-0xfbffffff window] (subtractive decode)
pci 0000:00:1e.0:   bridge window [io  0x1000-0xffff window] (subtractive decode)
pci 0000:00:1e.0:   bridge window [io  0x0000-0x03af window] (subtractive decode)
pci 0000:00:1e.0:   bridge window [io  0x03e0-0x0cf7 window] (subtractive decode)
pci 0000:00:1e.0:   bridge window [io  0x0d00-0x0fff window] (subtractive decode)
pci 0000:00:1e.0:   bridge window [mem 0xfed00000-0xfed44fff window] (subtractive decode)
pci 0000:00:1e.0:   bridge window [io  0x03b0-0x03bb window] (subtractive decode)
pci 0000:00:1e.0:   bridge window [io  0x03c0-0x03df window] (subtractive decode)
pci 0000:00:1e.0:   bridge window [mem 0x000a0000-0x000bffff window] (subtractive decode)
pci_bus 0000:00: on NUMA node 0
ACPI: PCI Interrupt Link [LNKA] (IRQs 5 7 10 *11)
ACPI: PCI Interrupt Link [LNKB] (IRQs 5 *7 10 11)
ACPI: PCI Interrupt Link [LNKC] (IRQs 5 7 10 *11)
ACPI: PCI Interrupt Link [LNKD] (IRQs 5 7 *10 11)
ACPI: PCI Interrupt Link [LNKE] (IRQs *5 7 10 11)
ACPI: PCI Interrupt Link [LNKF] (IRQs 5 7 10 11) *3
ACPI: PCI Interrupt Link [LNKG] (IRQs 5 7 10 11) *0, disabled.
ACPI: PCI Interrupt Link [LNKH] (IRQs 5 7 10 11) *0, disabled.
vgaarb: setting as boot device: PCI:0000:01:00.1
vgaarb: device added: PCI:0000:01:00.1,decodes=io+mem,owns=io+mem,locks=none
vgaarb: loaded
vgaarb: bridge control possible 0000:01:00.1
PCI: Using ACPI for IRQ routing
PCI: pci_cache_line_size set to 64 bytes
e820: reserve RAM buffer [mem 0x00099800-0x0009ffff]
e820: reserve RAM buffer [mem 0xf1de4000-0xf3ffffff]
e820: reserve RAM buffer [mem 0x10bfff000-0x10bffffff]
hpet0: at MMIO 0xfed00000, IRQs 2, 8, 0, 0, 0, 0, 0, 0
hpet0: 8 comparators, 64-bit 14.318180 MHz counter
clocksource: Switched to clocksource hpet
VFS: Disk quotas dquot_6.6.0
VFS: Dquot-cache hash table entries: 512 (order 0, 4096 bytes)
pnp: PnP ACPI init
system 00:00: [io  0x0408-0x040f] has been reserved
system 00:00: [io  0x04d0-0x04d1] has been reserved
system 00:00: [io  0x0310-0x0313] has been reserved
system 00:00: [io  0x0316-0x0317] has been reserved
system 00:00: [io  0x0700-0x071f] has been reserved
system 00:00: [io  0x0880-0x08ff] has been reserved
system 00:00: [io  0x0900-0x097f] has been reserved
system 00:00: [io  0x0cd4-0x0cd7] has been reserved
system 00:00: [io  0x0cd0-0x0cd3] has been reserved
system 00:00: [io  0x0f50-0x0f58] has been reserved
system 00:00: [io  0x0ca0-0x0ca1] has been reserved
system 00:00: [io  0x0ca4-0x0ca5] has been reserved
system 00:00: [io  0x03f8-0x03ff] has been reserved
system 00:00: [mem 0xf4000000-0xf7ffffff] has been reserved
system 00:00: [mem 0xfe000000-0xfebfffff] has been reserved
system 00:00: Plug and Play ACPI device, IDs PNP0c02 (active)
pnp 00:01: Plug and Play ACPI device, IDs PNP0b00 (active)
pnp 00:02: Plug and Play ACPI device, IDs PNP0303 (active)
pnp 00:03: Plug and Play ACPI device, IDs PNP0f13 PNP0f0e (active)
pnp: PnP ACPI: found 4 devices
clocksource: acpi_pm: mask: 0xffffff max_cycles: 0xffffff, max_idle_ns: 2085701024 ns
pci 0000:00:1c.4: BAR 14: assigned [mem 0xf8000000-0xf80fffff]
pci 0000:00:01.0: PCI bridge to [bus 07]
pci 0000:00:06.0: PCI bridge to [bus 02]
pci 0000:00:1c.0: PCI bridge to [bus 0d]
pci 0000:03:00.0: BAR 6: assigned [mem 0xf8000000-0xf801ffff pref]
pci 0000:03:00.1: BAR 6: assigned [mem 0xf8020000-0xf803ffff pref]
pci 0000:00:1c.4: PCI bridge to [bus 03]
pci 0000:00:1c.4:   bridge window [mem 0xf8000000-0xf80fffff]
pci 0000:00:1c.4:   bridge window [mem 0xfab00000-0xfabfffff 64bit pref]
pci 0000:00:1c.6: PCI bridge to [bus 04]
pci 0000:00:1c.6:   bridge window [mem 0xfbf00000-0xfbffffff]
pci 0000:01:00.2: BAR 6: assigned [mem 0xfad00000-0xfad0ffff pref]
pci 0000:00:1c.7: PCI bridge to [bus 01]
pci 0000:00:1c.7:   bridge window [io  0x3000-0x4fff]
pci 0000:00:1c.7:   bridge window [mem 0xfad00000-0xfbefffff]
pci 0000:00:1c.7:   bridge window [mem 0xf9000000-0xf9ffffff 64bit pref]
pci 0000:00:1e.0: PCI bridge to [bus 14]
pci_bus 0000:00: resource 4 [mem 0xf8000000-0xfbffffff window]
pci_bus 0000:00: resource 5 [io  0x1000-0xffff window]
pci_bus 0000:00: resource 6 [io  0x0000-0x03af window]
pci_bus 0000:00: resource 7 [io  0x03e0-0x0cf7 window]
pci_bus 0000:00: resource 8 [io  0x0d00-0x0fff window]
pci_bus 0000:00: resource 9 [mem 0xfed00000-0xfed44fff window]
pci_bus 0000:00: resource 10 [io  0x03b0-0x03bb window]
pci_bus 0000:00: resource 11 [io  0x03c0-0x03df window]
pci_bus 0000:00: resource 12 [mem 0x000a0000-0x000bffff window]
pci_bus 0000:03: resource 1 [mem 0xf8000000-0xf80fffff]
pci_bus 0000:03: resource 2 [mem 0xfab00000-0xfabfffff 64bit pref]
pci_bus 0000:04: resource 1 [mem 0xfbf00000-0xfbffffff]
pci_bus 0000:01: resource 0 [io  0x3000-0x4fff]
pci_bus 0000:01: resource 1 [mem 0xfad00000-0xfbefffff]
pci_bus 0000:01: resource 2 [mem 0xf9000000-0xf9ffffff 64bit pref]
pci_bus 0000:14: resource 4 [mem 0xf8000000-0xfbffffff window]
pci_bus 0000:14: resource 5 [io  0x1000-0xffff window]
pci_bus 0000:14: resource 6 [io  0x0000-0x03af window]
pci_bus 0000:14: resource 7 [io  0x03e0-0x0cf7 window]
pci_bus 0000:14: resource 8 [io  0x0d00-0x0fff window]
pci_bus 0000:14: resource 9 [mem 0xfed00000-0xfed44fff window]
pci_bus 0000:14: resource 10 [io  0x03b0-0x03bb window]
pci_bus 0000:14: resource 11 [io  0x03c0-0x03df window]
pci_bus 0000:14: resource 12 [mem 0x000a0000-0x000bffff window]
NET: Registered protocol family 2
TCP established hash table entries: 32768 (order: 6, 262144 bytes)
TCP bind hash table entries: 32768 (order: 7, 524288 bytes)
TCP: Hash tables configured (established 32768 bind 32768)
UDP hash table entries: 2048 (order: 4, 65536 bytes)
UDP-Lite hash table entries: 2048 (order: 4, 65536 bytes)
NET: Registered protocol family 1
pci 0000:01:00.1: Video device with shadowed ROM at [mem 0x000c0000-0x000dffff]
PCI: CLS 64 bytes, default 64
Unpacking initramfs...
Freeing initrd memory: 18320K (ffff94ff35c27000 - ffff94ff36e0b000)
PCI-DMA: Using software bounce buffering for IO (SWIOTLB)
software IO TLB [mem 0xedde4000-0xf1de4000] (64MB) mapped at [ffff94ffedde4000-ffff94fff1de3fff]
futex hash table entries: 16384 (order: 8, 1048576 bytes)
audit: initializing netlink subsys (disabled)
audit: type=2000 audit(1488994349.660:1): initialized
Initialise system trusted keyrings
workingset: timestamp_bits=40 max_order=20 bucket_order=0
zbud: loaded
Key type asymmetric registered
Asymmetric key parser 'x509' registered
Block layer SCSI generic (bsg) driver version 0.4 loaded (major 251)
io scheduler noop registered
io scheduler deadline registered
io scheduler cfq registered (default)
pci_hotplug: PCI Hot Plug PCI Core version: 0.5
pciehp: PCI Express Hot Plug Controller Driver version: 0.4
intel_idle: MWAIT substates: 0x1120
intel_idle: v0.4.1 model 0x3A
intel_idle: lapic_timer_reliable_states 0xffffffff
ERST: Error Record Serialization Table (ERST) support is initialized.
pstore: using zlib compression
pstore: Registered erst as persistent store backend
GHES: APEI firmware first mode is enabled by APEI bit and WHEA _OSC.
Serial: 8250/16550 driver, 4 ports, IRQ sharing enabled
serial8250: ttyS0 at I/O 0x3f8 (irq = 4, base_baud = 115200) is a 16550A
Linux agpgart interface v0.103
AMD IOMMUv2 driver by Joerg Roedel &lt;jroedel@suse.de&gt;
AMD IOMMUv2 functionality not available on this system
i8042: PNP: PS/2 Controller [PNP0303:KBD,PNP0f0e:PS2M] at 0x60,0x64 irq 1,12
serio: i8042 KBD port at 0x60,0x64 irq 1
serio: i8042 AUX port at 0x60,0x64 irq 12
mousedev: PS/2 mouse device common for all mice
rtc_cmos 00:01: RTC can wake from S4
rtc_cmos 00:01: rtc core: registered rtc_cmos as rtc0
rtc_cmos 00:01: alarms up to one day, 114 bytes nvram, hpet irqs
ledtrig-cpu: registered to indicate activity on CPUs
NET: Registered protocol family 10
mip6: Mobile IPv6
NET: Registered protocol family 17
mpls_gso: MPLS GSO support
microcode: sig=0x306a9, pf=0x2, revision=0x1c
microcode: Microcode Update Driver: v2.01 &lt;tigran@aivazian.fsnet.co.uk&gt;, Peter Oruba
registered taskstats version 1
Loading compiled-in X.509 certificates
alg: No test for pkcs1pad(rsa,sha256) (pkcs1pad(rsa-generic,sha256))
Loaded X.509 cert 'Debian Project: Ben Hutchings: 008a018dca80932630'
zswap: loaded using pool lzo/zbud
rtc_cmos 00:01: setting system clock to 2017-03-08 17:32:30 UTC (1488994350)
PM: Hibernation image not present or could not be loaded.
Freeing unused kernel memory: 1392K (ffffffff81d1d000 - ffffffff81e79000)
Write protecting the kernel read-only data: 12288k
Freeing unused kernel memory: 2028K (ffff94ffd3205000 - ffff94ffd3400000)
Freeing unused kernel memory: 1252K (ffff94ffd36c7000 - ffff94ffd3800000)
x86/mm: Checked W+X mappings: passed, no W+X pages found.
random: systemd-udevd: uninitialized urandom read (16 bytes read)
random: systemd-udevd: uninitialized urandom read (16 bytes read)
random: systemd-udevd: uninitialized urandom read (16 bytes read)
random: systemd-udevd: uninitialized urandom read (16 bytes read)
random: udevadm: uninitialized urandom read (16 bytes read)
random: udevadm: uninitialized urandom read (16 bytes read)
random: udevadm: uninitialized urandom read (16 bytes read)
random: udevadm: uninitialized urandom read (16 bytes read)
random: udevadm: uninitialized urandom read (16 bytes read)
random: udevadm: uninitialized urandom read (16 bytes read)
pps_core: LinuxPPS API ver. 1 registered
pps_core: Software ver. 5.3.6 - Copyright 2005-2007 Rodolfo Giometti &lt;giometti@linux.it&gt;
PTP clock support registered
tg3.c:v3.137 (May 11, 2014)
FUJITSU Extended Socket Network Device Driver - version 1.1 - Copyright (c) 2015 FUJITSU LIMITED
ACPI: bus type USB registered
usbcore: registered new interface driver usbfs
usbcore: registered new interface driver hub
usbcore: registered new device driver usb
ehci_hcd: USB 2.0 'Enhanced' Host Controller (EHCI) Driver
ehci-pci: EHCI PCI platform driver
ehci-pci 0000:00:1a.0: EHCI Host Controller
ehci-pci 0000:00:1a.0: new USB bus registered, assigned bus number 1
ehci-pci 0000:00:1a.0: debug port 2
ehci-pci 0000:00:1a.0: cache line size of 64 is not supported
ehci-pci 0000:00:1a.0: irq 21, io mem 0xfacf0000
SCSI subsystem initialized
thermal LNXTHERM:00: registered as thermal_zone0
ACPI: Thermal Zone [THM0] (8 C)
uhci_hcd: USB Universal Host Controller Interface driver
ehci-pci 0000:00:1a.0: USB 2.0 started, EHCI 1.00
usb usb1: New USB device found, idVendor=1d6b, idProduct=0002
usb usb1: New USB device strings: Mfr=3, Product=2, SerialNumber=1
usb usb1: Product: EHCI Host Controller
usb usb1: Manufacturer: Linux 4.9.0-1-amd64 ehci_hcd
usb usb1: SerialNumber: 0000:00:1a.0
hub 1-0:1.0: USB hub found
hub 1-0:1.0: 2 ports detected
uhci_hcd 0000:01:00.4: UHCI Host Controller
uhci_hcd 0000:01:00.4: new USB bus registered, assigned bus number 2
uhci_hcd 0000:01:00.4: detected 8 ports
uhci_hcd 0000:01:00.4: port count misdetected? forcing to 2 ports
xhci_hcd 0000:04:00.0: xHCI Host Controller
xhci_hcd 0000:04:00.0: new USB bus registered, assigned bus number 3
uhci_hcd 0000:01:00.4: irq 16, io base 0x00004000
usb usb2: New USB device found, idVendor=1d6b, idProduct=0001
usb usb2: New USB device strings: Mfr=3, Product=2, SerialNumber=1
usb usb2: Product: UHCI Host Controller
usb usb2: Manufacturer: Linux 4.9.0-1-amd64 uhci_hcd
usb usb2: SerialNumber: 0000:01:00.4
hub 2-0:1.0: USB hub found
hub 2-0:1.0: 2 ports detected
xhci_hcd 0000:04:00.0: hcc params 0x014051cf hci version 0x100 quirks 0x00000010
usb usb3: New USB device found, idVendor=1d6b, idProduct=0002
usb usb3: New USB device strings: Mfr=3, Product=2, SerialNumber=1
usb usb3: Product: xHCI Host Controller
usb usb3: Manufacturer: Linux 4.9.0-1-amd64 xhci-hcd
usb usb3: SerialNumber: 0000:04:00.0
hub 3-0:1.0: USB hub found
hub 3-0:1.0: 2 ports detected
xhci_hcd 0000:04:00.0: xHCI Host Controller
xhci_hcd 0000:04:00.0: new USB bus registered, assigned bus number 4
ehci-pci 0000:00:1d.0: EHCI Host Controller
ehci-pci 0000:00:1d.0: new USB bus registered, assigned bus number 5
ehci-pci 0000:00:1d.0: debug port 2
usb usb4: We don't know the algorithms for LPM for this host, disabling LPM.
usb usb4: New USB device found, idVendor=1d6b, idProduct=0003
usb usb4: New USB device strings: Mfr=3, Product=2, SerialNumber=1
usb usb4: Product: xHCI Host Controller
usb usb4: Manufacturer: Linux 4.9.0-1-amd64 xhci-hcd
usb usb4: SerialNumber: 0000:04:00.0
hub 4-0:1.0: USB hub found
hub 4-0:1.0: 2 ports detected
ehci-pci 0000:00:1d.0: cache line size of 64 is not supported
ehci-pci 0000:00:1d.0: irq 20, io mem 0xface0000
libata version 3.00 loaded.
tg3 0000:03:00.0 eth0: Tigon3 [partno(N/A) rev 5720000] (PCI Express) MAC address 94:18:82:38:3f:18
tg3 0000:03:00.0 eth0: attached PHY is 5720C (10/100/1000Base-T Ethernet) (WireSpeed[1], EEE[1])
tg3 0000:03:00.0 eth0: RXcsums[1] LinkChgREG[0] MIirq[0] ASF[1] TSOcap[1]
tg3 0000:03:00.0 eth0: dma_rwctrl[00000001] dma_mask[64-bit]
ehci-pci 0000:00:1d.0: USB 2.0 started, EHCI 1.00
usb usb5: New USB device found, idVendor=1d6b, idProduct=0002
usb usb5: New USB device strings: Mfr=3, Product=2, SerialNumber=1
usb usb5: Product: EHCI Host Controller
usb usb5: Manufacturer: Linux 4.9.0-1-amd64 ehci_hcd
usb usb5: SerialNumber: 0000:00:1d.0
hub 5-0:1.0: USB hub found
hub 5-0:1.0: 2 ports detected
ahci 0000:00:1f.2: version 3.0
ahci 0000:00:1f.2: SSS flag set, parallel bus scan disabled
ahci 0000:00:1f.2: AHCI 0001.0300 32 slots 6 ports 6 Gbps 0x3f impl SATA mode
ahci 0000:00:1f.2: flags: 64bit ncq sntf ilck stag pm led clo pmp pio slum part ems apst 
tg3 0000:03:00.1 eth1: Tigon3 [partno(N/A) rev 5720000] (PCI Express) MAC address 94:18:82:38:3f:19
tg3 0000:03:00.1 eth1: attached PHY is 5720C (10/100/1000Base-T Ethernet) (WireSpeed[1], EEE[1])
tg3 0000:03:00.1 eth1: RXcsums[1] LinkChgREG[0] MIirq[0] ASF[1] TSOcap[1]
tg3 0000:03:00.1 eth1: dma_rwctrl[00000001] dma_mask[64-bit]
tg3 0000:03:00.1 eno2: renamed from eth1
tg3 0000:03:00.0 eno1: renamed from eth0
scsi host0: ahci
scsi host1: ahci
scsi host2: ahci
scsi host3: ahci
scsi host4: ahci
scsi host5: ahci
ata1: SATA max UDMA/133 abar m2048@0xfacd0000 port 0xfacd0100 irq 29
ata2: SATA max UDMA/133 abar m2048@0xfacd0000 port 0xfacd0180 irq 29
ata3: SATA max UDMA/133 abar m2048@0xfacd0000 port 0xfacd0200 irq 29
ata4: SATA max UDMA/133 abar m2048@0xfacd0000 port 0xfacd0280 irq 29
ata5: SATA max UDMA/133 abar m2048@0xfacd0000 port 0xfacd0300 irq 29
ata6: SATA max UDMA/133 abar m2048@0xfacd0000 port 0xfacd0380 irq 29
usb 1-1: new high-speed USB device number 2 using ehci-pci
usb 5-1: new high-speed USB device number 2 using ehci-pci
usb 1-1: New USB device found, idVendor=8087, idProduct=0024
usb 1-1: New USB device strings: Mfr=0, Product=0, SerialNumber=0
hub 1-1:1.0: USB hub found
hub 1-1:1.0: 6 ports detected
usb 5-1: New USB device found, idVendor=8087, idProduct=0024
usb 5-1: New USB device strings: Mfr=0, Product=0, SerialNumber=0
hub 5-1:1.0: USB hub found
hub 5-1:1.0: 6 ports detected
ata1: SATA link up 6.0 Gbps (SStatus 133 SControl 300)
ata1.00: ATA-10: WDC WD40EZRZ-00GXCB0, 80.00A80, max UDMA/133
ata1.00: 7814037168 sectors, multi 16: LBA48 NCQ (depth 31/32), AA
ata1.00: configured for UDMA/133
scsi 0:0:0:0: Direct-Access     ATA      WDC WD40EZRZ-00G 0A80 PQ: 0 ANSI: 5
usb 1-1.3: new high-speed USB device number 3 using ehci-pci
usb 5-1.3: new high-speed USB device number 3 using ehci-pci
tsc: Refined TSC clocksource calibration: 2294.786 MHz
clocksource: tsc: mask: 0xffffffffffffffff max_cycles: 0x2113f7e44a7, max_idle_ns: 440795281465 ns
usb 1-1.3: New USB device found, idVendor=13fe, idProduct=1d00
usb 1-1.3: New USB device strings: Mfr=1, Product=2, SerialNumber=3
usb 1-1.3: Product: DataTraveler 2.0
usb 1-1.3: Manufacturer: Kingston
usb 1-1.3: SerialNumber: 5B7B079F017D
usb-storage 1-1.3:1.0: USB Mass Storage device detected
scsi host6: usb-storage 1-1.3:1.0
usbcore: registered new interface driver usb-storage
usbcore: registered new interface driver uas
usb 5-1.3: New USB device found, idVendor=0424, idProduct=2660
usb 5-1.3: New USB device strings: Mfr=0, Product=0, SerialNumber=0
hub 5-1.3:1.0: USB hub found
hub 5-1.3:1.0: 2 ports detected
ata2: SATA link up 6.0 Gbps (SStatus 133 SControl 300)
ata2.00: ATA-10: WDC WD40EZRZ-00GXCB0, 80.00A80, max UDMA/133
ata2.00: 7814037168 sectors, multi 16: LBA48 NCQ (depth 31/32), AA
ata2.00: configured for UDMA/133
scsi 1:0:0:0: Direct-Access     ATA      WDC WD40EZRZ-00G 0A80 PQ: 0 ANSI: 5
ata3: SATA link up 3.0 Gbps (SStatus 123 SControl 300)
ata3.00: ATA-10: WDC WD40EZRZ-00GXCB0, 80.00A80, max UDMA/133
ata3.00: 7814037168 sectors, multi 16: LBA48 NCQ (depth 31/32), AA
ata3.00: configured for UDMA/133
scsi 2:0:0:0: Direct-Access     ATA      WDC WD40EZRZ-00G 0A80 PQ: 0 ANSI: 5
clocksource: Switched to clocksource tsc
scsi 6:0:0:0: Direct-Access     Kingston DataTraveler 2.0 PMAP PQ: 0 ANSI: 0 CCS
sd 0:0:0:0: [sda] 7814037168 512-byte logical blocks: (4.00 TB/3.64 TiB)
sd 0:0:0:0: [sda] 4096-byte physical blocks
sd 0:0:0:0: [sda] Write Protect is off
sd 0:0:0:0: [sda] Mode Sense: 00 3a 00 00
sd 0:0:0:0: [sda] Write cache: disabled, read cache: enabled, doesn't support DPO or FUA
sd 1:0:0:0: [sdb] 7814037168 512-byte logical blocks: (4.00 TB/3.64 TiB)
sd 1:0:0:0: [sdb] 4096-byte physical blocks
sd 2:0:0:0: [sdc] 7814037168 512-byte logical blocks: (4.00 TB/3.64 TiB)
sd 2:0:0:0: [sdc] 4096-byte physical blocks
sd 1:0:0:0: [sdb] Write Protect is off
sd 1:0:0:0: [sdb] Mode Sense: 00 3a 00 00
sd 1:0:0:0: [sdb] Write cache: disabled, read cache: enabled, doesn't support DPO or FUA
sd 2:0:0:0: [sdc] Write Protect is off
sd 2:0:0:0: [sdc] Mode Sense: 00 3a 00 00
sd 2:0:0:0: [sdc] Write cache: disabled, read cache: enabled, doesn't support DPO or FUA
sd 6:0:0:0: [sdd] 3903488 512-byte logical blocks: (2.00 GB/1.86 GiB)
sd 6:0:0:0: [sdd] Write Protect is off
sd 6:0:0:0: [sdd] Mode Sense: 23 00 00 00
sd 6:0:0:0: [sdd] No Caching mode page found
sd 6:0:0:0: [sdd] Assuming drive cache: write through                                                                                                                            
 sdd:
sd 6:0:0:0: [sdd] Attached SCSI removable disk
ata4: SATA link up 3.0 Gbps (SStatus 123 SControl 300)
ata4.00: ATA-10: WDC WD40EZRZ-00GXCB0, 80.00A80, max UDMA/133
ata4.00: 7814037168 sectors, multi 16: LBA48 NCQ (depth 31/32), AA
ata4.00: configured for UDMA/133
scsi 3:0:0:0: Direct-Access     ATA      WDC WD40EZRZ-00G 0A80 PQ: 0 ANSI: 5
sd 3:0:0:0: [sde] 7814037168 512-byte logical blocks: (4.00 TB/3.64 TiB)
sd 3:0:0:0: [sde] 4096-byte physical blocks
sd 3:0:0:0: [sde] Write Protect is off
sd 3:0:0:0: [sde] Mode Sense: 00 3a 00 00
sd 3:0:0:0: [sde] Write cache: disabled, read cache: enabled, doesn't support DPO or FUA
random: fast init done
 sdb: sdb1 sdb2
sd 1:0:0:0: [sdb] Attached SCSI disk
 sda: sda1 sda2
sd 0:0:0:0: [sda] Attached SCSI disk
 sdc: sdc1 sdc2
sd 2:0:0:0: [sdc] Attached SCSI disk
 sde: sde1 sde2
sd 3:0:0:0: [sde] Attached SCSI disk
ata5: SATA link up 3.0 Gbps (SStatus 123 SControl 300)
ata5.00: NCQ Send/Recv Log not supported
ata5.00: ATA-9: Samsung SSD 840 PRO Series, DXM06B0Q, max UDMA/133
ata5.00: 500118192 sectors, multi 16: LBA48 NCQ (depth 31/32), AA
ata5.00: NCQ Send/Recv Log not supported
ata5.00: configured for UDMA/133
scsi 4:0:0:0: Direct-Access     ATA      Samsung SSD 840  6B0Q PQ: 0 ANSI: 5
ata5.00: Enabling discard_zeroes_data
sd 4:0:0:0: [sdf] 500118192 512-byte logical blocks: (256 GB/238 GiB)
sd 4:0:0:0: [sdf] Write Protect is off
sd 4:0:0:0: [sdf] Mode Sense: 00 3a 00 00
sd 4:0:0:0: [sdf] Write cache: disabled, read cache: enabled, doesn't support DPO or FUA
ata5.00: Enabling discard_zeroes_data
 sdf: sdf1
ata5.00: Enabling discard_zeroes_data
sd 4:0:0:0: [sdf] Attached SCSI disk
ata6: SATA link down (SStatus 0 SControl 300)
md: bind&lt;sdc1&gt;
md: bind&lt;sdb1&gt;
md: bind&lt;sde1&gt;
md: bind&lt;sda1&gt;
raid6: sse2x1   gen()  4383 MB/s
raid6: sse2x1   xor()  3383 MB/s
raid6: sse2x2   gen()  5481 MB/s
raid6: sse2x2   xor()  5418 MB/s
raid6: sse2x4   gen()  9182 MB/s
raid6: sse2x4   xor()  6849 MB/s
raid6: using algorithm sse2x4 gen() 9182 MB/s
raid6: .... xor() 6849 MB/s, rmw enabled
raid6: using ssse3x2 recovery algorithm
xor: measuring software checksum speed
   prefetch64-sse: 10138.000 MB/sec
   generic_sse:  8185.000 MB/sec
xor: using function: prefetch64-sse (10138.000 MB/sec)
async_tx: api initialized (async)
md: raid6 personality registered for level 6
md: raid5 personality registered for level 5
md: raid4 personality registered for level 4
md/raid:md127: device sda1 operational as raid disk 0
md/raid:md127: device sde1 operational as raid disk 3
md/raid:md127: device sdb1 operational as raid disk 1
md/raid:md127: device sdc1 operational as raid disk 2
md/raid:md127: allocated 4374kB
md/raid:md127: raid level 5 active with 4 out of 4 devices, algorithm 2
RAID conf printout:
 --- level:5 rd:4 wd:4
 disk 0, o:1, dev:sda1
 disk 1, o:1, dev:sdb1
 disk 2, o:1, dev:sdc1
 disk 3, o:1, dev:sde1
created bitmap (30 pages) for device md127
md127: bitmap initialized from disk: read 2 pages, set 0 of 59550 bits
random: crng init done
md127: detected capacity change from 0 to 11988998553600
md: linear personality registered for level -1
md: multipath personality registered for level -4
md: raid0 personality registered for level 0
md: raid1 personality registered for level 1
md: raid10 personality registered for level 10
PM: Starting manual resume from disk
PM: Hibernation image partition 8:2 present
PM: Looking for hibernation image.
PM: Image not found (code -22)
PM: Hibernation image not present or could not be loaded.
EXT4-fs (sdf1): mounted filesystem with ordered data mode. Opts: (null)
ip_tables: (C) 2000-2006 Netfilter Core Team
ERST: [Firmware Warn]: Firmware does not respond in time.
systemd[1]: systemd 232 running in system mode. (+PAM +AUDIT +SELINUX +IMA +APPARMOR +SMACK +SYSVINIT +UTMP +LIBCRYPTSETUP +GCRYPT +GNUTLS +ACL +XZ +LZ4 +SECCOMP +BLKID +ELFUTILS +KMOD +IDN)
systemd[1]: Detected architecture x86-64.
systemd[1]: Set hostname to &lt;nas&gt;.
systemd[1]: Listening on udev Control Socket.
systemd[1]: Set up automount Arbitrary Executable File Formats File System Automount Point.
systemd[1]: Listening on /dev/initctl Compatibility Named Pipe.
systemd[1]: Listening on Journal Audit Socket.
systemd[1]: Created slice System Slice.
systemd[1]: Mounting Huge Pages File System...
systemd[1]: Listening on fsck to fsckd communication Socket.
EXT4-fs (sdf1): re-mounted. Opts: errors=remount-ro
systemd-journald[230]: Received request to flush runtime journal from PID 1
EDAC MC: Ver: 3.0.0
shpchp: Standard Hot Plug PCI Controller Driver version: 0.4
EDAC MC0: Giving out device to module ie31200_edac controller IE31200: DEV 0000:00:00.0 (POLLED)
pcc-cpufreq: (v1.10.00) driver loaded with frequency limits: 2128 MHz, 2300 MHz
input: Power Button as /devices/LNXSYSTM:00/LNXPWRBN:00/input/input3
ACPI: Power Button [PWRF]
power_meter ACPI000D:00: Found ACPI power meter.
power_meter ACPI000D:00: Ignoring unsafe software power cap!
ipmi message handler version 39.2
ipmi_si IPI0001:00: ipmi_si: probing via ACPI
ipmi_si IPI0001:00: [io  0x0ca2-0x0ca3] regsize 1 spacing 1 irq 0
ipmi_si: Adding ACPI-specified kcs state machine
IPMI System Interface driver.
ipmi_si: probing via SMBIOS
ipmi_si: SMBIOS: io 0xca2 regsize 1 spacing 1 irq 0
ipmi_si: Adding SMBIOS-specified kcs state machine duplicate interface
ipmi_si: probing via SPMI
ipmi_si: SPMI: io 0xca2 regsize 2 spacing 2 irq 0
ipmi_si: Adding SPMI-specified kcs state machine duplicate interface
ipmi_si: Trying ACPI-specified kcs state machine at i/o address 0xca2, slave address 0x0, irq 0
ACPI Warning: SystemIO range 0x0000000000000928-0x000000000000092F conflicts with OpRegion 0x0000000000000920-0x000000000000092F (\SGPE) (20160831/utaddress-247)
ACPI: If an ACPI driver is available for this device, you should use it instead of the native driver
lpc_ich: Resource conflict(s) found affecting gpio_ich
hpwdt 0000:01:00.0: HPE Watchdog Timer Driver: NMI decoding initialized, allow kernel dump: ON (default = 1/ON)
hpwdt 0000:01:00.0: HPE Watchdog Timer Driver: 1.4.0, timer margin: 30 seconds (nowayout=0).
sd 0:0:0:0: Attached scsi generic sg0 type 0
sd 1:0:0:0: Attached scsi generic sg1 type 0
sd 2:0:0:0: Attached scsi generic sg2 type 0
sd 6:0:0:0: Attached scsi generic sg3 type 0
sd 3:0:0:0: Attached scsi generic sg4 type 0
sd 4:0:0:0: Attached scsi generic sg5 type 0
[drm] Initialized
input: PC Speaker as /devices/platform/pcspkr/input/input4
[TTM] Zone  kernel: Available graphics memory: 2002382 kiB
[TTM] Initializing pool allocator
[TTM] Initializing DMA pool allocator
fbcon: mgadrmfb (fb0) is primary device
RAPL PMU: API unit is 2^-32 Joules, 3 fixed counters, 163840 ms ovfl timer
RAPL PMU: hw unit of domain pp0-core 2^-16 Joules
RAPL PMU: hw unit of domain package 2^-16 Joules
RAPL PMU: hw unit of domain pp1-gpu 2^-16 Joules
Adding 4217664k swap on /dev/sda2.  Priority:-1 extents:1 across:4217664k FS
Adding 4217664k swap on /dev/sdb2.  Priority:-2 extents:1 across:4217664k FS
Adding 4217664k swap on /dev/sde2.  Priority:-3 extents:1 across:4217664k FS
Adding 4217664k swap on /dev/sdc2.  Priority:-4 extents:1 across:4217664k FS
iTCO_vendor_support: vendor-support=0
iTCO_wdt: Intel TCO WatchDog Timer Driver v1.11
iTCO_wdt: unable to reset NO_REBOOT flag, device disabled by hardware/BIOS
Console: switching to colour frame buffer device 128x48
intel_rapl: Found RAPL domain package
intel_rapl: Found RAPL domain core
mgag200 0000:01:00.1: fb0: mgadrmfb frame buffer device
[drm] Initialized mgag200 1.0.0 20110418 for 0000:01:00.1 on minor 0
ipmi_si IPI0001:00: Found new BMC (man_id: 0x00000b, prod_id: 0x2000, dev_id: 0x13)
ipmi_si IPI0001:00: IPMI kcs interface initialized
EXT4-fs (md127): mounted filesystem with ordered data mode. Opts: (null)
IPv6: ADDRCONF(NETDEV_UP): eno1: link is not ready
tg3 0000:03:00.0 eno1: Link is up at 1000 Mbps, full duplex
tg3 0000:03:00.0 eno1: Flow control is on for TX and on for RX
tg3 0000:03:00.0 eno1: EEE is enabled
IPv6: ADDRCONF(NETDEV_CHANGE): eno1: link becomes ready
# cat /proc/cpuinfo
processor       : 0
vendor_id       : GenuineIntel
cpu family      : 6
model           : 58
model name      : Intel(R) Celeron(R) CPU G1610T @ 2.30GHz
stepping        : 9
microcode       : 0x1c
cpu MHz         : 2129.720
cache size      : 2048 KB
physical id     : 0
siblings        : 2
core id         : 0
cpu cores       : 2
apicid          : 0
initial apicid  : 0
fpu             : yes
fpu_exception   : yes
cpuid level     : 13
wp              : yes
flags           : fpu vme de pse tsc msr pae mce cx8 apic sep mtrr pge mca cmov pat pse36 clflush dts acpi mmx fxsr sse sse2 ss ht tm pbe syscall nx rdtscp lm constant_tsc arch_perfmon pebs bts rep_good nopl xtopology nonstop_tsc aperfmperf eagerfpu pni pclmulqdq dtes64 monitor ds_cpl vmx est tm2 ssse3 cx16 xtpr pdcm pcid sse4_1 sse4_2 popcnt tsc_deadline_timer xsave lahf_lm epb tpr_shadow vnmi flexpriority ept vpid fsgsbase smep erms xsaveopt dtherm arat pln pts
bugs            :
bogomips        : 4589.38
clflush size    : 64
cache_alignment : 64
address sizes   : 36 bits physical, 48 bits virtual
power management:

processor       : 1
vendor_id       : GenuineIntel
cpu family      : 6
model           : 58
model name      : Intel(R) Celeron(R) CPU G1610T @ 2.30GHz
stepping        : 9
microcode       : 0x1c
cpu MHz         : 2128.000
cache size      : 2048 KB
physical id     : 0
siblings        : 2
core id         : 1
cpu cores       : 2
apicid          : 2
initial apicid  : 2
fpu             : yes
fpu_exception   : yes
cpuid level     : 13
wp              : yes
flags           : fpu vme de pse tsc msr pae mce cx8 apic sep mtrr pge mca cmov pat pse36 clflush dts acpi mmx fxsr sse sse2 ss ht tm pbe syscall nx rdtscp lm constant_tsc arch_perfmon pebs bts rep_good nopl xtopology nonstop_tsc aperfmperf eagerfpu pni pclmulqdq dtes64 monitor ds_cpl vmx est tm2 ssse3 cx16 xtpr pdcm pcid sse4_1 sse4_2 popcnt tsc_deadline_timer xsave lahf_lm epb tpr_shadow vnmi flexpriority ept vpid fsgsbase smep erms xsaveopt dtherm arat pln pts
bugs            :
bogomips        : 4590.25
clflush size    : 64
cache_alignment : 64
address sizes   : 36 bits physical, 48 bits virtual
power management:

# lspci -nn
00:00.0 Host bridge [0600]: Intel Corporation Xeon E3-1200 v2/3rd Gen Core processor DRAM Controller [8086:0150] (rev 09)
00:01.0 PCI bridge [0604]: Intel Corporation Xeon E3-1200 v2/3rd Gen Core processor PCI Express Root Port [8086:0151] (rev 09)
00:06.0 PCI bridge [0604]: Intel Corporation Xeon E3-1200 v2/3rd Gen Core processor PCI Express Root Port [8086:015d] (rev 09)
00:1a.0 USB controller [0c03]: Intel Corporation 6 Series/C200 Series Chipset Family USB Enhanced Host Controller #2 [8086:1c2d] (rev 05)
00:1c.0 PCI bridge [0604]: Intel Corporation 6 Series/C200 Series Chipset Family PCI Express Root Port 1 [8086:1c10] (rev b5)
00:1c.4 PCI bridge [0604]: Intel Corporation 6 Series/C200 Series Chipset Family PCI Express Root Port 5 [8086:1c18] (rev b5)
00:1c.6 PCI bridge [0604]: Intel Corporation 6 Series/C200 Series Chipset Family PCI Express Root Port 7 [8086:1c1c] (rev b5)
00:1c.7 PCI bridge [0604]: Intel Corporation 6 Series/C200 Series Chipset Family PCI Express Root Port 8 [8086:1c1e] (rev b5)
00:1d.0 USB controller [0c03]: Intel Corporation 6 Series/C200 Series Chipset Family USB Enhanced Host Controller #1 [8086:1c26] (rev 05)
00:1e.0 PCI bridge [0604]: Intel Corporation 82801 PCI Bridge [8086:244e] (rev a5)
00:1f.0 ISA bridge [0601]: Intel Corporation C204 Chipset Family LPC Controller [8086:1c54] (rev 05)
00:1f.2 SATA controller [0106]: Intel Corporation 6 Series/C200 Series Chipset Family SATA AHCI Controller [8086:1c02] (rev 05)
01:00.0 System peripheral [0880]: Hewlett-Packard Company Integrated Lights-Out Standard Slave Instrumentation &amp; System Support [103c:3306] (rev 05)
01:00.1 VGA compatible controller [0300]: Matrox Electronics Systems Ltd. MGA G200EH [102b:0533]
01:00.2 System peripheral [0880]: Hewlett-Packard Company Integrated Lights-Out Standard Management Processor Support and Messaging [103c:3307] (rev 05)
01:00.4 USB controller [0c03]: Hewlett-Packard Company Integrated Lights-Out Standard Virtual USB Controller [103c:3300] (rev 02)
03:00.0 Ethernet controller [0200]: Broadcom Limited NetXtreme BCM5720 Gigabit Ethernet PCIe [14e4:165f]
03:00.1 Ethernet controller [0200]: Broadcom Limited NetXtreme BCM5720 Gigabit Ethernet PCIe [14e4:165f]
04:00.0 USB controller [0c03]: Renesas Technology Corp. uPD720201 USB 3.0 Host Controller [1912:0014] (rev 03)
&lt;/pre&gt;&lt;/small&gt;}}&lt;noinclude&gt;[[Category:HP]]&lt;/noinclude&gt;</text>
      <sha1>qhpfxrml4a9ymh7l4i88y03y046of1k</sha1>
    </revision>
  </page>