<page>
    <title>Keenetic Starter (KN-1111)/Serial info</title>
    <ns>0</ns>
    <id>27287</id>
    <revision>
      <id>77661</id>
      <timestamp>2020-06-03T00:09:37Z</timestamp>
      <contributor>
        <username>DarkShadow</username>
        <id>3096572</id>
      </contributor>
      <comment>add data</comment>
      <origin>77661</origin>
      <model>wikitext</model>
      <format>text/x-wiki</format>
      <text bytes="7315" sha1="fqm7auvocntcmt9uawqayxwst7q7c4l" xml:space="preserve">{{SCollapse|Bootlog (KN-1111_stable_3.03.C.12.0-0 version firmware 2020-02-28) â€¢ &gt;&gt;
|&lt;small&gt;&lt;pre&gt;
U-Boot 1.1.3 [4.0.0.4-10] (Nov 22 2017 - 08:09:11)

Board: Ralink APSoC DRAM:  64 MB
relocate_code Pointer at: 83fb0000


******************************
Software System Reset Occurred
******************************
MediaTek SPI BBU flash driver, SPI clock: 32MHz
flash manufacture id: c2, device id 20 19
find flash: MX25L25635E
*** Warning - bad CRC, using default environment

============================================
Ralink UBoot Version: 4.0.0.4_NDMS
--------------------------------------------
ASIC 7628_MP (Port5&lt;-&gt;None)
DRAM component: 512 Mbits DDR, width 16
DRAM bus: 16 bit
Total memory: 64 MBytes
Flash component: SPI Flash
Date:Nov 22 2017  Time:08:09:11
============================================
icache: sets:512, ways:4, linesz:32, total:65536
dcache: sets:256, ways:4, linesz:32, total:32768

 ##### The CPU freq = 580 MHZ ####
 estimate memory size = 64 Mbytes

Resetting MT7628 PHY...
Dual image:     on
Boot active:    1
Boot backup:    1
Boot fails:     0


Please choose the operation:
   1: Load system code to SDRAM via TFTP.
   2: Load system code then write to Flash via TFTP.
   3: Boot system code via Flash (default).
   4: Enter boot command line interface.
   7: Load Boot Loader code then write to Flash via Serial.
   9: Load Boot Loader code then write to Flash via TFTP.                                                                                 0

3: System Boot system code via Flash.
## Booting image at bc050000 ...
   Image Name:   KN-1111
   Created:      2020-02-28   5:53:00 UTC
   Image Type:   MIPS Linux Kernel Image (lzma compressed)
   Data Size:    1318491 Bytes =  1.3 MB
   Load Address: 80000000
   Entry Point:  802f8f84
   Verifying Checksum ... OK
   Uncompressing Kernel Image ... OK
No initrd
## Transferring control to Linux (at address 802f8f84) ...
## Giving linux memsize in MB, 64

Starting kernel ...


LINUX started...
Linux version version 4.9-ndm-4 (developers@ndmsystems.com) (gcc version 8.3.0 (crosstool-NG 1.24.0-rc2-ndm-7 - NDMS Toolkit 1.0.0) ) #2 Thu Feb 20 20:33:17 MSK 2020
MediaTek SoC: MT7628A, RevID: 0102, RAM: DDR2, XTAL: 40MHz
CPU/OCP/SYS frequency: 580/193/193 MHz
SoC power status: Hard reset occured
CPU0 revision is: 00019655 (MIPS 24KEc)
Determined physical RAM map:
 memory: 04000000 @ 00000000 (usable)
Primary instruction cache 64kB, VIPT, 4-way, linesize 32 bytes.
Primary data cache 32kB, 4-way, PIPT, no aliases, linesize 32 bytes
Zone ranges:
  Normal   [mem 0x0000000000000000-0x0000000003ffffff]
Movable zone start for each node
Early memory node ranges
  node   0: [mem 0x0000000000000000-0x0000000003ffffff]
Initmem setup node 0 [mem 0x0000000000000000-0x0000000003ffffff]
Built 1 zonelists in Zone order, mobility grouping on.  Total pages: 16256
Kernel command line: console=ttyS0,115200n8
PID hash table entries: 256 (order: -2, 1024 bytes)
Dentry cache hash table entries: 8192 (order: 3, 32768 bytes)
Inode-cache hash table entries: 4096 (order: 2, 16384 bytes)
Writing ErrCtl register=00030d40
Readback ErrCtl register=00030d40
Memory: 60856K/65536K available (3036K kernel code, 124K rwdata, 572K rodata, 196K init, 83K bss, 4680K reserved, 0K cma-reserved)
NR_IRQS:40
Setting up vectored interrupts
clocksource: MIPS: mask: 0xffffffff max_cycles: 0xffffffff, max_idle_ns: 6590553264 ns
sched_clock: 32 bits at 290MHz, resolution 3ns, wraps every 7405115902ns
console [ttyS0] enabled
Calibrating delay loop... 385.02 BogoMIPS (lpj=770048)
pid_max: default: 32768 minimum: 301
Mount-cache hash table entries: 1024 (order: 0, 4096 bytes)
Mountpoint-cache hash table entries: 1024 (order: 0, 4096 bytes)
clocksource: jiffies: mask: 0xffffffff max_cycles: 0xffffffff, max_idle_ns: 7645041785100000 ns
futex hash table entries: 256 (order: -1, 3072 bytes)
NET: Registered protocol family 16
clocksource: Switched to clocksource MIPS
NET: Registered protocol family 2
TCP established hash table entries: 2048 (order: 1, 8192 bytes)
TCP bind hash table entries: 2048 (order: 1, 8192 bytes)
TCP: Hash tables configured (established 2048 bind 2048)
UDP hash table entries: 256 (order: 0, 4096 bytes)
UDP-Lite hash table entries: 256 (order: 0, 4096 bytes)
NET: Registered protocol family 1
Load Ralink WDG Timer Module
workingset: timestamp_bits=29 max_order=14 bucket_order=0
squashfs: version 4.0 (2009/01/31) Phillip Lougher
io scheduler noop registered (default)
Serial: 8250/16550 driver, 1 ports, IRQ sharing disabled
serial8250: ttyS0 at MMIO 0x10000c00 (irq = 28, base_baud = 2500000) is a 16550A
Registering NDM partitions parser
MediaTek BBU SPI flash driver, SPI clock: 32MHz
SPI flash chip: MX25L25635F (c2 2019c220) (32768 Kbytes)
di: active = 1, backup = 1, current = 1
14 ndmpart partitions found on MTD device raspi
Creating 14 MTD partitions on &quot;raspi&quot;:
0x000000000000-0x000000030000 : &quot;U-Boot&quot;
0x000000030000-0x000000040000 : &quot;U-Config&quot;
0x000000040000-0x000000050000 : &quot;RF-EEPROM&quot;
0x000000050000-0x0000001b0000 : &quot;Kernel_1&quot;
0x0000001b0000-0x000000fb0000 : &quot;RootFS_1&quot;
mtd: device 4 (RootFS_1) set to be root filesystem
0x000000050000-0x000000fb0000 : &quot;Firmware_1&quot;
0x000000fb0000-0x000000ff0000 : &quot;Config_1&quot;
0x000000ff0000-0x000001000000 : &quot;Dump&quot;
0x000001000000-0x000001030000 : &quot;U-State&quot;
0x000001030000-0x000001040000 : &quot;U-Config_res&quot;
0x000001040000-0x000001050000 : &quot;RF-EEPROM_res&quot;
0x000001050000-0x000001fb0000 : &quot;Firmware_2&quot;
0x000001fb0000-0x000001ff0000 : &quot;Config_2&quot;
0x000000000000-0x000002000000 : &quot;Full&quot;
tun: Universal TUN/TAP device driver, 1.6
tun: (C) 1999-2004 Max Krasnyansky &lt;maxk@qualcomm.com&gt;
PPP generic driver version 2.4.2
PPP MPPE Compression module registered
NET: Registered protocol family 24
PPTP driver version 0.8.5
Netfilter messages via NETLINK v0.30.
nf_conntrack version 0.5.0 (8192 buckets, 32768 max)
ctnetlink v0.93: registering with nfnetlink.
Fast NAT loaded
ip_set: protocol 6
ipip: IPv4 and MPLS over IPv4 tunneling driver
gre: GRE over IPv4 demultiplexor driver
ip_tables: (C) 2000-2006 Netfilter Core Team
NET: Registered protocol family 10
ip6_tables: (C) 2000-2006 Netfilter Core Team
NET: Registered protocol family 17
ubridge: Tiny bridge driver, 1.2
8021q: 802.1Q VLAN Support v1.8
VFS: Mounted root (squashfs filesystem) readonly on device 31:4.
Freeing unused kernel memory: 196K
This architecture does not have kernel memory protection.
RNG reseed started
random: crng init done
RNG reseeded
init: init process was started.
init: press Enter to activate this console.
[I] Jan  1 00:00:03 ndm: Core::Main: ***
[I] Jan  1 00:00:03 ndm: Core::Main: *** Network Device Manager 3.03.C.12.0-0.
[I] Jan  1 00:00:03 ndm: Core::Main: *** Built Feb 20 2020 20:26:16.
[I] Jan  1 00:00:03 ndm: Core::Main: ***
[I] Jan  1 00:00:04 ndm: Core::System::Mtd::Table: current firmware image index is 1.
[I] Jan  1 00:00:04 ndm: Core::System::DriverManager: loading /lib/modules/4.9-ndm-4/nf_nat_proto_gre.ko.
[I] Jan  1 00:00:04 ndm: Core::System::DriverManager: loading /lib/modules/4.9-ndm-4/crypto_null.ko.
[I] Jan  1 00:00:04 ndm: Core::System::DriverManager: loading /lib/modules/4.9-ndm-4/udp_tunnel.ko.
[I] Jan  1 00:00:04 ndm: Core::System::DriverManager: loading /lib/modules/4.9-ndm-4/ip_gre.ko.
&lt;/pre&gt;&lt;/small&gt;}}&lt;noinclude&gt;[[Category:Keenetic]]&lt;/noinclude&gt;</text>
      <sha1>fqm7auvocntcmt9uawqayxwst7q7c4l</sha1>
    </revision>
  </page>