<page>
    <title>Keenetic Lite (KN-1310)/Serial info</title>
    <ns>0</ns>
    <id>27334</id>
    <revision>
      <id>77859</id>
      <timestamp>2020-06-05T01:31:18Z</timestamp>
      <contributor>
        <username>DarkShadow</username>
        <id>3096572</id>
      </contributor>
      <comment>add data</comment>
      <origin>77859</origin>
      <model>wikitext</model>
      <format>text/x-wiki</format>
      <text bytes="7615" sha1="24c3seu4hf3jj8dkwmgla7aok54pasb" xml:space="preserve">{{SCollapse|TFTP • &gt;&gt;
|&lt;small&gt;&lt;pre&gt;
TFTP from server 192.168.1.2; our IP address is 192.168.1.1
Filename 'KN-1310_recovery.bin'.
&lt;/pre&gt;&lt;/small&gt;}}

{{SCollapse|boot, mtd, etc (KN-1310_stable_3.03.C.10.0-0 version firmware 2020-02-13) • &gt;&gt;
|&lt;small&gt;&lt;pre&gt;
U-Boot 1.1.3 [4.0.0.4-10] (Nov 22 2017 - 08:09:18)

Board: Ralink APSoC DRAM:  64 MB
relocate_code Pointer at: 83fb0000

MediaTek SPI BBU flash driver, SPI clock: 32MHz
flash manufacture id: ef, device id 40 18
find flash: W25Q128BV
============================================
Ralink UBoot Version: 4.0.0.4_NDMS
--------------------------------------------
ASIC 7628_MP (Port5&lt;-&gt;None)
DRAM component: 512 Mbits DDR, width 16
DRAM bus: 16 bit
Total memory: 64 MBytes
Flash component: SPI Flash
Date:Nov 22 2017  Time:08:09:18
============================================
icache: sets:512, ways:4, linesz:32, total:65536
dcache: sets:256, ways:4, linesz:32, total:32768

 ##### The CPU freq = 580 MHZ ####
 estimate memory size = 64 Mbytes

Resetting MT7628 PHY...
Dual image:     on
Boot active:    1
Boot backup:    2
Boot fails:     0


Please choose the operation:
   1: Load system code to SDRAM via TFTP.
   2: Load system code then write to Flash via TFTP.
   3: Boot system code via Flash (default).
   4: Enter boot command line interface.
   7: Load Boot Loader code then write to Flash via Serial.
   9: Load Boot Loader code then write to Flash via TFTP.
 0
3: System Boot system code via Flash.
## Booting image at bc050000 ...
   Image Name:   KN-1310
   Created:      2020-02-13  14:39:38 UTC
   Image Type:   MIPS Linux Kernel Image (lzma compressed)
   Data Size:    1357991 Bytes =  1.3 MB
   Load Address: 80000000
   Entry Point:  802f93a8
   Verifying Checksum ... OK
   Uncompressing Kernel Image ... OK
No initrd
## Transferring control to Linux (at address 802f93a8) ...
## Giving linux memsize in MB, 64

Starting kernel ...
+
LINUX started...
Linux version 4.9-ndm-4 (developers@ndmsystems.com) (gcc version 8.3.0 (crosstool-NG 1.24.0-rc2-ndm-7 - NDMS Toolkit 1.0.0) ) #2 Mon Feb 10 19:31:14 MSK 2020
MediaTek SoC: MT7628A, RevID: 0102, RAM: DDR2, XTAL: 40MHz
CPU/OCP/SYS frequency: 580/193/193 MHz
SoC power status: Hard reset occured
CPU0 revision is: 00019655 (MIPS 24KEc)
Determined physical RAM map:
 memory: 04000000 @ 00000000 (usable)
Primary instruction cache 64kB, VIPT, 4-way, linesize 32 bytes.
Primary data cache 32kB, 4-way, PIPT, no aliases, linesize 32 bytes
Zone ranges:
  Normal   [mem 0x0000000000000000-0x0000000003ffffff]
Movable zone start for each node
Early memory node ranges
  node   0: [mem 0x0000000000000000-0x0000000003ffffff]
Initmem setup node 0 [mem 0x0000000000000000-0x0000000003ffffff]
Built 1 zonelists in Zone order, mobility grouping on.  Total pages: 16256
Kernel command line: console=ttyS0,57600n8
PID hash table entries: 256 (order: -2, 1024 bytes)
Dentry cache hash table entries: 8192 (order: 3, 32768 bytes)
Inode-cache hash table entries: 4096 (order: 2, 16384 bytes)
Writing ErrCtl register=00078cfb
Readback ErrCtl register=00078cfb
Memory: 60792K/65536K available (3037K kernel code, 247K rwdata, 572K rodata, 136K init, 83K bss, 4744K reserved, 0K cma-reserved)
NR_IRQS:40
Setting up vectored interrupts
clocksource: MIPS: mask: 0xffffffff max_cycles: 0xffffffff, max_idle_ns: 6590553264 ns
sched_clock: 32 bits at 290MHz, resolution 3ns, wraps every 7405115902ns
console [ttyS0] enabled
Calibrating delay loop... 385.02 BogoMIPS (lpj=770048)
pid_max: default: 32768 minimum: 301
Mount-cache hash table entries: 1024 (order: 0, 4096 bytes)
Mountpoint-cache hash table entries: 1024 (order: 0, 4096 bytes)
clocksource: jiffies: mask: 0xffffffff max_cycles: 0xffffffff, max_idle_ns: 7645041785100000 ns
futex hash table entries: 256 (order: -1, 3072 bytes)
NET: Registered protocol family 16
clocksource: Switched to clocksource MIPS
NET: Registered protocol family 2
TCP established hash table entries: 2048 (order: 1, 8192 bytes)
TCP bind hash table entries: 2048 (order: 1, 8192 bytes)
TCP: Hash tables configured (established 2048 bind 2048)
UDP hash table entries: 256 (order: 0, 4096 bytes)
UDP-Lite hash table entries: 256 (order: 0, 4096 bytes)
NET: Registered protocol family 1
Load Ralink WDG Timer Module
workingset: timestamp_bits=29 max_order=14 bucket_order=0
squashfs: version 4.0 (2009/01/31) Phillip Lougher
io scheduler noop registered (default)
Serial: 8250/16550 driver, 1 ports, IRQ sharing disabled
serial8250: ttyS0 at MMIO 0x10000c00 (irq = 28, base_baud = 2500000) is a 16550A
Registering NDM partitions parser
MediaTek BBU SPI flash driver, SPI clock: 32MHz
SPI flash chip: W25Q128FV (ef 40180000) (16384 Kbytes)
Bootloader is up to date
di: active = 1, backup = 2, current = 1
14 ndmpart partitions found on MTD device raspi
Creating 14 MTD partitions on &quot;raspi&quot;:
0x000000000000-0x000000030000 : &quot;U-Boot&quot;
0x000000030000-0x000000040000 : &quot;U-Config&quot;
0x000000040000-0x000000050000 : &quot;RF-EEPROM&quot;
0x000000050000-0x0000001b0000 : &quot;Kernel_1&quot;
0x0000001b0000-0x0000007e0000 : &quot;RootFS_1&quot;
mtd: device 4 (RootFS_1) set to be root filesystem
0x000000050000-0x0000007e0000 : &quot;Firmware_1&quot;
0x0000007e0000-0x0000007f0000 : &quot;Config_1&quot;
0x0000007f0000-0x000000800000 : &quot;Dump&quot;
0x000000800000-0x000000830000 : &quot;U-State&quot;
0x000000830000-0x000000840000 : &quot;U-Config_res&quot;
0x000000840000-0x000000850000 : &quot;RF-EEPROM_res&quot;
0x000000850000-0x000000fe0000 : &quot;Firmware_2&quot;
0x000000fe0000-0x000000ff0000 : &quot;Config_2&quot;
0x000000000000-0x000001000000 : &quot;Full&quot;
tun: Universal TUN/TAP device driver, 1.6
tun: (C) 1999-2004 Max Krasnyansky &lt;maxk@qualcomm.com&gt;
PPP generic driver version 2.4.2
PPP MPPE Compression module registered
NET: Registered protocol family 24
PPTP driver version 0.8.5
Netfilter messages via NETLINK v0.30.
esetnds: Module loaded.5.0 (8192 buckets, 32768 max)
l2tp_core: L2TP core driver, V2.0oading /lib/modules/4.9-ndm-4/phr.ko.
Fast NAT loaded
[I] Jan  1 00:00:05 ndm2tp_ppp: PPPoL2TP kernel driver, V2.0
m: Core::Sysnf_nat_rtsp v0.7 loadinging driver
tem::DriverManager: loading /lib/modules/4.9-ndm-4/nf_conntrack_proto_gre.ko.
[I] Jan  1 00:00:05 ndm: Core::System::DriverManager: loading /lib/modules/4.9-ndm-4/ip6_udp_tunnel.ko.
[I] Jan  1 00:00:05 ndm: Core::System::DriverManager: loading /lib/modules/4.9-ndm-4/nf_conntrack_h323.ko.
[I] Jan  1 00:00:05 ndm: Core::System::DriverManager: loading /lib/modules/4.9-ndm-4/nacct.ko.
[I] Jan  1 00:00:05 ndm: Core::System::DriverManager: loading /lib/modules/4.9-ndm-4/mtdoops_proc.ko.
[I] Jan  1 00:00:05 ndm: Core::System::DriverManager: loading /lib/modules/4.9-ndm-4/resetnds.ko.
[I] Jan  1 00:00:05 ndm: Core::System::DriverManager: loading /lib/modules/4.9-ndm-4/nf_conntrack_pptp.ko.
[I] Jan  1 00:00:05 ndm: Core::System::DriverManager: loading /lib/modules/4.9-ndm-4/nf_nat_h323.ko.
[I] Jan  1 00:00:05 ndm: Core::System::DriverManager: loading /lib/modules/4.9-ndm-4/nf_nat_pptp.ko.
[I] Jan  1 00:00:05 ndm: Core::System::DriverManager: loading /lib/modules/4.9-ndm-4/aead.ko.
[I] Jan  1 00:00:05 ndm: Core::System::DriverManager: loading /lib/modules/4.9-ndm-4/l2tp_core.ko.
[I] Jan  1 00:00:05 ndm: Core::System::DriverManager: loading /lib/modules/4.9-ndm-4/l2tp_ppp.ko.
[I] Jan  1 00:00:05 ndm: Core::System::DriverManager: loading /lib/modules/4.9-ndm-4/nf_nat_rtsp.ko.
[I] Jan  1 00:00:05 ndm: Core::Mode: starting the system in &quot;ap&quot; mode.
[I] Jan  1 00:00:05 ndm: FileSystem::Temp: mounting /var/...
[I] Jan  1 00:00:05 ndm: Core::Authenticator: MD5 generator created.
[I] Jan  1 00:00:05 ndm: Core::Authenticator: NT generator created.3.C.10.0-0.
&lt;/pre&gt;&lt;/small&gt;}}&lt;noinclude&gt;[[Category:ZyXEL]]&lt;/noinclude&gt;</text>
      <sha1>24c3seu4hf3jj8dkwmgla7aok54pasb</sha1>
    </revision>
  </page>