<page>
    <title>Linksys EA7500/Serial info</title>
    <ns>0</ns>
    <id>27107</id>
    <revision>
      <id>76929</id>
      <timestamp>2020-05-20T20:53:58Z</timestamp>
      <contributor>
        <username>DarkShadow</username>
        <id>3096572</id>
      </contributor>
      <comment>add data</comment>
      <origin>76929</origin>
      <model>wikitext</model>
      <format>text/x-wiki</format>
      <text bytes="21373" sha1="jhvsiezcnjsjl5z158czad6vh3mk3v9" xml:space="preserve">====Boot log====
{{SCollapse|Boot log • &gt;&gt; 
|&lt;small&gt;&lt;pre&gt;
U-Boot .07 [Standard IPQ806X.LN,r40331] (Nov 05 2015 - 14:44:22)

CBT U-Boot ver: 1.1.4

smem ram ptable found: ver: 0 len: 5
DRAM:  235 MiB
NAND:  SF: Unsupported manufacturer 00
ipq_spi: SPI Flash not found (bus/cs/speed/mode) = (0/0/48000000/0)
128 MiB
MMC:   
PCI0 Link Intialized
PCI1 Link Intialized
In:    serial
Out:   serial
Err:   serial
cdp: get part failed for 0:HLOS
Net:   MAC1 addr:0:3:7f:ba:db:1
athrs17_reg_init: complete
athrs17_vlan_config ...done
S17c init  done
MAC2 addr:0:3:7f:ba:db:2
eth0
Warning: eth0 MAC addresses don't match:
Address in SROM is         00:03:7f:ba:db:01
Address in environment is  00:06:3b:01:41:00
, eth1

Updating boot_count ... done

Hit any key to stop autoboot:  0 
MMC Device 0 not found
MMC Device 0 not found

Loading from nand0, offset 0xf80000
   Image Name:   Linux-3.4.103
   Image Type:   ARM Linux Kernel Image (uncompressed)
   Data Size:    1897480 Bytes = 1.8 MiB
   Load Address: 41508000
   Entry Point:  41508000
Automatic boot of image at addr 0x44000000 ...
   Image Name:   Linux-3.4.103
   Image Type:   ARM Linux Kernel Image (uncompressed)
   Data Size:    1897480 Bytes = 1.8 MiB
   Load Address: 41508000
   Entry Point:  41508000
   Verifying Checksum ... OK
   Loading Kernel Image ... OK
OK
mtdids not defined, no default present
info: &quot;mtdparts&quot; not set
Using machid 0x1260 from environment

Starting kernel ...

[    0.000000] Booting Linux on physical CPU 0
[    0.000000] Linux version 3.4.103 (root@build-vm) (gcc version 4.6.3 20120201 (prerelease) (Linaro GCC 4.6-2012.02) ) #1 SMP PREEMPT Thu Feb 15 17:25:15 PST 2018
[    0.000000] CPU: ARMv7 Processor [512f04d0] revision 0 (ARMv7), cr=10c5387d
[    0.000000] CPU: PIPT / VIPT nonaliasing data cache, PIPT instruction cache
[    0.000000] Machine: Linksys EA7500 WiFi Router.
[    0.000000] msm_reserve_memory: 0x44600000, 0x200000
[    0.000000] memory pool 3 (start 4fc00000 size 400000) initialized
[    0.000000] Memory policy: ECC disabled, Data cache writealloc
[    0.000000] smem_find(137, 80): wrong size 72
[    0.000000] socinfo_init: v6, id=202, ver=2.0, raw_id=2064, raw_ver=2064, hw_plat=0,  hw_plat_ver=65536
[    0.000000]  accessory_chip=0 hw_plat_subtype=0
[    0.000000] PERCPU: Embedded 8 pages/cpu @c0a4b000 s11072 r8192 d13504 u32768
[    0.000000] Built 1 zonelists in Zone order, mobility grouping on.  Total pages: 58154
[    0.000000] Kernel command line: console=ttyHSL1,115200n8 init=/sbin/init rootfstype=squashfs ubi.mtd=14,2048 ubi.block=0,0 root=/dev/ubiblock0_0 rootwait ro
[    0.000000] PID hash table entries: 1024 (order: 0, 4096 bytes)
[    0.000000] Dentry cache hash table entries: 32768 (order: 5, 131072 bytes)
[    0.000000] Inode-cache hash table entries: 16384 (order: 4, 65536 bytes)
[    0.000000] Memory: 49MB 180MB = 229MB total
[    0.000000] Memory: 223660k/229804k available, 10836k reserved, 0K highmem
[    0.000000] Virtual kernel memory layout:
[    0.000000]     vector  : 0xffff0000 - 0xffff1000   (   4 kB)
[    0.000000]     fixmap  : 0xfff00000 - 0xfffe0000   ( 896 kB)
[    0.000000]     vmalloc : 0xcf000000 - 0xff000000   ( 768 MB)
[    0.000000]     lowmem  : 0xc0000000 - 0xceb00000   ( 235 MB)
[    0.000000]     pkmap   : 0xbfe00000 - 0xc0000000   (   2 MB)
[    0.000000]     modules : 0xbf000000 - 0xbfe00000   (  14 MB)
[    0.000000]       .text : 0xc0008000 - 0xc0519000   (5188 kB)
[    0.000000]       .init : 0xc0600000 - 0xc0702b40   (1035 kB)
[    0.000000]       .data : 0xc0704000 - 0xc07a1160   ( 629 kB)
[    0.000000]        .bss : 0xc07a1184 - 0xc0849e4c   ( 676 kB)
[    0.000000] SLUB: Genslabs=11, HWalign=64, Order=0-3, MinObjects=0, CPUs=2, Nodes=1
[    0.000000] Preemptible hierarchical RCU implementation.
[    0.000000] NR_IRQS:1689
[    0.000000] sched_clock: 32 bits at 32kHz, resolution 31240ns, wraps every 134175798ms
[    0.000000] Console: colour dummy device 80x30
[    0.150421] Calibrating delay using timer specific routine.. 12.55 BogoMIPS (lpj=62799)
[    0.150452] pid_max: default: 32768 minimum: 301
[    0.150921] Mount-cache hash table entries: 512
[    0.152389] CPU: Testing write buffer coherency: ok
[    0.152608] CPU0: thread -1, cpu 0, socket 0, mpidr 80000000
[    0.152639] hw perfevents: enabled with ARMv7 Krait PMU driver, 5 counters available
[    0.152764] Setting up static identity map for 0x418cbd80 - 0x418cbe08
[    0.155076] CPU1: Booted secondary processor
[    0.155139] CPU1: thread -1, cpu 1, socket 0, mpidr 80000001
[    0.155232] Brought up 2 CPUs
[    0.155263] SMP: Total of 2 processors activated (25.11 BogoMIPS).
[    0.171571] dummy: 
[    0.172258] NET: Registered protocol family 16
[    0.173102] AXI: msm_bus_fabric_init_driver(): msm_bus_fabric_init_driver
[    0.175413] meminfo_init: smem ram ptable found: ver: 0 len: 5
[    0.175445] Found 1 memory banks grouped into 8 memory regions
[    0.175757] gpiochip_add: registered GPIOs 0 to 151 on device: msmgpio
[    0.176538] smem_find(137, 80): wrong size 72
[    0.176569] socinfo_init: v6, id=202, ver=2.0, raw_id=2064, raw_ver=2064, hw_plat=0,  hw_plat_ver=65536
[    0.176569]  accessory_chip=0 hw_plat_subtype=0
[    0.176632] msm_rpm_init: RPM firmware 3.0.16777342
[    0.184442] clk_tbl_nss - loaded
[    0.211184] hw-breakpoint: found 5 (+1 reserved) breakpoint and 4 watchpoint registers.
[    0.211184] hw-breakpoint: maximum watchpoint size is 8 bytes.
[    0.211621] msm_dmov_memcpy_init: Success
[    0.218712] sps:BAM 0x12244000 enabled: ver:0x5, number of pipes:20
[    0.218744] sps:BAM 0x12244000 is registered.
[    0.218994] sps:sps is ready.
[    0.260855] msm_pcie_setup: link initialized
[    0.261230] PCI host bridge to bus 0000:00
[    0.261262] pci_bus 0000:00: root bus resource [mem 0x08000000-0x0fefffff]
[    0.261793] PCI: bus0: Fast back to back transfers disabled
[    0.261793] pci 0000:00:00.0: bridge configuration invalid ([bus 00-00]), reconfiguring
[    0.262605] PCI: bus1: Fast back to back transfers disabled
[    0.300968] msm_pcie_setup: link initialized
[    0.301312] PCI host bridge to bus 0000:02
[    0.301343] pci_bus 0000:02: root bus resource [mem 0x2e000000-0x31efffff]
[    0.301811] PCI: bus2: Fast back to back transfers disabled
[    0.301811] pci 0000:02:00.0: bridge configuration invalid ([bus 00-00]), reconfiguring
[    0.302530] PCI: bus3: Fast back to back transfers disabled
[    0.421305] msm_pcie_setup: link initialization failed
[    0.421524] pci 0000:02:00.0: BAR 8: assigned [mem 0x2e000000-0x2e1fffff]
[    0.421555] pci 0000:03:00.0: BAR 0: assigned [mem 0x2e000000-0x2e1fffff 64bit]
[    0.421587] pci 0000:02:00.0: PCI bridge to [bus 03-03]
[    0.421618] pci 0000:02:00.0:   bridge window [mem 0x2e000000-0x2e1fffff]
[    0.421680] PCI: enabling device 0000:02:00.0 (0140 -&gt; 0143)
[    0.421743] pci 0000:00:00.0: BAR 8: assigned [mem 0x08000000-0x081fffff]
[    0.421774] pci 0000:01:00.0: BAR 0: assigned [mem 0x08000000-0x081fffff 64bit]
[    0.421805] pci 0000:00:00.0: PCI bridge to [bus 01-01]
[    0.421836] pci 0000:00:00.0:   bridge window [mem 0x08000000-0x081fffff]
[    0.421868] PCI: enabling device 0000:00:00.0 (0140 -&gt; 0143)
[    0.448391] bio: create slab &lt;bio-0&gt; at 0
[    0.449953] SCSI subsystem initialized
[    0.451827] spi_qsd spi_qsd.5: master is unqueued, this is deprecated
[    0.454170] spi_qsd spi_qsd.6: master is unqueued, this is deprecated
[    0.458481] Switching to clocksource gp_timer
[    0.480537] NET: Registered protocol family 2
[    0.490253] IP route cache hash table entries: 2048 (order: 1, 8192 bytes)
[    0.490877] TCP established hash table entries: 8192 (order: 4, 65536 bytes)
[    0.490971] TCP bind hash table entries: 8192 (order: 4, 65536 bytes)
[    0.491065] TCP: Hash tables configured (established 8192 bind 8192)
[    0.491096] TCP: reno registered
[    0.491096] UDP hash table entries: 128 (order: 0, 4096 bytes)
[    0.491127] UDP-Lite hash table entries: 128 (order: 0, 4096 bytes)
[    0.491565] NET: Registered protocol family 1
[    0.492970] Detected 5 counters on the L2CC PMU.
[    0.494001] smd: register irq failed on wcnss_a11
[    0.494033] smd: deregistering IRQs
[    0.494064] SMD: smd_core_platform_init() failed
[    0.494814] Partition(from smem) SBL1 -- Offset:0 Size:2
[    0.494845] Partition(from smem) MIBIB -- Offset:2 Size:a
[    0.494845] Partition(from smem) SBL2 -- Offset:c Size:a
[    0.494876] Partition(from smem) SBL3 -- Offset:16 Size:14
[    0.494876] Partition(from smem) DDRCONFIG -- Offset:2a Size:9
[    0.494907] Partition(from smem) SSD -- Offset:33 Size:9
[    0.494907] Partition(from smem) TZ -- Offset:3c Size:14
[    0.494939] Partition(from smem) RPM -- Offset:50 Size:14
[    0.494970] Partition(from smem) ART -- Offset:64 Size:a
[    0.494970] Partition(from smem) APPSBL -- Offset:6e Size:8
[    0.495001] get_nand_partitions: partition name=rootfs found.
[    0.495001] Overlaying Olympus partition
[    0.495032] Olympus partition u_env -- Offset:76 Size:2
[    0.495032] Olympus partition s_env -- Offset:78 Size:2
[    0.495032] Olympus partition devinfo -- Offset:7a Size:2
[    0.495064] Olympus partition kernel -- Offset:7c Size:140
[    0.495064] Olympus partition rootfs -- Offset:94 Size:128
[    0.495064] Olympus partition alt_kernel -- Offset:1bc Size:140
[    0.495095] Olympus partition alt_rootfs -- Offset:1d4 Size:128
[    0.495095] Olympus partition sysdiag -- Offset:2fc Size:8
[    0.495095] Olympus partition syscfg -- Offset:304 Size:0
[    0.495126] get_bootconfig_partition: magic not found
[    0.508653] acpuclk-ipq806x acpuclk-ipq806x: SPEED BIN: 0
[    0.508684] acpuclk-ipq806x acpuclk-ipq806x: ACPU PVS: 1
[    0.515338] acpuclk-ipq806x acpuclk-ipq806x: CPU0: 6 frequencies supported
[    0.515370] acpuclk-ipq806x acpuclk-ipq806x: CPU1: 6 frequencies supported
[    0.516900] msm_rpm_log_probe: OK
[    0.535363] squashfs: version 4.0 (2009/01/31) Phillip Lougher
[    0.535363] jffs2: version 2.2. (NAND) (SUMMARY) (LZMA) (RTIME) (CMODE_PRIORITY) © 2001-2006 Red Hat, Inc.
[    0.536707] msgmni has been set to 436
[    0.538019] io scheduler noop registered
[    0.538050] io scheduler deadline registered (default)
[    0.540018] Serial: 8250/16550 driver, 2 ports, IRQ sharing disabled
[    0.543392] msm_serial_hs.0: ttyHS0 at MMIO 0x12490000 (irq = 227) is a MSM HS UART
[    0.544048] msm_serial_hs module loaded
[    0.544236] msm_serial_hsl: detected port #1
[    0.544361] msm_serial_hsl.1: ttyHSL1 at MMIO 0x16340000 (irq = 184) is a MSM
[    0.544798] msm_serial_hsl: console setup on port #1
[    1.353108] console [ttyHSL1] enabled
[    1.357200] msm_serial_hsl: driver initialized
[    1.366135] ahci ahci.0: forcing PORTS_IMPL to 0x1
[    1.369978] ahci ahci.0: AHCI 0001.0300 32 slots 1 ports 6 Gbps 0x1 impl platform mode
[    1.377819] ahci ahci.0: flags: ncq sntf pm led clo only pmp pio slum part ccc apst 
[    1.386941] scsi0 : ahci_platform
[    1.390034] ata1: SATA max UDMA/133 mmio [mem 0x29000000-0x2900017f] port 0x100 irq 241
[    1.399875] msm_nand_probe: phys addr 0x1ac00000 
[    1.403530] msm_nand_probe: dmac 0x3
[    1.407122] msm_nand_probe: allocated dma buffer at ffdfc000, dma_addr 4f5c0000
[    1.415807] status: e00020
[    1.417494] nandid: 1580a101 maker 01 device a1
[    1.422524] ONFI probe : Found an ONFI compliant device S34MS01G2           
[    1.429303] Found a supported NAND device
[    1.433114] NAND Controller ID : 0x4030
[    1.436925] NAND Device ID  : 0x1580a101
[    1.440893] Buswidth : 8 Bits
[    1.443798] Density  : 128 MByte
[    1.447016] Pagesize : 2048 Bytes
[    1.450359] Erasesize: 131072 Bytes
[    1.453764] Oobsize  : 64 Bytes
[    1.456888] CFG0 Init  : 0xa8d408c0
[    1.460418] CFG1 Init  : 0x0004745c
[    1.463855] ECCBUFCFG  : 0x00000203
[    1.468103] Creating 19 MTD partitions on &quot;msm_nand&quot;:
[    1.472414] 0x000000000000-0x000000040000 : &quot;SBL1&quot;
[    1.480193] 0x000000040000-0x000000180000 : &quot;MIBIB&quot;
[    1.488191] 0x000000180000-0x0000002c0000 : &quot;SBL2&quot;
[    1.496126] 0x0000002c0000-0x000000540000 : &quot;SBL3&quot;
[    1.505810] 0x000000540000-0x000000660000 : &quot;DDRCONFIG&quot;
[    1.514214] 0x000000660000-0x000000780000 : &quot;SSD&quot;
[    1.521868] 0x000000780000-0x000000a00000 : &quot;TZ&quot;
[    1.531365] 0x000000a00000-0x000000c80000 : &quot;RPM&quot;
[    1.541049] 0x000000c80000-0x000000dc0000 : &quot;ART&quot;
[    1.549047] 0x000000dc0000-0x000000ec0000 : &quot;APPSBL&quot;
[    1.556950] 0x000000ec0000-0x000000f00000 : &quot;u_env&quot;
[    1.563730] 0x000000f00000-0x000000f40000 : &quot;s_env&quot;
[    1.570509] 0x000000f40000-0x000000f80000 : &quot;devinfo&quot;
[    1.577444] 0x000000f80000-0x000003780000 : &quot;kernel&quot;
[    1.639362] 0x000001280000-0x000003780000 : &quot;rootfs&quot;
[    1.697125] 0x000003780000-0x000005f80000 : &quot;alt_kernel&quot;
[    1.738612] ata1: SATA link down (SStatus 0 SControl 300)
[    1.763792] 0x000003a80000-0x000005f80000 : &quot;alt_rootfs&quot;
[    1.820024] 0x000005f80000-0x000006080000 : &quot;sysdiag&quot;
[    1.827772] 0x000006080000-0x000008000000 : &quot;syscfg&quot;
[    1.877069] UBI: attaching mtd14 to ubi0
[    1.880037] UBI: physical eraseblock size:   131072 bytes (128 KiB)
[    1.886223] UBI: logical eraseblock size:    126976 bytes
[    1.891721] UBI: smallest flash I/O unit:    2048
[    1.896282] UBI: VID header offset:          2048 (aligned 2048)
[    1.902311] UBI: data offset:                4096
[    2.195220] UBI: max. sequence number:       2
[    2.210871] UBI: attached mtd14 to ubi0
[    2.213683] UBI: MTD device name:            &quot;rootfs&quot;
[    2.218806] UBI: MTD device size:            37 MiB
[    2.223586] UBI: number of good PEBs:        296
[    2.228178] UBI: number of bad PEBs:         0
[    2.232677] UBI: number of corrupted PEBs:   0
[    2.237050] UBI: max. allowed volumes:       128
[    2.241674] UBI: wear-leveling threshold:    4096
[    2.246329] UBI: number of internal volumes: 1
[    2.250796] UBI: number of user volumes:     1
[    2.255170] UBI: available PEBs:             0
[    2.259731] UBI: total number of reserved PEBs: 296
[    2.264479] UBI: number of PEBs reserved for bad PEB handling: 2
[    2.270509] UBI: max/mean erase counter: 1/0
[    2.274695] UBI: image sequence number:  1211679096
[    2.279631] UBI: background thread &quot;ubi_bgt0d&quot; started, PID 668
[    2.287191] UBI: ubiblock0_0 created from ubi0:0(squashfs)
[    2.323711] GPIO Bitbanged MDIO: probed
[    2.328928] PPP generic driver version 2.4.2
[    2.332802] NET: Registered protocol family 24
[    2.336644] PPTP driver version 0.8.5
[    2.347141] cpuidle: using governor ladder
[    2.350827] cpuidle: using governor menu
[    2.356888] Netfilter messages via NETLINK v0.30.
[    2.360824] nf_conntrack version 0.5.0 (3494 buckets, 13976 max)
[    2.367478] ctnetlink v0.93: registering with nfnetlink.
[    2.371946] nf_conntrack_rtsp v0.7 loading
[    2.376038] ip_set: protocol 6
[    2.379881] gre: GRE over IPv4 demultiplexor driver
[    2.383848] ip_gre: GRE over IPv4 tunneling driver
[    2.390721] nf_nat_rtsp v0.7 loading
[    2.393345] ip_tables: (C) 2000-2006 Netfilter Core Team
[    2.399281] TCP: cubic registered
[    2.403717] NET: Registered protocol family 10
[    2.409934] ip6_tables: (C) 2000-2006 Netfilter Core Team
[    2.414839] IPv6 over IPv4 tunneling driver
[    2.422086] NET: Registered protocol family 17
[    2.425741] Bridge firewalling registered
[    2.429803] Ebtables v2.0 registered
[    2.433239] L2TP core driver, V2.0
[    2.436488] PPPoL2TP kernel driver, V2.0
[    2.440424] L2TP netlink interface
[    2.443798] 8021q: 802.1Q VLAN Support v1.8
[    2.448172] VFP support v0.3: implementor 51 architecture 64 part 4d variant 2 rev 0
[    2.455670] Registering SWP/SWPB emulation handler
[    2.460481] clock_late_init: Removing enables held for handed-off clocks
[    2.476132] ipq_nss_get_mac_addr: MAC[0]: ff:ff:ff:ff:ff:ff
[    2.480974] ipq_nss_get_mac_addr: MAC[1]: ff:ff:ff:ff:ff:ff
[    2.486472] ipq_nss_get_mac_addr: MAC[2]: ff:ff:ff:ff:ff:ff
[    2.492064] ipq_nss_get_mac_addr: MAC[3]: ff:ff:ff:ff:ff:ff
[    2.497532] no pmic restart interrupt specified
[    2.503498] msm_cache_dump_probe: could not register L2 buffer ret = -22.
[    2.513277] VFS: Mounted root (squashfs filesystem) readonly on device 254:0.
[    2.520024] Freeing init memory: 1032K
*********************************************************************************
              _        _  __    _    __ _____ __   __ _____
             | |      | ||  \  | |  / // ____]\ \ / // ____]TM
             | |      | ||   \ | | / /| (___   \ V /| (____
             | |      | || |\ \| |\ \  \____ \  \ /  \____ \
             | |_____ | || | \   | \ \  ____) | | |   ____) |
             |_______||_||_|  \__|  \_\[____ /  |_|  [_____/

 (c) 2013 Belkin International, Inc. and/or its affiliates. All rights reserved.
 Booting macan (firmware version 1.1.4.186518) 
*********************************************************************************
[utopia][init] System Initialization
[utopia][init] Creating /proc
[utopia][init] Creating /sys
[utopia][init] Creating /dev
[utopia][init] Creating /tmp
[utopia][init] Allocating 50M for /tmp
[utopia][init] Prepairing /dev/pts
[utopia][init] Setting /tmp and /var permissions
[utopia][init] Starting udev..
[    3.171290] bdutil board utility kernel module, version 1.4
[    3.176444] bdutil board utility kernel module boardId (0)
[    3.181318] bdutil board utility LEDs kernel module, version 1.3
Attempting mount of ubifs syscfg partition
UBI device number 1, total 252 LEBs (31997952 bytes, 30.5 MiB), available 0 LEBs (0 bytes), LEB size 126976 bytes (124.0 KiB)
[utopia][init] Using persistent syscfg data from /var/config/syscfg
[utopia][init] Starting system logging
[utopia][init] Starting sysevent subsystem
[utopia][init] Enabling DesignWare USB3 DRD Core drivers
[utopia][init] Loading QCA NSS and GMAC drivers
net.netfilter.nf_conntrack_acct = 1
[utopia][init] Late loading usb drivers
[utopia][init] Setting any unset system values to default
[utopia][init] no persistence config file (/var/config/pstcfg) found
setting up MAC addresses for all interface based on C0:56:27:39:AA:B0
NTP Servers do not need to be updated
checking for interactive script start up...
Updating BootCount Page[6]:3000 ... Done

attempting to sync sysinfo.cgi auth credentials
[utopia][init] Loading LEDS and Buttons drivers
[utopia][init] Setup link to WiFi firmware and board data (EU)
[utopia][init] Using EU region for WiFi firmware and board data
NSS Auto scaling disabled 
dev.nss.ipv4cfg.ipv4_conn = 4096
dev.nss.ipv6cfg.ipv6_conn = 4096
inserting ecm.ko and fpbypass.ko for QCA
Sat Mar 14 05:57:00 UTC 2020

macan login: wan, sysevent received: wan-start=NULL
Lighttpd Model Base: EA7500
Generating Rainier lighttpd config
Build temporary www configuration directory: 
TSLIIHauhEfGE
wifi, sysevent received: lan-started (Sat Mar 14 06:57:05 CET 2020)
wifi, service_start()
Power cycle Ethernet ports.
[utopia][init] Loading GMAC and WLAN drivers
Registering Service myrouter._http._tcp.local port 80
Got a reply for myrouter._http._tcp.local.: Name now registered and active
[utopia][init] Creating wifi devices
ath0
ath1
[utopia][init] setting WiFi Red CE settings
wifi, wifi_physical_start(ath0)
wifi, setting obss rssi threshold (ath0)
Auto channel
wifi, wifi_virtual_start(ath0)
wifi, wifi_user_start(ath0)
wifi_user, ath0 TxBF enabled
wifi, primary AP: ath0 is up
wifi, wifi_guest_start(ath0)
wifi, guest ath2 is disabled, do not start wifi guest
wifi, wifi_physical_start(ath1)
wifi, setting obss rssi threshold (ath1)
wifi, wifi_virtual_start(ath1)
wifi, wifi_user_start(ath1)
Not ready for JNAP. Sleeping for 15 seconds...
iwconfig: unknown command &quot;5&quot;
wifi_user, ath1 TxBF enabled
wifi_user, ath1 MU-MIMO enabled
wifi, primary AP: ath1 is up
wifi, wifi_guest_start(ath1)
wifi, guest ath3 is disabled, do not start wifi guest
wifi, start_hostapd()
Configuration file: /tmp/hostapd-ath0.conf
Configuration file: /tmp/hostapd-ath1.conf
mediaserver got event: mediaserver-stop
ath0: Could not connect to kernel driver
Using interface ath0 with hwaddr c0:56:27:39:aa:b1 and ssid &quot;Linksys&quot;
ath0: interface state UNINITIALIZED-&gt;ENABLED
ath0: AP-ENABLED 
ath1: Could not connect to kernel driver
Using interface ath1 with hwaddr c0:56:27:39:aa:b2 and ssid &quot;Linksys 5&quot;
ath1: interface state UNINITIALIZED-&gt;ENABLED
ath1: AP-ENABLED 
[utopia] Not setting ppp_clamp_mtu
alljoyn service_init
fastpath, sysevent received: qos_enabled
Restarting nfqrecv service...
net.bridge.bridge-nf-call-ip6tables = 1
net.bridge.bridge-nf-call-iptables = 1
dev.nss.general.redirect = 1
[utopia] Not setting ppp_clamp_mtu on dslite protocol
udhcpc (v1.19.4) started
wan, sysevent received: phylink_wan_state=up
Sending discover...
Sending discover...
Sending select for 192.168.74.142...
Lease of 192.168.74.142 obtained, lease time 43200
device_registration: Received event: wan-started
Sat Mar 14 05:57:48 2020 xrac Device is not associated, exiting... 
data_uploader service started
device_registration: Service started
mediaserver got event: mediaserver-stop
Starting smbd ... 
[fw.sh] fwup_checked_after_boot: 0
[fwupd] version: 1.1.5.190349
[fwupd] status details:&quot;&quot;
[fw.sh] fwup_forced_update: 0
QoS auto-prioritize [info]: No networkID; skipping auto-priority update
&lt;/pre&gt;&lt;/small&gt;}}&lt;noinclude&gt;[[Category:Linksys]]&lt;/noinclude&gt;</text>
      <sha1>jhvsiezcnjsjl5z158czad6vh3mk3v9</sha1>
    </revision>
  </page>