<page>
    <title>LUXUL ABR-4400/Serial info</title>
    <ns>0</ns>
    <id>38399</id>
    <revision>
      <id>130831</id>
      <parentid>130821</parentid>
      <timestamp>2021-09-30T16:28:41Z</timestamp>
      <contributor>
        <username>DarkShadow</username>
        <id>3096572</id>
      </contributor>
      <comment>fixed</comment>
      <origin>130831</origin>
      <model>wikitext</model>
      <format>text/x-wiki</format>
      <text bytes="12126" sha1="9yfxbxu26oc3hsfmgq6oqiyasymn3p8" xml:space="preserve">

Arrow Linux version 3.10.49 (dhaab@Kvasir) (gcc version 4.8.3 (OpenWrt/Linaro GCC 4.8-2014.04 r45315) ) #73 Mon Feb 13 17:43:53 MST 2017

Arrow BCM4706
Arrow M25FL128

Below the actual boot up from the console port

{{SCollapse|boot log â€¢ &gt;&gt;
|&lt;pre&gt;
Decompressing...done


CFE version 6.30.102.9 (r366174) based on BBP 1.0.37 for BCM947XX (32bit,SP,LE)
Build Date: Fri Dec 27 13:04:49 MST 2013 (dhaab@RabidWeaselCFE)
Copyright (C) 2000-2008 Broadcom Corporation.

Init Arena
Init Devs.
Boot partition size = 262144(0x40000)
bcm_robo_enable_switch: EEE is enabled
et0: Broadcom BCM47XX 10/100/1000 Mbps Ethernet Controller 6.30.102.9 (r366174)
CPU type 0x19749: 600MHz
Tot mem: 131072 KBytes

CFE mem: 0x80700000 - 0x8079D8E0 (645344)
Data: 0x807333D0 - 0x80736670 (12960)
BSS: 0x80736670 - 0x807378E0 (4720)
Heap: 0x807378E0 - 0x8079B8E0 (409600)
Stack: 0x8079B8E0 - 0x8079D8E0 (8192)
Text: 0x80700000 - 0x807333CC (209868)

Device eth0: hwaddr A4-13-4E-10-D2-40, ipaddr 192.168.1.1, mask 255.255.255.0
gateway not set, nameserver not set
Loader:raw Filesys:raw Dev:flash0.os File: Options:(null)
Loading: .. 3712 bytes read
Entry at 0x80001000
Closing network.
Starting program at 0x80001000
[ 0.000000] Linux version 3.10.49 (dhaab@Kvasir) (gcc version 4.8.3 (OpenWrt/Linaro GCC 4.8-2014.04 r45315) ) #73 Mon Feb 13 17:43:53 MST 2017
[ 0.000000] CPU revision is: 00019749 (MIPS 74Kc)
[ 0.000000] bcm47xx: using bcma bus
[ 0.000000] bcma: bus0: Found chip with id 0x5300, rev 0x01 and package 0x00
[ 0.000000] bcma: bus0: Core 0 found: BCM4706 ChipCommon (manuf 0x4BF, id 0x500, rev 0x1F, class 0x0)
[ 0.000000] bcma: bus0: Core 3 found: MIPS 74K (manuf 0x4A7, id 0x82C, rev 0x00, class 0x0)
[ 0.000000] bcma: bus0: Found M25FL128 serial flash (size: 16384KiB, blocksize: 0x10000, blocks: 256)
[ 0.000000] bcma: bus0: Early bus registered
[ 0.000000] MIPS: machine is Luxul ABR-4400 V1
[ 0.000000] Determined physical RAM map:
[ 0.000000] memory: 07fff000 @ 00000000 (usable)
[ 0.000000] Initrd not found or empty - disabling initrd
[ 0.000000] Zone ranges:
[ 0.000000] Normal [mem 0x00000000-0x07ffefff]
[ 0.000000] HighMem empty
[ 0.000000] Movable zone start for each node
[ 0.000000] Early memory node ranges
[ 0.000000] node 0: [mem 0x00000000-0x07ffefff]
[ 0.000000] Primary instruction cache 32kB, VIPT, 4-way, linesize 32 bytes.
[ 0.000000] Primary data cache 32kB, 4-way, VIPT, cache aliases, linesize 32 bytes
[ 0.000000] Built 1 zonelists in Zone order, mobility grouping on. Total pages: 32511
[ 0.000000] Kernel command line: noinitrd console=ttyS0,115200
[ 0.000000] PID hash table entries: 512 (order: -1, 2048 bytes)
[ 0.000000] Dentry cache hash table entries: 16384 (order: 4, 65536 bytes)
[ 0.000000] Inode-cache hash table entries: 8192 (order: 3, 32768 bytes)
[ 0.000000] Writing ErrCtl register=80000620
[ 0.000000] Readback ErrCtl register=80000620
[ 0.000000] Cache parity protection enabled
[ 0.000000] Memory: 126540k/131068k available (2310k kernel code, 4528k reserved, 577k data, 176k init, 0k highmem)
[ 0.000000] NR_IRQS:128
[ 0.000000] Setting up vectored interrupts
[ 0.070000] Calibrating delay loop... 299.82 BogoMIPS (lpj=1499136)
[ 0.070000] pid_max: default: 32768 minimum: 301
[ 0.070000] Mount-cache hash table entries: 512
[ 0.070000] NET: Registered protocol family 16
[ 0.080000] bio: create slab &lt;bio-0&gt; at 0
[ 0.080000] bcma: bus0: Core 1 found: BCM4706 GBit MAC (manuf 0x4BF, id 0x52D, rev 0x00, class 0x0)
[ 0.080000] bcma: bus0: Core 2 found: BCM4706 GBit MAC (manuf 0x4BF, id 0x52D, rev 0x00, class 0x0)
[ 0.080000] bcma: bus0: Core 4 found: USB 2.0 Host (manuf 0x4BF, id 0x819, rev 0x04, class 0x0)
[ 0.080000] bcma: bus0: Core 5 found: PCIe (manuf 0x4BF, id 0x820, rev 0x0E, class 0x0)
[ 0.080000] bcma: bus0: Core 6 found: PCIe (manuf 0x4BF, id 0x820, rev 0x0E, class 0x0)
[ 0.080000] bcma: bus0: Core 7 found: AMEMC (DDR) (manuf 0x4BF, id 0x52E, rev 0x00, class 0x0)
[ 0.080000] bcma: bus0: Core 8 found: BCM4706 SOC RAM (manuf 0x4BF, id 0x50E, rev 0x05, class 0x0)
[ 0.080000] bcma: bus0: Core 9 found: ALTA (I2S) (manuf 0x4BF, id 0x534, rev 0x00, class 0x0)
[ 0.080000] bcma: bus0: Core 10 found: BCM4706 GBit MAC Common (manuf 0x43B, id 0x5DC, rev 0x00, class 0x0)
[ 0.090000] bcma: bus0: PCIEcore in host mode found
[ 0.290000] PCI host bridge to bus 0000:00
[ 0.290000] pci_bus 0000:00: root bus resource [mem 0x08000000-0x0bffffff]
[ 0.290000] pci_bus 0000:00: root bus resource [io 0x0100-0x047f]
[ 0.290000] pci_bus 0000:00: No busn resource found for root bus, will use [bus 00-ff]
[ 0.290000] bcma: PCI: Fixing up bridge 0000:00:00.0
[ 0.290000] bcma: PCI: Fixing up device 0000:00:00.0
[ 0.290000] bcma: PCI: Fixing up bridge 0000:00:00.1
[ 0.290000] bcma: PCI: Fixing up device 0000:00:00.1
[ 0.290000] bcma: bus0: PCIEcore in host mode found
[ 0.490000] PCI host bridge to bus 0000:01
[ 0.490000] pci_bus 0000:01: root bus resource [mem 0x40000000-0x43ffffff]
[ 0.490000] pci_bus 0000:01: root bus resource [io 0x0480-0x07ff]
[ 0.490000] pci_bus 0000:01: No busn resource found for root bus, will use [bus 01-ff]
[ 0.490000] bcma: PCI: Fixing up bridge 0000:01:00.0
[ 0.490000] bcma: PCI: Fixing up device 0000:01:00.0
[ 0.490000] bcma: PCI: Fixing up bridge 0000:01:00.1
[ 0.490000] bcma: PCI: Fixing up device 0000:01:00.1
[ 0.490000] bcma: bus0: Bus registered
[ 0.490000] Switching to clocksource MIPS
[ 0.500000] NET: Registered protocol family 2
[ 0.500000] TCP established hash table entries: 1024 (order: 1, 8192 bytes)
[ 0.500000] TCP bind hash table entries: 1024 (order: 0, 4096 bytes)
[ 0.500000] TCP: Hash tables configured (established 1024 bind 1024)
[ 0.500000] TCP: reno registered
[ 0.500000] UDP hash table entries: 256 (order: 0, 4096 bytes)
[ 0.500000] UDP-Lite hash table entries: 256 (order: 0, 4096 bytes)
[ 0.500000] NET: Registered protocol family 1
[ 0.500000] squashfs: version 4.0 (2009/01/31) Phillip Lougher
[ 0.500000] jffs2: version 2.2 (NAND) (SUMMARY) (LZMA) (RTIME) (CMODE_PRIORITY) (c) 2001-2006 Red Hat, Inc.
[ 0.500000] msgmni has been set to 247
[ 0.500000] io scheduler noop registered
[ 0.500000] io scheduler deadline registered (default)
[ 0.500000] Serial: 8250/16550 driver, 2 ports, IRQ sharing enabled
[ 0.520000] serial8250.0: ttyS0 at MMIO 0xb8000300 (irq = 2) is a U6_16550A
[ 1.010000] console [ttyS0] enabled
[ 1.030000] serial8250.0: ttyS1 at MMIO 0xb8000400 (irq = 2) is a U6_16550A
[ 1.210000] 6 bcm47xxpart partitions found on MTD device bcm47xxsflash
[ 1.220000] Creating 6 MTD partitions on &quot;bcm47xxsflash&quot;:
[ 1.220000] 0x000000000000-0x000000040000 : &quot;boot&quot;
[ 1.230000] 0x000000040000-0x000000ff0000 : &quot;firmware&quot;
[ 1.240000] 0x00000004001c-0x00000004090c : &quot;loader&quot;
[ 1.240000] 0x00000004090c-0x000000147800 : &quot;linux&quot;
[ 1.250000] mtd: partition &quot;linux&quot; must either start or end on erase block boundary or be smaller than an erase block -- forcing read-only
[ 1.260000] 0x000000147800-0x000000ff0000 : &quot;rootfs&quot;
[ 1.270000] mtd: partition &quot;rootfs&quot; must either start or end on erase block boundary or be smaller than an erase block -- forcing read-only
[ 1.280000] mtd: device 4 (rootfs) set to be root filesystem
[ 1.290000] mtd: partition &quot;rootfs_data&quot; created automatically, ofs=0x700000, len=0x8f0000
[ 1.300000] 0x000000700000-0x000000ff0000 : &quot;rootfs_data&quot;
[ 1.300000] 0x000000ff0000-0x000001000000 : &quot;nvram&quot;
[ 1.310000] bcm47xxnflash: Chip reset not implemented yet
[ 1.320000] bcm47xxnflash: Requested invalid id_data: 32
[ 1.320000] No NAND device found
[ 1.330000] bcm47xxnflash: Could not scan NAND flash: -19
[ 1.330000] bcm47xxnflash: Initialization failed: -19
[ 1.340000] bgmac bcma0:0: Found PHY addr: 30 (NOREGS)
[ 1.350000] bgmac bcma0:0: Support for Roboswitch not implemented
[ 1.350000] libphy: bgmac mii bus: probed
[ 1.430000] b53_common: found switch: BCM53125, rev 4
[ 1.440000] bgmac: Broadcom 47xx GBit MAC driver loaded
[ 1.440000] bcm47xx-wdt bcm47xx-wdt.0: BCM47xx Watchdog Timer enabled (30 seconds)
[ 1.450000] TCP: cubic registered
[ 1.460000] NET: Registered protocol family 17
[ 1.460000] 8021q: 802.1Q VLAN Support v1.8
[ 1.470000] VFS: Mounted root (squashfs filesystem) readonly on device 31:4.
[ 1.480000] Freeing unused kernel memory: 176K (802d4000 - 80300000)
procd: Console is alive
procd: - watchdog -
[ 3.730000] pps_core: LinuxPPS API ver. 1 registered
[ 3.730000] pps_core: Software ver. 5.3.6 - Copyright 2005-2007 Rodolfo Giometti &lt;giometti@linux.it&gt;
[ 3.740000] PTP clock support registered
[ 3.770000] usbcore: registered new interface driver usbfs
[ 3.780000] usbcore: registered new interface driver hub
[ 3.790000] usbcore: registered new device driver usb
[ 3.800000] SCSI subsystem initialized
[ 3.810000] ohci_hcd: USB 1.1 'Open' Host Controller (OHCI) Driver
[ 3.820000] ohci-platform ohci-platform.0: Generic Platform OHCI Controller
[ 3.830000] ohci-platform ohci-platform.0: new USB bus registered, assigned bus number 1
[ 3.830000] ohci-platform ohci-platform.0: irq 6, io mem 0x18009000
[ 3.900000] hub 1-0:1.0: USB hub found
[ 3.900000] hub 1-0:1.0: 2 ports detected
[ 3.910000] uhci_hcd: USB Universal Host Controller Interface driver
[ 3.920000] usbcore: registered new interface driver usb-storage
procd: - preinit -
Failsafe has been disabled
jffs2 is ready
No jffs2 marker was found
[ 4.650000] jffs2: notice: (221) jffs2_build_xattr_subsystem: complete building xattr subsystem, 29 of xdatum (0 unchecked, 28 orphan) and 101 of xref (0 dead, 87 orphan) found.
switching to overlay
procd: - early -
procd: - watchdog -
procd: - ubus -
procd: - init -
Please press Enter to activate this console.
[ 8.930000] NET: Registered protocol family 10
[ 8.940000] Initializing XFRM netlink socket
[ 8.950000] NET: Registered protocol family 15
[ 8.960000] luxulctf: module license 'unspecified' taints kernel.
[ 8.960000] Disabling lock debugging due to kernel taint
[ 8.970000] luxulctf: version 1.10 loaded (current state: OFF)
[ 8.980000] tun: Universal TUN/TAP device driver, 1.6
[ 8.980000] tun: (C) 1999-2004 Max Krasnyansky &lt;maxk@qualcomm.com&gt;
[ 9.020000] l2tp_core: L2TP core driver, V2.0
[ 9.030000] l2tp_netlink: L2TP netlink interface
[ 9.050000] gre: GRE over IPv4 demultiplexor driver
[ 9.060000] ip_gre: GRE over IPv4 tunneling driver
[ 9.080000] nf_conntrack version 0.5.0 (1979 buckets, 7916 max)
[ 9.100000] ip6_tables: (C) 2000-2006 Netfilter Core Team
[ 9.380000] Netfilter messages via NETLINK v0.30.
[ 9.400000] ip_set: protocol 6
[ 9.460000] u32 classifier
[ 9.460000] input device check on
[ 9.460000] Actions configured
[ 9.470000] Mirror/redirect action on
[ 9.480000] ip_tables: (C) 2000-2006 Netfilter Core Team
[ 9.550000] usbcore: registered new interface driver ums-alauda
[ 9.560000] usbcore: registered new interface driver ums-cypress
[ 9.570000] usbcore: registered new interface driver ums-datafab
[ 9.580000] usbcore: registered new interface driver ums-freecom
[ 9.590000] usbcore: registered new interface driver ums-isd200
[ 9.600000] usbcore: registered new interface driver ums-jumpshot
[ 9.610000] usbcore: registered new interface driver ums-karma
[ 9.620000] usbcore: registered new interface driver ums-sddr09
[ 9.630000] usbcore: registered new interface driver ums-sddr55
[ 9.640000] usbcore: registered new interface driver ums-usbat
[ 9.650000] usbcore: registered new interface driver usblp
[ 9.710000] xt_time: kernel timezone is -0000
[ 9.730000] PPP generic driver version 2.4.2
[ 9.740000] PPP MPPE Compression module registered
[ 9.750000] NET: Registered protocol family 24
[ 9.760000] PPTP driver version 0.8.5
[ 9.770000] l2tp_ppp: PPPoL2TP kernel driver, V2.0
[ 14.700000] libphy: bgmac-0-0:1e - Link is Up - 1000/Full
[ 15.220000] device eth0.1 entered promiscuous mode
[ 15.230000] device eth0 entered promiscuous mode
[ 15.240000] br-lan: port 1(eth0.1) entered forwarding state
[ 15.240000] br-lan: port 1(eth0.1) entered forwarding state
[ 16.760000] libphy: bgmac-0-0:1e - Link is Up - 1000/Full
[ 17.240000] br-lan: port 1(eth0.1) entered forwarding state
[ 23.000000] luxulctf: state changed to ON
procd: - init complete -
&lt;/pre&gt;}}&lt;noinclude&gt;[[Category:Luxul]]&lt;/noinclude&gt;</text>
      <sha1>9yfxbxu26oc3hsfmgq6oqiyasymn3p8</sha1>
    </revision>
  </page>