<page>
    <title>Magnavox TB600MG2F/bootlog</title>
    <ns>0</ns>
    <id>24976</id>
    <revision>
      <id>68168</id>
      <timestamp>2020-01-27T02:12:29Z</timestamp>
      <contributor>
        <username>DarkShadow</username>
        <id>3096572</id>
      </contributor>
      <comment>Created page with &quot;{{SCollapse|boot log |&lt;pre&gt; BCM76150020 Setting NAND Params  CFE starting from ROM Chip specific init TLB init Board init Starting memory configuration Valid memory config = 0...&quot;</comment>
      <origin>68168</origin>
      <model>wikitext</model>
      <format>text/x-wiki</format>
      <text bytes="27261" sha1="mqnug2ynyff4zrwa80sbm9x09kkcxrp" xml:space="preserve">{{SCollapse|boot log
|&lt;pre&gt;
BCM76150020
Setting NAND Params

CFE starting from ROM
Chip specific init
TLB init
Board init
Starting memory configuration
Valid memory config = 00128128
Memory initialization package ID 10082001
Disable refresh - set byte lane 8
Setting up PLL
Setting up memory controller
Enable DDR encryption
SoooooooooooooR
Preparing to copy code to RAM
Prepare for NAND loading
NAND loading completed and checksum verified

RTS settings are compatible with 76150020


Starting code in RAM
Booting Secured uCFE...


BCM97631 B1-BSEC  uCfe v2.1.11 (CFE core v2.1, BSP_REV 11), Endian Mode: Little
Build Date: Thu Jan 20 18:22:47 EST 2011 (jquinlan@stb-mhtb-02)
Copyright (C) Broadcom Corporation.

nandedu_set_size: Fixing NAND size info in CONFIG (dev=256MB, page=2048, block=128Kb, origCFG=0x17152300, newCFG=0x16152300)

strap_nand_flash 8
DDR                        : Bank0:128MB@667MHz | Bank1:128MB@667MHz
NAND Boot                  : FlashSize 256MB on CS0, BlkSize 128KB, PgSize 2048B
NAND vendor timing         : adda1095 HYNIX HY27UF082G2B SLC  t1(33535238) t2(80000b98)
Secure boot                : secure boot enabled, BSECK locked
Port lock                  : Enabled


Reset History is 0x00000803

--vvv----vv-----vv----------- ATV DUMP -----------vv-----vv----vvv--
         bst[-1].version  size&lt; 004 &gt;     str&lt; 1.0 &gt;
    bst[-1].bootline_fmt  size&lt; 141 &gt;     str&lt; splash; boot -z -elf flash0.vmlinux.%d: 'root=/dev/romblock%d rootfstype=squashfs ro %s BDVD_BOOT_AUTOSTART=y BAPP_OUT=/dev/console panic=8' &gt;
       bst[-1].part_info  size&lt; 051 &gt;     str&lt; cfe,2,0:rootfs,2,0:vmlinux,2,0:ofefw,2,0:ofews,2,0 &gt;
     cfg.espring_enabled  size&lt; 004 &gt;     u32&lt; 1 &gt;
        bst[0].part_info  size&lt; 051 &gt;     str&lt; cfe,2,1:rootfs,2,1:vmlinux,2,1:ofefw,2,0:ofews,2,0 &gt;
     bst[0].bootline_fmt  size&lt; 141 &gt;     str&lt; splash; boot -z -elf flash0.vmlinux.%d: 'root=/dev/romblock%d rootfstype=squashfs ro %s BDVD_BOOT_AUTOSTART=y BAPP_OUT=/dev/console panic=8' &gt;
          bst[0].version  size&lt; 008 &gt;     str&lt; 1.44.01 &gt;
        cfg.bst_versions  size&lt; 004 &gt;     i32&lt; 2 &gt;
         cfg.version_log  size&lt; 071 &gt;     str&lt; 0  xxx xxx xx xx:xx:xx xxxx  1.0
+  Wed Jun 11 00:11:09 2008  1.44.01
 &gt;
    cfg.launch_successes  size&lt; 004 &gt;     u32&lt; 3 &gt;
     cfg.launch_attempts  size&lt; 004 &gt;     u32&lt; 3 &gt;
--^^^----^^-----^^--------------^^^---------------^^-----^^----^^^--

ESPRING: Current Boot Reason = 'Power_On_Reset'
Starting watchdog timer with 30 second timeout.

BUPE     attempts&lt;3&gt;  success&lt;3&gt;  revert&lt;0&gt;  wr_stats&lt;0&gt;
BUPE     bootline&lt; boot -elf flash0.cfe.1: &gt;Loader:elf Filesys:raw Dev:flash0.cfe.1 File: Options:(null)
Loading: 0x87000000/20220 0x87004efc/468 0x87005100/39 0x87007efc/590440 0x87098180/800 0x870984a0/7576
Successfully loaded secure elf image....
Entry address is 0x87000000
Starting program at 0x87000000


BCM76150020
TLB init
Board init

RTS settings are compatible with 76150020


Starting code in RAM


BCM97631 B1-FULLSEC  CFE v2.1.11 (CFE core v2.1, BSP_REV 11), Endian Mode: Little
Build Date: Thu Jan 20 18:23:09 EST 2011 (jquinlan@stb-mhtb-02)
Copyright (C) Broadcom Corporation.



strap_nand_flash 8
DDR                        : Bank0:128MB@667MHz | Bank1:128MB@667MHz
NAND Boot                  : FlashSize 256MB on CS0, BlkSize 128KB, PgSize 2048B
NAND vendor timing         : adda1095 HYNIX HY27UF082G2B SLC  t1(33535238) t2(80000b98)
Secure boot                : secure boot enabled, BSECK locked
Port lock                  : Enabled

Initializing USB.
USB: Locating Class 09 Vendor 0000 Product 0000: USB Hub

Timestamp started ...

--vvv----vv-----vv----------- ATV DUMP -----------vv-----vv----vvv--
         bst[-1].version  size&lt; 004 &gt;     str&lt; 1.0 &gt;
    bst[-1].bootline_fmt  size&lt; 141 &gt;     str&lt; splash; boot -z -elf flash0.vmlinux.%d: 'root=/dev/romblock%d rootfstype=squashfs ro %s BDVD_BOOT_AUTOSTART=y BAPP_OUT=/dev/console panic=8' &gt;
       bst[-1].part_info  size&lt; 051 &gt;     str&lt; cfe,2,0:rootfs,2,0:vmlinux,2,0:ofefw,2,0:ofews,2,0 &gt;
     cfg.espring_enabled  size&lt; 004 &gt;     u32&lt; 1 &gt;
        bst[0].part_info  size&lt; 051 &gt;     str&lt; cfe,2,1:rootfs,2,1:vmlinux,2,1:ofefw,2,0:ofews,2,0 &gt;
     bst[0].bootline_fmt  size&lt; 141 &gt;     str&lt; splash; boot -z -elf flash0.vmlinux.%d: 'root=/dev/romblock%d rootfstype=squashfs ro %s BDVD_BOOT_AUTOSTART=y BAPP_OUT=/dev/console panic=8' &gt;
          bst[0].version  size&lt; 008 &gt;     str&lt; 1.44.01 &gt;
        cfg.bst_versions  size&lt; 004 &gt;     i32&lt; 2 &gt;
         cfg.version_log  size&lt; 071 &gt;     str&lt; 0  xxx xxx xx xx:xx:xx xxxx  1.0
+  Wed Jun 11 00:11:09 2008  1.44.01
 &gt;
    cfg.launch_successes  size&lt; 004 &gt;     u32&lt; 3 &gt;
     cfg.launch_attempts  size&lt; 004 &gt;     u32&lt; 3 &gt;
--^^^----^^-----^^--------------^^^---------------^^-----^^----^^^--

booting ARM...
Reading flash0.ofefw.0 to V:0x80000000 from offset 0 len 1048576
validating ofe fw_ldt@0x800fffa0 ...
Calculated FW checksum: 0x0fefcc34, LDT checksum: 0xffffffff
ofefw_boot: Ofe firmware checksum failed, fail ofe boot !!!

Elapsed time  310mS (310372 uS)


BUPE     attempts&lt;3&gt;  success&lt;3&gt;  need_to_ask_player_to_increment_launch_successes&lt;0&gt;
BUPE     bootline&lt; splash; boot -z -elf flash0.vmlinux.1: 'root=/dev/romblock12 rootfstype=squashfs ro  BDVD_BOOT_AUTOSTART=y BAPP_OUT=/dev/console panic=8' &gt;Display splash screen
Reading flash0.rawnvr to V:0x8789bcb8 from offset 0 len 36
Validating video setup data :  Op 3 AR 3 CompRes 2 HDMIRes 2 CompositeRes 4
[ video ] :  Current Video Output : Hdmi @ Resolution : 1080i
Loading NTSC  HD image to 0x06252400 size 4147200 bytes
Reading flash0.splash to V:0xa6252400 from offset 0 len 4147200
Splash image at 06252400 rul addr 06711400
VEC Config
BVN Config
HDMI Config
Done displaying splash screen
Reading flash0.splash to V:0xa6e00000 from offset 5667840 len 44

RIFF_GRP_ID ▒▒▒▒ != RIFF
RIFF_WAVE_TYPE_ID ▒▒▒▒ != WAVE
FORMAT_ID ▒▒▒▒ != fmt
DATA_ID ▒▒▒▒ != data
formatTag -1 != 1
sampleRate -1 != 22050
nChannels 65535 != 2
bitsPerSample 65535 != 16Loader:elf Filesys:raw Dev:flash0.vmlinux.1 File: Options:root=/dev/romblock12 rootfstype=squashfs ro  BDVD_BOOT_AUTOSTART=y BAPP_OUT=/dev/console panic=8
Loading:
Successfully verified application....
0x80008000/5108544 0x804e7340/306944
Successfully loaded secure elf image....
Entry address is 0x8000c870
Starting program at 0x8000c870

[    0.000000] -- DDR Bank 0: 128 MB
[    0.000000] -- DDR Bank 1: 128 MB
[    0.000000] Linux version 2.6.28.9 (root@stbcm-and-02) (gcc version 4.2.0 20070124 (prerelease) - BRCM 11ts-20090508) #760 Tue Aug 9 08:10:53 EDT 2011
[    0.000000] Kernel command line: root=/dev/romblock12 rootfstype=squashfs ro  BDVD_BOOT_AUTOSTART=y BAPP_OUT=/dev/console panic=8 console=0,115200n8 LD_BIND_NOW=on
[4294667.347000] DIGSIG: no valid key, digsig security disabled
[4294667.370000] checker_0 control 0x00000008 addr low 0x00002000 hi 0x003a9000
[4294667.377000] read rights _0 0xffffffff _1 0xffffffff write rights _0 0x00000000 _1 0x00000000
[4294667.386000] checker_1 control 0x00000008 addr low 0x003aa000 hi 0x0277ff80
[4294667.393000] read rights _0 0xffffffff _1 0xffffffff write rights _0 0x28000000 _1 0x0001c9f1
[4294667.402000] checker_2 control 0x00000008 addr low 0x20000000 hi 0x21cfff80
[4294667.409000] read rights _0 0xffffffff _1 0xffffffff write rights _0 0x28000000 _1 0x0001c9f1
[4294667.418000] checker_3 control 0x00000018 addr low 0x27d00000 hi 0x27dfff80
[4294667.425000] read rights _0 0xffffffff _1 0xffffffff write rights _0 0x00000000 _1 0x00000200
[4294667.453000] Driver 'sd' needs updating - please use bus_type methods
[4294667.460000] Driver 'sr' needs updating - please use bus_type methods
[4294667.466000] vide_ofe_probe: CHIP REV 0x76150020, REQUIRES 0x763xxxxx/0x764xxxxx
[4294667.474000] vide_ofe: unable to add platform device
[4294667.542000] Creating 28 MTD partitions on &quot;bcm7xxx-nand&quot;:
[4294667.548000] 0x00000000-0x00180000 : &quot;ucfe&quot;
[4294667.553000] 0x00180000-0x00200000 : &quot;drmregion&quot;
[4294667.559000] 0x00200000-0x00280000 : &quot;drmregion.1&quot;
[4294667.565000] 0x00280000-0x00300000 : &quot;rawnvr&quot;
[4294667.570000] 0x00300000-0x00300090 : &quot;macadr&quot;
[4294667.574000] mtd: partition &quot;macadr&quot; doesn't end on an erase block -- force read-only
[4294667.583000] 0x00300090-0x00300800 : &quot;nvram&quot;
[4294667.588000] mtd: partition &quot;nvram&quot; doesn't start on an erase block boundary -- force read-only
[4294667.597000] 0x00300800-0x00400000 : &quot;virtual&quot;
[4294667.602000] mtd: partition &quot;virtual&quot; doesn't start on an erase block boundary -- force read-only
[4294667.611000] 0x00400000-0x00600000 : &quot;cfe.0&quot;
[4294667.616000] 0x00600000-0x00800000 : &quot;cfe.1&quot;
[4294667.622000] 0x00800000-0x00880000 : &quot;vault-a&quot;
[4294667.627000] 0x00880000-0x06080000 : &quot;rootfs.0&quot;
[4294667.633000] 0x06080000-0x06100000 : &quot;vault-b&quot;
[4294667.638000] 0x06100000-0x0b900000 : &quot;rootfs.1&quot;
[4294667.644000] 0x0b900000-0x0bd00000 : &quot;vmlinux.0&quot;
[4294667.650000] 0x0bd00000-0x0bd80000 : &quot;vault-c&quot;
[4294667.655000] 0x0bd80000-0x0c180000 : &quot;vmlinux.1&quot;
[4294667.661000] 0x0c180000-0x0c200000 : &quot;paniclog&quot;
[4294667.666000] 0x0c200000-0x0c280000 : &quot;cfelog&quot;
[4294667.671000] 0x0c280000-0x0c880000 : &quot;splash&quot;
[4294667.677000] 0x0c880000-0x0cc80000 : &quot;syslog&quot;
[4294667.682000] 0x0cc80000-0x0d080000 : &quot;psnv&quot;
[4294667.687000] 0x0d080000-0x0f600000 : &quot;pstor&quot;
[4294667.693000] 0x0f600000-0x0f900000 : &quot;ofefw.0&quot;
[4294667.698000] 0x0f900000-0x0fa00000 : &quot;ofews.0&quot;
[4294667.703000] 0x0fa00000-0x0fd00000 : &quot;ofefw.1&quot;
[4294667.709000] 0x0fd00000-0x0fe00000 : &quot;ofews.1&quot;
[4294667.714000] 0x00300000-0x00400000 : &quot;config&quot;
[4294667.720000] 0x00000000-0x0fe00000 : &quot;all&quot;
rcS: BDVD_BOOT_AUTOSTART&lt;y&gt;  BQ&lt;y&gt;  BAPP&lt;./app_player&gt;  BAPP_OUT&lt;/dev/console&gt;  BNET&lt;&gt;  BNET_DLY&lt;0&gt; OFE_SB&lt;y&gt;
[4294668.610000] yaffs: restored from checkpoint
Mounting pstor, psnv with yaffs2!
rcS: Launch PSTOR mount in background
[4294668.678000] yaffs: restored from checkpoint
[4294668.787000] Partially written block 5 detected
[4294668.792000] Partially written block 5 detected
[4294668.797000] Partially written block 5 detected
[4294668.802000] Partially written block 5 detected
[4294668.806000] Partially written block 5 detected
[4294668.811000] Partially written block 5 detected
[4294668.816000] Partially written block 5 detected
[4294668.821000] Partially written block 5 detected
[4294668.825000] Partially written block 5 detected
[4294668.830000] Partially written block 5 detected
[4294668.835000] Partially written block 5 detected
[4294668.840000] Partially written block 5 detected
[4294668.844000] Partially written block 5 detected
[4294668.849000] Partially written block 5 detected
[4294668.854000] Partially written block 5 detected
[4294668.859000] Partially written block 5 detected
[4294668.864000] Partially written block 5 detected
[4294668.868000] Partially written block 5 detected
[4294668.873000] Partially written block 5 detected
[4294668.878000] Partially written block 5 detected
[4294668.883000] Partially written block 5 detected
[4294668.887000] Partially written block 5 detected
[4294668.892000] Partially written block 5 detected
[4294668.897000] Partially written block 5 detected
[4294668.902000] Partially written block 5 detected
[4294668.906000] Partially written block 5 detected
[4294668.911000] Partially written block 5 detected
[4294668.916000] Partially written block 5 detected
[4294668.921000] Partially written block 5 detected
[4294668.926000] Partially written block 5 detected
[4294668.930000] Partially written block 5 detected
[4294668.935000] Partially written block 5 detected
[4294668.940000] Partially written block 5 detected
[4294668.945000] Partially written block 5 detected
[4294668.949000] Partially written block 5 detected
[4294668.954000] Partially written block 5 detected
[4294668.959000] Partially written block 5 detected
[4294668.964000] Partially written block 5 detected
[4294668.968000] Partially written block 5 detected
[4294668.973000] Partially written block 5 detected
[4294668.978000] Partially written block 5 detected
[4294668.983000] Partially written block 5 detected
[4294668.988000] Partially written block 5 detected

app_ofe_sb: Failed to create device node /tmp/vide_ofe_sb
  syslogd: cannot create /dev/log: Address already in use
Wed Jun 11 00:00:00 UTC 2008
[4294669.789000] bcmdriver: module license 'Proprietary' taints kernel.
[4294669.820000] BCMDRV: Initializing bcmdriver version $ bdvd_v3.0/6 $
[4294669.826000] BCMDRV: Using Interrupt Definition for 7631 (uname -a)
[4294669.833000] BCMDRV: Total intc words=2,Total Irqs=65
[4294669.838000] BCMDRV: Initialization complete...

----[  Funai Model Name : X6060UD  ]----

app 74016:00:06.740  -.--- main(): Application Started
app 74016:00:06.740 +0.000 Time from Startup to Application Start: 11.813 seconds

 Heaps created for 256M memcfg
Heap XPT Handle 0x00431440, PA 0x02780000/ 39M, Size 0x00340000/  3M BW 0
Heap RAP Handle 0x00431a50, PA 0x02ac0000/ 42M, Size 0x00840000/  8M BW 0
Heap CTX Handle 0x00431f90, PA 0x04800000/ 72M, Size 0x00880000/  8M BW 0
Heap XVD Handle 0x004324d0, PA 0x05080000/ 80M, Size 0x01c80000/ 28M BW 0
Heap PBK Handle 0x00432a10, PA 0x06d00000/109M, Size 0x00600000/  6M BW 0
Heap SUB Handle 0x00432f50, PA 0x07300000/115M, Size 0x00c80000/ 12M BW 0
Heap VDC Handle 0x00433490, PA 0x03300000/ 51M, Size 0x01500000/ 21M BW 1
Heap GPI Handle 0x004339d0, PA 0x21d00000/541M, Size 0x001cd800/  1M BW 0
Heap GFX Handle 0x00433f10, PA 0x21ecd800/542M, Size 0x05e32800/ 94M BW 0
Heap PIC Handle 0x00434450, PA 0x04800000/ 72M, Size 0x03780000/ 55M BW 1

enabling realtime scheduling
### OS_TaskSpawnParam: Thread 'PslTask' stack size (32768) too small, using OSAPI min (131072) instead!
app 74016:00:06.992 +0.251 PslExternalGetPMState: Metanav not created!
### OS_TaskSpawnParam: Thread 'PslBackgroundTask' stack size (32768) too small, using OSAPI min (131072) instead!
app 74016:00:07.092 +0.099 QA_OUTPUT(1): PlayerSettings:
app 74016:00:07.093 +0.000 QA_OUTPUT(2): AllowInternalBDLiveStorage:    Off
app 74016:00:07.093 +0.000 QA_OUTPUT(3): AudioLanguage:         Default
app 74016:00:07.093 +0.000 QA_OUTPUT(4): AutoFwCheck:   On
app 74016:00:07.093 +0.000 QA_OUTPUT(5): AutoPowerDown:         Minutes_25
app 74016:00:07.093 +0.000 QA_OUTPUT(6): BD3DMode:      BD3D_Auto
app 74016:00:07.093 +0.000 QA_OUTPUT(7): BDLiveNetworkAccess:   AlwaysAllow
app 74016:00:07.093 +0.000 QA_OUTPUT(8): BDLiveStorage:         NA
app 74016:00:07.093 +0.000 QA_OUTPUT(9): BDProfile:     Profile_5
app 74016:00:07.093 +0.000 QA_OUTPUT(10): BDRegion:     LevelA
app 74016:00:07.093 +0.000 QA_OUTPUT(11): BDSharpnessOffset:    14000
app 74016:00:07.093 +0.000 QA_OUTPUT(12): BlockbusterNotice:    Off
app 74016:00:07.093 +0.000 QA_OUTPUT(13): BootupToFullPower:    On
app 74016:00:07.093 +0.000 QA_OUTPUT(14): BootupToFullPowerAfterUpdate:         Off
app 74016:00:07.093 +0.000 QA_OUTPUT(15): CECSupport:   Off
app 74016:00:07.093 +0.000 QA_OUTPUT(16): CFEResolution:        Res1080i
app 74016:00:07.093 +0.000 QA_OUTPUT(17): Center:       Small
app 74016:00:07.094 +0.000 QA_OUTPUT(18): ColorDepth:   ColorDepth_36bit
app 74016:00:07.094 +0.000 QA_OUTPUT(19): Colorspace:   XVYCC
app 74016:00:07.094 +0.000 QA_OUTPUT(20): ConnectedAP:
app 74016:00:07.094 +0.000 QA_OUTPUT(21): ConnectedAppDebugMode:        Off
app 74016:00:07.094 +0.000 QA_OUTPUT(22): CurrentAP:
app 74016:00:07.094 +0.000 QA_OUTPUT(23): DLNAEnabled:  On
app 74016:00:07.094 +0.000 QA_OUTPUT(24): DRC:  DRCOn
app 74016:00:07.094 +0.000 QA_OUTPUT(25): DVDRegion:    Level1
app 74016:00:07.094 +0.000 QA_OUTPUT(26): DefaultPBCOn:         On
app 74016:00:07.094 +0.000 QA_OUTPUT(27): DialogNormalization:  DiagNormDefault
app 74016:00:07.094 +0.000 QA_OUTPUT(28): DigitalOutput:        PCM5_1
app 74016:00:07.094 +0.000 QA_OUTPUT(29): EnablenfsDevice:      Off
app 74016:00:07.094 +0.000 QA_OUTPUT(30): EthernetMAC:  7C:4F:B5:B9:B0:8B
app 74016:00:07.094 +0.000 QA_OUTPUT(31): FilmMode:     Off
app 74016:00:07.094 +0.000 QA_OUTPUT(32): FirmwareRollback:     Off
app 74016:00:07.095 +0.000 QA_OUTPUT(33): FrontL:       Small
app 74016:00:07.095 +0.000 QA_OUTPUT(34): FrontR:       Small
app 74016:00:07.095 +0.000 QA_OUTPUT(35): FwCheckCounter:       3
app 74016:00:07.095 +0.000 QA_OUTPUT(36): Gateway:      10.0.0.1
app 74016:00:07.095 +0.000 QA_OUTPUT(37): IgnoreDeviceName:     Off
app 74016:00:07.095 +0.000 QA_OUTPUT(38): IpAddress:    10.0.0.100
app 74016:00:07.095 +0.000 QA_OUTPUT(39): IpMode:       Static
app 74016:00:07.095 +0.000 QA_OUTPUT(40): LinkStatus:   LinkDown
app 74016:00:07.095 +0.000 QA_OUTPUT(41): MediaMWP:     On
app 74016:00:07.095 +0.000 QA_OUTPUT(42): MediaPlaylist:        Off
app 74016:00:07.095 +0.000 QA_OUTPUT(43): MenuLanguage:         English
app 74016:00:07.095 +0.000 QA_OUTPUT(44): Neo6:         Neo6Off
app 74016:00:07.095 +0.000 QA_OUTPUT(45): NetappDisclaimer:     Agree
app 74016:00:07.095 +0.000 QA_OUTPUT(46): NetworkInterface:     Wireless
app 74016:00:07.095 +0.000 QA_OUTPUT(47): NoiseType:    Pink
app 74016:00:07.095 +0.000 QA_OUTPUT(48): OSDLanguage:  English
app 74016:00:07.096 +0.000 QA_OUTPUT(49): OpticalAutoPlay:      On
app 74016:00:07.096 +0.000 QA_OUTPUT(50): PCMDownSampling:      Freq48KHz
app 74016:00:07.096 +0.000 QA_OUTPUT(51): ParentalControl:      Off
app 74016:00:07.096 +0.000 QA_OUTPUT(52): ParentalCountry:      USA
app 74016:00:07.096 +0.000 QA_OUTPUT(53): ParentalLevel:        Level1
app 74016:00:07.096 +0.000 QA_OUTPUT(54): ParentalPassword:     0
app 74016:00:07.096 +0.000 QA_OUTPUT(55): PicasaNotice:         Off
app 74016:00:07.096 +0.000 QA_OUTPUT(56): PostProcMode:         Custom
app 74016:00:07.096 +0.000 QA_OUTPUT(57): PrimaryDNS:   10.0.0.1
app 74016:00:07.096 +0.000 QA_OUTPUT(58): QAPrintLevel:         0
app 74016:00:07.096 +0.000 QA_OUTPUT(59): QuickSetupDone:       On
app 74016:00:07.096 +0.000 QA_OUTPUT(60): RearL:        Small
app 74016:00:07.096 +0.000 QA_OUTPUT(61): RearR:        Small
app 74016:00:07.096 +0.000 QA_OUTPUT(62): Resolution:   ResHdmiAuto
app 74016:00:07.096 +0.000 QA_OUTPUT(63): ScreenSaverDuration:  Minutes_5
app 74016:00:07.097 +0.000 QA_OUTPUT(64): SecondaryDNS:         0.0.0.0
app 74016:00:07.429 +0.332 QA_OUTPUT(65): Sharpness:    Mild
app 74016:00:07.429 +0.000 QA_OUTPUT(66): ShowDlnaIcon:         Off
app 74016:00:07.429 +0.000 QA_OUTPUT(67): SignalStrength:       None
app 74016:00:07.429 +0.000 QA_OUTPUT(68): SlideShowBackgroundMusic:     Off
app 74016:00:07.429 +0.000 QA_OUTPUT(69): SlideShowDelay:       0
app 74016:00:07.429 +0.000 QA_OUTPUT(70): SlideShowEffect:      None
app 74016:00:07.429 +0.000 QA_OUTPUT(71): StereoDownmix:        StereoDownmixAuto
app 74016:00:07.429 +0.000 QA_OUTPUT(72): SubNetMask:   255.255.255.0
app 74016:00:07.429 +0.000 QA_OUTPUT(73): SubtitleLanguage:     Default
app 74016:00:07.430 +0.000 QA_OUTPUT(74): Subwoofer:    Freq80Hz
app 74016:00:07.430 +0.000 QA_OUTPUT(75): SurroundL:    Small
app 74016:00:07.430 +0.000 QA_OUTPUT(76): SurroundR:    Small
app 74016:00:07.430 +0.000 QA_OUTPUT(77): TVAspect:     Aspect16_9Full
app 74016:00:07.430 +0.000 QA_OUTPUT(78): TVType:       NTSC
app 74016:00:07.430 +0.000 QA_OUTPUT(79): TimeZone:     CentralTime_USCanada
app 74016:00:07.430 +0.000 QA_OUTPUT(80): ToggleUpdateUrl:      Off
app 74016:00:07.430 +0.000 QA_OUTPUT(81): UBN:  On
app 74016:00:07.430 +0.000 QA_OUTPUT(82): VideoQualityDebug:    Off
app 74016:00:07.430 +0.000 QA_OUTPUT(83): Volume:       100
### OS_TaskSpawnParam: Thread 'VCTimerThread00' stack size (16384) too small, using OSAPI min (131072) instead!
### OS_TaskSpawnParam: Thread 'VCTimerThread01' stack size (16384) too small, using OSAPI min (131072) instead!


 Disable DMA descriptor to avoid register DMA

 enables to execute all previous DMA. Flush out the current transaction.### Null image pointer!!!
###
Error in Opening the Image Interface for FW_ID =129

### Null image pointer!!!
###
Error in Opening the Image Interface for FW_ID =77

### bdvd_audio_output_open_sound failed -- audio_output_settings.state != bdvd_audio_output_state_open

### bdvd_bmem_destroy_avc_heap: AVC 5.1 heap memory was not freed because it was never allocated!
PECreate: initialFormat is 9, disp0.format is 9

       ---------------------- DirectFB v0.9.22 ---------------------
             (c) 2000-2002  convergence integrated media GmbH
             (c) 2002-2004  convergence GmbH
        -----------------------------------------------------------

(*) DirectFB/Core: Single Application Core. (2011-08-23 01:44)
### bdvd_display_get_handle: DisplayScreen not open
(*) DirectFB/BCMCore/system_p_init: video memory size is 98772892
(*) DirectFB/BCMCore/system_p_init: using cached memory for surfaces, cache flush is required
bdvd_graphics: Doing HD half resolution graphics planes
(*) DirectFB/BCMCore/system_p_init: display is set to video_format 9
bdvd_graphics: Using Anisotropic filtering
(*) DirectFB/BCMCore/system_p_init: using mixer compositor for flip-blit
(*) DirectFB/BCMCore/system_p_init: Flip with do a forcefull DSFLIP_WAITFORSYNC
(*) DirectFB/BCMCore/system_p_init: using compositor M2MC for both mixer and driver
(*) 256MB Memory Architecture, Dual Heap Mode Supported Quality reconfig
(*) DirectFB/BCMGfx/driver_init_driver: driver compositor area threshold is 0
(*) DirectFB/BCMGfx/driver_init_driver: surface memory will not be cleared
(*) DirectFB/Graphics: Broadcom Corporation BCM7438/xxxAPI 0.1 (Broadcom Corporation)
(*) [SHARED] VideoRamSize 0 Offset 12441600, [RESERVED] VideoRamSize 12441600 Offset 86331292
(*) Partition[0] offset = 0 lenght = 12441600
(*) Partition[1] offset = 12441600 lenght = 86331292
(*) DirectFB/BCMCore/BCMCoreInitLayer: output layer primary buffer mode is triple
(*) DirectFB/Core/WM: Default 0.2 (Convergence GmbH)
 (!!!)  *** UNIMPLEMENTED [fusion_reactor_set_lock] *** [reactor.c:802]
(*) Layer 0 HalfRes mode
### OS_TaskSpawnParam: Thread 'MetaSimpleCmdTask' stack size (65536) too small, using OSAPI min (131072) instead!
### OS_TaskSpawnParam: Thread 'MediumUSBTask' stack size (65536) too small, using OSAPI min (131072) instead!
### bdvd_decode_window_get: decode window wrong
### bdvd_decode_window_set: decode window wrong
### bdvd_decode_window_get: decode window wrong
### bdvd_decode_window_set: decode window wrong
app 74016:00:08.531 +1.100 peiConfigAudioOutput_cb() - Received bdvd_audio_output_action_hdmi_status_change with no valid HDMI handle
### OS_TaskSpawnParam: Thread 'VCTimerThread02' stack size (16384) too small, using OSAPI min (131072) instead!
### OS_TaskSpawnParam: Thread 'PEiConfigCecTask' stack size (32768) too small, using OSAPI min (131072) instead!
### OS_TaskSpawnParam: Thread 'VCTimerThread03' stack size (16384) too small, using OSAPI min (131072) instead!
### OS_TaskSpawnParam: Thread 'PEiConfigDisplayTask' stack size (32768) too small, using OSAPI min (131072) instead!
### OS_TaskSpawnParam: Thread 'PEiConfigAudioOutputActionProcessingTask' stack size (32768) too small, using OSAPI min (131072) instead!
### Found running watchdog timer (current value=0x30479e80), which means around 30 seconds
### bdvd_set_watchdog: Watchdog timer had less than 25% time left (6.69 out of 30 seconds)
app 74016:00:08.536 +0.005 peiConfigStartWatchdogService: starting watchdog service task to kick watchdog every 7 seconds
### OS_TaskSpawnParam: Thread 'Wdog_Kicker' stack size (16384) too small, using OSAPI min (131072) instead!
### OS_TaskSpawnParam: Thread 'PEDecEvnt' stack size (32768) too small, using OSAPI min (131072) instead!
### OS_TaskSpawnParam: Thread 'PECmds' stack size (32768) too small, using OSAPI min (131072) instead!
app 74016:00:08.635 +0.098 IoCustomCreate(): Board Type[BCM97615(SNAPP)]!
### OS_TaskSpawnParam: Thread 'VCTimerThread04' stack size (16384) too small, using OSAPI min (131072) instead!
### OS_TaskSpawnParam: Thread 'VCTimerThread05' stack size (16384) too small, using OSAPI min (131072) instead!
### OS_TaskSpawnParam: Thread 'VCTimerThread06' stack size (16384) too small, using OSAPI min (131072) instead!
### OS_TaskSpawnParam: Thread 'VCTimerThread07' stack size (16384) too small, using OSAPI min (131072) instead!
### OS_TaskSpawnParam: Thread 'IOTask' stack size (4096) too small, using OSAPI min (131072) instead!
### OS_TaskSpawnParam: Thread 'VCTimerThread08' stack size (16384) too small, using OSAPI min (131072) instead!
app 74016:00:09.846 +1.211 cMetaNav::SetNetworkAccessSetting: networkAccessSetting: (1).
app 74016:00:09.853 +0.007 QA_OUTPUT(84): BDLiveStorage:        NA
### OS_TaskSpawnParam: Thread 'VCTimerThread09' stack size (16384) too small, using OSAPI min (131072) instead!
### OS_TaskSpawnParam: Thread 'DataReader' stack size (4096) too small, using OSAPI min (131072) instead!
app 74016:00:09.878 +0.024 DataReader: OS_TaskSpawnParam failed!
### Found boot reason: Power_On_Reset
app 74016:00:09.886 +0.007 PslGuiHomeMenu: NAV State - 26 (2)!
app 74016:00:09.886 +0.000 PslGuiHomeMenu: Stop key + Top Menu and nav is fully stopped
app 74016:00:15.553 +5.666 QA_OUTPUT(85): NET APP
app 74016:00:15.882 +0.329 WaitForIdle:  CEC activity is now quiescent
[4294685.624000] save exit: isCheckpointed 1
app 74016:00:16.479 +0.596 PEiConfigureEnableDisableInterrupts: Disabling interrupts
app 74016:00:16.746 +0.266 WaitForIdle:  CEC activity is now quiescent
### Remove App Interrupt Cb: ui32IntMask = 0x0, FmmIntMask = 0x400
### Remove App Interrupt Cb: ui32IntMask = 0x0, FmmIntMask = 0x400
### Remove App Interrupt Cb: ui32IntMask = 0x0, FmmIntMask = 0x400
### Remove App Interrupt Cb: ui32IntMask = 0x0, FmmIntMask = 0x400
Powering Down GRC
Powering Down RAP and AUD
Powering Down DAC
Power Down: bRAP CLK
Power Down: VDC VEC CLK
Power Down: BVNM, BVNG, BVND
Power Down: HDMI clock
Power Down: bXVD &amp; ARC
Power Down: VCXO
Power Down: bRAP VXCO

c329079
c329079
bVDC VCXO
Power Up: bVDC DAC CLK
Power Up: bXVD &amp; ARC
Power Up: bVDC CLK
Power Up: HDMI
Power Up: bVDCapp 74016:00:19.098 +2.352 src/core/metanav/metanav.cpp::ProcessCommands() -- Woken up by timer!
app 74016:00:19.098 +0.000 IoCustomHandleStatus: Timer Wakeup!
c309040
Power Up: bRAP VCXO
Powering Up FGX
### Null image pointer!!!
###
Error in Opening the Image Interface for FW_ID =129

### Null image pointer!!!
###
Error in Opening the Image Interface for FW_ID =77

app 74016:00:19.192 +0.094 PE Display (AUTO) : DISP0 = 480i [ CMPST ],  SRC = 1080P_23_976
app 74016:00:19.207 +0.015 peiConfigAdjustVideoOutputProc -- RESUME bdvd_display


 Disable DMA descriptor to avoid register DMA

 enables to execute all previous DMA. Flush out the current transaction.

=== Enabled 3D pixel mask

### BVDC_ApplyChanges failed. bdvd_display.c: 3129
(*) Layer 0 HalfRes mode
### BVDC_ApplyChanges failed. bdvd_display.c: 3129
### OS_TaskSpawnParam: Thread 'VCTimerThread10' stack size (16384) too small, using OSAPI min (131072) instead!
NetAppWiFiPrivateIsPresent BWL API failed, Line=541!
app 74016:00:20.228 +1.021 PslStagecraftHandleLinkDownEvent: Invalid PSL handle and/or context!
app 74016:00:20.525 +0.296 QA_OUTPUT(86): OVERLAY:Disconnected
app 74016:00:21.384 +0.858 PslStagecraftHandleLinkDownEvent: Invalid PSL handle and/or context!
app 74016:00:21.465 +0.080 QA_OUTPUT(87): OVERLAY:Disconnected
[4294690.331000] NOHZ: local_softirq_pending 08
&lt;/pre&gt;}}
&lt;noinclude&gt;[[Category:Magnavox]]&lt;/noinclude&gt;</text>
      <sha1>mqnug2ynyff4zrwa80sbm9x09kkcxrp</sha1>
    </revision>
  </page>