<page>
    <title>Netgear WGR614v9/Serial info</title>
    <ns>0</ns>
    <id>42778</id>
    <revision>
      <id>276764</id>
      <parentid>247714</parentid>
      <timestamp>2023-04-15T05:29:00Z</timestamp>
      <contributor>
        <username>DarkShadow</username>
        <id>3096572</id>
      </contributor>
      <comment>fixed:)</comment>
      <origin>276764</origin>
      <model>wikitext</model>
      <format>text/x-wiki</format>
      <text bytes="3598" sha1="6bzupva4qgyyfvaijmmciedmy3wvy9o" xml:space="preserve">{{navbar|:Netgear WGR614v9/Serial info|text=Serial info}}
====Info derived from====
{{SCollapse|boot log
|&lt;small&gt;&lt;pre&gt;
CFE for WGR614v9 version: 2.6
Build Date: Tue Apr  7 17:43:44 CST 2009
et0: Broadcom BCM47xx 10/100 Mbps Ethernet Controller 4.138.1.0
Device eth0:  hwaddr 00-24-B2-AA-E9-84, ipaddr 192.168.1.1, mask 255.255.255.0
        gateway not set, nameserver not set
Loading .......................
CPU revision is: 00029029
Primary instruction cache 16kb, linesize 16 bytes (4 ways)
Primary data cache 16kb, linesize 16 bytes (2 ways)
Linux version 2.4.20 (zacker@svn) (gcc version 3.2.3 with Broadcom modifications) #1 Thu Jan 8 11:49:51 CST 2009
Setting the PFC to its default value
Determined physical RAM map:
 memory: 00800000 @ 00000000 (usable)
User-defined physical RAM map:
 memory: 00800000 @ 00000000 (usable)
On node 0 totalpages: 2048
zone(0): 2048 pages.
zone(1): 0 pages.
zone(2): 0 pages.
Kernel command line: root=/dev/mtdblock2 noinitrd console=ttyS0,115200 mem=8M
CPU: BCM5354 rev 3 at 240 MHz
Calibrating delay loop... 237.56 BogoMIPS
Memory: 6536k/8192k available (1217k kernel code, 1656k reserved, 104k data, 56k init, 0k highmem)
Dentry cache hash table entries: 1024 (order: 1, 8192 bytes)
Inode cache hash table entries: 512 (order: 0, 4096 bytes)
Mount-cache hash table entries: 512 (order: 0, 4096 bytes)
Buffer-cache hash table entries: 1024 (order: 0, 4096 bytes)
Page-cache hash table entries: 2048 (order: 1, 8192 bytes)
Checking for 'wait' instruction...  unavailable.
POSIX conformance testing by UNIFIX
PCI: no core
PCI: Fixing up bus 0
Linux NET4.0 for Linux 2.4
Based upon Swansea University Computer Society NET3.039
Initializing RT netlink socket
Starting kswapd
devfs: v1.12c (20020818) Richard Gooch (rgooch@atnf.csiro.au)
devfs: boot_options: 0x1
Squashfs 2.2-r2 (released 2005/09/08) (C) 2002-2005 Phillip Lougher
Serial driver version 5.05c (2001-07-08) with MANY_PORTS SHARE_IRQ SERIAL_PCI enabled
ttyS00 at 0xb8000300 (irq = 3) is a 16550A
ttyS01 at 0xb8000400 (irq = 0) is a 16550A
PPP generic driver version 2.4.2
sflash: squashfs filesystem found at block 573
Creating 6 MTD partitions on &quot;sflash&quot;:
0x00000000-0x00020000 : &quot;boot&quot;
0x00020000-0x001fa000 : &quot;linux&quot;
0x0008f7e4-0x001fa000 : &quot;rootfs&quot;
0x001fa000-0x001fb000 : &quot;POT&quot;
0x001fb000-0x001fc000 : &quot;board_data&quot;
0x001fc000-0x00200000 : &quot;nvram&quot;
NET4: Linux TCP/IP 1.0 for NET4.0
IP Protocols: ICMP, UDP, TCP
IP: routing cache hash table of 512 buckets, 4Kbytes
TCP: Hash tables configured (established 512 bind 1024)
NET4: Unix domain sockets 1.0/SMP for Linux NET4.0.
NET4: Ethernet Bridge 008 for NET4.0
802.1Q VLAN Support v1.7 Ben Greear &lt;greearb@candelatech.com&gt;
All bugs added by David S. Miller &lt;davem@redhat.com&gt;
VFS: Mounted root (squashfs filesystem) readonly.
Mounted devfs on /dev
Freeing unused kernel memory: 56k freed
Reading board data...
pa0maxpwr - 82
pa0b0 - 0x164B
pa0b1 - 0xFA66
pa0b2 - 0xFE86
opo - 8
configure RF parameters OK
Using /lib/modules/2.4.20/kernel/drivers/net/et/et.o
insmod: bcm57xx.o: no module by that name found
Using /lib/modules/2.4.20/kernel/drivers/net/wl/wl.o
Hit enter to continue...Reading board data...
Using /lib/modules/2.4.20/kernel/net/ipv4/acos_nat/acos_nat.o
Info: No FWPT default policies.
info, udhcp server (v0.9.8) started
error, unable to parse 'option wins '
error, unable to parse 'option domain '
POT integrity check OK.
POT time is up.
Start DHCP client daemon
Hit enter to continue...Hit enter to continue...info, udhcp client (v0.9.8) started
eth0: No such process
&lt;/pre&gt;&lt;/small&gt;}}
&lt;noinclude&gt;[[Category:Netgear]]&lt;/noinclude&gt;</text>
      <sha1>6bzupva4qgyyfvaijmmciedmy3wvy9o</sha1>
    </revision>
  </page>