<page>
    <title>Netgear R6300 v2/Serial info</title>
    <ns>0</ns>
    <id>42022</id>
    <revision>
      <id>221495</id>
      <parentid>221494</parentid>
      <timestamp>2022-10-22T07:25:00Z</timestamp>
      <contributor>
        <username>DarkShadow</username>
        <id>3096572</id>
      </contributor>
      <comment>fixed;)</comment>
      <origin>221495</origin>
      <model>wikitext</model>
      <format>text/x-wiki</format>
      <text bytes="17082" sha1="70tzijurtdj2uvi144jnw6j8jvl8m4x" xml:space="preserve">
====Boot log====
{{SCollapse|Boot log
|&lt;small&gt;&lt;pre&gt;
Decompressing...done

SHMOO VER 1.13

PKID07DC06011801080000000000001A103F01000000

S300402DF
00002430

RDLYW0 00000004
RDENW0 00000050
RDQSW0

0000000000111111111122222222223333333333444444444455555555556666
0123456789012345678901234567890123456789012345678901234567890123
00 --------++++++++++++++++++++++++++++X+++++++++++++++++++++++++++
01 ----------+++++++++++++++++++++++++++X++++++++++++++++++++++++++
02 -------++++++++++++++++++++++++++++X++++++++++++++++++++++++++++
03 -----+++++++++++++++++++++++++++++X+++++++++++++++++++++++++++++
04 -----+++++++++++++++++++++++++++++X+++++++++++++++++++++++++++++
05 ---------+++++++++++++++++++++++++++X+++++++++++++++++++++++++++
06 ---++++++++++++++++++++++++++++++X++++++++++++++++++++++++++++++
07 --------++++++++++++++++++++++++++++X+++++++++++++++++++++++++++
08 -------++++++++++++++++++++++++++++X++++++++++++++++++++++++++++
09 ------------++++++++++++++++++++++++++X+++++++++++++++++++++++++
10 -------++++++++++++++++++++++++++++X++++++++++++++++++++++++++++
11 -----------++++++++++++++++++++++++++X++++++++++++++++++++++++++
12 -------++++++++++++++++++++++++++++X++++++++++++++++++++++++++++
13 -----------++++++++++++++++++++++++++X++++++++++++++++++++++++++
14 --------++++++++++++++++++++++++++++X+++++++++++++++++++++++++++
15 ---------+++++++++++++++++++++++++++X+++++++++++++++++++++++++++

PW0

0000000000111111111122222222223333333333444444444455555555556666
0123456789012345678901234567890123456789012345678901234567890123
00 --+++++++++++++++++++++++++++++++X++++++++++++++++++++++++++++++
01 -----+++++++++++++++++++++++++++++X+++++++++++++++++++++++++++++
02 ++++++++++++++++++++++++++++++++X+++++++++++++++++++++++++++++++
03 ++++++++++++++++++++++++++++++++X+++++++++++++++++++++++++++++++
04 ++++++++++++++++++++++++++++++++X+++++++++++++++++++++++++++++++
05 ---++++++++++++++++++++++++++++++X++++++++++++++++++++++++++++++
06 ++++++++++++++++++++++++++++++++X+++++++++++++++++++++++++++++++
07 ---++++++++++++++++++++++++++++++X++++++++++++++++++++++++++++++
08 ++++++++++++++++++++++++++++++++X+++++++++++++++++++++++++++++++
09 ----++++++++++++++++++++++++++++++X+++++++++++++++++++++++++++++
10 -+++++++++++++++++++++++++++++++X+++++++++++++++++++++++++++++++
11 -----+++++++++++++++++++++++++++++X+++++++++++++++++++++++++++++
12 ++++++++++++++++++++++++++++++++X+++++++++++++++++++++++++++++++
13 ----++++++++++++++++++++++++++++++X+++++++++++++++++++++++++++++
14 ++++++++++++++++++++++++++++++++X+++++++++++++++++++++++++++++++
15 -+++++++++++++++++++++++++++++++X+++++++++++++++++++++++++++++++

NW0

0000000000111111111122222222223333333333444444444455555555556666
0123456789012345678901234567890123456789012345678901234567890123
00 --------++++++++++++++++++++++++++++X+++++++++++++++++++++++++++
01 ----------+++++++++++++++++++++++++++X++++++++++++++++++++++++++
02 ------+++++++++++++++++++++++++++++X++++++++++++++++++++++++++++
03 ------+++++++++++++++++++++++++++++X++++++++++++++++++++++++++++
04 -----+++++++++++++++++++++++++++++X+++++++++++++++++++++++++++++
05 ---------+++++++++++++++++++++++++++X+++++++++++++++++++++++++++
06 ----++++++++++++++++++++++++++++++X+++++++++++++++++++++++++++++
07 --------++++++++++++++++++++++++++++X+++++++++++++++++++++++++++
08 --------++++++++++++++++++++++++++++X+++++++++++++++++++++++++++
09 ------------++++++++++++++++++++++++++X+++++++++++++++++++++++++
10 -------++++++++++++++++++++++++++++X++++++++++++++++++++++++++++
11 -----------++++++++++++++++++++++++++X++++++++++++++++++++++++++
12 -------++++++++++++++++++++++++++++X++++++++++++++++++++++++++++
13 -----------++++++++++++++++++++++++++X++++++++++++++++++++++++++
14 --------++++++++++++++++++++++++++++X+++++++++++++++++++++++++++
15 ---------+++++++++++++++++++++++++++X+++++++++++++++++++++++++++

WRDQW0

0000000000111111111122222222223333333333444444444455555555556666
0123456789012345678901234567890123456789012345678901234567890123
00 +++++++++++++++++++++++++++++++X+++++++++++++++++++++++++++++++-
01 +++++++++++++++++++++++++++++++X+++++++++++++++++++++++++++++++-
02 +++++++++++++++++++++++++++++++X+++++++++++++++++++++++++++++++-
03 +++++++++++++++++++++++++++++++X+++++++++++++++++++++++++++++++-
04 +++++++++++++++++++++++++++++++X+++++++++++++++++++++++++++++++-
05 +++++++++++++++++++++++++++++++X+++++++++++++++++++++++++++++++-
06 +++++++++++++++++++++++++++++++X+++++++++++++++++++++++++++++++-
07 +++++++++++++++++++++++++++++++X+++++++++++++++++++++++++++++++-
08 +++++++++++++++++++++++++++++++X+++++++++++++++++++++++++++++++-
09 ---++++++++++++++++++++++++++++++X+++++++++++++++++++++++++++++-
10 +++++++++++++++++++++++++++++++X+++++++++++++++++++++++++++++++-
11 --++++++++++++++++++++++++++++++X++++++++++++++++++++++++++++++-
12 +++++++++++++++++++++++++++++++X+++++++++++++++++++++++++++++++-
13 +++++++++++++++++++++++++++++++X+++++++++++++++++++++++++++++++-
14 +++++++++++++++++++++++++++++++X+++++++++++++++++++++++++++++++-
15 --++++++++++++++++++++++++++++++X++++++++++++++++++++++++++++++-

WRDMW0 00000031
WRDMW0 00000031

ADDR

0000000000111111111122222222223333333333444444444455555555556666
0123456789012345678901234567890123456789012345678901234567890123
00 +++++++++++++++++++++++++++++++X++++S+++++++++++++++++++++++++++

Decompressing...done

CFE for Foxconn Router R6300v2 version: v1.0.15
Build Date: Fri May 24 13:47:09 CST 2013 
Init Arena
Init Devs.
Boot up from NAND flash...
Boot partition size = 262144(0x40000)
DDR Clock: 533 MHz
Info: DDR frequency set from clkfreq=800,*533*
et0: Broadcom BCM47XX 10/100/1000 Mbps Ethernet Controller 6.30.163.2002 (r382208)
CPU type 0x0: 800MHz
Tot mem: 262144 KBytes

Device eth0: hwaddr 44-94-FC-43-59-89, ipaddr 192.168.1.1, mask 255.255.255.0
gateway not set, nameserver not set
Checking crc...Loader:raw Filesys:raw Dev:nflash0.os File: Options:(null)
Loading: .... 4623680 bytes read
Entry at 0x00008000
Closing network.
Starting program at 0x00008000
console [ttyS0] enabled, bootconsole disabled
serial8250.0: ttyS1 at MMIO 0x18000400 (irq = 117) is a 16550
brd: module loaded
loop: module loaded
pflash: found no supported devices
bcmsflash: found no supported devices
Boot partition size = 524288(0x80000)
lookup_nflash_rootfs_offset: offset = 0x380000
nflash: squash filesystem with lzma found at block 42

Creating 16 MTD partitions on &quot;nflash&quot;:
0x000000000000-0x000000080000 : &quot;boot&quot;
0x000000080000-0x000000200000 : &quot;nvram&quot;
0x000000200000-0x000000220000 : &quot;board_data&quot;
0x000000220000-0x000000240000 : &quot;POT1&quot;
0x000000240000-0x000000260000 : &quot;POT2&quot;
0x000000260000-0x000000280000 : &quot;T_Meter1&quot;
0x000000280000-0x0000002a0000 : &quot;T_Meter2&quot;
0x0000002a0000-0x0000002c0000 : &quot;ML1&quot;
0x0000002c0000-0x0000002e0000 : &quot;ML2&quot;
0x0000002e0000-0x000000300000 : &quot;ML3&quot;
0x000000300000-0x000000320000 : &quot;ML4&quot;
0x000000320000-0x000000340000 : &quot;ML5&quot;
0x000000340000-0x000000360000 : &quot;ML6&quot;
0x000000360000-0x000000380000 : &quot;ML7&quot;
0x000000380000-0x000002180000 : &quot;linux&quot;
0x0000005472b4-0x000002180000 : &quot;rootfs&quot;
PPP generic driver version 2.4.2
NET: Registered protocol family 24
PPPoL2TP kernel driver, V0.17
ehci_hcd: USB 2.0 'Enhanced' Host Controller (EHCI) Driver
ehci_hcd 0000:00:0a.1: EHCI Host Controller
ehci_hcd 0000:00:0a.1: new USB bus registered, assigned bus number 1
ehci_hcd 0000:00:0a.1: irq 111, io mem 0x18021000
ehci_hcd 0000:00:0a.1: USB 0.0 started, EHCI 1.00
hub 1-0:1.0: USB hub found
hub 1-0:1.0: 2 ports detected
ohci_hcd: USB 1.1 'Open' Host Controller (OHCI) Driver
ohci_hcd 0000:00:0a.0: OHCI Host Controller
ohci_hcd 0000:00:0a.0: new USB bus registered, assigned bus number 2
ohci_hcd 0000:00:0a.0: irq 111, io mem 0x18022000
hub 2-0:1.0: USB hub found
hub 2-0:1.0: 2 ports detected
xhci_hcd 0000:00:0b.0: xHCI Host Controller
xhci_hcd 0000:00:0b.0: new USB bus registered, assigned bus number 3
xhci_hcd 0000:00:0b.0: irq 112, io mem 0x18023000
xhci_hcd 0000:00:0b.0: Failed to enable MSI-X
xhci_hcd 0000:00:0b.0: failed to allocate MSI entry
usb usb3: No SuperSpeed endpoint companion for config 1 interface 0 altsetting 0 ep 129: using minimum values
xHCI xhci_add_endpoint called for root hub
xHCI xhci_check_bandwidth called for root hub
hub 3-0:1.0: USB hub found
hub 3-0:1.0: 1 port detected
usbcore: registered new interface driver usblp
Initializing USB Mass Storage driver...
usbcore: registered new interface driver usb-storage
USB Mass Storage support registered.
u32 classifier
Actions configured
ip_tables: (C) 2000-2006 Netfilter Core Team
TCP cubic registered
NET: Registered protocol family 10
lo: Disabled Privacy Extensions
IPv6 over IPv4 tunneling driver
sit0: Disabled Privacy Extensions
ip6tnl0: Disabled Privacy Extensions
NET: Registered protocol family 17
802.1Q VLAN Support v1.8 Ben Greear &lt;greearb@candelatech.com&gt;
All bugs added by David S. Miller &lt;davem@redhat.com&gt;
Northstar brcmnand NAND Flash Controller driver, Version 0.1 (c) Broadcom Inc. 2012
NAND device: Manufacturer ID: 0xec, Chip ID: 0xf1 (Samsung NAND 128MiB 3,3V 8-bit)
Spare area=64 eccbytes 56, ecc bytes located at:
2 3 4 5 6 7 8 9 10 11 12 13 14 15 18 19 20 21 22 23 24 25 26 27 28 29 30 31 34 35 
36 37 38 39 40 41 42 43 44 45 46 47 50 51 52 53 54 55 56 57 58 59 60 61 62 63
Available 7 bytes at (off,len):
(1,1) (16,2) (32,2) (48,2) (0,0) (0,0) (0,0) (0,0) 
Scanning device for bad blocks
Bad eraseblock 331 at 0x000002960000
Bad eraseblock 471 at 0x000003ae0000
Bad eraseblock 513 at 0x000004020000
Bad eraseblock 912 at 0x000007200000
Options: NO_AUTOINCR,NO_PADDING,CACHEPRG,COPYBACK,NO_READRDY,BBT_SCAN2NDPAGE,
Creating 1 MTD partitions on &quot;brcmnand&quot;:
0x000002180000-0x000008000000 : &quot;brcmnand&quot;
VFS: Mounted root (squashfs filesystem) readonly on device 31:15.
devtmpfs: mounted
Freeing init memory: 188K
[sighandler]: No more events to be processed, quitting.
[cleanup]: Waiting for children.
[cleanup]: All children terminated.
Reading board data...
WSC UUID: 0xba2c07957847b4e73671e0b8339d3956
NTP synchronized date/time: 00-00-00
MAC address of 1st STA connected: 00-00-00-00-00-00
wl: wl driver adapter not found
wl: wl driver adapter not found
wl: wl driver adapter not found
wl: wl driver adapter not found
invalid RF magic!
No RF parameters! Use default.
### main:1205 Set Normal Power!
Initialise conn table 2048 entries
Commit new ethernet config...
Doing nvram commit by pid 1 !
insmod: usbcore.ko: no module by that name found
insmod: ehci-hcd.ko: no module by that name found
insmod: wl_high.ko: no module by that name found
eth3: cmd=14: No such device
wl1 not up in 3 sec
Hit enter to continue...WARNING: console log level set to 1
killall: upnp: no process killed
upnp: No such file or directory
killall: wps_monitor: no process killed
killall: wps_ap: no process killed
killall: wps_enr: no process killed

### wps_wfi_init(): &lt;wl0_wfi_enable=(null)&gt;&lt;wl1_wfi_enable=(null)&gt;WFI is not enabled ###
acsd: scan in progress ...
acsd: scan in progress ...
acsd: scan in progress ...
acsd: scan in progress ...
acsd: scan in progress ...
acsd: scan in progress ...
acsd: scan in progress ...
acsd: scan in progress ...
acsd: scan in progress ...
acsd: scan in progress ...
acsd: scan in progress ...
acsd: scan in progress ...
acsd: selected channel spec: 0x1001
Reading board data...
WSC UUID: 0xba2c07957847b4e73671e0b8339d3956
acsd: scan in progress ...
acsd: scan in progress ...
acsd: scan in progress ...
info, udhcp server (v0.9.8) started
error, unable to parse 'option wins '
error, unable to parse 'option domain '
mevent start...
opened loopback socket 3
acsd: scan in progress ...
acsd: scan in progress ...
acsd: scan in progress ...
POT integrity check OK.
shm ID: 0
Get a correct Segment_ID: 0 and semaphore ID:32769
Can't find handler for ASP command: wlg_cgi_get_isolation_status(0);
Can't find handler for ASP command: wlg_cgi_get_isolation_status(1);
Can't find handler for ASP command: eco_get_redirect_link();
Can't find handler for ASP command: devices_cgi_get_acl_device_table(&quot;DEV_control&quot;);
Can't find handler for ASP command: devices_cgi_get_acl_white_table();
Can't find handler for ASP command: devices_cgi_get_acl_black_table();
Can't find handler for ASP command: devices_cgi_get_show_access_ctrl_settings();
Can't find handler for ASP command: devices_cgi_get_acl_device_table(&quot;DEV_device&quot;, &quot;wired&quot;);
Can't find handler for ASP command: devices_cgi_get_acl_device_table(&quot;DEV_device&quot;, &quot;wireless&quot;);
open /tmp/2g_chek_stat fail
open /tmp/5g_chek_stat fail
acsd: scan in progress ...
Can't find handler for ASP command: wlg_cgi_get_isolation_status();
acsd: scan in progress ...
Can't find handler for ASP command: usb_cgi_get_register_state();
Can't find handler for ASP command: usb_cgi_get_invite_state();
Can't find handler for ASP command: cdl_cgi_set_hijack(0);
Can't find handler for ASP command: cdl_cgi_set_hijack(1);
acsd: scan in progress ...
acsd: scan in progress ...
acsd: scan in progress ...
acsd: scan in progress ...
acsd: selected channel spec: 0x1001
Info: No FWPT default policies.
agnat QOS disable!
insmod: usbcore.ko: no module by that name found
rmmod: l7_filter: No such file or directory
insmod: ehci-hcd.ko: no module by that name found
insmod: ohci-hcd.ko: no module by that name found
insmod: usb-storage.ko: no module by that name found
mount: mounting none on /proc/bus/usb failed: Device or resource busy
IOCTL_AG_REGION_SET: English
Start DHCP client daemon
info, udhcp client (v0.9.8) started
eth0: No such process
add active user:192.168.1.2
httpd: ipv6 socket bound in 80.
httpd: socket bound in 0.0.0.0:443.
minidlan :scan files

route: ioctl 0x890c failed: No such process
killall: dhcp6c: no process killed
killall: IPv6-relay: no process killed
killall: pppdv6: no process killed
killall: rtsol: no process killed
killall: dhcp6s: no process killed
killall: radvd: no process killed
route: ioctl 0x890c failed: No such process
killall: dhcp6s: no process killed
killall: radvd: no process killed
Hit enter to continue...
&lt;/pre&gt;&lt;/small&gt;}}

== /proc/mtd ==
{{SCollapse|/proc/mtd
|&lt;small&gt;&lt;pre&gt;
cat /proc/mtd 
dev: size erasesize name
mtd0: 00080000 00020000 &quot;boot&quot;
mtd1: 00180000 00020000 &quot;nvram&quot;
mtd2: 00020000 00020000 &quot;board_data&quot;
mtd3: 00020000 00020000 &quot;POT1&quot;
mtd4: 00020000 00020000 &quot;POT2&quot;
mtd5: 00020000 00020000 &quot;T_Meter1&quot;
mtd6: 00020000 00020000 &quot;T_Meter2&quot;
mtd7: 00020000 00020000 &quot;ML1&quot;
mtd8: 00020000 00020000 &quot;ML2&quot;
mtd9: 00020000 00020000 &quot;ML3&quot;
mtd10: 00020000 00020000 &quot;ML4&quot;
mtd11: 00020000 00020000 &quot;ML5&quot;
mtd12: 00020000 00020000 &quot;ML6&quot;
mtd13: 00020000 00020000 &quot;ML7&quot;
mtd14: 01e00000 00020000 &quot;linux&quot;
mtd15: 01c38d4c 00020000 &quot;rootfs&quot;
mtd16: 05e80000 00020000 &quot;brcmnand&quot;
&lt;/pre&gt;&lt;/small&gt;}}

== mount  ==
{{SCollapse|mount
|&lt;small&gt;&lt;pre&gt;
# mount
rootfs on / type rootfs (rw)
/dev/root on / type squashfs (ro,relatime)
devtmpfs on /dev type devtmpfs (rw,relatime,size=127580k,nr_inodes=31022,mode=755)
devfs on /dev type tmpfs (rw,relatime)
proc on /proc type proc (rw,relatime)
sysfs on /sys type sysfs (rw,relatime)
ramfs on /tmp type ramfs (rw,relatime)
devpts on /dev/pts type devpts (rw,relatime,mode=600)
usbdeffs on /proc/bus/usb type usbfs (rw,relatime)
&lt;/pre&gt;&lt;/small&gt;}}

==ps==
{{SCollapse|ps
|&lt;small&gt;&lt;pre&gt;
# ps
PID Uid VSZ Stat Command
1 0 1384 S /sbin/preinit 
2 0 SW [kthreadd]
3 0 SW [ksoftirqd/0]
4 0 SW [kworker/0:0]
5 0 SW [kworker/u:0]
6 0 SW&lt; [khelper]
7 0 SW [kworker/u:1]
62 0 SW [sync_supers]
64 0 SW [bdi-default]
65 0 SW&lt; [kblockd]
74 0 SW [khubd]
126 0 SW [kswapd0]
172 0 SW [fsnotify_mark]
195 0 SW&lt; [crypto]
779 0 SW [mtdblock0]
784 0 SW [mtdblock1]
789 0 SW [mtdblock2]
794 0 SW [mtdblock3]
799 0 SW [mtdblock4]
804 0 SW [mtdblock5]
809 0 SW [mtdblock6]
814 0 SW [mtdblock7]
819 0 SW [mtdblock8]
824 0 SW [mtdblock9]
829 0 SW [mtdblock10]
834 0 SW [mtdblock11]
839 0 SW [mtdblock12]
844 0 SW [mtdblock13]
849 0 SW [mtdblock14]
854 0 SW [mtdblock15]
871 0 SW [kworker/0:1]
894 0 SW [mtdblock16]
2506 0 1020 S /bin/eapd 
2508 0 1360 S nas 
2512 0 1648 S /bin/wps_monitor 
2528 0 1112 S /usr/sbin/acsd 
2570 0 1020 S swresetd 
2572 0 1068 S dnsRedirectReplyd 
2574 0 1136 S dlnad 
2580 0 688 S dnsmasq -h -n -c 0 -N -i br0 -r /tmp/resolv.conf -u r
2581 0 712 S udhcpd /tmp/udhcpd.conf 
2583 0 1240 S mevent 
2585 0 1068 S ddnsd &amp; 
2587 0 1072 S telnetenabled 
2589 0 1240 S heartbeat 
2593 0 1000 S wlanconfigd 
2595 0 1064 S pot run 
2599 0 1072 S scheact 
2601 0 1552 S upnpd 
2604 0 1216 S /usr/sbin/email 
2608 0 1244 S /usr/sbin/acl_logd 
2610 0 1132 S lld2d br0 
2613 0 6192 S httpd -S -E /usr/sbin/ca.pem /usr/sbin/httpsd.pem 
2616 0 1212 S check_fw 
2680 0 SW [ telnetDBGD ]
2681 0 SW [ acktelnetDBGD ]
2682 0 SW [checkSBusTimeou]
2686 0 SW [NU UDP]
2687 0 SW [NU TCP]
2698 0 688 S udhcpc -i eth0 -p /var/run/udhcpc0.pid -s /tmp/udhcpc
2716 0 10000 S minidlna.exe -a 192.168.1.1/24 -f /tmp/minidlna.conf 
2717 0 10000 S minidlna.exe -a 192.168.1.1/24 -f /tmp/minidlna.conf 
2721 0 Z N [minidlna.exe]
2722 0 10000 S minidlna.exe -a 192.168.1.1/24 -f /tmp/minidlna.conf 
2752 0 1060 S wpsd 
2753 0 1308 S /bin/sh 
2758 0 1300 R ps 
&lt;/pre&gt;&lt;/small&gt;}}
&lt;noinclude&gt;[[Category:Netgear]] __NOTOC__&lt;/noinclude&gt;</text>
      <sha1>70tzijurtdj2uvi144jnw6j8jvl8m4x</sha1>
    </revision>
  </page>