<page>
    <title>Netgear ReadyNAS RN3138/Serial info</title>
    <ns>0</ns>
    <id>37996</id>
    <revision>
      <id>274761</id>
      <parentid>274759</parentid>
      <timestamp>2023-04-01T22:59:20Z</timestamp>
      <contributor>
        <username>DarkShadow</username>
        <id>3096572</id>
      </contributor>
      <comment>fixed:)</comment>
      <origin>274761</origin>
      <model>wikitext</model>
      <format>text/x-wiki</format>
      <text bytes="286096" sha1="4jvpsz4i6dr8t2mrzkf55lrw3atkaix" xml:space="preserve">{{navbar|:Netgear ReadyNAS RN3138/Serial info|text=Serial info}}
====Serial console====
[[File:ReadyNAS 3138 P-connector.jpg|200px|center|serial port console position and pinout]]
The device exposes a serial port behind a sticker on the back side. This connector is a 4 pin 
horizontal male 2mm pitch header. It's marked with 'P' and an arrow indicating the location of pin 1.

This serial port uses 3.3 V TTL voltage levels with 115200 8N1 UART settings. A custom cable can be 
built for it in order to interface with the BIOS or the serial console of the device's OS Linux kernel
giving direct root access with known credentials. An identical connector can be found on other Netgear ReadyNAS devices as reported elsewhere:

[https://blog.rebootr.nl/serial-connection-readynas-102/]
[https://gist.github.com/davewongillies/6481138]

====BIOS====
[[File:Netgear-RN3138-BIOS_Setup.png|200px|center|BIOS setup screen]]
All boot logs were acquired from the back serial port (the connector marked with 'P'). Using the Delete key like on an ordinary PC the BIOS Setup can be accessed:



====ReadyOS 6.9.1====

Serial console credentials:

Normal boot:
root / password

&quot;Emergency&quot; boot (without hard disks):
root / infr8ntdebug

&quot;Tech support&quot; boot mode:
root / infr8ntdebug

=====Normal boot=====

Normal boot is attempted when there are disks inserted into the NAS. The operating system boots from
the storage disks.

{{SCollapse|Boot log&gt;&gt; 
|&lt;small&gt;&lt;pre&gt;
3 20150820 Copyright (C) 1994-2014 H. Peter Anvi               n et al
                                                                                   
                                                                                
                                                                                
                                                                                
                                                                                
                                                                                
                                             ok
                                                                                
                                                                                
                                                                                
                                                                                
                                                            ok               
                                                                                
               [    3.968669] ismt_smbus 0000:00:13.0: completion wait timed out
[    4.974652] ismt_smbus 0000:00:13.0: completion wait timed out
[    5.980641] ismt_smbus 0000:00:13.0: completion wait timed out
[    6.986624] ismt_smbus 0000:00:13.0: completion wait timed out

Starting the boot process...
Detected system type: RN3130
Loading kernel modules...done
Boot mode: Normal
searching for boot flash..found(sdb)...Bringing up network...eth0.done
Bringing up RAID arrays...done
Switching root to RAID device.


Welcome to ReadyNASOS 6.9.1!

[  OK  ] Listening on Journal Socket.
[  OK  ] Listening on udev Kernel Socket.
[  OK  ] Reached target Remote File Systems (Pre).
[  OK  ] Started Forward Password Requests to Wall Directory Watch.
[  OK  ] Created slice User and Session Slice.
[  OK  ] Listening on Journal Socket (/dev/log).
[  OK  ] Listening on /dev/initctl Compatibility Named Pipe.
[  OK  ] Set up automount Arbitrary Executab...ats File System Automount Point.
[  OK  ] Started Dispatch Password Requests to Console Directory Watch.
[  OK  ] Reached target Paths.
[  OK  ] Reached target Encrypted Volumes.
[  OK  ] Reached target Remote File Systems.
[  OK  ] Created slice System Slice.
         Starting Remount Root and Kernel File Systems...
[  OK  ] Created slice system-getty.slice.
         Starting Create list of required st... nodes for the current kernel...
         Mounting POSIX Message Queue File System...
[  OK  ] Created slice system-serial\x2dgetty.slice.
         Mounting Debug File System...
         Starting Load Kernel Modules...
[  OK  ] Started ReadyNAS LCD splasher.
         Starting ReadyNASOS system prep...
[  OK  ] Reached target Slices.
         Starting Journal Service...
[  OK  ] Listening on udev Control Socket.
[  OK  ] Mounted Debug File System.
[  OK  ] Mounted POSIX Message Queue File System.
[  OK  ] Started Remount Root and Kernel File Systems.
[  OK  ] Started Create list of required sta...ce nodes for the current kernel.
[  OK  ] Started Load Kernel Modules.
         Mounting FUSE Control File System...
         Mounting Configuration File System...
         Starting Apply Kernel Variables...
         Starting Create Static Device Nodes in /dev...
         Starting Load/Save Random Seed...
         Starting Rebuild Hardware Database...
[  OK  ] Mounted Configuration File System.
[  OK  ] Mounted FUSE Control File System.
[  OK  ] Started Apply Kernel Variables.
[  OK  ] Started ReadyNASOS system prep.
[  OK  ] Started Load/Save Random Seed.
[  OK  ] Started Create Static Device Nodes in /dev.
         Starting udev Kernel Device Manager...
[  OK  ] Started udev Kernel Device Manager.
         Starting MD arrays...
[  OK  ] Started Journal Service.
         Starting Flush Journal to Persistent Storage...
[  OK  ] Started Flush Journal to Persistent Storage.
[  OK  ] Started Rebuild Hardware Database.
[  OK  ] Found device /dev/md1.
         Activating swap md1...
[  OK  ] Activated swap md1.
[  OK  ] Found device /dev/disk/by-label/0a437ac8:data.
[  OK  ] Started MD arrays.
[  OK  ] Reached target Local File Systems (Pre).
         Mounting /data...
         Starting udev Coldplug all Devices...
[  OK  ] Reached target Swap.
[  OK  ] Mounted /data.
         Mounting Home Directory...
         Mounting Apps Directory...
[  OK  ] Reached target Local File Systems.
         Starting Create Volatile Files and Directories...
[  OK  ] Mounted Apps Directory.
[  OK  ] Mounted Home Directory.
[  OK  ] Started Create Volatile Files and Directories.
         Starting Update UTMP about System Boot/Shutdown...
[  OK  ] Started udev Coldplug all Devices.
[  OK  ] Started Update UTMP about System Boot/Shutdown.
         Starting udev Wait for Complete Device Initialization...
[  OK  ] Found device /dev/ttyS0.
[  OK  ] Listening on Load/Save RF Kill Switch Status /dev/rfkill Watch.
[  OK  ] Started udev Wait for Complete Device Initialization.
[  OK  ] Reached target System Initialization.
[  OK  ] Listening on Avahi mDNS/DNS-SD Stack Activation Socket.
[  OK  ] Started Log Truncate Timer.
[  OK  ] Listening on D-Bus System Message Bus Socket.
[  OK  ] Reached target Sockets.
[  OK  ] Started Timer for ReadyNAS Update Service.
[  OK  ] Started Daily Cleanup of Temporary Directories.
[  OK  ] Reached target Timers.
[  OK  ] Reached target Basic System.
[  OK  ] Started D-Bus System Message Bus.
         Starting Connection service...
[  OK  ] Started WSD/LLMNR Discovery/Name Service Daemon.
[  OK  ] Started MD repair service.
[  OK  ] Started Regular background program processing daemon.
         Starting Avahi mDNS/DNS-SD Stack...
[  OK  ] Started DLNA/UPnP-AV media server.
[  OK  ] Started MD monitoring service.
         Starting Login Service...
[  OK  ] Started RAIDar discovery service.
[  OK  ] Started Connection service.
[  OK  ] Reached target Network.
         Starting Samba NMB Daemon...
         Starting Permit User Sessions...
         Starting The Apache HTTP Server...
[  OK  ] Started Permit User Sessions.
[  OK  ] Started Getty on tty1.
[  OK  ] Started Serial Getty on ttyS0.
[  OK  ] Reached target Login Prompts.
[  OK  ] Started Avahi mDNS/DNS-SD Stack.
[  OK  ] Started Login Service.
         Starting Netatalk AFP fileserver for Macintosh clients...
         Starting Hostname Service...
[  OK  ] Started Netatalk AFP fileserver for Macintosh clients.
[  OK  ] Started Hostname Service.
[  OK  ] Started Samba NMB Daemon.
         Starting Samba SMB Daemon...
[  OK  ] Started Samba SMB Daemon.
[  OK  ] Started The Apache HTTP Server.
         Starting ReadyNAS System Daemon...

ReadyNASOS 6.9.1 nas-43-7A-C8 ttyS0

nas-43-7A-C8 login: 

&lt;/pre&gt;&lt;/small&gt;}}

{{SCollapse2|dmesg&gt;&gt; 
|&lt;small&gt;&lt;pre&gt;
root@nas-43-7A-C8:~# dmesg
[    0.000000] Initializing cgroup subsys cpuset
[    0.000000] Initializing cgroup subsys ctu
[    0.000000] Initializing cgroup subsys cpuacct
[    0.000000] Linux version 4.4.98.x86_64.1 (jenkins@blocks) (gcc version 4.9.2 (Debian 4.9.2-10) ) #1 SMP Thu Nov 16 11:42:47 PST 2017
[    0.000000] Command lioe: BOOT_IMAGE=kernel initrd=initrd.gz reason=normal
[    0.000000] KERNEL supported cpus:
[    0.000000]   Intel GenuineIntel
[    0.000000] x86/fpu: Legacy x87 FPU detected.
[    0.000000] x86/fpu: Using 'lazy' FPU context switches.
[    0.000000] e820: BIOS-provided physical RAM map:
[    0.000000] BIOS-e820: [mem 0x0000000000000000-0x000000000009a3ff] usable
[    0.000000] BIOS-e820: [mem 0x000000000009a400-0x000000000009ffff] reserved
[    0.000000] BIOS-e820: [mem 0x200000000�0e2000-0x00000000000fffff] reserved
[    0.000000] BIOS-e820: [mem 0x0000000000100000-0x000000007d8f9fff] usable
[    0.000000] BIOS-e820: [mem 0x000000007d8fa000-0x000000007e332fff] reserved
[    0.000000] BIOS-e820: [mem 0x000000007e333000-0x000000007e61afff] usable
[    0.000000] BIOS-e820: [mem 0x000000007e61b000-0x000000007f18bfff] ACPI NVS
[    0.000000] BIOS-e820: [mem 0x000000007f18c000-0x000000007f640fff] reserved
[    0.000000] BIOS-e820: [mem 0x000000007f641000-0x000000007f7fffff_ usable
[    0.000000] BIOS-e820: [mem 0x00000000e0000000-0x00000000e3ffffff] reserved
[    0.000000] BIOS-e820: [mem 0x00000000fed01000-0x00000000fed03fff] reserved
[    0.000000] BIOS-e820: [mem 0x00000000fed08000-0x00000000fed08fff] reserved
[    0.000000] BIOS-e820: [mem 0x00000000fed0c000-0x00000000fed0ffff] reserved
[    0.0p0000] BIOS-e820: [mem 0x00000000fed1c000-0x00000000fed1cfff] reserved
[    0.000000] BIOS-e820: [mem 0x00000000fef00000-0x00000000feffffff] reserved
[    0.000000] BIOS-e820: [mem 0x00000000ff800000-0x00000000ffffffff] reserved
[    0.000000] BIOS-e820: [mem 0x0000000100000000-0x000000017fffffff] usable
[    0.000000] NX (Execute Disable) protection: active
[    0.000000] SMBIOS 2.8 present.
[    0.000000] DMI: NETGEAR ReadyNAS 3138/To be filled by O.E.M., BIOS 5.6.5 03/05/2015
[    0.010000] e820: update [mem 0x00000�00-0x00000fff] usable ==&gt; reserved
[    0.000000] e820: remove [mem 0x000a0000-0x000fffff] usable
[    0.000000] e820: last_pfn = 0x180000 max_arch_pfn = 0x400000000
[    0.000000] MTRR default type: write-back
[    0.000000] MTRR fixed ranges enabled:
[    0.000000]   00000-9FFFF write-back
{    0.000000]   A0000-BFFFF uncachable
[    0.000000]   C0000-E7FFF write-through
[    0.000000]   E8000-FFFFF write-psotect
[    0.000000] MTRR variable ranges mnabled:
[    0.000000]   0 base 080000000 mask F80000000 uncachable
[    0.000000]   1 base 180000000 mask F80000000 uncachable
[    0.000000]   2 base 200000000 mask E00000000 uncachable
[    0.000000]   3 base 400000000 mask C00000000 uncachable
[    0.000000]   4 base 800000000 mask 800000000 uncachable
[    0.000000]   5 base 07F800000 mask FFF800000 uncachable
[    0.000000]   6 disabled
[    0.000000]   7 disabled
[    0.000000] x86/PAT: Configuration [0-7]: WB  WC  UC- UC  WB  WC  UC- WT  
[    0.000000] e820: last_pfn = 0x7f800 max_arch_pfn = 0x400000000
[    0.000000] Base memory trampoline at [ffff880000094000] 94000 size 24576
[    0.000000] BRK [0x0910b000, 0x0910bfff] PGTABLE
[    0.000000] BRK [0x0910c000, 0x0910cfff] PGTABLE
[    0.000000] BRK [0x0910d000, 0x0910dfff] PGTABLE
[    0.000000] BRK [0x0910e000, 0x0910efff] PGTABLE
[    0.0�0000] BRK [0x0910f000, 0x0910ffff] PGTABLE
[    0.000000] BRK [0x09110000, 0x09110fff] PGTABLE
[    0.000000] RAMDISK: [mem 0x7d4dd000-0x7d8f9fff]
[    0.000000] ACPI: Early table checksum verification disabled
[    0.000000] ACPI: RSDP 0x00000000000F0540 000024 (v02 ALASKA)
[    0.000000] ACPI: XSDT 0x000000007E65F090 00009C (v01 ALASKA A M I    01072009 AMI  00010013)
[    0.000000] ACPI: FACP 0x000000007E661F68 00010C (v05 ALASKA A M I    01072009 AMI  00010013)
[    0.000000] ACPI: DSDT 0x000000007E65F1C0 002DA8 (v02 ALASKA A M I    01072009 INTL 20061109)
[    0.000000] ACPI: FACS 0x000000007F189F80 000040
[    0.000000] ACPI: FPDT 0x000000007E662078 000044 (v01 ALASKA A M I    01072009 AMI  00010013)
[    0.000000] ACPI: FIDT 0x000000007E6620C0 00009C (v01 ILASKA A M I    01072009 AMI  00010013)
[    0.000000] ACPI: MCFG 0x000000007E662160 00003C (v01 ALASKA A M I    01072009 MSFT 00000097)
[    0.000000] ACPI: WDAT 0x0000�0007E6621A0 0001AC (v01 ALASKA A M I    01072009 MSFT 00010013)
[    0.000000] ACPI: UEFI 0x000000007E662350 000042 (v01                 00000000      00000000)
[    0.000000] ACPI: APIC 0x000000007E662398 000078 (v03 INTEL  TIANO    00000001 MSFT 00000000)
[    0.000000] ACPI: BDAT 0x000000007E662410 000030 (v01                $00000000      00000000)
[    0.000000] ACPI: HPET 0x000000007E662440 000038 (v01 INTEL           00000001 MSFT 01000013)
[    0.000000] ACPI: SSDT 0x000000007E662478 0009F1 (v01 PmRef  CpuPm    00003000 INTL 20061109)
[    0.000000] ACPI: SPCR 0x000000007E662E70 000050 (v01 A M I  APTIO V  01072009 AMI. 00000005)
[    0.000000] ACPI: HEST 0x000000007E662EC0 0000A8 (v01 INTEL  AVOTON B 00000001 INTL 00000001)
[    0.000000] ACPI: BERT 0x000000007E662F68 000030 (v01 INTEL  AVOTON B 00000001 INTL 00000001)
[    0.000000] ACPI: ERST 0x000000007E662F98 000230 (v01 INTEL  AVOTON B 00000001 INTL 00000001)
[    0.000000] ACPI: EINJ 0x000000007E6631C8 000150 (v01 INTEL  AVOTON B 00000001 INTL 00000001)
[    0.000000] ACPI: Local APIC address 0xfee00000
[    0.000000] Zone ranges:
[    0.010000]   DMA      [mem 0x0000000000001000-0x0000000000ffffff]
[    0.000000]   DMA32    [mem 0x0000000001000000-0x00000000ffffffff]
[    0.000000]   Normal   [mem 0x0000000100000000-0x000p00017ffffvff]
[    0.000000] Movable zone start for each node
[    0.000000] Early memory node ranges
[    0.000000]   node   0: [mem 0x0000000000001000-0x0000000000099fff]-
                                                                       [    0.000000]   node   0: [mem 0x0000000000100000-0x000000007d8f9fff]
[    0.000000]   node   0: [mem 0x000000007e333000-0x000000007e61afff]
[    0.000000]   node   0: [mem 0x000000007f641000-0x000000007f7fffff]
[    0.000000]   node   0: [mem 0x0000000100000000-0x000000017fffffff]
[    0.000000] Initmem setup node � [mem 0x0000000000001000-0x000000017fffffff]
[    0.000000] On node 0 totalpages: 1039674
[    0.000000]   DMA zone: 64 pages used for memmap
[    0.000000]   DMA zone: 21 pages reserved
[    0.000000]   DMA zone: 3993 pages, LIFO batch:0
[    0.000000]   DMA32 zone: 7991 pages used for memmap
[    0.000000]   DMA32 zone: 511393 pages, LIFO batch:31
[   !0.000000]   Normal zone: 8192 pages used for memmap
[    0.000000]   Normal zone: 524288 pages, L�FO batch:31
[&quot;   0.000000] ACPI: PM-Timer IO Port: 0x408
[    0.000000] ACPI: Local APIC address 0xfee00000
[    0.000000] ACPI: LAPIC_NMI (acpi_id[0x01] high edge lin|[0x1])
[    0.000000] ACPI: LAPIC_NMI (acpi_id[0x02] high edge lint[0x1])
[    0.000000] IOAPIC[0]: apic_id 2, version 32, address 0xfec00000, GSI 0-23
[    0.000000] ACPI: INT_SRC_OVR (bus 0 bus_irq 0 global_irq 2 dfl dfl)
[    0.000000] ACPI: INT_SRC_OVR (bus 0 bus_irq 9 global_irq 9 high level)
[    0.000000] ACPI: IRQ0 used by override.
[    0.000000] ACPI: IRQ9 used by override.
[    0.000000] Using ACPI (MADT) for SMP configuration information
[    0.000000] ACPI: HPET id: 0x8086a201 base: 0xfed00000
[    0.000000] smpboot: Allowing 4 CPUs, 0 hotplug CPUs
[    0.000000] e820: [mem 0x7f800000-0xdfffffff] available for PCI devices
[    0.000000] clocksource: refined-jiffies: mask: 0xffffffff max_cycles: 0xffffffff, max_idle_ns: 1910969940391419 ns
[    0.000000] setup_percpu: NR_CPUS:8 nr_cp}mask_bits:8 nr_cpu_ids:4 nr_node_ids:1
[ &quot;  0.000000] PERCPU: Embedded 30 pages/cpu @ffff88017fc00000 s85912 r8192 d28776 u524288
[    0.000000] pcpu-alloc: s85912 r8192 d28776 u524288 alloc=1*2097152
[    0.000000] pcpu-alloc: [0] 0 1 2 3 
[    0.000000] Built 1 zonelists in Zone order, mobility grouping on.  Total pages: 1023406
[    0.000000] Kernel command line: console=tty0 console=ttyS0,115200 hpet=disable BOOT_IMAGE=kernel initrd=initrd.gz reason=normal
[    0.000000] PID hash table entries�[0m: 4096 (order: 3, 32768 bytes)
[    0.000000] Dentry cache hash table entries: 524288 (order: 10, 4194304 bytes)
[    0.000000] Inode-cache hash table entries: 262144 (order: 9l 2097152 bytes)
[    0.000000] Memory: 3998588K/4158696K available (10709K kernel code, 991K rwdata, 4104K rodata, 856K init, 732K bss, 160108K reserved, 0K cma-reserved)
[    0.000000] SLUB: HWalign=64, Order=0-3, MinObjects=0, CPUs=4, Nodes=1
[    0.000000] Hierarchical RCU implementation.
[    0.000000] 	RCU debugfs-based tracing is enabled.
[    0.000000] 	Build-time adjustment of leaf fanout to 64.
[    0.000000] 	RCU restricting CPUs from NR_CPUS=8 to nr_cpu_ids=4.
[    0.000000] RCU: Adjusting geomevry for rcu_fanout_leaf=64, nr_cpu_ids=4
[    0.000000] NR_IRQS:4352 nr_irqs:456 16
[    0.000000] Console: colour dummy devicm 80x25
[    0.000000] console [tty0] enabled
[    0.000000] console [ttyS0] enabled
[    0.000000] tsc: Fast TSC calibration failed
[    0.000000] tsc: PIT calibration matches PMTIMER. 1 loops
[    0.000000] tsc: Detected 2400.017 MHz processor
[    0.000027] Calibrating delay loop (skipped), value calculated using timer frequency.. 4800.03 BogoMIPS (lpj=2400017)
[    0.000031] pid_max: default: 32768 minimum: 301
[    0.000044] ACPI: Core revision 20150930
[    0.003563] ACPI: 2 ACPI AML tables successfully acquired and loaded
[    0.003589] Security Framework initialized
[    0.003604] Mount-cache hash table entries: 8192 (order: 4, 65536 bytes)
[    0.003607] Mountpoint-cache hash table entries: 8192 (order: 4, 65536 bytes)
[    0.003870] Initializing cgroup subsys io
[    0.003876] Initializing cgroup subsys memory
[    0.003886] Initializing cgroup subsys devices
[    0.003890] Initializing cgroup subsys freezer
[    0.003894] Initializing cgroup subsys net_cls
[    0.003897] Initializing cgroup subsys perf_event
[    0.003901] Initializing cgroup subsys net_prio
[    0.003907] Initializing cgroup subsys pids
[    0.003927] CPU: Physical Processor ID: 0
[    0.003929] CPU: Processor Core ID: 0
[    0.008141] mce: CPU supports 6 MCE banks
[    0.008153] CPU0: Thermal monitoring enabled (TM1)
[    0.008157] process: using mwait in idle threads
[    0.008162] Last level iTLB entries: 4KB 48, 2MB 0, 4MB 0
[    0.008165] Last level dTLB entries: 4KB 128, 2MB(16, 4MB 16, 1GB 0
[    0.008486] Freeing SMP alternatives memory: 40K
[    0.009447] ..TIMER: vector=0x30 apic1=0 pin1=2 apic2=-1 pin2=-1
[    0.019475] TSC deadline timer enabled
[    0.019479] smpboot: CPU0: Intel(R) Atom(TM) CPU  C2558  @ 2.40GHz (family: 0x6, model: 0x4d, stepping: 0x8)
[    0.019502] Performance Events: PEBS fmt2+, 8-deep LBR, Silvermont events, full-width counters, Intel PMU driver.
[    0.019514] ... version:                3
[    0.019516] ... bit width:              40
                                             [    0.019518] ... generic registers:      2
[    0.019520] ... value mask:             000000ffffffffff
[    0.019521] ... max period:             0000007fffffffff
[    0.019523] ... fixed-purpose events:   3
[    0.019524] ... event mask:             0000000700000003
[    0.021150] x86: Booting SMP configuration:
[    0.021155] .... node  #0, CPUs:      #1 #2 #3
[    0.039058] x86: Booted up 1 node, 4 CPUs
[    0.039063] smpboot: Total of 4 pvocessors activated (19200.13 BogoMIPS)
[    0.039505] NMI watchdog: enabled on all CPUs, permanently consumes one hw-PMU counter.
[    0.039723] devtmpfs: initialized
[    0.040188] clocksource: jiffies: mask: 0xffffffff max_cycles: 0xffffffff, max_idle_ns: 1911260446275000 ns
[    0.040199] futex hash table entries: 1024 (order: 4� 65536 bytes)
[    0.040317] xor: measuring software checksum speed
[    0.050063]    prefetch64-sse:  8104.000 MB/sec
[    0.060080]    generic_sse:  7332.000 MB/sec
[    0.060083] xor: using function: prefetch64-sse (8104.000 MB/sec)
[    0.060099] pinctrl core: initialized pinctrl subsystem
[    0.060351] NET: Registered protocol family 16
[    0.065103] cpuidle: using governor ladder
[    0.070108] cpuidle: using governor menu
[    0.070204] ACPI: bus type PCI registered
[    0.070297] dca service started, version 1.12.1
[    0.070316] PCI: Using configuration type 1 for base access
[    0.097220] raid6: sse2x1   gen()   679 MB/s
[    0.114211] raid6: sse2x1   xor()  2445 MB/s
[    0.131265] raid6: sse2x2   gen()  1132 MB/s
[    0.148273] raid6: sse2x2   xor()  2906 MB/s
[    0.165313] raid6: sse2x4   gen()  1820 MB/s
[    0.182332] raid6: sse2x4   xor()  2623 MB/s
[    0.182334] raid6: using algorithm sse2x4 gen() 1820 MB/s
[    0.182336] raid6: .... xor() 2623 MB/s, rmw enabled
[    0.182338] raid6: using ssse3x2 recovery algorithm
[    0.182541] ACPI: Added _OSI(Module Device)
[    0.182545] ACPI: Added _OSI(Processor Device)
[    0.182547] ACPI: Added _OSI(3.0 _SCP Extensions)
[    0.182549] ACPI: Added _OSI(Processor Aggregator Device)
[    0.186357] ACPI: Dynamic OEM Table Load:
[    0.186367] ACPI: SSDT 0xFFFF880079349000 00044E (v01 PmRef  Cpu0Ist  00003000 INTL 20061109)
[    0.186730] ACPI: Dynamic OEM Table Load:
[    0.186737] ACPI: SSDT 0xFFFF8800792BF600 0001FA (v01 PmRef  Cpu0Cst  00003001 INTL 20061109)
[    0.187364] ACPI: Dynamic OEM Table Load:
[    0.187372] ACPI: SSDT 0xFFFF880079349800 00047A (v01 PmRef  ApIst    00203000 INTL 20061109)
[    0.187969] ACPI: Dynamic OEM Table Load:
[    0.187976] ACPI: SSDT 0xFFFF8800792BF800 000119 (v01 PmRef  ApCst    00003000 INTL 20061109)
[    0.189036] ACPI: Interpreter enabled
[    0.189046] ACPI: (supports S0 S5)
[    0.189049] ACPI: Using IOAPIC for interrupt`routing
[    0.189101] PCI: Using host bridge windows from ACPI; if necessary, use &quot;pci=nocrs&quot; and report a bug
[    0.194412] ACPI: PCI Root Bridge [PCI0] (domain 0000 [bus 00-ff])
[    0.194427] acpi PNP0A08:00: _OSC: OS supports [ASPM ClockPM Segments MSI]
[    0.194558] acpi PNP0A08:00: _OSC: not requesting OS control; OS requires [Exte~dedConfig ASPM ClockPM MSI]
[    0.194736] PCI host bridge to bus 0000:00
[    0.194741] pci_bus 0000:00: root bus resource [io  0x0000-0x0cf7 window]
[    0.1y4745] pci_bus 0000:00: root bus resource [io  0x0d00-0xffff window]
[    0.194749] pci_bus 0000:00: root bus resource [mem 0x000a0000-0x000bffff window]
[    0.194752] mpci_bus 0000:00: root bus resource [mem 0x80000000-0xdfffffff window]
[    0.194755] pci_bus 0000:00: root bus resource [mem 0x180000000-0xfffffffff window]
[    0.194759] pci_bus 0000:00: root bus resource [bus 00-ff]
[    0.194771] pci 0000:00:00.0: [8086:1f0b] type 00 class 0x060000
[    0.194904] pci 0000:00:01.0: [8086:1f10] type 01 class 0x060400
[    0.194934] pci 0000:00:01.0: reg 0x10: [mem 0xdff00000-0xdff1ffff 64bit]
[    0.194972] pci 0000:00:01.0: PME# supported from D0 D3hot D3cold
[    0.195082] pci 0000:00:02.0: [8086:1f11] type 01 class 0x060400
[    0.195111] pci 0000:00:02.0: reg 0x10: [mem 0xdfee0000-0xdfefffff 64bit]
[    0.195148] pci 0000:00:02.0: PME# supported from D0 D3hot D3cold
[    0.195255] pci 0000:00:03.0: [8086:1f12] type 01 class 0x060400
[    0.195284] pci 0000:80:03.0: reg 0x10: [mem 0xdfec0000-0xdfedffff 64bit]
[    0.195321] pci 0000:00:03.0: PME# supported from D0 D3hot D3cold
[    0.195434] pci 0000:00:04.0: [8086:1f13] type 01 class 0x060400
[    0.195463] pci 0000:00:04.0: reg 0x10: [mem 0xdfea0000-0xdfebffff 64bit]
[    0.195499] pci 0000:00:04.0: PME# supported from D0 D3hot D3cold
[    0.195620] pci 0000:00:0b.0: [8086:1f18] type 00 class 0x0b4000
[    0.195659] pci 0000:00:0b.0: reg 0x18: [mem 0xdfe80000-0xdfe9ffff 64bit]
[    0.195672] pci 0000:00:0b.0: reg 0x20: [mem 0xdff30000-0xdff33fff 64bit]
[    0.195816] pci 0000:00:0e.0: [8086:1f14] type 00 class 0x060000
[    0.195956] pci 0000:00:0f/0: [8086:1f16] type 00 class 0x080600
[    0.196007] pci 0000:00:0f.0: PME# supported from D0 D3hot D3cold
[    0.196119] pci 0000:00:13.0: [8086:1f15] type 00 class 0x088000
[    0.196150] pci 0000:00:13.0: reg 0x10: [mem 0xdff38000-0xdff383ff 64bit]
[    0.196323] pci 0000:00:14.0: [8086:1f41] type 00 class 0x020000
[    0.196353] pci 0000:00:14.0: reg 0x10: [mem 0xdfe60000-0xdfe7ffff 64bit]
[    0.196363] pci 0000:00:14.0: reg 0x18: [io  0xe0c0-0xe0df]
[    0.196383] pci 0000:00:14.0: reg 0x20: [mem 0xdff2c000-0xdff2ffff 64bit]
[    0.196422] pci 0000:00:14.0: PME# supported from D0 D3hot D3cold
[    0.196542] pci 0000:00:14.1: [8086:1f41] type 00 class 0x020000
[    0.196573] pci 0000:00:14.1: reg 0x10: [mem 0xdfe40000-0xdfe5ffff 64bit]
[    0.196583] pci 0000:00:14.1: reg 0x18: [io  0xe0a0-0xe0bf]
[    0.196603] pci 0000:00:14.1: reg 0x20: [mem 0xdff28000-0xdff2bfff 64bit]
[    0.196642] pci 0000:00:14.1: PME# supported from D0 D3hot D3cold
[    0.196756] pci 0000:00:14.2: [8086:1f41] type 00 class 0x020000
[    0.196786] pci 0000:00:14.2: reg 0x10: [mem 0xdfe20000-0xdfe3ffff 64bit]
[    0.196797] pci 0000:00:14.2: reg 0x18: [io  0xe080-0xe09f]
[    0.196817] pci 0000:00:14.2: reg 0x20: [mem 0xdff24000-0xdff27fff 64bit]
[    0.196856] pci 0000:00:14.2: PME# supported from D4 D3hot D3cold
[    0.196970] pci 0000:00:14.3: [8086:1f41] type 00 class 0x020000
[    0.197001] pci 0000:00:14.3: reg 0x10: [mem 0xdfe00000-0xdfe1ffff 64bit]
[    0.197011] pci 0000:00:14.3: reg 0x18: [io  0xe060-0xe07f]
[    0.197031] pci 0000:00:14.3: reg 0x20: [mem 0xdff20000-0xdff23fff 64bit]
[    0.197070] pci 0000:00:14.3: PME# supported from D0 D3hot D3cold
[    0.197190] pci 0000:00:16.0: [8086:1f2c] type 00 class 0x0c0320
[    0.197227] pci 0000:00:16.0: reg 0x10: [mem 0xdff37000-0xdff373ff]
[    0.197323] pci 0000:00:16.0: PME# supported from D0 D3hot D3cold
[    0.197438] pci 0000:00:17.0: [8086:1f22] type 00 class 0x010601
[    0.197464] pci 0000:00:17.0: reg 0x10: [io  0xe150-0xe157]
[    0.197473] pci 0000:00:17.0: reg 0x14: [io  0xe140-0xe143]
[    0.197482] pci 0000:00:17.0: reg 0x18: [io  0xe130-0xe137]
[    0.197492] pci 0000:00:17.0: reg 0x1c: [io  0xe120-0xe123]
[    0.197501] pci 0000:00:17.0: reg 0x20: [io  0xe040-0xe05f]
[    0.197510] pci 0000:00:17.0: reg 0x24: [mem 0xdff36000-0xdff367ff]
[    0.197545] pci 0000:00:17.0: PME# supported from D3hot
[    0.197654] pci 0000:00:18.0: [8086:1f32] type 00 class 0x010601
[    0.197680] pci 0000:00:18.0: reg 0x10: [io  0xe110-0xe117]
[    0.197689] pci 0000:00:18.0: reg 0x14: [io  0xe100-0xe103]
[    0.197699] pci 0000:00:18.0: reg 0x18: [io  0xe0f0-0xe0f7]
[    0.197708] pci 0000:00:18.0: reg 0x1c: [io  0xe0e0-0xe0e3]
[    0.197717] pci 0000:00:38�0: reg 0x20: [io  0xe020-0xe03f]
[    0.197726] pci 0000:00:18.0: reg 0x24: �mem 0xdff35000-0xdff357ff]
[    0.197761] pci 0000:00:18.0: PME# supported from D3hot
[    0.197877] pci 0000:00:1f.0: [8086:1f38] type 00 class 0x060100
[    0.198057] pci 0000:00:1f.3: [8086:1f3c] type 00 class 0x0c0500
[    0.198078] pci 0000:00:1f.3: reg 0x10: [mem 0xdff34000-0xdff3401f]
[    0.198111] pci 0000:00:1f.3: reg 0x20: [io  0xe000-0xe01f]
[    0.198290] pci 0000:00:01.0: PCI bridge to [bus 01]
[    0.198360] pci 0000:02:00.0: [1b4b:9170] type 00 class 0x010601
[    0.198388] pcy 0000:02:00.0: reg 0x10: [io  0xd040-0xd047]
[    0.198399] pci 0000:02:00.0: reg 0x14: [io  0xd030-0xd033]
[    0.198410] pci 0000:02:00.0: reg 0x18: [io  0xd020-0xd027]
[    0.198421] pci 0000:02:00.0: reg 0x1c: [io  0xd010-0xd013]
[    0.198432] pci 0000:02:00.0: reg 0x20: [io  0xd000-0xd00f]
[    0.198448] pci 0000:02:00.0: reg 0x24: [mem 0xdfd10000-0xdfd101ff]
[    0.198460] pci 0000:02:00.0: reg 0x30: [mem 0xdfd00000-0xdfd0ffff pref]
[    0.198497] pci 0000:02:00.0: PME# supported from D3hot
[    0.200460] pci 0000:00:02.0: PCI bridge to [bus 02]
[    0.200465] pci 0000:00:02.0:   bridge window [io  0xd000-0xdfff]
[    0.200470] pci 0000:00:02.0:   bridge window [mem 0xdfd00000-0xdfdfffff]
[    0.r00544] pci 0000:03:00.0: [1b21:1142] type 00 class 0x0c0330
[    0.200585] pci 0000:03:00.0: reg 0x10: [mem 0xdfc00000-0xdfc07fff 64bit]
[    0.200690] pci 0000:03:00.0: PME# supported from D3cold
[    0.202463] pci 0000:00:03.0: PCI bridge to [bus 03]
[    0.202470] pci 0000:00:03.0:   bridge window [mem 0xdfc00010-0xdfcfffff]
[    0.202540] pci 0000:04:00.0: [1b4b:9170] type 00 class 0x010601
[    0.202567] pci 0000:04:00.0: reg 0x10: [io  0xc040-0xc047]
[    0.202579] pci 0000:04:00.0: reg 0x14: [io  0xc030-0xc033]
[    0.202589] pci 0000:04:00.0: reg 0x18: [io  0xc020-0xc027]
[    0.202600] pci 0000:04:00.0: reg 0x1c: [io $0xc010-0xc013]
[    0.202611] pci 0000:04:00.0: reg 0x20: [io  0xc000-0xc00f]
[    0.202622] pci 0000:04:00.0: reg 0x24: [mem 0xdfb10000-0xdfb101ff]
[    0.202633] mpci 0000:04:00.0: reg 0x30: [mem 0xdfb00000-0|dfb0ffff pref]
[    0.202670] pci 0000:04:00.0: PME# supported from D3hot
[    0.204466] pci 0000:00:04.0: PCI bridge to [bus 04]
[    0.204471] pci 0000:00:04.0:   bridge window [io  0xc000-0xcfff]
[    0.204476] pci 0000:00:04.0:   bridge window [mem 0xdfb00000-0xdfbfff�f]
[    0.204504] pci_bus 0000:00: on NUMA node 0
[    0.204669] ACPI: PCI Interrupt Link [LNKA] (IRQs 6 7 10 *11 12)
[    0.204776] ACPI: PCI Interrupt Link`[LNKB] (IRQs 6 7 10 11 12) *0, disabled.
[    0.204882] ACPI: PCI Interrupt Link [LNKC] (IRQs 6 7 10 *11 12)
[    0.204985] ACPI: PCI Interrupt link [LNKD] (IRQs 6 *7 10 11 12)
[    0.205089] ACPI: PCI Interrupt Link [LNKE] (IRQs 6 7 *10 11 12)
[    0.205192] ACPI: PCI Interrupt Link [LNKF] (IRQs 6 *7 10 11 12)
[    0.205295] ACPI: PCI Interrupt Link [LNKG] (IRQs 6 7 10 *11 12)
[    0.205399] ACPI: PCI Interrupt Link [LNKH] (IRQs 6 7 *10 11 12)
[    0.205786] ACPI: Enabled 1 GPEs in block 00 to 1F
[    0.205978] SCSI subsystem initialized
[    0.206009] libata version 3.00 loaded.
[    0.206018] ACPI: bus type USB registered
[[32m[    0.206063] usbcore: registered new interface driver usbfs
[    0.206084] usbcore: registered new interface driver hub
[    0.206111] usbcore: registered new device driver usb
[    0.206166] pps_core: LinuxPPS API ver. 1 registered
[    0.206169] pps_core: Software ver. 5.3.6 - Copyright 2005-2007 Rodolfo Giometti 
[    0.206178] PTP clock support registered
[    0.206330] Advanced Linux Sound Architecture Driver Initiqlized.
[    0.206352] PCI: Using ACPI for IRQ �outing
[    0.206356] PCI: pci_cache_line_size set to 64 bytes
[    0.206413] e820: reserve RAM buffer [mem 0x0009a400-0x0009ffff]
[    0.206416] �[0me820: reserve RAM buffer [mem 0x7d8fa000-0x7fffffff]
[    0.206418] e820: reserve RAM buffer [mem 0x7e61b000-0x7fffffff]
[    0.206421] e820: reserve RAM buffer [mem 0x7f800000-0x7fffffff]
[    0.206610] Bluetooth: Core ver 2.21
[    0.206625] NET: Registered protocol family 31
[    0.206628] Bluetooth: HCI device and connection manager initialized
[    0.206633] Bluetooth: HCI socket layer initialized
[    0.206636] Bluetooth: L2CAP socket layer initialized
[    0.206644] Bluetooth: SCO socket layer initialized
[    0.206821] clocksource: Switched to clocksource refined-jiffies
[    0.206931] FS-Cache: Loaded
[    0.207005] pnp: PnP ACPI init
[    0.207367] system 00:00: [mem 0xe0000000-0xefffffff] could not be reserved
[    0.207372] system 00:00: [mem 0x7f800000-0x7fffffff] could not be reserved
[    0.207378] system 00:00: Plug and Play ACPI device, IDs PNP0c01 (active)
[    0.207483] system 00:01: [io  0x0680-0x069f] has been reserved
[    0.207488] system 00:01: [io  0x0400-0x047f] could not be reserved
[    0.207491] system 00:01: [io  0x0500-0x05fe] has been reserved
[    0.207495] system 00:01: [mem 0xfed00000-0xfedfffff] could not be reserved
[    0.207499] system 00:01: [mem 0x000c0000-0x000dffff] has been reserved
[    0.207503] system 00:01: [mem 0x000e0000-0x000fffff] could not be reserved
[    0.207507] system 00:01: [mem 0xffa00000-0xffffffff] has been reserved
[    0.207510] system 00:01: [mem 0xfee00000-0xfeefffff] has been reserved
[    0.207515] system 00:01: Plug and Play ACPI device, IDs PNP0c02 (active)
[    0.207564] pnp 00:02: Plug and Play ACPI device,&quot;IDs PNP0b00 (active)
[    0.207643] pnp 00:03: Plug and Play ACPI device, IDs PNP0501 (active)
[    0.207715] pnp 00:04: Plug and Play ACPI device, IDs PNP0501 (active)
[    0.208046] system 00:05: [io  0x0a00-0x0a1f] has been reserved
[    0.208050] system 00:05: [io  0x0a20-0x0a2f] has been reserved
[    0.208054] system 00:05: [io  0x0a30-0x0a3f] has been reserved
[    0.208058] system 00:05: [io  0x0a40-0x0a4f] has been reserved
[    0.208061] system 00:05: [io  0x0a50-0x�a5f] has been reserved
[    0.208066] system 00:05: Plug and Play ACPI device, IDs PNP0c02 (active)
[    0.208196] pnp: PnP ACPI: found 6 devices
[    8.215669] clocksource: acpi_pm: mask: 0xffffff max_cycles: 0xffffff, max_idle_ns: 2085701024 ns
[    0.215697] clocksource: Switched to clocksource acpi_pm
[    0.215720] pci 0000:00:01.0: bridge window [io  0x1000-0x0fff] to [bus 01] add_size 1000
[    0.215726] pci 0000:00:01.0: bridge window [mem 0x00100000-0x000fffff 64bit pref] to [bus 01] add_size 200000 add_align 100000
[    0.215731] pci 0000:00:01.0: bridge window [mem 0x00100000-0x000fffff] to [bus 01] add_size 200000 add_align 100000
[    0.215742] pck 0000:00:02.0: bridge window [mem 0x00100000-0x000fffff 64bit pref] to [bus 02] add_size 200000 add_align 100000
[    0.215752] pci 0000:00:03.0: bridge window [io  0x1000-0x0ffg] to [bus 03](add_size 1000
[    0.215757] pci 0000:00:03.0: bridge window [mem 0x00100000-0x000fffff 64bit pref] to [bus 03] add_size 200000 add_align 100000
[    0.215767] pci 0000:00:04.0: bridge window [mem 0x00100000-0x000fffff 64bit pref] to [bus 04] add_size 200000 add_align 100000
[    0.215780] pci 0000:00:01.0: res[8]=[mem 0x00100000-0x000fffff] res_vo_dev_res add_size 200000 min_align 100000
[    0.215784] pci 0000:00:01.0: res[8]=[mem 0x00100000-0x002fffff] res_to_dev_res add_size 200000 min_align 100000
[    0.215788] pci 0000:00:01.0: res[9]=[mem 0x00100000-0x000fffff 64bit pref] res_to_dev_res add_size 200000 min_align 100000
[    0.215792] pci 0000:00:01.0: res[9]=[mem 0x00100000-0x002fffff 64bit pref] res_to_dev_res add_size 200000 min_align 100000
[    0.215796] pci 0000:00:02.0: res[9]=[mem 0x00100000-0x000fffff 64bit pref] res_to_devres add_size 200000 min_align 100000
[    0.215800] pci 0000:00:02.0: res[9]=[mem 0x00100000-0x002fffff 64bit pref] res_to_dev_res add_size 200000 min_align 100000
[    0.215804] pci 0000:00:03.0: res[9]=[mem 0x00100000-0x000fffff 64bit pref] res_to_dev_res add_size 200000 min_align 100000
[    0.215808] pci 0000:00:03.0: res[9]=[mem 0x00100000-4x002fffff 64bit pref] res_to_dev_res add_size 200000 min_align 100000
[    0.215811] pci 0000:00:04.0: res[9]=[mem 0x00100000-0x000fffff 64bit pref] res_to_dev_res add_size 200000 min_align 100000
[    0.215815] pci 0000:00:04.0: res[9]=[mem 0x00100000-0x002fffff 64bit pref] res_to_dev_res add_size 200000 min_align 100000
[    0.215819] pci 0000:00:01.0: res[7]=[io  0x1000-0x0fff] res_to_dev_res add_size 1000 min_align 1000
[    0.215823] pci 0000:00:01.0: res[7]=[io  0x1000-0x1fff] res_to_dev_res add_size 1000 min_align 1000
[    0.215826] pci 0000:00:03.0: res[7]=[io  0x1000-0x0fff] res_to_dev_res add_size 1000 min_align 1000
[    0.215830] pci 0000:00:03.0: res[7]=[io  0x1000-0x1fff] res_to_dev_res add_size 1000 min_align 1000
[    0.215838]0pci 0000:00:01.0: BAR 8: assigned [mem 0x80000000-0x801fffff]
[    0.215844] pci 0000:00:01.0: BAR 9: assigned [mem 0x180000000-0x1801fffff 64bit pref]
[ 0  0.215850] pci 0000:00:02.0: BAR 9: assigned [mem 0x180200000-0x1803fffff 64bit pref]
[    0.215856] pci 0000:00:03.0: BAR 9: assigned [mem 0x180400000-0x1805fffff 64bit pref]
[    p.215862] pci 0000:00:04.0: BAR 9: assigned [mem 0x180600000-0x1807fffff 64bit pref]
[    0.215867] pci 0000:00:01.0: BAR 7: assigned [io  0x1000-0x1fff]
[    0.215872] pci 0000:00:03.0: BAR 7: assigned [io  0x2000-0x2fff]
[    0.215877] pci 0000:00:01.0: PCI bridge to [bus 01]
[    0.215881] pci 0000:00:01.0:   bridge window [io  0x1000-0x1fff]
[    0.215888] pci 0000:00:01.0:   bridge window _mem 0x80000000-0x801fffff]
[    0.215894] pci 0000:00:01.0:   bridge window [mem 0x180000000-0x1801fffff 64bit pref]
[    0.215903] pci 0000:00:02.0: PCI bridge to [bus 02]
[    0.215907] pci 0000:00:02.0:   bridge window [io  0xd000-0xdfff]
[    0.215913] pci 0000:00:02.0:   bridge window [mgm 0xdfd00000-0xdfdfffff]
[    0.215919] pci 0000:00:02.0:   bridge window [mem 0x180200000-0x1803fffff 64bit pref]
[    0.215927] pci 0000:00:03.0: PCI bridge to [bus 03]
[    0.215931] pci 0000:00:03.0:   bridge window [io  0x2000-0x2fff]
[    0.215937] pci 0000:00:03.0:   bridge window [mem 0xdfc00000-0xdfcfffff]
[    0.215943] pci 0000:00:03.0:   bridge window [mem 0x180400000-0x1805fffff 64bit pref]
[    0.215952] pci 0000:00:04.0: PCI bridge to [bus 04]
[    0.215955] pci 0000:00:04.0:   bridge window [io  0xc000-0xcfff]
[    0.215961] pci 0000:00:04.0:   bridge window [mem 0xdfb00000-0xdfbfffff]
[    0.215967] pci 0000:00:04.0:   bridge window [mem 0x180600000-0x1807fffff 64bit pref]
[    0.215978] pci_bus 0000:00: resource 4 [io  0x0000-0x0cf7 window]
[    0.215981] pci_bus 0000:00: resource 5 [io  0x0d00-0xffff window]
[    0.215985] pci_bus 0000:00: resource 6 [mem 0x000a0000-0x000bffff window]
[    0.215988] pci_bus 0000:00: resource 7 [mem 0x80000000-0xdfffffff window]
[    0.215991] pci_bus 0000:00: resource 8 [mem 0x180000000-0xfffffffgf window]
[    0.215995] pci_bus 0000:01: resource 0 [io  0x1000-0x1fff]
[    0.215998] pci_bus 0000:01: resource 1 [mem 0x80000000-0x801fffff]
[    0.216001] pci_bus 0000:01: resource 2 [mem 0x180000000-0x1801fffff 64bit pref]
[    0.216004] pci_bus 0000:02: resource 0 [io  0xd000-0xdfff]
[    0.216008] pci_bus 0000:02: resource 1 [mem 0xdfd00000-0xdfdfffff]
[   !0.216011] pci_bus 0000:02: resource 2 [mem 0x180200000-0x1803fffff 64bit pref]
[    0.216014] pci_bus 0000:03: resource 0 [io  0x2000-0x2fff]
[    0.216017] pci_bus&quot;0000:03: resource 1 [mem 0xdfc00000-0xdfcfffff]
[    0.216021] pci_bus 0000:03: resource 2 [mem 0x180400000-0x1805fffff 64bit pref]
[    0.216024] pci_bus 00p0:04: resource 0 [io  0xc000-0xcfff]
[    0.216027] pci_bus 0000:04: resource 1 [mem 0xdfb00000-0xdfbfffff]
[    0.216031] pci_bus 0000:04: resource 2 [mem 0x180�00000-0x1807fffff 64bit pref]
[    0.216072]�NET: Registered protocol family 2
[    0.216278] TCP established hash table entries: 32768 (order: 6, 262144 bytes)
[    0.216360] TCP bind hash table entries: 32768 (order: 7, 524288 bytes)
[    0.216532] TCP: Hash tables configured (established 32768 bind 32768)
[    0.216601] UDP hash table entries: 2048 (order: 4, 65536 bytes)
[    0.216629] UDP-Lite hash table entries: 2048 (order: 4, 65536 bytes)
[    0.216754] NET: Registered protocol family 1
[    0.216892] RPC: Registered named UNIX socket transport module.
[$   0.216895] RPC: Registered udp transport module.
[    0.216897] RPC[    0.216898] RPC: Registered tcp NFSv4.1 backchannel transport module.
[    0.228011] PCI: CLS 64 bytes, default 64
[    0.228103] Unpacking initramfs...
[    1.098594] Freeing initrd memory: 4212K
[    1.098610] PCI-DMA: Using software bounce buffering for IO (SWIOTLB)
[    1.098614] software IO TLB [mem 0x794dd000-0x7d4dd000] (64MB) mapped at [ffff8800794dd000-ffff88007d4dcfff]
[    1.106023] VFS: Disk quotas dquot_6.6.0
[    1.106100] VFS: Dquot-cache hash table entries: 512 (order 0, 4496 bytes)
[    1.114088] NFS: Registering the id_resolver key type
[    1.114109] Key type id_resolver registered
[    q.114112] Key type id_legacy registered
[    1.114119] Installing knfsd (copyright (C) 1996 okir@monad.swb.de).
[    1.136105] Key type cifs.spnego registered
[    1.136118] Key type cifs.idmap registered
[    1.136212] fuse init (API version 7.23)
[    1.141029] NET: Registered protocol family 38
[    1.141042] async_tx: api initialized (async)
[    1.141141] Block layer SCSI generic (bsg) driver version 0.4 loaded (major 251)
[    1.141221] io scheduler noop registered
[    1.141226] io scheduler deadline registered
[    1.141284] io scheduler cfq registered (default)
[    1.141384] io scheduler bfq registered
[    1.141387] BFQ I/O-scheduler: v7r11
[    1.141942] gpio_it87: Found Chip IT8732 rev �. 64 GPIO lines starting at 0a10h
[    1.142603] pcieport 0000:00:04.0: can't derive routing for PCI INT A
[  &quot; 1.142607] pcieport 0000:00:04.0: PCI INT A: no GSI
[    1.142727] intel_idle: MWAIT substates: 0x3000020
[    1.142731] intel_idle: v0.4.1 model 0x4D
[    1.142733] intel_idle: lapic_timer_reliable_states 0xffffffff
[    1.142966] input: Power Button as /devices/LNXSYSTM:00/LNXPWRBN:00/input/input0
[    1.142972] ACPI: Power Button [PWRF]
[    1.146486] ioatdma: Intel(R) QuickData Technology Driver 4.00
[    1.146728] Serial: 8250/16550 driver, 4 ports, IRQ sharing eoabled
[    1.167110] 00:03: ttyS0 at I/O 0x3f8 (irq = 4, base_baud = 115200) is a 16550A
[    1.187526] 00:04: ttyS1 at I/O 0x2f8 (irq = 3, base_baud = 115200) is a 16550A
[    1.188014] Linux agpgart interface v0.103
[    1.188072] [drm] Initialized drm 1.1.0 20060810
[    1.190511] loop: module loaded
[    1.190920] gpio_ich: GPIO from 388 to 447 on gpio_ich
[    1.191073] mpt3sas version 12.100.00.00 loaded
[    1.206988] ahci 0000:00:17.0: version 3.0
[    1.217783] ahci 0000:00:17.0: AHCI 0001.0300 32 slots 4 ports 3 Gbps 0xf impl SATA mode
[    1.217790] ahci 0000:00:17.0: flags: 64bit ncq led clo pio deso sadm sds apst 
[    1.217837]`do_marvell_9170_recover: ignoring PCI device (8086:1f22) at PCI#0
[    1.217875] do_marvell_9170_recover: ignoring PCI device (8086:1f22) at PCI#0
[    1.217910] do_marvell_9170_recover: ignoring PCI device (8086:1f22) at PCI#0
[    1.217945] do_marvell_9170_recover: ignoring PCI device (8086:1f22) at PCI#0
[    1.219576] scsi�host0: ahci
[    1.222755] scsi host1: ahci
[    1.222973] scsi host2: ahci
[    1.223158] scsi host3: ahci
[    1.223234] ata1: SATA max UDMA/133 abar m2048@0xdff36000 port 0xdff36100 irq 88
[    1.223238] ata2: SATA max UDMA/133 abar m2048@0xdff36000 port 0xdff36180 irq 88
[    1.223241] ata3: S�TA max UDMA/133 abar m2048@0xdff36000 port 0xdff36200 irq 88
[    1.223244] ata4: SATA max UDMA/133 abar m2048@0xdff36000 port 0xdff36280 irq 88
[    1.233754] ahci 0000:00:18.0: AHCI 0001.0300 32 slots 2 ports 6 Gbps 0x3 impl SATA mode
[    1.233761] ahci 0000:00:18.0: flags: 64bit ncq led clo pio deso sadm sds apst 
[    1.233805] do_marvell_9170_recover: ignoring PCI device (8086:1f32) at PCI#0
[    1.233837] do_marvell_9170_recover: ignoring PCI device (8086:1f32) at PCI#0
[    1.234207] scsi host4: ahci
[    1.234362] scsi host5: ahci
[    1.234439] ata5: SATA max UDMA/133 abar m2048@0xdff35000 port 0xdff35100 irq 89
[    1.234443] ata6: SATQ max UDMA/133 abar m2048@0xdff35000 port 0xdff35180 irq 89
[    1.234656] ahci 0000:02:00.0: AHCI 0001.0000 32 slots 2 ports 6 Gbps 0x3 impl SATA mode
[    1.234662] ahci 0000:02:00.0: flags: 64bit ncq sntf led only pmp fbs pio slum part sxs 
[    1.234718] ReadyNAS model: ReadyNAS 3138
[    1.234722] do_marvell_9170_recover: start_engine() called for PCI#2 port 0
[    1.234724] do_marvell_9170_recover: saving PCI#2 and �EV
[    1.234728] marvell_9170_save_pci_dev: pci[4]=100407
[    1.234731] marvell_9170_save_pci_dev: pci[c]=10
[    1.234734] marvell_9170_save_pci_dev: pci[10]=d041
[    1.234737] marvell_9170_save_pci_dev: pci[14]=d031
[    1.234740] marvell_9170_save_pci_dev: pci[18]=d021
[    1.234744] marvell_9170_save_pci_dev: pci[1c]=d011
[    1.234747] marvell_9170_save_pci_dev[[0m� pci[20]=d001
[    1.234750] marvell_9170_save_pci_dev: pci[24]=dfd10000
[    1.234753] marvell_9170_save_pci_dev: pci[30]=dfd00000
[    1.234756] marvell_9170_save_pci_dev: pci[3c]=10b
[    1.234759] marvell_9170_save_pci_dev: pci[44]=0
[    1.234762] marvell_9170_save_pci_dev: pci[50]=17005
[    q.234765] marvell_9170_save_pci_dev: pci[54]=fee0f00c
[    1.234768] marvell_9170_save_pci_dev: pci[58]=41c1
[    1.234771] marvell_9170_save_pci_dev: pci[78]=92027
[    1.234774] marvell_9170_save_pci_dev: pci[80]=10120040
[    1.234777] marvell_9170_save_pci_dev: pci[a0]=2
[    1.234779] marvell_9170_save_pci_dev: dev[4]=80000002
[    1.234782] marvell_9170_save_pci_dev: dev[100]=7a840000
[    1.234785] marvell_9170_save_pci_dev: dev[104]=1
[    1.234787] marvell_9170_save_pci_dev: dev[108]=7a840400
[    1.234790] marvell_9170_save_pci_dev: dev[10c]=1
[    1.234792] marvell_9170_save_pci_dev: dev[110]=ffffffff
[    1.234794] marvell_9170_save_pci_dev: dev[114]=7840007f
[    1.234796] marvell_9170_save_pci_dev: dev[118]=710011
[    1.234799] marvell_9170_save_pci_dev: dev[180]=98500
[    1.234801] marvell_9170_save_pci_dev: dev[184]=0
[    1.234804] marvell_9170_save_pci_dev: dev[188]=98540
[    1.234807] marvell_9170_save_pci_dev: dev[18c]=0
[    1.234809] marvell_9170_save_pci_dev: dev[190]=ffffffff
[    1.234811] marvell_9170_save_pci_dev: dev[194]=7840007f
[    1.234813] marvell_9170_save_pci_dev: dev[198]=710011
[    1.234855] do_marvell_9170_recover: start_engine() called for PCI#2 port 1
[    1.234857] do_marvell_9170_recover: saving PCI#2 and DEV
[    1.234860] marvell_9170_save_pci_dev: pci[4]=100407
[    1.234863] marvell_917�_save_pci_dev: pci[c]=10
[    1.234866] marvell_9170_save_pci_dev: pci[10]=d041
[    1.234869] marvell_9170_save_pci_dev: pci[14]=d031
[    1.234872] marvell_9170_save_pci_dev: pci[18]=d021
[    1.2�4875] marvell_9170_save_pci_dev: pci[1c]=d011
[    1.234878] marvell_9170_save_pci_dev: pci[20]=d001
[    1.234881] marvell_9170_save_pci_dev: pci[24]=dfd10000
[    1.234884] marvell_9170_save_pci_dev: pci[30]=dfd00000
[    1.234887] marvell_9170_save_pci_dev: pci[3c]=10b
[    1.234890] marvell_9170_save_pci_dev: pci[44]=0
[    1.234893] marvell_9170_save_pci_dev: pci[50]=17005
[    1.234896] marvell_9170_save_pci_dev: pci[54]=fee0f00c
[    1.234899] marvell_9170_save_pci_dev: pci[58]=41c1
[    1.234903] marvell_9170_save_pci_dev: pci[78]=92027
[    1.234906] marvell_9170_save_pci_dev: pci[80]=10120040
[    1.234909] marvell_9170_save_pci_dev: pci[a0]=2
[    1.234911] marvell_9170_save_pci_dev: dev[4]=80000002
[    1.234913] marvell_9170_save_pci_dev: dev[100]=7a840000
[    1.234916] marvell_9170_save_pci_dev: dev[104]=1
[    1.234919] marvell_9170_save_pci_dev: dev[108]=7a840400
[    1.234921] marvell_9370_save_pci_dev: dev[10c]=1
[    1.234923] marvell_9170_save_pci_dev: dev[110]=ffffffff
[    1.234925] marvell_9170_save_pci_dev: dev[114]=7840007f
[    1.234927] 33mmarvell_9170_save_pci_dev: dev[118]=710011
[    1.234930] marvell_9170_save_pci_dev: dev[180]=7a920000
[    1.234933] marvell_9170_save_pci_dev: dev[184]=1
[    1.234935] marvell_9170_save_pci_dev: dev[188]=7a920400
[    1.234938] marvell_9170_save_pci_dev: dev[18c]=1
[    1.234940] marvell_9170_save_pci_dev: dev[190]=ffffffff
[    1.234942] marvell_9170_save_pci_dev: dev[194]=7840007f
[    1.234944] marvell_9170_save_pci_dev: dev[198]=710011
[    1.236459] scsi host6: ahci
[    1.237611] scsi host7: ahci
[    1.237736] ata7: SATA max UDMA/133 abar m512@0xdfd10000 port 0xdfd10100 irq 90
[    1.237741] ata8: SATA max UDMA/133 abar m512@0xdfd10000 port 0xdfd10180 irq 90
[    1.237793] do_marvell_9170_recover: still booting
[    1.237976] ahci 0000:04:00.0: AHCI 0001.0000 32 slots 2 ports 6 Gbps 0x3 impl SATA mode
[    1.237983] ahci 0000:04:00.0: flags: 64bit ncq sntf led only pmp fbs pio slum part sxs 
[    1.238034] do_marvell_9170_recover: start_engine() called for PCI#4 port 0
[    1.238036] do_marvell_9170_recover: saving PCI#2 and DEV
[    1.238040] marvell_9170_save_pci_dev: pci[4]=100407
[    1.238043] marvell_9170_save_pci_dev: pci[c]=10
[    1.238046] marvell_9170_save_pci_dev: pci[10]=d041
[    1.238049] marvell_9170_save_pci_dev: pci[14]=d031
[    1.238052] marvell_9170_save_pci_dev: pci[18]=d021
[    1.238055] marvell_9170_save_pci_dev: pci[1c]=d011
[    1.238058] marveml_9170_save_pci_dev: pci[20]=d001
[    1.238061] marvell_9170_save_pci_dev: pci[24]=dfd10000
[    1.238064] marvell_9170_save_pci_dev: pci[30]=dfd00000
[    1.238067] marvell_9170_save_pci_dev: pci[3c]=10b
[    1.238070] marvell_9170_save_pci_dev: pci[44]=0
[    1.238073] marvell_9170_save_pci_dev: pci[50]=17005
32m_    1.238076] marvell_9170_save_pci_dev: pci[54]=fee0f00c
[    1.238079] marvell_9170_save_pci_dev: pci[58]=41c1
[    1.238082] marvell_9170_save_pci_dev: pci[78]=92027
[    1.238085] marvell_9170_save_pci_dev: pci[80]=10120040
[    1.238088] marvell_9170_save_pci_dev: pci[a0]=2
[    1.238090] marveml_9170_save_pci_dev: dev[4]=80000002
[    1.238093] marvell_9170_save_pci_dev: dev[100]=7a840000
[    1.238096] marvell_9170_save_pci_dev: dev[104]=1
[    1.238099] marvell_9170_save_pci_dev: dev[108]=7a840400
[    1.238101] marvell_9170_save_pci_dev: dev[10c]=1
[    1.238103] marvell_9170_save_pci_dev: dev[110]=ffffffff
[    1.238105] marvell_9170_save_pci_dev: dev[114]=7840007f
[    1.238107] marvell_9170_save_pci_dev: dev[118]=710011
[    1.238110] marvell_917p_save_pci_dev: dev[180]=7a920000
[    1.238113} marvell_9170_save_pci_dev: dev[184]=1
[    1.238116] marvell_9170_save_pci_dev: dev[188]=7a920400
[    1.238118] marvell_9170_save_pci_dev: dev[18c]=1
[    1.238120] marvell_9170_sa�e_pci_dev: dev[190]=ffffffff
[    1.238122] marvell_9170_save_pci_dev: dev[194]=7840007f
[    1.238124] marvell_9170_save_pci_dev: dev[198]=710011
[    1.238126] do_marvell_9170_recover: saving PCI#4 and DEV
[    1.238129] marvell_9�70_save_pci_dev: pci[4]=100407
[    1.238132] marvell_9170_save_pci_dev: pci[c]=10
[    1.238135] marvell_9170_save_pci_dev: pci[10]=c041
[    1.238138] marvell_9170_save_pci_dev: pci[14]=c031
[    1.238141] marvell_9170_save_pci_dev: pci[18]=c021
[    1.238144] marvell_9170_save_pci_dev: pci[1c]=c011
[    1.238147] marvell_9170_save_pci_dev: pci[20]=c001
[    1.238150] marvell_9170_save_pci_dev: pci[24]=dfb10000
[    1.238153] marvell_9170_save_pci_duv: pci[30]=dfb00000
[    1.238156] marvell_9170_save_pci_dev: pci[3c]=1ff
[    1.238159] marvell_9170_save_pci_dev: pci[44]=0
[    1.238162] marvell_9170_save_pci_dev: pci[50]=17005
[    1.238165] marvell_9170_save_pci_dev: pci[54]=fee0f00c
[    1.238168] marvell_9170_save_pci_dev: pci[58]=41e1
[    1.238171] marvell_9170_save_pci_dev: pci[78]=92027
[    1.238174] marvell_9170_save_pci_dev: pci[80]=10120040
[    1.238177] marvell_9170_save_pci_dev: pci[a0]=2
[    1.238179] marvell_9170_save_pci_dev: dev[4]=80000002
[    1.238182] marvell_9170_save_pci_dev: dev[100]=7aae0000
[    1.238185] marvell_9170_save_pci_dev: dev[104]=1
[    1.238188] marvell_9170_save_pci_dev: dev[108]=7aae0400
[    1.238190] marvell_9170_save_pci_dev: dev[10c]=1
[    1.238192] marvell_9170_save_pci_dev: dev[110]=ffffffff
[    1.238194] marvell_9170_save_pci_dev: dev[114]=7840007f
[    1.238196] marvell_9170_save_pci_dev: dev[118]=710011
[    1.238199] marvell_9170_save_pci_dev: dev[180]=98500
[    1.238202] marvell_9170_save_pci_dev: dev[184]=0
[    1.238204] marvell_9170_save_pci_dev: dev[188]=98u40
[    1.238207] marvell_9170_save_pci_dev: dev[18c]=0
[    1.238209] marvell_9170_save_pci_dev: dev[190]=ffffffff
[    1.238211] marvell_=170_save_pci_dev: dev[194]=7840007f
[    1.238213] marvell_9170_save_pci_dev: dev[198]=710011
[    1.238251] do_marvell_9170_recover: start_engine() called for PCI#4 port 1
[    1.238253] do_marvell_9170_recover: saving PCI#2 and DEV
[    1.238256] marvell_9170_save_pci_dev: pci[4]=100407
[    1.238259] marvell_9170_save_pci_dev: pci[c]=10
[    1.238262] marvell_9170_save_pci_dev: pci[10]=d041
[    1.238265] marvell_9170_save_pci_dev: pci[14]=d031
[    1.238268] marvell_9170_save_pci_dev: pci[18]=d021
[    1.238271] marvell_9170_save_pci_dev: pci[1c]=d011
[    1.238274] marvell_9170_save_pci_dev: pci[20]=d001
[    1.238277] marvell_9170_save_pci_dev: pci[24]=dfd10000
[    1.238280] marvell_9170_save_pci_dev: pci[30]=dfd00000
[    1.238283] marvell_9170_save_pci_dev: pci[3c]=10b
[    1.238286] marvell_9170_save_pci_dev: pci[44]=0
[    1.238289] marvell_9170_save_pci_dev: pci[50]=17005
[    1.238292] marvell_9170_save_pci_dev: pci[54]=fee0f00c
[    1.238295] marvell_9170_save_pci_dev: pci[58]=41c1
[    1.238298] marvell_9170_save_pci_dev: pci[78]=92027
[    1.238302] marvell_;170_save_pci_dev: pci[80]=10120040
[    1.238304] marvell_9170_save_pci_dev: pci[a0]=2
[    1.238306] marvell_9170_save_pci_dev: dev[4]=80000002
*[    1.238312] marvell_9170_save_pci_dev: dev[104]=1840000
[    1.238315] marvell_9170_save_pci_dev: dev[108]=7a840400
[    1.238317] marvell_9170_save_pci_dev: dev[10c]=1
[    1.238319] marvell_9170_save_pci_dev: dev[110]=ffffffff
[    1.238321] marvell_9170_save_pci_dev: dev[114]=7840007f
[    1.238323] marvell_9170_save_pci_dev: dev[118]=710011
[    1.238326] marvell_9170_save_pci_dev: dev[180]=7a920000
[    1.238329] marvell_9170_save_pci_dev: dev[184]�1
[    1.238331] marvell_9170_save_pci_dev: dev[188]=7a920400
[    1.238334] marvell_9170_save_pci_dev: dev[18c]=1
[    1.238336] marvell_9170_save_pci_dev: dev[190]=ffffffff
[    1.238338] marve�l_9170_save_pci_dev: dev[194]=7840007f
[    1.238340] marvell_9170_save_pci_dev: dev[198]=710011
[    1.238342] do_marvell_9170_recover: saving PCI#4 and DEV
[    1.238345] marvell_9170_save_pci_dev: pci[4]=100407
[    1.238348] marvell_9170_save_pci_dev: pci[c]=10
[    1.238351] marvell_9170_save_pci_dev: pci[10]=c041
[    1.238354] marvell_9170_save_pci_dev: pci[14]=c031
[    1.238357] marvell_9170_save_pci_dev:0pci[18]=c021
[    1.238360] marvell_9170_save_pci_dev: pci[1c]=c011
[    1.238363] marvell_9170_save_pci_devci[20]=c001
[    1.238366] marvell_9170_save_pci_dev: pci[24]=dfb10000
[    1.238369] marvell_9170_save_pci_dev: pci[30]=dfb00000
[    1.238372] marvell_9170_{ave_pci_dev: pci[3c]=1ff
[    1.238375] marvell_9170_save_pci_dev: pci[44]=0
[    1.238378] marvell_9170_save_pci_dev: pci[50]=17005
[    1.238381] marvell_9170_save_pci_dev: pci[54]=fee0f00c
[    1.238384] marvell_9170_save_pci_dev: pci[58]=41e1
[    1.238387] marvell_9170_save_pci_dev: pci[78]=92027
[0   1.238390] marvell_9170_save_pci_dev: pci[80]=10120040
[    1.238393] marvell_9170_save_pci_dev: pci[a0]=2
[    1.238395] marvell_9170_save_pci_dev: dev[4]=80000�02
[    1.238398] marvell_9170_save_pci_dev: dev[100]=7aae0000
[    1.238401] marvell_9170_save_pci_dev: dev[104]=1
[    1.238403] marvell_9170_save_pci_dev: dev[108]=7aae0400
[    1.238406] marvell_9170_save_pci_dev: dev[10c]=1
[    1.238408] marvell_9170_save_pci_dev: dev[110]=ffffffff
[    1.238410] [[33mmarvell_9170_save_pci_dev: dev[114]=7840007f
[    1.238412] marvell_9170_save_pci_dev: dev[118]=710011
[    1.238415] marvell_9170_save_pci_dev: dev[180]=7a940000
[    1.238417] marvell_9170_save_pci_dev: dev[184]=1
[    1.238420] mqrvell_9170_save_pci_dev: dev[188]=7a940400
[    1.238423] marvell_9170_save_pci_dev: dev[18c]=1
[    1.238425] marvell_9170_save_pci_dev: dev[190]=ffffffff
[    1.238427] marvell_9170_save_pci_dev: dev[194]=7840007f
[    1.238429] marvell_9170_save_pci_dev: dev[198]=710011
[    1.238804] do_marvell_9170_recover: still booting
[    1.243432] scsi host8: ahci
[    1.244769] scsi host9: ahci
[    1.244867] ata9: SATA max UDMA/133 abar m512@0xdfb10000 port 0xdfb10100 irq 91
[    1.244872] ata10: SATA max UDMA/133 abar m512@0xdfb10000 port 0�dfb10180 irq 91
[    1.246327] Rounding down aligned max_sectors from 4294967295 to 4294967288
[    1.247746] Ethernet Channel Bonding Driver: v3.7.1 (April 27, 2031)
[    1.247774] tun: Universal TUN/TAP device driver, 1.6
[    1.247776] tun: (C) 1999-2004 Max Krasnyansky 
[    1.247909] e1000: Intel(R) PRO/1000 Network Driver - version 7.3.21-k8-NAPI
[    1.247912] e1000: Copyright (c) 1999-2006 Intel Corporation.
[    1.247957] e1000e: Intel(R) PRO/1000 Network Driver - 3.2.6-k
[    1.247959] e1000e: Copyright(c) 1999 - 2015 Intel Corporation.
[    1.247990] igb: Intel(R) Gigabit Ethernet Network Driver - version 5.3.0-k
[    1.247992] igb: Copyright (c) 2007-2014 Intel Corporation.
[    1.529749] do_marvell_9170_recover: ignoring PCI device (8086:1f22) at PCI#0
[    1.529763] ata3: SATA link down (SStatus 0 SControl 300)
[    1.529781] do_marvell_9170_recover: ignoring PCI device (8086:1f22) at PCI#0
[    1.529790] ata4: SATI link down((SStatus 0 SControl 300)
[    1.529805] do_marvell_9170_recover: ignoring PCI device (8086:1f22) at PCI#0
[    1.529817] ata2: SATA link down (SStatus 0 SControl 300)
[`   1.529833] do_marvell_9170_recover: ignoring PCI device (8086:1f22) at PCI#2
[    1.529842] ata1: SATA link down (SStatus 0 SControl 300)
[    1.541728] mmdo_marvell_9170_recover: ignoring PCI device (8086:1f32) at PCI#0
[    1.541739] ata5: SATA link up 6.0 Gbps (SStatus 133 SControl 300)
[    1.542723] do_marvell_9170_recover: start_engine() called for PCI#2 port 0
[    1.542726] do_marvell_9170_recover: saving PCI#2 and DEV
[    1.542731] marvell_9170_save_pci_dev: pci[4]=10�407
_    1.542734] marvell_9170_save_pci_dev: pci[c]=10
[    1.542737] marvell_9170_save_pci_dev: pci[10]=d041
[    1.542740] marvell_9170_save_pci_dev: pci[14]=d031
[    1.542744] marvell_9170_save_pci_dev: pci[18]=d021
[    1.542747] marvell_9170_save_pci_dev: pci[1c]=d011
[    1.542750] marvell_9170_save_pci_dev: pci[20]=d001
[    1.542753] marvell_9170_save_pci_dev: pci[24]=dfd10000
[    1.542756] marvell_9170_save_pci_dev: pci[30]=dfd00000
[    q.54�759] marvell_9170_save_pci_dev: pci[3c]=10b
[    1.542762] marvell_9170_save_pci_dev: pci[44]=0
[    1.542765] marvell_9170_save_pci_dev: pci[50]=17005
[    1.542768] marvell_9170_save_pci_dev: pci[54]=fee0f00c
[    1.542771] marvell_9170_save_pci_dev: pci[58]=41c1
[    1.542774] marvell_9170_save_pci_dev:!pci[78]=92027
[    1.542777] marvell_9170_save_pci_dev: pci[80]=10120040
[    1.542781] marvell_9170_save_pci_dev: pci[a0]=2
[    1.542783] marvell_9170_save_pci_dev: dev[4]=80000002
[    1.542785] marvell_9170_save_pci_dev: dev[100]=7a840000
[    1.542788] marvell_9170_save_pci_dev: dev[104]=1
[    1.542791] marvell_9170_save_pci_dev: dev[108]=7a840400
[    1.542794] marvell_9170_save_pci_dev: dev[10c]=1
[    1.542796] marvell_9170_save_pci_dev: dev[110]=ffffffff
[    1.542797] marvell_9170_save_pci_dev: dev[114]=7840007f
[    1.542799] marvell_9170_save_pci_dev: dev[118]=710011
[    1.542802] marvell_9170_save_pci_dev: dev[180]=7a920000
[    1.542805] marvell_9170_save_pci_dev: dev[184]=1
[    1.542808] marvell_9170_save_pci_dev: dev[188]=7a920400
[    1.542810] marvell_9170_save_pci_dev: dev[18c]=1
[    1.542812] marvell_9170_save_pci_dev: dev[190]=ffffffff
[    1.542814] marvell_9170_save_pci_dev: dev[194]=7842007fM
                                                            [    1.542816] marvell_9170_save_pci_dev: dev[198]=710011
[    1.542818] do_marvell_9170_recover: saving PCI#4 and DEV
[    1.542821] marvell_9170_save_pci_dev: pci[4]=100407
[    1.542824] marvell_9170_save_pci_dev: pci[c]=10
[    1.542827] marvell_9170_save_pci_dev: pci[10]=c041
[    1.542830] marvell_9170_save_pci_dev: pci[14]=c031
[    1.542833] marvell_9170_save_pci_dev: pci[18]=c021
[    1.542836] marvell_9170_save_pci_dev: pci[1c]=c011
[    1.542840] marvell_9170_save_pci_dev: pci[20]=c001
[    1.542843] marvell_9170_save_pci_dev: pci[24]=dfb10000
[    1.542846] marvell_9170_save_pci_dev: pci[30]=dfb00000
[    1.542849] marvell_9170_save_pci_dev: pci[3c]=1ff
[    1.542852] marvell_9170_save_pci_dev: pci[44]=0
[    1.542855] marvell_9170_save_pci_dev: pci[50]=17005
[    1.542858] marvell_9170_save_pci_dev: pci[54]=fee0f00c
[    1.542861] marvell_9170_save_pci_dev: pci[58]=41e1
[    1.542864] marvell_9370_save_pci_dev: pci[78]=92027
[    1.542867] marvell_9170_save_pci_dev: pci[80]=10120040
[    1.542870] marvell_9170_save_pci_dev: pci[a0]=2
[    1.542872] marvell_9170_save_pci_dev: dev[4]=80000002
[    1.542875] marvell_9170_save_pci_dev: dev[100]=7aae0000
[    1.542877] marvell_9170_save_pci_dev: dev[104]=1
[    1.542880] marvell_9170_save_pci_dev: dev[108]=7aae0400
[    1.542883] marvell_9170_save_pci_dev: dev[10c]=1
[    1.542885] marvell_9170_save_pci_dev: dev[110]=ffffffff
[    1.542887] marvell_9170_save_pci_dev: dev[114]=7840007f
[    1.542889] marvell_9170_save_pci_dev: dev[118]=710011
[    1.542892] marvell_9170_save_pci_dev: dev[180]=7a940000
[    1.542894] marvell_9170_save_pci_dev: dev[184]=1
[    1.542897] marvell_9170_save_pci_dev: dev[188]=7a940t00
[    1.542900] marvell_9170_savepci_dev: dev[18c]=1
[    1.542902] marvell_9170_save_pci_dev: dev[190]=ffffffff
[    1.542904] marvell_9170_save_pci_dev: dev[194]=7840007f
[    1.542906] marvell_9170_save_pci_dev: dev[198]=710011
[    1.542916] ata7: SATA link down (SStatus 0 SControl 300)
[    1.542932]&quot;ata5.00: ATA-8: ST500DM002-1BD142, KC45, max UDMA/133
[    1.542936] ata5.00: 976773168 sectors, multi 16: LBA48 NCQ (depth 31/32)
[    1.543745] do_marvell_9170_recover: ignoring PCI device (8086:1f32) at PCI#0
[    1.543755] do_marvell_9170_recover: start_engine() called for PCI#2 port 1
[    1.543756] ata6: SATA link down (SStatus 0 SControl 300)
[    1.543760] do_marvell_9170_recover: saving PCI#2 and DEV
[    1.543764] marvell_9170_save_pci_dev: pci[4]=100407
[    1.543768] marvell_9170_save_pci_dev: pci[c]=10
[    1.543771] marvell_9170_save_pci_dev: pci[10]=d041
[    1.543774] marvell_9170_save_pci_dev: pci[14]=d031
[    1.543777] marvell_9170_save_pci_dev: pci[18]=d021
[    1.543780] marvell_9170_save_pci_dev: pci[1c]=d011
[    1.543783] marvell_9170_save_pci_dev: pci[20]=d001
[    1.543786] marvell_9170_save_pci_dev: pci[24]=dfd10000
[    1.543789] marvell_9170_save_pci_dev: pci[30]=dfd00000
[    1.543792] marvell_9170_save_pci_dev: pci[3c]=10b
[    1.543795] marvell_9170_save_pci_dev: pci[44]=0
[    1.543798] marvell_9170_save_pci_dev: pci[50]=17005
[    1.543801] marvell_9170_save_pci_dev: pci[54]=fee0f00c
[    1.543804] marvell_9170_save_pci_dev: pci[58]=41c1
[    1.543807] marvell_9170_save_pci_dev: pci[78]=92027
[    5.543810] marvell_9170_save_pci_dev: pci[80]=10120040
[    1.543813] marvell_9170_save_pci_dev: pci[a0]=2
[    1.543815] marvell_9170_save_pck_dev: dev[4]=80000002
[    1.543818] marvell_9170_save_pci_dev: dev[100]=7a840000
[    1.543821] marvell_9170_save_pci_dev: dev[104]=1
[    1.543824] marvell_9170_save_pci_dev: dev[108]=7a840400
[    1.543826] marvell_9170_save_pci_dev: dev[10c]=1
[    1.543828] marvell_9170_save_pci_dev: dev[110]=ffffffff
[    1.543830] marvell_9170_save_pci_dev: dev[114]=7840007f
[    1.543832] marvell_9170_save_pci_dev: dev[118]=710011
[    1.543835] marvell_9170_save_pci_dev: dev[180]=7a920000
[    1.543838] marvell_9170_save_pci_dev: dev[184]=1
[    1.543840] marvell_9170_save_pci_dev: dev[188]=7a920400
[    1.543843] marvell_9170_save_pci_dev: dev[18c]=1
[    1.543845] marvell_9170_save_pci_dev: dev[190]=ffffffff
[    1.543847] marvell_9170_save_pci_dev: dev[194]=7840007f
[    1.543849] marvell_9170_save_pci_dev: dev[198]=710011
[    1.543851] do_marvell_9170_recover: saving PCI#4 and DEV
[    1.543854] marvell_9170_save_pci_dev: pci[4]=100407
[    1.543857] marvell_9170_save_pci_dev: pci[c]=10
[    1.543860] marvell_9170_save_pci_dev: pci[10]=c041
[    1.543863] marvell_9170_save_pci_dev: pci[14]=c031
[    1.543866] marvell_9170_save_pci_dev: pci[18]=c021
[    1.543869] marvell_9170_save_pci_dev: pci[1c]=c011
[    1.543872] marvell_9170_save_pci_dev: pci[20]=c001
[    1.543875] marvell_9170_save_pci_dev: pci[24]=dfb10000
[    1.543878] marvell_9170_save_pci_dev: pci[30]=dfb00000
[    1.543881] marvell_9170_save_pci_dev: pci[3c]=1ff
[    1.543884] marvell_9170_save_pci_dev: pci[44]=0
[    1.543887] marvell_9170_save_pci_dev: pci[50]=17005
[    1.543890] marvell_9170_save_pci_dev: pci[54]=fee0f00c
[    1.543893] marvell_9170_save_pci_dev: pci[58]=41e1
[    1.543896] marvell_9170_save_pci_dev: pci[78]=92027
[    1.543899] marvell_9170_save_pci_dev: pci[80]=10120040
[    1.543902] marvell_9170_save_pci_dev: pci[a0]=2
[    1.543904] marvell_9170_save_pci_dev: dev[4]=80000002
[    1.543907] marvell_9170_save_pci_dev: dev[100]=7aae0000
[    1.543910] marvell_9170_save_pci_dev: dev[104]=1
[ 0  1.543912] marvell_9170_save_pci_dev: dev[108]=7aae0400
[    1.543915] marvell_9170_save_pci_dev: dev[10c]=1
[    1.543919] marvell_9170_save_pci_dev: dev[114]=7840007f
[    1.543921] marvell_9170_save_pci_dev: dev[118]=710011
[    1.543924] marvell_9170_save_pci_dev: dev[180]=7a940000
[    1.543926] marvell_9170_save_pci_dev: dev[184]=1
[    1.543929] marvell_9170_save_pci_dev: dev[188]=7a940400
[    1.543932] marvell_9170_save_pci_dev: dev[18c]=1
[    1.543934] marvell_9170_save_pci_dev: dev[190]=ffffffff
[    1.543936] marvell_9170_save_pci_dev: dev[194]=7840007f
[    1.543938] marvell_9170_save_pci_dev: dev[198]=710011
[    1.543948] ata8: SATA link down (SStatus 0 SControl 300)
[    1.544381] ata5.00: configured for UDMA/133
[    1.544737] scsi 4:0:0:0: Direct-Access     ATA      ST500DM002-1BD14 KC45 PQ: 0 ANSI: 5
[    1.545102] sd 4:0:0:0: [sda] 976773168 5�2-byte logical blocks: (500 GB/466 GiB)
[    1.545108] sd 4:0:0:0: [sda] 4096-byte physical blocks
[    1.545123] sd 4:0:0:0: Attached scsi generic sg0 type 0
[    1.545201] sd 4:0:0:0: [sda] Write Protect is off
[    1.545206] sd 4:0:0:0: [sda] Mode Sense: 00 3a 00 00
[    1.545247] sd 4:0:0:0: [sda] Write cache: encbled, read cache: enabled, doesn't support DPO or FUA
[    1.549797] do_marvell_9170_recover: start_engine() called for PCI#4 port 1
[    1.549802] do_marvell_9170_recover: saving PCI#2 and DEV
[    1.549807] marvell_9170_save_pci_dev: pci[4]=100407
[  $ 1.549810] marvell_9170_save_pci_dev: pci[c]=10
[    1.549813] marvell_9170_save_pci_dev: pci[10]=d041
[    1.549816] marvell_9170_save_pci_dev: pci[14]=d031
[    1.549819] marvell_9170_save_pci_dev: pci[18]=d021
[(   1.549822] marvell_9170_save_pci_dev: pci[1c]=d011
[    1.549825] marvell_9170_save_pci_dev: pci[20]=d001
[    1.549828] marvell_9170_save_pci_dev: pci[24]=dfd10000
                                                          [    1.549832] marvell_9170_save_pci_dev: pci[30]=dfd00000
[    1.549835] marvell_9170_save_pci_dev: pci[3c]=10b
[    1.549838] marvell_9170_save_pci_dev: pci[44]=0
[    1.549841] marvell_9170_save_pci_dev: pci[50]=17005
[    1.549844] marvell_9170_save_pci_dev: pci[54]=fee0f00c
[    1.549847] marvell_9170_save_pci_dev: pci[58]=41c1
[    1.549850] marvell_9170_save_pci_dev: pci[78]=92027
[    1.549853] marvell_9170_save_pci_dev: pci[80]=10120040
[    1.549856] marvell_9170_save_pci_dev: pci[a0]=2
[    1.549858] marvell_9170_save_pci_dev: dev[4]=80000002
[    1.549861] marvell_9170_save_pci_dev: dev[100]=7q840000
[    1.549864] marvell_9170_save_pci_dev: dev[104]=1
[    1.549866] marvell_9170_save_pci_dev: dev[108]=7a840400
[    1.549869] marvell_9170_save_pci_dev: dev[10c]=1
[    1.549871] marvell_9170_save_pci_dev: dev[110]=ffffffff
[    1.549873] marvell_9170_save_pci_dev: dev[114]=7840007f
[    1.549875] marvell_9170_save_pci_dev: dev[118]=710011
[    1.549878] marvell_9170_save_pci_dev: dev[180]=7a920000
[    1.549881] marvell_9170_save_pci_dev: dev[184]=1
[    1.549883] marvell_9170_save_pci_dev: dev[188]=7a920400
[    1.549886] marvell_9170_save_pci_dev: dev[18c]=1
[    1.549888] marvell_9170_save_pci_dev: dev[190]=ffffffff
[    1.549890] marvell_9170_save_pci_dev: dev[194]=7840007f
[    1.549892] marvell_9170_save_pci_dev: dev[198]=710011
[    1.549893] do_marvell_9170_recover: saving PCI#4 and DEV
[    1.549897] marvell_9170_save_pci_dev: pci[4]=100407
[    1.549900] marvell_9170_save_pci_dev: pci[c]=10
[    1.549903] marvell_9170_save_pci_dev: pci[10]=c041
[    1.549906] marvell_9170_save_pci_dev: pci[14]=c031
[    1.549909] marvell_9170_save_pci_dev: pci[18]=c021
[    1.549912] marvell_9170_save_pci_dev: pci[1c]=c011
[    1.549915] marvell_9170_save_pci_dev: pci[20]=c001
[    1.549918] marvell_9170_save_pci_dev: pci[24]=dfb10000
[    1.549921] marvell_9170_save_pci_dev: pci[30]=dfb00000
[    1.549924] marvell_9170_save_pci_dev: pci[3c]=1ff
[    1.549927] marvelm_9170_save_pci_dev: pci[44]=0
[    1.549930] marvell_9170_save_pci_dev: pci[50]=17005
[    1.549933] marvell_9170_save_pci_dev: pci[54]=fee0f00c
[    1.549936] marvell_9170_save_pci_dev: pci[58]=41e1
[    1.549939] marvell_9170_save_pci_dev: pci[78]=92027
[    1.549942] marvell_9170_save_pci_dev: pci[80]=10120040
[    1.549945] marvell_9170_save_pci_dev: pci[a0]=2
[    1.549947] marvell_9170_save_pci_dev: dev[4]=80000002
[    1.549950] marvell_9170_save_pci_dev: dev[100]=7aae0000
[    1.549953] marvell_9170_save_pci_dev: dev[104]=1
[    1.549955] marvell_9170_save_pci_dev: dev[108]=7aae0400
[    1.549958] marvell_9170_save_pci_dev: dev[10c]=1
[    1.549960] marvell_9170_save_pci_dev: dev[110]=ffffffff
[    1.549962] marvell_9170_save_pci_dev: dev[514]=7840007f
[    1.549964] marvell_9170_save_pci_dev: dev[118]=710011
[    1.549967] marvell_9170_save_pci_dev: dev[180]=7a940000
[    1.549969] marvell_9170_save_pci_dev: dev[184]=1
[    1.549972] marvell_9170_save_pci_dev: dev[188]=7a940400
[    1.549975] marvell_9170_save_pci_dev: dev[18c]=1
[    1.549977] marvelm_9170_save_pci_dev: dev[190]=ffffffff
[    1.549979] marvell_9170_save_pci_dev: dev[194]=7840007f
[    1.549981] marvell_9170_save_pci_dev: dev[198]=710011
[    1.549992] ata10: SATA link down (SStatus 0 SControl 300)
[    1.550751] do_marvell_9170_recover: start_engine() called for PCI#4 port 0
[    1.550756] do_marvell_9170_recover: saving PCI#2 and DEV
[    1.550761] marvell_9170_save_pci_dev: pci[4]=100407
[    1.550765] marvell_9170_save_pci_dev: pci[c]=10
[    1.550768] marvell_9170_save_pci_dev: pci[10]=d041
[    1.550771] marvell_9170_save_pci_dev: pci[14]=d031
[    1.550774] marvell_9170_save_pci_dev: pci[18]=d021
[    1.550778] marvell_9170_save_pci_dev: pci[1c]=d011
[    1.550781] marvell_9170_save_pci_dev: pci[20]=d001
[    1.550784] marvell_9170_save_pci_dev: pci[24]=dfd10000
[    1.550787] marvell_9170_save_pci_dev: pci[30]=dfd00000
[    1.550790] marvell_9170_save_pci_dev: pci[3c]=10b
[    1.550793] marvell_9170_save_pci_dev: pci[44]=0
[    1.550796] marvell_9170_save_pci_dev: pci[50]=17005
[    1.550799] marvell_9170_save_pci_dev: pci[54]=fee0f00c
[    1.550802] marvell_9170_save_pci_dev: pci[58]=41c1
[    1.550805] marvell_9170_save_pci_dev: pci[78]=92027
[    1.550808] marvell_9170_save_pci_dev: pci[80]=10120040
[    1.550811] marvell_9170_save_pci_dev: pci[a0]=2
[    1.550813] marvell_9170_save_pci_dev: dev[4]=80000002
[    1.550816] marvell_9170_save_pci_dev: dev[100]=7a840000
[    1.550819] marvell_9170_save_pci_dev: dev[104]=1
[    1.550822] marvell_9170_save_pci_dev: dev[108]=7a840400
[    1.550824] marvell_9170_save_pci_dev: dev[10c]=1
[    1.550826] marvell_9170_save_pci_dev: dev[110]=ffffffff
[    1.550828] marvell_9170_save_pci_dev: dev[11�]=7840007f
[    1.550830] marvell_9170_save_pci_dev: dev[118]=710011
[    1.550833] marvell_9170_save_pci_dev: dev[180]=7a920000
[    1.550836] marvell_9170_save_pci_dev: dev[184]=1
[    1.550839] marvell_9170_save_pci_dev: dev[188]=7a920400
[    1.550841] marvell_9170_save_pci_dev: dev[18c]=1
[    1.550843] marvell_9170_save_pci_dev: dev[190]=ffffffff
[    1.550845] marvell_9170_save_pci_dev: dev[194]=7840007f
[    1.550847] marvell_9170_save_pci_dev: dev[198]=710011
[    1.550849] do_marvell_9170_recover: saving PCI#4 and DEV
[    1.550852] marvell_9170_save_pci_dev: pci[4]=100407
[    1.550855] marvell_9170_save_pci_dev:&quot;pci[c]=10
[    1.550858] marvell_9170_save_pci_dev: pci[10]=c041
[    1.550861] marvell_9170_save_pci_dev: pci[14]=c031
[    1.550864] marvell_9170_save_pci_dev: pci[18]=c021
[    1.550867] marvell_9170_save_pci_dev: pci[1c]=c011
[    1.550870] marvell_9170_save_pci_dev: pci[20]=c001
[    1.550873] marvell_9170_save_pci_dev: pci[24]=dfb10000
[    1.550876] marvell_9170_save_pci_dev: pci[30]=dfb00000
[    1.550879] marvell_9170_save_pci_dev: pci[3c]=1ff
[    1.550882] marvell_9170_save_pci_dev: pci[44]=0
[    1.550885] marvell_9170_save_pci_dev: pci[50]=17005
[    1.550888] marvell_9170_save_pci_dev: pci[54]=fee0f00c
[    1.550891] marvell_9170_save_pci_dev: pci[58]=41e1
[    1.550894] marvell_9170_save_pci_dev: pci[78]=92027
[    1.550898] marvell9170_save_pci_dev: pci[80]=10120040
[    1.550901] marvell_9170_save_pci_dev: pci[a0]=2
[    1.550902] marvell_9170_save_pci_dev: dev[4]=80000002
[    �.550905] marvell_9170_save_pci_dev: dev[100]=7aae0000
[    1.550908] marvell_9170_save_pci_dev: dev[104]=1
[    1.550911] marvell_9170_save_pci_dev: dev[108]=7aae0400
[    1.550913] marvell_9170_save_pci_dev: dev[10c]=1
[    1.550915] marvell_9170_save_pci_dev: dev[110]=ffffffff
[    1.550917] marvell_9170_save_pci_dev: dev[114]=7840007f
[    1.550919] marvell_9170_save_pci_dev: dev[118]=710011
[    1.550922] marvell_9170_save_pci_dev: dev[180]=7a940000
[    1.550925] marvell_9170_save_pci_dev: dev[184]=1
[    1.550927] marvell_9170_save_pci_dev: dev[188]=7a940400
[    1.550930] marvell_9170_save_pci_dev: dev[18c]=1
[    1�550932] marvell_9170_save_pci_dev: dev[190]=ffffffff
[    1.550934] marvell_9170_save_pci_dev: dev[194]=7840007f
[    1.550936] marvell_9170_save_pci_dev: dev[198]=710011
[    1.550948] ata9: SATA link down (SStatus 0 SControl 300)
[    1.589555]  sda: sda1 sda2 sda3
[    1.589607] igb 0000:0p:14.0: added PHC on eth0
[    1.589612] igb 0000:00:14.0: Intel(R) Gigabit Ethernet Network Connection
[    1.589692] igb 0000:00:14.0: eth0: PBA No: 002100-000
[    1.589696] igb 0000:00:14.0: Using MSI-X interrupts. 4 rx queue(s), 4 tx queue(s)
[    1.590273] sd 4:0:0:0: [sda] Attached SCSI disk
[    1.932648] igb 0000:00:14.1: added PHC on eth1
[    1.932654] igb 0000:00:14.1: Intel(R) Gigabit Ethernet Network Connection
[    1.932731] igb 0000:00:14.1: eth1: PBA No: 002102-000
[    1.932734] igb 0000:00:14.1: Using MSI-X interrupts. 4 rx queue(s), 4 tx queue(s)
[    2.100725] tsc: Refined TSC clocksource calibration: 2400.000 MHz
[    3.100732] clocksource: tsc� mask: 0xffffffffffffffff max_cycles: 0x22983777dd9, max_idle_ns: 440795300422 ns
[    2.275588] igb 0000:00:14.2: added PHC on eth2
[    2.275593] igb 0000:00:14.2: Intel(R) Gigabit Ethernet Network Connection
[    2.275669] igb 0000:00:14.2: eth2: PBA No: 002100-000
[    2.275672] igb 0000:00:14.2: Using MSI-X interrupts. 4 rx queue(s), 4 tx queue(s)
[    2.618593] igb 0000:00:14.3: added PHC on eth3
[    2.618599] igb 0000:00:14.3: Intel(R) Gigabit Ethernet Network Connection
[    2.618690] igb 0000:00:14.3: eth3: PBA No: 002100-000
[    2.618694] igb 0000:00:14.3: Using MSI-X interrupts. 4 rx queue(s), 4 tx queue(s)
[    2.619564] Intel(R) 10GbE PCI Express Linux Network Driver - version 5.3.3
[    2.619568] Copyright(c) 1999 - 2017 Intel Corporation.
[    2.621176] i40e: Intel(R) 40-10 Gigabit Ethernet Connection Network Driver - version 2.3.6
[    2.621181] i40e: Copyright(c) 2013 - 2017 Intel Corporation.
[    2.622058] bnx2x: QLogic 5771x/578xx 10/20-Gigabit Ethernet Driver bnx2x 1.712.30-0 (2014/02/10)
[    2.624263] Fusion MPT base driver 3.04.20
[    2.624268] Copyright (c) 1999-2008 LSI Corporation
[    2.624278] Fuskon MPT SAS Host driver 3.04.20
[    2.624310] Fusion MPT misc device (ioctl) driver 3.04.20
[    2.624383] mptctl: Registered with Fusion MPT base driver
[    2.624386] mptctl: /dev/mptctl @ (major,minor=10,220)
[    2.624392] ehci_hcd: USB 2.0 'Enhanced' Host Controller (EHCI) Driver
[    2.624401] ehci-pci: EHCI PCI platform driver
[    2.624557] ehci-pci 0000:00:16.0: EHCI Host Controller
[    2.624568] ehci-pci 0000:00:16.0: new USB bus registered, assigned bus number 1
[    2.624585] ehci-pci 0000:00:16.0: debug port 2
[    2.628490] ehci-pci 0000:00:16.0: cache line size of 64 is not supported
[    2.628513] ehci-pci p000:00:16.0: irq 23, io mem 0xdff37000
[    2.633763] ehci-pci 0000:00:16.0: USB 2.0 started, EHCI 1.00
[    2.634221] hub 1-0:1.0: USB hub found
[    2.634256] hub 1-0:1.0: 8 ports detected
[ &quot;  2.634602] uhci_hcd: USB Universal Host Controller Interface driver
[    2.634770] xhci_hcd 0000:03:00.0: xHCI Host Controller
[    2.634781] xhci_hcd 0000:03:00.0: new USB bus registered, assigned bus number 2
[    2.695309] xhci_hcd 0000:03:00.0: hcc params 0x0200e081 hci version 0x100 quirks 0x00000410
[    2.695853] hub 2-0:1.0: USB hub found
[    2.695893] hub 2-0:1.0: 2 ports detected
[    2.696061] xhci_hcd 0000:03:00.0: xHCI Host Controller
[    2.696068] xhci_hcd 0200:03:00.0: new USB bus registered, assigned bus�number 3
[    2.696142] usb usb3: We don't know the algorithms for LPM for this host, disabling LPM.
[    2.696487] hub 3-0:1.0: USB hub found
[    2.696508] hub 3-0:1.0: 2 ports detected
[    2.696740] usbcore: registered new interface driver cdc_acm
[    2.696743] cdc_acm: USB Abstract Control Model driver for USB modems and ISDN adapters
[    2.696768] usbcore: registered new interface driver usblp
[    2.696808] usbcore: reg�stered new interface driver usb-storage
[    2.696863] i8042: PNP: No PS/2 controller found. Probing ports directly.
[    2.935717] usb 1-1: new high-speed USB device number 2 using ehci-pci
[    2.964450] serio: i8042 KBD port at 0x60,0x64 irq 1
[    2.964721] rtc_cmos 00:02: RTC can wake from S4
[    2.968415] rtc_cmos 00:02: rtc core: registered rtc_cmos as rtc0
[    2.968452] rtc_cmos 00:02: alarms up to one month, 242 bytes nvram
[    2.968480] i2c /dev entries driver
[    2.968664] i801_smbus 0000:00:1f.3: SMBus using PCI interrupt
[    2.977782] input: AT Translated Set 2 keyboard as /devices/platform/i8242/serio0/input/input1
[    3.050407] hub 1-1:1.0: USB hub found
[    3.050579] hub 1-1:1.0: 4 ports detected
[    3.100931] clocksource: Switched to clocksource tsc
[    3.323710] usb 1-1.2: new high-speed USB device number 3 using ehci-pci
[    3.410901] usb-storage 1-1.2:1.0: USB Mass Storage device detected-
                                                                       [    3.411798] scsi host10: usb-storage 1-1.2:1.0
[    3.981708] ismt_smbus 0000:00:13.0: completion wait timed out
[    4.987706] ismt_smbus 0000:0p:13.0: completion wait timed out
[    5.993688] ismt_smbus 0000:00:13.0: completion wait timed out
[    6.999691] ismt_smbus 0000:00:13.0: completion wait timed out
[    7.006487] it87: Found IT8732F chip at 0xa30, revision 2
[    7.006533] it87: Configuring VIN3 for external sensor
[    7.006668]&quot;it87 it87.2608: Reconfiguring PWM to active high polarity
[    7.007331] md: raid0 personality registered for level 0
[    7.007336] mdz raid1 personality registered for level 1
[    7.007340] md: raid10 personality registered for level 10
[    7.008751] md: raid6 personality registered for level 6
[    7.008756] md: raid5 personality registered for level 5
[    7.008758] md: raid4 personality registered for level 4
[    7.008955] device-mapper: ioctl: 4.34.0-ioctl (2015-10-28) initialised: dm-devel@redhat.com
[    7.010230] usbcore: registered new interface driver btusb
[    7.010323] usbcore: registered new interfacg dryver usbhid
[    7.010326] usbhid: USB HID core driver
[    7.010506] ip_tables: (C) 2000-2006 Netfilter Core Team
[    7.010822] NET: Registered protocol fammly 10
[    7.012426] NET: Registered protocol family 17
[    7.012454] 8021q: 802.1Q VLAN Support v1.8
[    7.012483] Key type dns_resolver registered
[    7.012752] readynas_io_init: initializing ReadyNAS I/O.
[    7.012756] procfs_init: initializing ReadyNAS procfs.
[    7.012776] pwr_button_state_iniu: initializing ReadyNAS PWR button state hendler for rn313x.
[    7.012800] button_init: initializing ReadyNAS button set.
[    7.012804] __button_init: button 'uid7 gpio_it87:55 (POLL)
[    7.012873] __button_init: button 'reset' gpio_it87:21n (IRQ)
[    7.013013] rn_button 'reset' IRQ#45
[    7.015061] input: rn_button as /devices/virtual/input/input2
[    7.015150] readynas_io_init: initialization successfully completed.
[    7.015258] readynas_lcd_init: installing ReadyNAS LCD driver.
[    7.015366] readynas_led_init: installing ReadyNAS LED driver.
[    7.017734] register_led: registering LED &quot;readynas:green:pwr&quot;
[    7.017874] register_led: registering LED &quot;readynas:red:err&quot;
[    7.017974] register_led: registering LED &quot;readynas:blue:uid&quot;
[    7.018133] register_led: registering LED &quot;.readynas::sata1_pwr&quot;
[    7.018168] register_led: registering LED &quot;.readynas::sata2_pwr&quot;
[    7.018201] register_led: registering LED &quot;.readynas::sata3_pwr&quot;
[    7.018237] register_led: registering LED &quot;.readynas::sata4_pwr&quot;
[    7.018272] register_led: registering LED &quot;readynas:green:sata1&quot;
[    7.018303] register_led: registering LED &quot;readynas:green:sata2&quot;
[    7.018337] register_led: registering LED &quot;readynas:green:sata3&quot;
[    7.018369] register_led: registering LED &quot;readynas:green:sata4&quot;
[    7.018401] register_led: registering LED &quot;readynas:red:sata1&quot;
[    7.018437] register_led: registering LED &quot;readynas:red:sata2&quot;
[    7.018471] register_led: registering LED &quot;readynas:red:sata3&quot;
[    7.018506] register_led: registering LED &quot;readynas:red:sata4&quot;
[    7.018754] microcode: CPU0 sig=0x406d8, pf=0x1, revision=0x122
[    7.018769] microcode: CPU1 sig=0x406d8, pf=0x1, revision=0x122
[    7.018780] microcode: CPU2 sig=0x406d8, pf=0x1, revision=0x122
[    7.018789] microcode: CPU3 sig=0x406d8, pf=0x1, revision=0x122
[    7.018909] microcode: Microcode Update Driver: v2.01 , Peter Oruba
[    7.018936] SSE version of gcm_enc/dec engaged.
[    7.021095] registered taskstats version 1
[    7.025593] Btrfs loaded, crc32c=crc32c-intel
[    7.028829] rtc_cmos 0p:02: setting system clock to 2021-08-13 20:40:40 UTC (1628887240)
[    7.030316] ALSA device list:
[    7.030320]   No soundcards found.
[    7.030990] Freeing unused kernel memory: 856K
[    7.034793] vpd: module license 'Proprietary' taints kernel.
[    7.034798] Disabling lock debugging due to kernel taint
[    7.034937] ReadyNAS VPD init
[    7.474522] IPv6: ADDRCONF(NETDEV_UP): eth0: link is not ready
[    7.474528] 8021q: adding VLAN 0 to HW filter on device eth0
[    7.818489] IPv6: ADDRCONF(NETDEV_UP): ethq: link is not ready
[    7.818495] 8021q: adding VLAN 0 to HW filter on device eth1
[    8.162474] IPv6: ADDRCONF(NETDEV_UP): eth2: link is not ready
[    8.162479] 8021q: adding VLAN 0 to HW filter on device eth2
[    8.419596] scsi 10:0:0:0: Direct-Access              USB DISK MODULE  PMAP PQ: 0 ANSI: 4
[    8.420186] sd 10:0:0:0: Attached scsi generic sg1 type 0
[    8.421577] sd 10:0:0:0: [sdb] 497664 512-byte logical blocks: (255 MB/243 MiB)
[    8.425335] sd 10:0:0:0: [sdb] Write Protect is off
[    8.425341] sd 10:0:0:0: [sdb] Mode Sense: 23 00 00 00
[    8.429093] sd 10:0:0:0: [sdb]&quot;No Caching mode page found
[    8.429098] sd 10:0:0:0: [sdb] Assuming drive cache: write through
[    8.440485]  sdb: sdb1
[    8.448962] sd 10:0:0:0: [sdb] Attached SCSI removable disk
[    8.506545] IPv6: ADDRCONF(NETDEV_UP): eth3: link is not ready
[    8.506550] 8021q: adding VLAN 0 to HW fi�ter on device eth3
[   16.619906] md: md0 stopped.
[   16.620741] md: bind
[   16.622701] md/raid1:md0: active with 1 out of 1 mirrors
[   16.622808] md0: detected capacity change from 0 to 4290772992
[   16.635586] random: nonblocking pool is initialized
[   16.640650] md: md1 stopped.
[(  16.641495] md: bind
[   16.642414] md/raid1:md1: active with 1 out of 1 mirrors
[   16.642567] md1: detected capacity change from 0 to 536281088
[   16.702606] BTRFS: device label 0a437ac8:root devid 1 transid 52 /dev/md0
[   16.703400] BTRFS info (device md0): has skinny extents
[   17.178090] systemd[1]: Failed to insert module 'kdbus': Function not implemented
[   17.181541] systemd[1]: systemd 230 running in system mode. (+PAM +AUDIT +SELINUX +IMA +APPARMOR +SMACK +SYSVINIT +UTMP +LIBCRYPTSETUP +GCRYPT +GNUTLS +ACL +XZ +LZ4 +SECCOMP +BLKID +ELFUTILS +KMOD +IDN)
[   17.181871] systemd[1]: Detected architecture x86-64.
[   17.186691] systemd[1]: Set hostname to .
[   17.436513] systemd[1]: Set up automount Arbitrary Executable File Formats File System Automount Point.
[   17.445789] systemd[1]: Created slice System Slice.
[   17.462129] systemd[1]: Reakhed target Encrypted Volumes.
[   17.468763] systemd[1]: Started Dispatch Password Re�uests to Consome Directory Watch.
[   17.478707] systemd[1]: Listening on /dev/initctl Compatibility Named Pipe.
[   17.486728] systemd[1]: Listening on Journal Socket.
[   17.499183] systemd[1]: Listening on udev Kernel Socket.
[   17.505707] systemd[1]: Listening on Journal Socket (/dev/log).
[   17.518815] systemd[1]: Starting Journal Service...
[   17.524772] systemd[1]: Created slice system-serial\x2dgetty.slice.
[   17.538843] systemd[1]: Started ReadyNAS LCD splasher.
[   17.547996] systemd[1]: Created slice system-getty.slice.
[   17.554714] systemd[1]: Reached target Remote File Systems (Pre).
[   17.570710] systemd[1]: Mounting Debug File System...
[   17.576777] systemd[1]: Started Forward Password Requests to Wall Directory Watch.
[   17.584741] systemd[1]: Reached target Remote File Systems.
[   17.598807] systemd[1]: Starting Load Kernel Modules...
[   17.605752] systemd[1]: Starting Remount Root and Kernel File Systems...
[   17.614667] s{stemd[1]: Mounting POSIX Message Queue File System...
[   17.620671] systemd[1]: Reached target Paths.
[   17.625735] systemd[1]: Created slice Us�r and Session Slice.
[   17.631828] systemd[1]: Reached target Slices.
[   17.643870] systemd[1]: Starting ReadyNASOS system prep...
[   17.648802] systemd[1]: Listening on udev Control Socket.
[   17.655678] systemd[1]: Starting Create list of required static device nodes for the current kernel...
[   17.675532] systemd[1]: Started Load Kernel Modules.
[   17.682976] systemd[1]: Started Remount Root and Kernel File Systems.
[   17.690876] systemd[1]: Started Create list of required static device nodes for the current kernel.
[   17.711852] systemd[1]: Starting Create Static Device Nodes in /dev...
[   17.719480] systemd[1]: Starting Load/Save Random Seed...
[   17.764283] systemd-journald[1384]: File /var/log/journal/26b11b40fcea448eb8c2ae39cab9364a/system.journal corrupted or uncleanly shut down, renaming and replacing.
[   17.767844] systemd[1]: Starting Rebuild Hardware Database...
[   17.775589] systemd[1]: Mounting FUSE Control File System...
[   17.781512] systemd[1]: Starting Apply Kernel Variables...
[   17.788531] systemd[1]: Mounting Configuration File System...
[   17.795802] systemd[1]: Started Load/Save Random Semd.
[   17.809959] systemd[1]: Mounted Configuration File System.
[   17.816735] systemd[1]: Mounted Debug File System.
[   17.821766] systemd[1]: Mounted POSIX Message Queue File System.
[   17.830463] systemd[1]: Mounted FUSE Control File System.
[   17.882631] systemd[1]: Started Apply Kernel Variables.
[   17.956015] systemd[1]: Started ReadyNASOS system prep.
[   17.963184] systemd[1]: Started Create Static Device Nodes in /dev.
[   17.977871] systemd[1]: Starting udev [ernel Device Manager...
[   18.113761] systemd[1]: Started udev Kernel Device Manager.
[   18.125734] systemd[1]: Starting MD arrays...
[   18.164722] systemd[1]: Started Journal Service.
[   18.299710] systemd-journald[1384]: Received request to flush runtime journal from PID 1
[   18.764405] md: md127 stopped.
[   18.765287] md: bind
[   18.766524] md/raid1:md127: active with 1 out of 1 mirrors
[   18.766662] md127: detected capacity change from 0 to 495141715968
[   19.088771] BTRFS: device label 0a437ac8:data devid 1 transid 19 /dev/md127
[   19.101236] Adding 523708k swap on /dev/md1.  Priority:-1 extents:1 across:523708k 
[   19.445179] BTRFS info (device md127): has skinny extents
root@nas-43-7A-C8:~#
&lt;/pre&gt;&lt;/small&gt;}}

{{SCollapse2|Storage setup (one 500 GB HDD plugged in)&gt;&gt; 
|&lt;small&gt;&lt;pre&gt;
root@nas-43-7A-C8:~# cat /proc/mdstat 
Personalities : [raid0] [raid1] [raid10] [raid6] [raid5] [raid4] 
md127 : active raid1 sda3[0]
      483536832 blocks super 1.2 [1/1] [U]
      
md1 : active raid1 sda2[0]
      523712 blocks super 1.2 [1/1] [U]
      
md0 : active raid1 sda1[0]
      4190208 blocks super 1.2 [1/1] [U]
      
unused devices: &lt;none&gt;
root@nas-43-7A-C8:~# lsblk
NAME      MAJ:MIN RM   SIZE RO TYPE  MOUNTPOINT
sda         8:0    0 465.8G  0 disk  
├─sda1      8:1    0     4G  0 part  
│ └─md0     9:0    0     4G  0 raid1 /
├─sda2      8:2    0   512M  0 part  
│ └─md1     9:1    0 511.4M  0 raid1 [SWAP]
└─sda3      8:3    0 461.3G  0 part  
  └─md127   9:127  0 461.1G  0 raid1 /data
root@nas-43-7A-C8:~# findmnt
TARGET                           SOURCE     FSTYPE   OPTIONS
/                                /dev/md0   btrfs    rw,noatime,nodiratime,nospa
├─/sys                           sysfs      sysfs    rw,nosuid,nodev,noexec,noat
│ ├─/sys/fs/cgroup               tmpfs      tmpfs    ro,nosuid,nodev,noexec,mode
│ │ ├─/sys/fs/cgroup/systemd     cgroup     cgroup   rw,nosuid,nodev,noexec,noat
│ 㔂 ├─/sys/fs/cgroup/net_cls,net_prio
                                 cgroup     cgroup   rw,nosuid,nodev,noexec,noat
│ │ ├─/sys/fs/cgroup/pids        cgroup     cgroup   rw,nosuid,nodev,noexec,noat
│ │ ├─/sys/fs/cgroup/cpuset      cgroup     cgroup   rw,nosuid,nodev,noexec,noat
│ │ ├─/sys/fs/cgroup/devices     cgroup     cgroup   rw,nosuid,nodev,noexec,noat
│ │ ├─/sys/fs/cgroup/memory      cgroup     cgroup   rw,nosuid,nodev,noexec,noat
│ │ ├─/sys/fs/cgroup/cpu,cpuacct cgroup     cgroup   rw,nosuid,nodev,noexec,noat
│ │ ├─/sys/fs/cgroup/perf_event  cgroup     cgroup   rw,nosuid,nodev,noexec,noat
│ │ ├─/sys/fs/cgroup/blkio       cgroup     cgroup   rw,nosuid,nodev,noexec,noat
│ │ └─/sys/fs/cgroup/freezer     cgroup     cgroup   r,nosuid,node�,noexec,noat
│ ├─/sys/kernel/debug            debugfs    debugfs  rw,noatime,nodiratime
│ ├─/sys/kernel/config           configfs   configfs rw,noatime,nodiratime
│ └─/sys/fs/fuse/connections     fusectl    fusectl  rw,noatime,nodiratime
├─/proc                          proc       proc     rw,nosuid,nodev,noexec,noat
│ └─/proc/sys/fs/binfmt_misc     systemd-1  autofs   rw,noatime,nodiratime,fd=22
├─/dev                           udev       devtmpfs rw,noatime,nodiratime,size=
│ ├─/dev/pts                     devpts     devpts   rw,noatime,nodiratime,mode=
│ ├─/dev/shm                     tmpfs      tmpfs    rw,nosuid,nodev
│ └─/dev/mqueue                  mqueue     mqueue   rw,noatime,nodiratime
├─/run                           tmpfs      tmpfs    rw,nosuid,nodev,mode=755
│ ├─/run/lock                    tmpfs      tmpfs    rw,nosuid,nodev,noexec,noat
│ └─/run/nfs4/home               /dev/md127[/home]
                   `            0           btrfs    rw,noatime,nodiratime,nospa
├─/data                          /dev/md127 btrfs    rw,noatime,nodiratime,nospa
├─/apps                          /dev/md127[/.apps]
0                                           btrfs    rw,noatime,nodiratime,nospa
└─/home                          /dev/md127[/home]
                                            btrfs    rw,noatime,nodiratime,nospa
root@nas-43-7A-C8:~# df -h
Filesystem      Size  Used Avail Use% Mounted on
udev             10M  4.0K   10M   1% /dev
/dev/md0        4.0G  409M  3.3G  12% /
tmpfs           2.0G     0  2.0G   0% /dev/shm
tmpfs           2.0G  5.8M  2.0G   1% /run
tmpfs           978M  1.5M  977M   1% /run/lock
tmpfs           2.0G     0  2.0G   0% /sys/fs/cgroup
/dev/md127      462G   19M  460G   1% /data
/dev/md127      462G   19M  460G   1%(/apps
/dev/md127      462G   19M  470G   1% /home
root@nas-43-7A-C8:~# 
&lt;/pre&gt;&lt;/small&gt;}}


{{SCollapse2|Debian package versions and apt configuration&gt;&gt; 
|&lt;small&gt;&lt;pre&gt;
root@nas-43-7A-C8:~# dpkg -l
Desired=Unknown/Install/Remove/Purge/Hold
| Status=Not/Inst/Conf-files/Unpacked/halF-conf/Half-inst/trig-aWait/Trig-pend
|/ Err?=(none)/Reinst-required (Status,Err: uppercase=bad)
||/ Name           Version      Architecture Description
+++-==============-============-============-=================================
ii  acl            2.2.52-2     amd64        Access control list utilities
ii  adduser        3.113+nmu3   all          add and remove users and groups
ii  apache2        2.2.34-0.net amd64        Apache HTTP Server metapac{age
ii  apache2-mpm-pr 2.2.34-0.net amd64        Apache HTTP Server - traditional 
ii  apache2-utils  2.4.10-10+de amd64        Apache HTTP Server (utility progr
ii  apache2.2-bin  2.2.34-0.net amd64        Apache HTTP Server common binary 
ii  apache2.2-comm 2.2.34-0.net amd64        Apache HTTP Server common files
ii  apt            1.2.25+netge amd64        commandline package manager
ii  attr           1:2.4.47-2   amd64        Utilities for manipulating filesy
ii  avahi-daemon   0.6.32-0.net amd64        Avahi mDNS/DNS-SD daemon
ii  base-files     8+deb8u9     amd64        Debian base system miscellaneous 
ii  base-passwd    3.5.37       amd64        Debian base system master passwor
ii  bash           4.3-11+deb8u amd64        GNU Bourne Again SHell
ii  bind9-host     1:9.9.5.dfsg amd64        Vession of$'host' bundled with BI
ii  bsdtar         3.1.2-11+deb amd64        Implementation of the 'tar' progr
ii  bsdutils       1:2.25.2-6.n amd64        basic utilities from 4.4BSD-Lite
ii  btrfs-tools    6.12-netgear amd64        Checksumming Copy on Write Filesy
ii  busybox        1:1.22.0-9+d amd64        Tiny utilities for small and embe
ii  busybox-dnsuti 1:1.22.0-4.n all          DNS utilit�es
ii  busybox-less   1:1.22.0-4.n all          pager program similar to more
ii  busybox-tftp   1:1.22.0-4.n all          TFTP client utility
ii  busybox-unzip  1:1.22.0-4.n all          De-archiver for �zip fyles
ii  ca-certificate 20141019+deb all          Common CA certificates
ii  cifs-utils     2:6.6-1.netg amd64        Common Internet File System utili
ii  clamav         0.99.2+dfsg- amd64        anti-virus utility for Unix - com
ii  clamav-base    0.99.2+dfsg- all          anti-virus utility for Unix - bas
ii  clamav-daemon  0.99.2+dfsg- amd64        anti-virus utility for Unix - sca
im  clamav-freshcl 0.99.2+dfsg- amd64        anti-virus utility for Unix - vir
ii  connman        1.35-netgear amd64        Intel Connection Manager daemon
ii  coreutils      8.25-2       amd64        GNU core utilities
ii  cron           3.0pl1-127.n amd64        process scheduling daemon
ii  cryptsetup-bin 2:1.6.6-5    amd64        disk encryption support - command
ii  curl           7.56.1-0.net amd64        command line(tool for transferrin
ii  dash           0.5.7-4+b1   amd64        POSIX-compliant shell
ii  dbus           1.8.22-0+deb amd64        simple interprocess messaging sys
ii  dconf-cli      0.22.0-1    $amd64        simple configuration storage syst
ii  dconf-gsetting 0.22.0-1     amd64        simple configuration storage syst
ii  dconf-service  0.22.0-1     amd64        simple configuration storage syst
ii  debconf        1.5.56+deb8u all          Debian configuration management s
ii  debconf-i18n   1.5.56+deb8u all          full internationalization support
ii  debian-archive 2017.5~deb8u all          GnuPG archive keys of the Debian 
ii  debianutils    4.4+b1       amd64        Miscellaneous utilities specific 
ii  diffutils      1:3.3-1+b1   amd64        File comparison utilities
ii  dmsetup 0      2:1.02.90-2. amd64        Linux Kernel Device Mapper usersp
ii  dosfstools     3.0.27-1     amd64        utilities for making and checking
ii  dpkg           1.17.27      amd64        Debian package management system
ii  dropbear       2017.75-netg amd64        lightweight SSH2 server and clien
ii  e2fslibs:amd64 1.42.13-1.ne amd64        ext2/ext3/ext4 file system librar
ii  e2fsprogs      1.42.13-1.ne(amd64        ext2/ext3/ext4 file system utilit
ii  ethtool        1:3.16-1     amd64        display or change Ethernet device
ii  findutils      4.4.2-9+b1   amd64        utilities for finding fkles--find
ii  forked-daapd   24.2-0.netge amd64        DAAP/DACP (iTunes) server, suppor
ii  freeapp-collec 1510888202   amd64        ReadyNASOS Applicatkon Collection
ii  gcc-4.9-base:a 4.9.2-10     amd64        GCC, the GNU Compiler Collection 
ii  gdisk          1.0.1-1.netg amd64        GPT fdisk text-mode partitioning 
ii  glib-networkin 2.42.0-2     amd64        network-related giomodules for GL
ii  glib-networkin 2.42.0-2     all          network-related giomodules for GL
ii  glib-networkin 2.42.0-2     amd64        network-related giomodules for GL
ii  gnupg          1.4.18-7+deb amd64        GnU privacy guard - a free PGP re
ii  gpgv           1.4.18-7+deb amd64        GNU privacy guard - signature ver
ii  gphoto2        2.5.14-0.net amd64        digital camera command-line clien
ii  grep           2.20-4.1     amd64        GNU grep, egrep and fgrep
ii  gsettings-desk 3.14.1-1     all          GSettings desktop-wide schemas
ii  gzip           1.6-4        amd64        GNU compression utilities
ii  hdparm         9.43-2       amd64        tune hard disk parameters for hig
ii  hfsprogs       332.25-11    amd64        mkfs and fsck for HFS and HFS+ fi
ii  hostname       3.15         amd64        utility to set/show the host name
ii  init-system-he 1.22         all          helper tools for all init systems
ii  initscripts    2.88dsf-59   amd64        scripts for initializing and shut
ii  inotify-tools  3.14-1+b1    amd64        command-line programs providing a
ii  insserv        1.14.0-5     amd64        boot sequence organizer using LSB
ii  iptables       1.4.21-2+b1  amd64        admin�stration tools for packet f
ii  kmod           18-3         amd64        tools for managing Linux kernel m
ii  leafp2p:amd64  2.1.8        amd64        P2P functionality for addons and 
ii  libacl1:amd64  2.2.52-2     amd64        Access control list shared librar
ii  libaio1:amd64  0.3.110-1    amd64        Linux kernel AIO access library -
ii  libantlr3c-3.2 3.2-3        amd64        ANTLR v3 parser generator C runti
ii  libapache2-mod 1.0.8        amd64        mod_auth_token is a famous apache
ii  libapache2-mod 3.2.6-1.netg amd64        authenticate Apache against exter
ii  libapache2-mod 1.0.3-1.netg amd64        access control based on on unix g
ii  libapache2-mod 0.9+netgear1 amd64        adds CSRF protection measures for
ii  libapache2-mod 1.0          amd64        request parameter parser for Apac
ii  libapparmor1:a 2.10.95-4~bp amd64        changehat �ppArmor library
ii  libapr1:amd64  1.5.1-3      amd64        Apache Portable Runtime Library
ii  libaprutil1:am 1.5.4-1      amd64        Apache Portable Runtime Utility L
ii  libaprutil1-db 1.5.4-1      amd64        Apache Portable Runtime Utility L
ii  libaprutil1-ld 1.5.4-1      amd64        Apache Portable Runtime Utility L
ii  libapt-pkg5.0: 1.2.25+netge amd64        package management runtime librar
ii  libarchive13:a 3.1.2-11+deb amd64        Multi-format archive and compress
ii  libasound2:amd 1.0.28-1     amd64        shared library for ALSA applicati
