<page>
    <title>Netgear WNR834Bv2/Serial info</title>
    <ns>0</ns>
    <id>42822</id>
    <revision>
      <id>350393</id>
      <parentid>249230</parentid>
      <timestamp>2024-02-02T20:27:25Z</timestamp>
      <contributor>
        <username>DarkShadow</username>
        <id>3096572</id>
      </contributor>
      <comment>fixed;)</comment>
      <origin>350393</origin>
      <model>wikitext</model>
      <format>text/x-wiki</format>
      <text bytes="5263" sha1="3swv866lhcifctgn6fziv15krcnwhov" xml:space="preserve">{{navbar|:Netgear WNR834Bv2/Serial info|text=Serial info}}
====Info derived from====
{{SCollapse|boot log
|&lt;small&gt;&lt;pre&gt;
Decompressing..........done
Decompressing..........done

CFE version 1.0.37 for BCM947XX (32bit,SP,LE)
Build Date: Thu May  3 14:43:11 CST 2007
Copyright (C) 2000,2001,2002,2003 Broadcom Corporation.

Initializing Arena
Initializing Devices.
Boot partition size = 131072(0x20000)
et0: Broadcom BCM47xx 10/100 Mbps Ethernet Controller 4.80.53.0
et1: Broadcom BCM47xx 10/100 Mbps Ethernet Controller 4.80.53.0
CPU type 0x29006: 264MHz
Total memory: 16384 KBytes

Device eth0:  hwaddr 00-24-B2-00-89-60, ipaddr 192.168.1.1, mask 255.255.255.0
              gateway not set, nameserver not set
CPU revision is: 00029006
Primary instruction cache 16kb, linesize 16 bytes (2 ways)
Primary data cache 16kb, linesize 16 bytes (2 ways)
Linux version 2.4.20 (aspen@coolteam.cs) (gcc version 3.2.3 with Broadcom modifications)
#2 Thu Mar 27 15:12:04 CST 2008
Setting the PFC to its default value
Determined physical RAM map:
 memory: 01000000 @ 00000000 (usable)
On node 0 totalpages: 4096
zone(0): 4096 pages.
zone(1): 0 pages.
zone(2): 0 pages.
Kernel command line: root=/dev/mtdblock2 noinitrd console=ttyS0,115200
CPU: BCM4704 rev 9 at 264 MHz
Calibrating delay loop... 263.78 BogoMIPS
Memory: 14360k/16384k available (1361k kernel code, 2024k reserved, 108k data, 56k init, 0k highmem)
Dentry cache hash table entries: 2048 (order: 2, 16384 bytes)
Inode cache hash table entries: 1024 (order: 1, 8192 bytes)
Mount-cache hash table entries: 512 (order: 0, 4096 bytes)
Buffer-cache hash table entries: 1024 (order: 0, 4096 bytes)
Page-cache hash table entries: 4096 (order: 2, 16384 bytes)
Checking for 'wait' instruction...  unavailable.
POSIX conformance testing by UNIFIX
PCI: Initializing host
PCI: Enabling CardBus
PCI: Fixing up bus 0
PCI: Fixing up bridge
PCI: Fixing up bus 1
Linux NET4.0 for Linux 2.4
Based upon Swansea University Computer Society NET3.039
Initializing RT netlink socket
Starting kswapd
devfs: v1.12c (20020818) Richard Gooch (rgooch@atnf.csiro.au)
devfs: boot_options: 0x1
Squashfs 2.2-r2 (released 2005/09/08) (C) 2002-2005 Phillip Lougher
Serial driver version 5.05c (2001-07-08) with MANY_PORTS SHARE_IRQ SERIAL_PCI enabled
ttyS00 at 0xb8000300 (irq = 3) is a 16550A
ttyS01 at 0xb8000400 (irq = 0) is a 16550A
PPP generic driver version 2.4.2
 Amd/Fujitsu Extended Query Table v1.1 at 0x0040
number of CFI chips: 1
Flash device: 0x400000 at 0x1c000000
Physically mapped flash: squashfs filesystem found at block 620
Creating 8 MTD partitions on &quot;Physically mapped flash&quot;:
0x00000000-0x00020000 : &quot;boot&quot;
0x00020000-0x003b0000 : &quot;linux&quot;
0x0009b324-0x003b0000 : &quot;rootfs&quot;
0x003b0000-0x003c0000 : &quot;T_Meter1&quot;
0x003c0000-0x003d0000 : &quot;T_Meter2&quot;
0x003d0000-0x003e0000 : &quot;POT&quot;
0x003e0000-0x003f0000 : &quot;board_data&quot;
0x003f0000-0x00400000 : &quot;nvram&quot;
NET4: Linux TCP/IP 1.0 for NET4.0
IP Protocols: ICMP, UDP, TCP, IGMP
IP: routing cache hash table of 512 buckets, 4Kbytes
TCP: Hash tables configured (established 1024 bind 2048)
Linux IP multicast router 0.06 plus PIM-SM
NET4: Unix domain sockets 1.0/SMP for Linux NET4.0.
NET4: Ethernet Bridge 008 for NET4.0
802.1Q VLAN Support v1.7 Ben Greear &lt;greearb@candelatech.com&gt;
All bugs added by David S. Miller &lt;davem@redhat.com&gt;
VFS: Mounted root (squashfs filesystem) readonly.
Mounted devfs on /dev
Freeing unused kernel memory: 56k freed
Algorithmics/MIPS FPU Emulator v1.5
Reading board data...
WSC UUID: 0x8062e454105b992f3427e1eda53bf588
Using /lib/modules/2.4.20/kernel/drivers/net/et/et.o
insmod: bcm57xx.o: no module by that name found
Using /lib/modules/2.4.20/kernel/drivers/net/wl/wl.o
Hit enter to continue...NVRAM upgrade required.  Starting.
NVRAM upgrade complete.
Reading board data...
WSC UUID: 0x8062e454105b992f3427e1eda53bf588
WARNING: console log level set to 1
eth2: Numerical result out of range
eth2: Operation not supported
eth2: Invalid argument
eth2: Invalid argument
eth2: Operation not supported
eth2: Operation not supported
eth2: Invalid argument
eth3: No such device
ifconfig: Illegal seek
eth4: No such device
ifconfig: Illegal seek
eth2: ignore i/f due to error(s)
*********************************************
Wi-Fi Simple Config Application - Intel Corp.
Version: Build 1.0.5, November 19 2006
*********************************************
Reading board data...
WSC UUID: 0x8062e454105b992f3427e1eda53bf588
Using /lib/modules/2.4.20/kernel/net/ipv4/acos_nat/acos_nat.o
Info: No FWPT default policies.
info, udhcp server (v0.9.8) started
error, unable to parse 'option wins '
error, unable to parse 'option domain '
POT integrity check OK.
POT time is up.
Initializing stack...button monitor start...!
apLockDownLog_init, counttion = 300, duration = 300!
 OK
Now starting stack
get mac = 00 24 B2 00 89 60
Start DHCP client daemon
info, udhcp client (v0.9.8) started
eth1: No such process
Hit enter to continue...DEVICE PIN: 75885960

******* MODE: Access Point *******

DEVICE PIN:75885960
WSC: In unconfiged AP mode, wait for start command....
tlvPtrChar* : func CMasterControl_InitiateRegistration
line 656 allocating memory 0x10004100 for 0x100040e8
Waiting for Registrar to connect...
&lt;/pre&gt;&lt;/small&gt;}}
&lt;noinclude&gt;[[Category:Netgear]]&lt;/noinclude&gt;</text>
      <sha1>3swv866lhcifctgn6fziv15krcnwhov</sha1>
    </revision>
  </page>