<page>
    <title>Netgear R6700 v2/Serial info</title>
    <ns>0</ns>
    <id>42214</id>
    <revision>
      <id>323843</id>
      <parentid>235462</parentid>
      <timestamp>2023-09-21T01:44:50Z</timestamp>
      <contributor>
        <username>DarkShadow</username>
        <id>3096572</id>
      </contributor>
      <comment>fixed;)</comment>
      <origin>323843</origin>
      <model>wikitext</model>
      <format>text/x-wiki</format>
      <text bytes="6685" sha1="gcvs8c3435kxif5d42t3h9d7tp024ot" xml:space="preserve">{{navbar|:Netgear R6700 v2/Serial info|text=Serial info}}
{{SCollapse | sc_fl_map output (U-boot) &lt;ref&gt;No 'mtdparts' available.&lt;/ref&gt; â€¢ &gt;&gt;
| &lt;small&gt;&lt;pre&gt;
MT7621 # sc_fl_map
***************************************
Flash Map Information:
***************************************
Partition           Offset      Length      
boot                0           100000      
part_map            100000      100000      
kernel              200000      400000      
rootfs              600000      2800000     
english_ui          2e00000     200000      
ml1                 3000000     200000      
ml2                 3200000     200000      
ml3                 3400000     200000      
ml4                 3600000     200000      
ml5                 3800000     200000      
ml6                 3a00000     200000      
ml7                 3c00000     200000      
ml8                 3e00000     200000      
ml9                 4000000     200000      
ml10                4200000     200000      
ml11                4400000     200000      
factory             4600000     200000      
sc_private          4800000     200000      
pop                 4a00000     200000      
traffic meter       4c00000     200000      
sc_pid              4e00000     200000      
sc_nvram            5000000     200000      
ralink_nvram        5200000     200000      
reserved1           5400000     200000      
reserved2           5600000     200000      
reserved3           5800000     200000      
reserved4           5a00000     200000      
reserved5           5c00000     200000      
reserved6           5e00000     2180000     

-------------------------------------
Persist Partitions:

part_map
factory
sc_private

-------------------------------------
Sercomm Private:

Name                Offset      Length      
btver               6fffa       4           
mac                 48000b0     6           
csn                 48000b7     2a          
wpspin              48000e1     c           
domain              48000f2     4           
pcbasn              48000f6     c           
magic               4800102     4           
ssid                4800106     14          
phrase              4800120     3f          
model_id            4800200     1           
pid                 effba       46          
BurnedLoop          eff00       2  
&lt;/pre&gt;&lt;/small&gt;
}}
{{SCollapse | CPU Info (cat /proc/cpuinfo)
|&lt;small&gt;&lt;pre&gt;
# cat /proc/cpuinfo
system type             : MT7621
processor               : 0
cpu model               : MIPS 1004Kc V2.15
BogoMIPS                : 583.68
wait instruction        : yes
microsecond timers      : yes
tlb_entries             : 32
extra interrupt vector  : yes
hardware watchpoint     : yes, count: 4, address/irw mask: [0x0000, 0x0000, 0x0000, 0x0000]
ASEs implemented        : mips16 dsp mt
shadow register sets    : 1
core                    : 0
VCED exceptions         : not available
VCEI exceptions         : not available

processor               : 1
cpu model               : MIPS 1004Kc V2.15
BogoMIPS                : 583.68
wait instruction        : yes
microsecond timers      : yes
tlb_entries             : 32
extra interrupt vector  : yes
hardware watchpoint     : yes, count: 4, address/irw mask: [0x0000, 0x0000, 0x0000, 0x0000]
ASEs implemented        : mips16 dsp mt
shadow register sets    : 1
core                    : 0
VCED exceptions         : not available
VCEI exceptions         : not available

processor               : 2
cpu model               : MIPS 1004Kc V2.15
BogoMIPS                : 583.68
wait instruction        : yes
microsecond timers      : yes
tlb_entries             : 32
extra interrupt vector  : yes
hardware watchpoint     : yes, count: 4, address/irw mask: [0x0000, 0x0000, 0x0000, 0x0000]
ASEs implemented        : mips16 dsp mt
shadow register sets    : 1
core                    : 1
VCED exceptions         : not available
VCEI exceptions         : not available

processor               : 3
cpu model               : MIPS 1004Kc V2.15
BogoMIPS                : 583.68
wait instruction        : yes
microsecond timers      : yes
tlb_entries             : 32
extra interrupt vector  : yes
hardware watchpoint     : yes, count: 4, address/irw mask: [0x0ffc, 0x0ffc, 0x0ffb, 0x0ffb]
ASEs implemented        : mips16 dsp mt
shadow register sets    : 1
core                    : 1
VCED exceptions         : not available
VCEI exceptions         : not available
&lt;/pre&gt;&lt;/small&gt;}}

{{SCollapse | Memory info (cat /proc/meminfo)
| &lt;small&gt;&lt;pre&gt;
# cat /proc/meminfo
MemTotal:         250988 kB
MemFree:          197832 kB
Buffers:            1176 kB
Cached:             7724 kB
SwapCached:            0 kB
Active:             5220 kB
Inactive:           6380 kB
Active(anon):       2704 kB
Inactive(anon):        0 kB
Active(file):       2516 kB
Inactive(file):     6380 kB
Unevictable:           0 kB
Mlocked:               0 kB
SwapTotal:             0 kB
SwapFree:              0 kB
Dirty:                 0 kB
Writeback:             0 kB
AnonPages:          2728 kB
Mapped:             1728 kB
Shmem:                 0 kB
Slab:              24600 kB
SReclaimable:       1120 kB
SUnreclaim:        23480 kB
KernelStack:         960 kB
PageTables:          460 kB
NFS_Unstable:          0 kB
Bounce:                0 kB
WritebackTmp:          0 kB
CommitLimit:      125492 kB
Committed_AS:     130404 kB
VmallocTotal:    1048372 kB
VmallocUsed:       15344 kB
VmallocChunk:     987272 kB
&lt;/pre&gt;&lt;/small&gt;
}}
{{SCollapse | MTD info (cat /proc/mtd)
| &lt;small&gt;&lt;pre&gt;
# cat /proc/mtd
dev:    size   erasesize  name
mtd0: 00100000 00020000 &quot;Bootloader&quot;
mtd1: 00100000 00020000 &quot;SC_PART_MAP&quot;
mtd2: 00400000 00020000 &quot;Kernel&quot;
mtd3: 02800000 00020000 &quot;Rootfs&quot;
mtd4: 00200000 00020000 &quot;English UI&quot;
mtd5: 00200000 00020000 &quot;ML1&quot;
mtd6: 00200000 00020000 &quot;ML2&quot;
mtd7: 00200000 00020000 &quot;ML3&quot;
mtd8: 00200000 00020000 &quot;ML4&quot;
mtd9: 00200000 00020000 &quot;ML5&quot;
mtd10: 00200000 00020000 &quot;ML6&quot;
mtd11: 00200000 00020000 &quot;ML7&quot;
mtd12: 00200000 00020000 &quot;ML8&quot;
mtd13: 00200000 00020000 &quot;ML9&quot;
mtd14: 00200000 00020000 &quot;ML10&quot;
mtd15: 00200000 00020000 &quot;ML11&quot;
mtd16: 00200000 00020000 &quot;Factory&quot;
mtd17: 00200000 00020000 &quot;SC Private Data&quot;
mtd18: 00200000 00020000 &quot;POT&quot;
mtd19: 00200000 00020000 &quot;Traffic Meter&quot;
mtd20: 00200000 00020000 &quot;SC PID&quot;
mtd21: 00200000 00020000 &quot;SC Nvram&quot;
mtd22: 00200000 00020000 &quot;Ralink Nvram&quot;
mtd23: 00200000 00020000 &quot;Reserved Block1&quot;
mtd24: 00200000 00020000 &quot;Reserved Block2&quot;
mtd25: 00200000 00020000 &quot;Reserved Block3&quot;
mtd26: 00200000 00020000 &quot;Reserved Block4&quot;
mtd27: 00200000 00020000 &quot;Reserved Block5&quot;
mtd28: 02180000 00020000 &quot;Reserved Block6&quot;
&lt;/pre&gt;&lt;/small&gt;
}}
&lt;noinclude&gt;[[Category:Netgear]]&lt;/noinclude&gt;</text>
      <sha1>gcvs8c3435kxif5d42t3h9d7tp024ot</sha1>
    </revision>
  </page>