<page>
    <title>Netgear WNR1000v3/Serial info</title>
    <ns>0</ns>
    <id>45873</id>
    <revision>
      <id>350284</id>
      <parentid>350281</parentid>
      <timestamp>2024-01-31T21:46:05Z</timestamp>
      <contributor>
        <username>DarkShadow</username>
        <id>3096572</id>
      </contributor>
      <comment>fixed;)</comment>
      <origin>350284</origin>
      <model>wikitext</model>
      <format>text/x-wiki</format>
      <text bytes="4272" sha1="8dkk7lufu97i3y5096580ehci3k0w08" xml:space="preserve">{{navbar|:Netgear WNR1000v3/Serial info|text=Serial info}}
===Info derived from===
{{SCollapse|boot log â€¢ &gt;&gt;
|&lt;small&gt;&lt;pre&gt;
Decompressing...done
Decompressing...done

CFE for WNR1000v3 version: 3.0.6
Build Date: Thu Jan 21 22:38:48 CST 2010
Boot partition size = 131072(0x20000)
Found a 4MB ST compatible serial flash
et0: Broadcom BCM47XX 10/100/1000 Mbps Ethernet Controller 5.10.56.46
Device eth0:  hwaddr C0-3F-0E-F0-FF-0C, ipaddr 192.168.1.1, mask 255.255.255.0
gateway not set, nameserver not set
CPU ProcId is: 0x00019749, options: 0x000021cd
Primary instruction cache 32kb, linesize 32 bytes (4 ways)
Primary data cache 32kb, linesize 32 bytes (4 ways)
Linux version 2.4.20 (zacker@svn) 
(gcc version 3.2.3 with Broadcom modifications) 
#1 Fri Jul 16 18:22:57 CST 2010
Found a 4MB ST compatible serial flash
Determined physical RAM map:
 memory: 01000000 @ 00000000 (usable)
On node 0 totalpages: 4096
zone(0): 4096 pages.
zone(1): 0 pages.
zone(2): 0 pages.
Kernel command line: root=/dev/mtdblock2 noinitrd console=ttyS0,115200
CPU: BCM5356 rev 1 at 333 MHz
Calibrating delay loop... 166.29 BogoMIPS
Memory: 14312k/16384k available 
(1408k kernel code, 2072k reserved, 108k data, 60k init, 0k highmem)
Dentry cache hash table entries: 2048 (order: 2, 16384 bytes)
Inode cache hash table entries: 1024 (order: 1, 8192 bytes)
Mount-cache hash table entries: 512 (order: 0, 4096 bytes)
Buffer-cache hash table entries: 1024 (order: 0, 4096 bytes)
Page-cache hash table entries: 4096 (order: 2, 16384 bytes)
Checking for 'wait' instruction...  unavailable.
POSIX conformance testing by UNIFIX
PCI: no core
PCI: Fixing up bus 0
Linux NET4.0 for Linux 2.4
Based upon Swansea University Computer Society NET3.039
Initializing RT netlink socket
Starting kswapd
devfs: v1.12c (20020818) Richard Gooch (rgooch@atnf.csiro.au)
devfs: boot_options: 0x1
squashfs: version 3.2-r2 (2007/01/15) Phillip Lougher
Serial driver version 5.05c (2001-07-08) with MANY_PORTS SHARE_IRQ SERIAL_PCI enabled
ttyS00 at 0xb8000300 (irq = 8) is a 16550A
PPP generic driver version 2.4.2
sflash: squash filesystem with lzma found at block 706
Creating 10 MTD partitions on &quot;sflash&quot;:
0x00000000-0x00020000 : &quot;boot&quot;
0x00020000-0x003c8000 : &quot;linux&quot;
0x000b0ae0-0x003c8000 : &quot;rootfs&quot;
0x003c8000-0x003d8000 : &quot;ML1&quot;
0x003d8000-0x003e8000 : &quot;ML2&quot;
0x003e8000-0x003f0000 : &quot;T_Meter1&quot;
0x003f0000-0x003f8000 : &quot;T_Meter2&quot;
0x003f8000-0x003f9000 : &quot;POT&quot;
0x003f9000-0x003fa000 : &quot;board_data&quot;
0x003fa000-0x00400000 : &quot;nvram&quot;
NET4: Linux TCP/IP 1.0 for NET4.0
IP Protocols: ICMP, UDP, TCP, IGMP
IP: routing cache hash table of 512 buckets, 4Kbytes
TCP: Hash tables configured (established 1024 bind 2048)
Linux IP multicast router 0.06 plus PIM-SM
NET4: Unix domain sockets 1.0/SMP for Linux NET4.0.
NET4: Ethernet Bridge 008 for NET4.0
802.1Q VLAN Support v1.7 Ben Greear &lt;greearb@candelatech.com&gt;
All bugs added by David S. Miller &lt;davem@redhat.com&gt;
VFS: Mounted root (squashfs filesystem) readonly.
Mounted devfs on /dev
Freeing unused kernel memory: 60k freed
Reading board data...
WSC UUID: 0xbf346fbfd4f68bc83e785dc9560e7f3a
NTP synchronized date/time: Sat Aug 20 23:40:59 2011
MAC address of 1st STA connected: 00-21-63-1E-D2-23
Using /lib/modules/2.4.20/kernel/drivers/net/emf/emf.o
Using /lib/modules/2.4.20/kernel/drivers/net/igs/igs.o
Using /lib/modules/2.4.20/kernel/drivers/net/et/et.o
Using /lib/modules/2.4.20/kernel/drivers/net/wl/wl.o
Hit enter to continue...WARNING: console log level set to 1
killall: upnp: no process killed
UPnP daemon is ready to run
killall: wps_monitor: no process killed
killall: wps_ap: no process killed
killall: wps_enr: no process killed
Reading board data...
WSC UUID: 0xbf346fbfd4f68bc83e785dc9560e7f3a
Using /lib/modules/2.4.20/kernel/net/ipv4/acos_nat/acos_nat.o
info, udhcp server (v0.9.8) started
error, unable to parse 'option wins '
error, unable to parse 'option domain '
POT integrity check OK.
POT time is up.
IOCTL_AG_REGION_SET: English
Start DHCP client daemon
info, udhcp client (v0.9.8) started
vlan1: No such process
Hit enter to continue...Info: No FWPT default policies.
Using /lib/modules/2.4.20/kernel/net/ipv4/multissidcontrol/MultiSsidControl.o
httpd: socket bound in 192.168.1.1:80.
&lt;/pre&gt;&lt;small&gt;}}&lt;noinclude&gt;[[Category:Netgear]]&lt;/noinclude&gt;</text>
      <sha1>8dkk7lufu97i3y5096580ehci3k0w08</sha1>
    </revision>
  </page>