<page>
    <title>Netgear WNDR3400v1/Serial info</title>
    <ns>0</ns>
    <id>45841</id>
    <revision>
      <id>350153</id>
      <timestamp>2024-01-29T20:06:53Z</timestamp>
      <contributor>
        <username>DarkShadow</username>
        <id>3096572</id>
      </contributor>
      <comment>add data</comment>
      <origin>350153</origin>
      <model>wikitext</model>
      <format>text/x-wiki</format>
      <text bytes="4282" sha1="04x3x6chj9w9oedcsc5351bijfzsliv" xml:space="preserve">{{navbar|:Netgear WNDR3400v1/Serial info|text=Serial info}}
===Boot Log===
{{SCollapse|Boot log â€¢ &gt;&gt; 
|&lt;small&gt;&lt;pre&gt;
Decompressing..........done

CFE for WNDR3400 version: v1.0.8
Build Date: Thu Apr 22 16:51:23 CST 2010
Init Arena
Init Devs.
Boot partition size = 262144 (0x40000)
Found a 8MB ST compatible serial flash
et0: Broadcom BCM47XX 10/100/1000 Mbps Ethernet Controller 5.10.56.28
CPU type 0x19740: 453MHz
Tot mem: 65536 KBytes
Device eth0: hwaddr E0-46-9A-7F-85-D7, ipaddr 192.168.1.1, mask 255.255.255.0
gateway not set, nameserver not set
Loader:raw Filesys:tftp Dev:eth0 File:192.168.1.2:vmlinuz Options: (null)
Loading: Failed.
Could not load 192.168.1.2:vmlinuz: Timeout occured
Linux version 2.6.22.19 (root@tomato) (gcc version 4.2.4) #7 Thu Sep 13 18:53:59 CEST 2012
CPU revision is: 00019740
Found a 8MB ST compatible serial flash
Determined physical RAM map:
memory: 04000000 @ 00000000 (usable)
Built 1 zonelists. Total pages: 16256
Kernel command line: root=/dev/mtdblock2 noinitrd console=ttyS0,115200
Primary instruction cache 32kB, physically tagged, 4-way, linesize 32 bytes.
Primary data cache 32kB, 4-way, linesize 32 bytes.
Synthesized TLB refill handler (20 instructions).
Synthesized TLB load handler fastpath (32 instructions).
Synthesized TLB store handler fastpath (32 instructions).
Synthesized TLB modify handler fastpath (31 instructions).
PID hash table entries: 256 (order: 8, 1024 bytes)
CPU: BCM4716 rev 1 pkg 10 at 453 {{abbr|MHz|megahertz}}
Using 226.500 {{abbr|MHz|megahertz}} high precision timer.
console [ttyS0] enabled
Dentry cache hash table entries: 8192 (order: 3, 32768 bytes)
Inode-cache hash table entries: 4096 (order: 2, 16384 bytes)
Memory: 61828k/65536k available (33k kernel code, 3644k reserved, 2726k data, 116k init, 0k highmem)
Mount-cache hash table entries: 512
NET: Registered protocol family 16
PCI: Using membase 8000000
PCI: Initializing host
PCI: Reset RC
PCI: Fixing up bus 0
PCI: Fixing up bridge
PCI: Fixing up bridge
PCI: Enabling device 0000:01:00.1 (0004 -&gt; 0006)
PCI: Fixing up bus 1
NET: Registered protocol family 2
Time: MIPS clocksource has been installed.
IP route cache hash table entries: 1024 (order: 0, 4096 bytes)
TCP established hash table entries: 2048 (order: 2, 16384 bytes)
TCP bind hash table entries: 2048 (order: 1, 8192 bytes)
TCP: Hash tables configured (established 2048 bind 2048)
TCP reno registered
squashfs: version 3.0 (2006/03/15) Phillip Lougher
io scheduler noop registered (default)
HDLC line discipline: version $Revision: 4.8 $, maxframe=4096
N_HDLC line discipline registered.
Serial: 8250/16550 driver $Revision: 1.90 $ 2 ports, IRQ sharing disabled
serial8250: ttyS0 at MMIO 0xb8000300 (irq = 8) is a 16550A
PPP generic driver version 2.4.2
MPPE/MPPC encryption/compression module registered
NET: Registered protocol family 24
PPPoL2TP kernel driver, V0.18.3
PPTP driver version 0.8.5
pflash: found no supported devices
Creating 6 MTD partitions on &quot;sflash&quot;:
0x00000000-0x00040000 : &quot;pmon&quot;
0x00040000-0x00790000 : &quot;linux&quot;
0x00151238-0x00640000 : &quot;rootfs&quot;
0x00640000-0x00780000 : &quot;jffs2&quot;
0x007f0000-0x00800000 : &quot;nvram&quot;
0x007e0000-0x007f0000 : &quot;board_data&quot;
u32 classifier
OLD policer on
Netfilter messages via NETLINK v0.30.
nf_conntrack version 0.5.0 (512 buckets, 4096 max)
ip_tables: (C) 2000-2006 Netfilter Core Team
ipt_account 0.1.21 : Piotr Gasidlo &lt;quaker@barbara.eu.org&gt;, http://www.barbara.eu.org/~quaker/ipt_account/
net/ipv4/netfilter/tomato_ct.c [Sep 13 2012 16:17:11]
NET: Registered protocol family 1
NET: Registered protocol family 10
ip6_tables: (C) 2000-2006 Netfilter Core Team
NET: Registered protocol family 17
802.1Q VLAN Support v1.8 Ben Greear &lt;greearb@candelatech.com&gt;
All bugs added by David S. Miller &lt;davem@redhat.com&gt;
VFS: Mounted root (squashfs filesystem) readonly.
Freeing unused kernel memory: 116k freed
Warning: unable to open an initial console.
emf: module license 'Proprietary' taints kernel.
eth0: Broadcom BCM47XX 10/100/1000 Mbps Ethernet Controller 5.10.147.0
eth1: Broadcom BCM4329 802.11 Wireless Controller 5.10.147.0
PCI: Enabling device 0000:01:01.0 (0000 -&gt; 0002)
Netgear WNDR3400
eth2: Broadcom BCMa8d8 802.11 Wireless Controller 5.10.147.0
/ # lo: File exists
&lt;/pre&gt;&lt;/small&gt;}}
&lt;noinclude&gt;[[Category:Netgear]]&lt;/noinclude&gt;</text>
      <sha1>04x3x6chj9w9oedcsc5351bijfzsliv</sha1>
    </revision>
  </page>