<page>
    <title>Orange Livebox 4/Serial info</title>
    <ns>0</ns>
    <id>26774</id>
    <revision>
      <id>75566</id>
      <timestamp>2020-04-22T17:50:49Z</timestamp>
      <contributor>
        <username>DarkShadow</username>
        <id>3096572</id>
      </contributor>
      <comment>add data</comment>
      <origin>75566</origin>
      <model>wikitext</model>
      <format>text/x-wiki</format>
      <text bytes="28705" sha1="m2khlia4cd00cehk7jxjp51q65lbl5s" xml:space="preserve">====Boot log====

{{SCollapse| new boot log (Broadcom)
|&lt;small&gt;&lt;pre&gt;
----
BTRM
V1.6
PMCS
AFEL
PWRZ
MEML
PMCD
MEMP
CODE
ZBSS
MAIN
CACH
OTP?
OTPP
ROTB
SCBT
NAND
IMG?
IMGL
HDR?
HDRP
MCV?
KEY?
KEYA
MID?
MIDP
MCVA
SBI?
SBIA
PASS
----
HELO
4.1603-1.0.38-116.141
CPU0
PMCM
PMCS
AFEL
PWRZ
MEML
APMT
PMCD
L1CD
MMUI
CODE
ZBBS
MAIN
DRAM
NVRAM memcfg 0x507
MCB chksum 0xf66e5b14
DDR3-1600 CL11 512MBx2
memsys_init call phy init returns 0x00000000
MEMC init size 2 clock 6
memsys_init call shmoo returns 0x00000000
PASS
Version cfe-rom: 7.21.3.1
FPS0
SVOL
NGEO
FVLY
FVLY
RVOL
KEY1
RVOL
BTL?
BTLA
PASS
J2EP


Base: 4.16_03
CFE version 1.0.38-116.141 for BCM963138 (32bit,SP,LE)
Build Date: Thu Mar  3 15:14:04 CET 2016 (g110981@rmm-p1303058fl)
Copyright (C) 2000-2013 Broadcom Corporation.
Version cfe-ram: 7.21.3.1

Init SSD1322 version 0.3.0
Boot Strap Register:  0x7dfdfc2f
Chip ID: BCM63136B0, ARM Cortex A9 Dual Core: 1000MHz
Total Memory: 1073741824 bytes (1024MB)
NAND ECC BCH-4, page size 0x800 bytes, spare size used 64 bytes
NAND flash device: Spansion S34ML04G1, id 0x01dc block 128KB size 524288KB
pmc_init:PMC using DQM mode
Board IP address                  : 192.168.1.1:ffffff00  
Host IP address                   : 192.168.1.100  
Gateway IP address                :  
Run from flash/host/tftp (f/h/c)  : f  
Default host run file name        : vmlinux  
Default host flash file name      : bcm963xx_fs_kernel  
Boot delay (0-9 seconds)          : 1  
Default host ramdisk file name    :  
Default ramdisk store address     :  
Board Id (0-24)                   : MIB4  
Number of MAC Addresses (1-32)    : 10  
Base MAC Address                  : 84:a1:d1:65:35:82  
PSI Size (1-64) KBytes            : 24  
Enable Backup PSI [0|1]           : 0  
System Log Size (0-256) KBytes    : 0  
Auxillary File System Size Percent: 0  
MC memory allocation (MB)         : 4  
TM memory allocation (MB)         : 20  
WLan Feature                      : 0x00  
Voice Board Configuration (0-2)   : SI32176  

pmc_switch_power_up: Rgmii Tx clock zone1 enable 1 zone2 enable 0.
Info: Disabling Eth Port4

 LINK DOWN IMP Port
Creating CPU ring for queue number 0 with 32 packets descriptor=0x00f87a04
 Done initializing Ring 0 Base=0x42a1ba40K End=0x42a1bc40K calculated entries= 32 RDD Base=0x02a1ba40K descriptor=0x00f87a04
Initializing UBI to launch u-boot!
Running UbiScan...

Found 852 UBI logical blocks on NAND
   already found a layout volume with higher sqnum
UBI Layout volume is on logical block 706
initialize_ubi...cferam reading uboot  ======================= !!!
UBI volume uboot has id 2
read 950720 bytes from UBI volume 2
We got aes_key1
UBI volume aes_key2 has id 9
We got aes_key2 enc
read 64 bytes from UBI volume 9
Ubi U-Boot Entry at 0x00100000
Closing network.
Starting program at 0x00100000


U-Boot 2011.12 (Mar 03 2016 - 15:12:52)
Version: 7.21.3.1-138B0-full

256MB-limited u-boot
DRAM:  1 GiB
NAND:  512 MiB
SSD1322: Framebuffer driver for Solomon Systech's &quot;SSD1322&quot; OLED screen controller on Sagemcom's RGWs Grayscale Mode
SSD1322: Driver Version (v0.3.0)
Using default environment

In:    serial
Out:   serial
Err:   serial
Creating 1 MTD partitions on &quot;nand0&quot;:
0x0000000c0000-0x00001fb00000 : &quot;mtd=1&quot;
UBI: attaching mtd1 to ubi0
UBI: physical eraseblock size:   131072 bytes (128 KiB)
UBI: logical eraseblock size:    126976 bytes
UBI: smallest flash I/O unit:    2048
UBI: VID header offset:          2048 (aligned 2048)
UBI: data offset:                4096
UBI: attached mtd1 to ubi0
UBI: MTD device name:            &quot;mtd=1&quot;
UBI: MTD device size:            506 MiB
UBI: number of good PEBs:        4050
UBI: number of bad PEBs:         0
UBI: max. allowed volumes:       128
UBI: wear-leveling threshold:    256
UBI: number of internal volumes: 1
UBI: number of user volumes:     14
UBI: available PEBs:             2949
UBI: total number of reserved PEBs: 1101
UBI: number of PEBs reserved for bad PEB handling: 40
UBI: max/mean erase counter: 59/30
Read 6632 bytes from volume permanent_param to 0df23ca8
Unable to retrive mac_addr from lanBaseMacAddr
mac_addr set according to wanBaseMacAddr
NVRAM MAC addr:84a1d1653582
No need to update NVRAM mac addr
Net:   pmc_init:PMC using DQM mode
Creating CPU ring for queue number 0 with 32 packets descriptor=0x0ffe46d4
 Done initializing Ring 0 Base=0x4fa0c960 End=0x4fa0cb60 calculated entries= 32 RDD Base=0x0fa0c960 descriptor=0x0ffe46d4
BCM63xxx_RUN
sb3: sb3_sagem_init()
sb3: action: 1007
sb3: sb3_wait_for_magic()
sb3: action: 1002
Aes_key2 is available
Read 64 bytes from volume aes_key_operator to 0dedee6c
sb3: sb3_boot( operational )
sb3: top available addr 0x0ddd0000, ram available = 0xcdd0000
sb3: read image operational size=3203000 to address=abc0000
sb3_load_ubivol: max_load_size=215810048
Read 52441088 bytes from volume operational to 0abc0000
sb3: image operational has gsdf format
sb3: image operational signature OK
sb3: No pre-boot commands
sb3: setting kernel args
bootm ABDF000
## Booting kernel from Legacy Image at 0abdf000 ...
   Image Name:   FTFR_3.2.18
   Created:      2017-09-20   9:36:56 UTC
   Image Type:   ARM Linux Kernel Image (gzip compressed)
   Data Size:    3276800 Bytes = 3.1 MiB
   Load Address: 00008000
   Entry Point:  00008000
   Verifying Checksum ... OK
   Uncompressing Kernel Image ... OK

Starting kernel ...

init started: BusyBox v1.13.3 (2017-09-20 11:11:55 CEST)
starting pid 516, tty '': '/etc/init.d/sysinit'

SYSINIT

SoftAtHome HGW version: FTFRSF3.2.18#1
Compiled on sah2bld09.be.softathome.com, Wed, 20 Sep 2017 11:35:33 +0200
With toolchain gcc version: arm-unknown-linux-gnueabi-gcc (crosstool-NG git+9f5f159-dirty - SoftAtHome 1.0.1) 4.8.3

Mounting tmpfs filesystem (/tmp) ...



panic_on_page_allocation_failure flag is not present in this kernel release...
Init port eth1
Init port eth2
Init port eth3
Init port eth4
Init port eth6
Success
Broadcom Packet Flow Cache Learning of GRE flows Tunnel&lt;DISABLED&gt; PassThru&lt;DISABLED&gt;
ethernet@wirespeed is enabled
ethernet@wirespeed is enabled
ethernet@wirespeed is enabled
ethernet@wirespeed is enabled
ethernet@wirespeed is enabled
Note: Loading 6300 MDK (default) driver for 0 chip
Switch MDK: num_eth6 (Ext switch port: 5) (Logical Port: 13) Link UP 1000 mbps full duplex
switches = 1eth6 (Ext switch port: 7) (Logical Port: 15) Link UP 1000 mbps full duplex

Switch MDK: unit = 1; phySkipping Link UP - one of other LAG member is already UP &lt;0x2000&gt;
_pbmp = 0x1f; config_pbmp = 0xbf nophy_pbmp = 0xa0
unit = 1; port=5 force MAC link up
unit = 1; port=7 force MAC link up
Switch MDK link poll thread: unit=1; phypbmp=0x1f config_pbmp=0xbf
1+0 records in
1+0 records out
128 bytes (128 B) copied, 0 s, 0.000000 kB/s
modprobe: Failed to load module libata: File exists.
Start MiB4 Fan Control
eth5 (Ext switch port: 4) (Logical Port: 12) Link UP 0 mbps half duplex
modprobe: Failed to load module libahci: File exists.
Starting system message bus
1024+0 records in
1024+0 records out
1024 bytes (1024 B) copied, 0 s, 128.000000 kB/s
ifconfig: invalid number 'dev/null'
Loading gmap modules ...
Starting gmap module processes ...
gMap started.
1+0 records in
1+0 records out
32 bytes (32 B) copied, 0 s, 0.000000 kB/s
Registered fdproxy with device numbers 252,0
1+0 records in
1+0 records out
32 bytes (32 B) copied, 0 s, 0.000000 kB/s
1+0 records in
1+0 records out
32 bytes (32 B) copied, 0 s, 5.333333 kB/s
modprobe: Module cdc_acm not found.
1+0 records in
1+0 records out
32 bytes (32 B) copied, 0 s, 0.000000 kB/s
Starting cwmpd
1+0 records in
1+0 records out
32 bytes (32 B) copied, 0 s, 4.000000 kB/s
chown: unknown user/group figaro:pcb_users
dataservice starting ...
BCMPlugin.set_ep_status() done
&lt;/pre&gt;&lt;/small&gt;}}

{{SCollapse| old boot log (Broadcom)
|&lt;small&gt;&lt;pre&gt;
----
BTRM
V1.6
PMCS
AFEL
PWRZ
MEML
PMCD
MEMP
CODE
ZBSS
MAIN
CACH
OTP?
OTPP
ROTB
SCBT
NAND
IMG?
IMGL
HDR?
HDRP
MCV?
KEY?
KEYA
MID?
MIDP
MCVA
SBI?
SBIA
PASS
----
HELO
4.1603-1.0.38-116.141

CPU0
PMCM
PMCS
AFEL
PWRZ
MEML
APMT
PMCD
L1CD
MMUI
CODE
ZBBS
MAIN
DRAM
NVRAM memcfg 0x507

MCB chksum 0xf66e5b14

DDR3-1600 CL11 512MBx2

memsys_init call phy init returns 0x00000000

MEMC init size 2 clock 6

memsys_init call shmoo returns 0x00000000

PASS
Version cfe-rom: 7.21.1.1

FPS0
SVOL
NGEO
FVLY
FVLY
RVOL
KEY1
RVOL
BTL?
BTLA
PASS
J2EP


Base: 4.16_03
CFE version 1.0.38-116.141 for BCM963138 (32bit,SP,LE)
Build Date: Mon Feb 22 19:28:20 CET 2016 (g602540@rmm-p1188518fl)
Copyright (C) 2000-2013 Broadcom Corporation.
Version cfe-ram: 7.21.1.1

Init SSD1322 version 0.3.0
Boot Strap Register:  0x7dfdfc2f
Chip ID: BCM63136B0, ARM Cortex A9 Dual Core: 1000MHz
Total Memory: 1073741824 bytes (1024MB)
NAND ECC BCH-4, page size 0x800 bytes, spare size used 64 bytes
NAND flash device: Spansion S34ML04G1, id 0x01dc block 128KB size 524288KB
pmc_init:PMC using DQM mode
Board IP address                  : 192.168.100.1:ffffff00  
Host IP address                   : 192.168.100.100  
Gateway IP address                :   
Run from flash/host/tftp (f/h/c)  : f  
Default host run file name        :   
Default host flash file name      : tpr,  
Boot delay (0-9 seconds)          : 1  
Default host ramdisk file name    :   
Default ramdisk store address     : ux  
Board Id (0-24)                   : MIB4  
Number of MAC Addresses (1-32)    : 10  
Base MAC Address                  : ac:84:c9:25:ab:32  
PSI Size (1-64) KBytes            : 24  
Enable Backup PSI [0|1]           : 0  
System Log Size (0-256) KBytes    : 0  
Auxillary File System Size Percent: 0  
MC memory allocation (MB)         : 4  
TM memory allocation (MB)         : 20  
WLan Feature                      : 0x00  
Voice Board Configuration (0-2)   : SI32176  

pmc_switch_power_up: Rgmii Tx clock zone1 enable 1 zone2 enable 0. 
Info: Disabling Eth Port4

 LINK DOWN IMP Port 
Creating CPU ring for queue number 0 with 32 packets descriptor=0x00f8718c
 Done initializing Ring 0 Base=0x42a1ba40K End=0x42a1bc40K calculated entries= 32 RDD Base=0x02a1ba40K descriptor=0x00f8718c
*** Press any key to stop auto run (1 seconds) ***
Auto run second count down: 1�1�0
Initializing UBI to launch u-boot!
Running UbiScan...

Found 837 UBI logical blocks on NAND
UBI Layout volume is on logical block fd7
initialize_ubi...cferam reading uboot  ======================= !!!
UBI volume uboot has id 3
read 950720 bytes from UBI volume 3
We got aes_key1
UBI volume aes_key2 has id 9
We got aes_key2 enc
read 64 bytes from UBI volume 9
Ubi U-Boot Entry at 0x00100000
Closing network.
Starting program at 0x00100000


U-Boot 2011.12 (Mar 03 2016 - 15:12:52)
Version: 7.21.3.1-138B0-full

256MB-limited u-boot
DRAM:  1 GiB
NAND:  512 MiB
SSD1322: Framebuffer driver for Solomon Systech's &quot;SSD1322&quot; OLED screen controller on Sagemcom's RGWs Grayscale Mode 
SSD1322: Driver Version (v0.3.0)
Using default environment

In:    serial
Out:   serial
Err:   serial
Creating 1 MTD partitions on &quot;nand0&quot;:
0x0000000c0000-0x00001fb00000 : &quot;mtd=1&quot;
UBI: attaching mtd1 to ubi0
UBI: physical eraseblock size:   131072 bytes (128 KiB)
UBI: logical eraseblock size:    126976 bytes
UBI: smallest flash I/O unit:    2048
UBI: VID header offset:          2048 (aligned 2048)
UBI: data offset:                4096
UBI: attached mtd1 to ubi0
UBI: MTD device name:            &quot;mtd=1&quot;
UBI: MTD device size:            506 MiB
UBI: number of good PEBs:        4050
UBI: number of bad PEBs:         0
UBI: max. allowed volumes:       128
UBI: wear-leveling threshold:    256
UBI: number of internal volumes: 1
UBI: number of user volumes:     14
UBI: available PEBs:             2962
UBI: total number of reserved PEBs: 1088
UBI: number of PEBs reserved for bad PEB handling: 40
UBI: max/mean erase counter: 70/2
Read 6632 bytes from volume permanent_param to 0df23ca8
Unable to retrive mac_addr from lanBaseMacAddr
mac_addr set according to wanBaseMacAddr
NVRAM MAC addr:ac84c925ab32
No need to update NVRAM mac addr
Net:   pmc_init:PMC using DQM mode
Creating CPU ring for queue number 0 with 32 packets descriptor=0x0ffe46d4
 Done initializing Ring 0 Base=0x4fa0c960 End=0x4fa0cb60 calculated entries= 32 RDD Base=0x0fa0c960 descriptor=0x0ffe46d4
BCM63xxx_RUN
sb3: sb3_sagem_init()
sb3: action: 1007
sb3: sb3_wait_for_magic()
sb3: action: 1002
Aes_key2 is available
Read 64 bytes from volume aes_key_operator to 0dedee6c
sb3: sb3_boot( operational )
sb3: top available addr 0x0ddd0000, ram available = 0xcdd0000 
sb3: read image operational size=2efc000 to address=aed0000
sb3_load_ubivol: max_load_size=215810048
Read 49266688 bytes from volume operational to 0aed0000
sb3: image operational has gsdf format
sb3: image operational signature OK
sb3: No pre-boot commands
sb3: setting kernel args
bootm AEEF000 
## Booting kernel from Legacy Image at 0aeef000 ...
   Image Name:   FTFR_2.19.2
   Created:      2016-10-07  17:44:32 UTC
   Image Type:   ARM Linux Kernel Image (gzip compressed)
   Data Size:    3211264 Bytes = 3.1 MiB
   Load Address: 00008000
   Entry Point:  00008000
   Verifying Checksum ... OK
   Uncompressing Kernel Image ... OK

Starting kernel ...

SAGEMCOM reserve top mem 3fa00000-40000000

Memory policy: ECC disabled, Data cache writealloc

creating a MT_MEMORY_NONCACHED device at physical address of 0x0fe00000 to virtual address at 0xcfe00000 with size of 0x200000 byte for DSL

creating a MT_MEMORY_NONCACHED device at physical address of 0x0ea00000 to virtual address at 0xcea00000 with size of 0x1400000 byte for RDPA tm

creating a MT_MEMORY_NONCACHED device at physical address of 0x0e600000 to virtual address at 0xce600000 with size of 0x400000 byte for RDPA mc

On node 0 totalpages: 253952

free_area_init_node: node 0, pgdat c05feba0, node_mem_map c1000000

  DMA zone: 32 pages used for memmap

  DMA zone: 0 pages reserved

  DMA zone: 4064 pages, LIFO batch:0

  Normal zone: 1488 pages used for memmap

  Normal zone: 182320 pages, LIFO batch:31

  HighMem zone: 528 pages used for memmap

  HighMem zone: 65520 pages, LIFO batch:15

pmc_init:PMC using DQM mode

L310 cache controller enabled

l2x0: 16 ways, CACHE_ID 0x410000c9, AUX_CTRL 0x6a450000, Cache size: 524288 B

PERCPU: Embedded 7 pages/cpu @c1809000 s5632 r8192 d14848 u32768

pcpu-alloc: s5632 r8192 d14848 u32768 alloc=8*4096

pcpu-alloc: [0] 0 [0] 1 

Built 1 zonelists in Zone order, mobility grouping on.  Total pages: 251904

Kernel command line: console=ttyS0,115200 earlyprintk debug root=mtd:rootfs init=/etc/preinit ro rootfstype=squashfs console=tty3 rootfs_offset=0x00345000 rootfs_size=0x02bb7000  uboot_ubivol=uboot mtdparts=nand:768k(bcm),5120k@-5120k(data),-@768k(partAll) ubi.mtd=ubi part_main=partAll part_boot=partAll image_ubivol=operational secure board_type=00030020 oek=0dee2a40 oiv=0dee3a78

UBI image volume: &quot;operational&quot;

PID hash table entries: 4096 (order: 2, 16384 bytes)

Dentry cache hash table entries: 131072 (order: 7, 524288 bytes)

Inode-cache hash table entries: 65536 (order: 6, 262144 bytes)

allocated 2097152 bytes of page_cgroup

please try 'cgroup_disable=memory' option if you don't want memory cgroups

Memory: 230MB 762MB = 992MB total

Memory: 998256k/998256k available, 50320k reserved, 264192K highmem

Virtual kernel memory layout:

    vector  : 0xffff0000 - 0xffff1000   (   4 kB)

    fixmap  : 0xfff00000 - 0xfffe0000   ( 896 kB)

    vmalloc : 0xf0000000 - 0xff000000   ( 240 MB)

    lowmem  : 0xc0000000 - 0xef800000   ( 760 MB)

    pkmap   : 0xbfe00000 - 0xc0000000   (   2 MB)

    modules : 0xbf000000 - 0xbfe00000   (  14 MB)

      .text : 0xc0008000 - 0xc05897f8   (5638 kB)

      .init : 0xc058a000 - 0xc05b1600   ( 158 kB)

      .data : 0xc05b2000 - 0xc05ffa40   ( 311 kB)

       .bss : 0xc05ffa64 - 0xc0641560   ( 263 kB)

Preemptible hierarchical RCU implementation.

	Dump stacks of tasks blocking RCU-preempt GP.

NR_IRQS:256

Cortex A9 MPCORE GIC init

DIST at fc01f000, CPU_IF at fc01e100

sched_clock: 32 bits at 1kHz, resolution 1000000ns, wraps every 4294967295ms

Booting Linux on physical CPU 0

Initializing cgroup subsys cpuset

Initializing cgroup subsys cpu

Linux version 3.4.11-rt19 (jenkins@sahwbld04) (gcc version 4.6.2 (crosstool-NG git+ab5c880 - SoftAtHome 1.0.2) ) #1 SMP PREEMPT Fri Oct 7 19:23:22 CEST 2016

CPU: ARMv7 Processor [414fc091] revision 1 (ARMv7), cr=10c53c7d

CPU: PIPT / VIPT nonaliasing data cache, VIPT aliasing instruction cache

Machine: BCM963138

bootconsole [earlycon0] enabled

SAGEMCOM reserve top mem 3fa00000-40000000

Memory policy: ECC disabled, Data cache writealloc

creating a MT_MEMORY_NONCACHED device at physical address of 0x0fe00000 to virtual address at 0xcfe00000 with size of 0x200000 byte for DSL

creating a MT_MEMORY_NONCACHED device at physical address of 0x0ea00000 to virtual address at 0xcea00000 with size of 0x1400000 byte for RDPA tm

creating a MT_MEMORY_NONCACHED device at physical address of 0x0e600000 to virtual address at 0xce600000 with size of 0x400000 byte for RDPA mc

On node 0 totalpages: 253952

free_area_init_node: node 0, pgdat c05feba0, node_mem_map c1000000

  DMA zone: 32 pages used for memmap

  DMA zone: 0 pages reserved

  DMA zone: 4064 pages, LIFO batch:0

  Normal zone: 1488 pages used for memmap

  Normal zone: 182320 pages, LIFO batch:31

  HighMem zone: 528 pages used for memmap

  HighMem zone: 65520 pages, LIFO batch:15

pmc_init:PMC using DQM mode

L310 cache controller enabled

l2x0: 16 ways, CACHE_ID 0x410000c9, AUX_CTRL 0x6a450000, Cache size: 524288 B

PERCPU: Embedded 7 pages/cpu @c1809000 s5632 r8192 d14848 u32768

pcpu-alloc: s5632 r8192 d14848 u32768 alloc=8*4096

pcpu-alloc: [0] 0 [0] 1 

Built 1 zonelists in Zone order, mobility grouping on.  Total pages: 251904

Kernel command line: console=ttyS0,115200 earlyprintk debug root=mtd:rootfs init=/etc/preinit ro rootfstype=squashfs console=tty3 rootfs_offset=0x00345000 rootfs_size=0x02bb7000  uboot_ubivol=uboot mtdparts=nand:768k(bcm),5120k@-5120k(data),-@768k(partAll) ubi.mtd=ubi part_main=partAll part_boot=partAll image_ubivol=operational secure board_type=00030020 oek=0dee2a40 oiv=0dee3a78

UBI image volume: &quot;operational&quot;

PID hash table entries: 4096 (order: 2, 16384 bytes)

Dentry cache hash table entries: 131072 (order: 7, 524288 bytes)

Inode-cache hash table entries: 65536 (order: 6, 262144 bytes)

allocated 2097152 bytes of page_cgroup

please try 'cgroup_disable=memory' option if you don't want memory cgroups

Memory: 230MB 762MB = 992MB total

Memory: 998256k/998256k available, 50320k reserved, 264192K highmem

Virtual kernel memory layout:

    vector  : 0xffff0000 - 0xffff1000   (   4 kB)

    fixmap  : 0xfff00000 - 0xfffe0000   ( 896 kB)

    vmalloc : 0xf0000000 - 0xff000000   ( 240 MB)

    lowmem  : 0xc0000000 - 0xef800000   ( 760 MB)

    pkmap   : 0xbfe00000 - 0xc0000000   (   2 MB)

    modules : 0xbf000000 - 0xbfe00000   (  14 MB)

      .text : 0xc0008000 - 0xc05897f8   (5638 kB)

      .init : 0xc058a000 - 0xc05b1600   ( 158 kB)

      .data : 0xc05b2000 - 0xc05ffa40   ( 311 kB)

       .bss : 0xc05ffa64 - 0xc0641560   ( 263 kB)

Preemptible hierarchical RCU implementation.

	Dump stacks of tasks blocking RCU-preempt GP.

NR_IRQS:256

Cortex A9 MPCORE GIC init

DIST at fc01f000, CPU_IF at fc01e100

sched_clock: 32 bits at 1kHz, resolution 1000000ns, wraps every 4294967295ms

Booting Linux on physical CPU 0

Initializing cgroup subsys cpuset

Initializing cgroup subsys cpu

Linux version 3.4.11-rt19 (jenkins@sahwbld04) (gcc version 4.6.2 (crosstool-NG git+ab5c880 - SoftAtHome 1.0.2) ) #1 SMP PREEMPT Fri Oct 7 19:23:22 CEST 2016

CPU: ARMv7 Processor [414fc091] revision 1 (ARMv7), cr=10c53c7d

CPU: PIPT / VIPT nonaliasing data cache, VIPT aliasing instruction cache

Machine: BCM963138

bootconsole [earlycon0] enabled

SAGEMCOM reserve top mem 3fa00000-40000000

(...)
&lt;/pre&gt;&lt;/small&gt;}}

{{SCollapse|boot log (Quantenna)
|&lt;small&gt;&lt;pre&gt;
Quantenna Mini U-Boot
Version: v37.4.0.28 Built: janv. 14 2016 at 14:29:56
br
1G-FD
Using br device
TFTP from server 1.1.1.1; our IP address is 1.1.1.2
Filename 'u-boot.bin'.
Load address: 0x88000000
Loading: *�Quantenna Mini U-Boot
Version: v37.4.0.28 Built: janv. 14 2016 at 14:29:56
br
1G-FD
Using br device
TFTP from server 1.1.1.1; our IP address is 1.1.1.2
Filename 'u-boot.bin'.
Load address: 0x88000000
Loading: *�#####
done
Bytes transferred = 71872 (0x118c0)
Boot reached stage 13
Boot reached stage 12
Valid CRC found in flash restoring env...
Boot reached stage 11
hw_config_id 65535: 'MIB4_MS_MAC_DUAL_0x1F831F83'
Cold boot
Reset status: 0x00000001

Info: data uncached: addr=0xc0000000 size=1024MB
Info: text at 0x88040000, stack at 0x88013ffc(8192), heap at 0x88000000(73728), uboot size 177872
Info: i-cache is enabled
Info: d-cache is enabled
Info: CPU freq is 500000000, dev freq is 125000000

Info: Quantenna U-Boot version:v37.4.0.28
Info: build date 'Jun 29 2016', time '15:33:42'

SPI flash info:
	name             : mx25l512e
	jedec_id         : 0xc22010
	sector size      : 4096
	number of sector : 16
	frequency        : 104000000
	flags            : 0x2
	lock             : 
DDR_INIT: type = 16, speed = 2, size = 134217728
500MHz
BDA at 0x80002000
In:    serial
Out:   serial
Err:   serial
Boot reached stage 64
Boot reached stage 65
br
Hit any key to stop autoboot:  2 ��� 1 ��� 0 
Boot reached stage 80
1G-FD
1G-FD
Using br device
TFTP from server 1.1.1.1; our IP address is 1.1.1.2
Filename 'topaz-linux.lzma.img'.
Load address: 0x83000000
Loading: *�##################################################################################################################################
	 
	 #################################################################################################################################
	 
	 ##################################################################################################################################
	 
	 ##################################################################################################################################
	 
	 #################################################################################################################################
	 
	 #######################################
done
Bytes transferred = 5029322 (0x4cbdca)
Boot reached stage 81
Boot reached stage 84
Boot reached stage 1
## Booting kernel from Legacy Image at 83000000 ...
Boot reached stage 2
Boot reached stage 3
   Image Name:   topaz-linux
   Image Type:   arc Linux Kernel Image (lzma compressed)
   Data Size:    5021130 Bytes =  4.8 MB
   Load Address: 8493a000
   Entry Point:  8493a000
   Qtn flags:    00000001
   Verifying Checksum ... OK
Boot reached stage 4
Boot reached stage 5
Boot reached stage 6
Boot reached stage 14
   Uncompressing Kernel Image ... OK
Boot reached stage 7
Boot reached stage 8
Command line TAG setup
Params-&gt;u.cmdline.cmdline console=ttyS0,115200n8 earlyprintk=1 hw_config_id=65535
p console=ttyS0,115200n8 earlyprintk=1 hw_config_id=65535
##  Unset TAG qtn_flags 1
## Transferring control to Linux (at address 8493a000) ATAG parameters 88068dd0 - 88068e28...
[    0.000000] Linux version 2.6.35.12 (sahverotech3@sahwcmp0068) (gcc version 4.2.1 (ARC_2.3)) #2 Thu Oct 6 15:13:29 CEST 2016
[    0.000000] Parsing ATAG parameters from bootloader
[    0.000000] ATAG_CORE: successful parsing
[    0.000000] ATAG_CMDLINE: command line = console=ttyS0,115200n8 earlyprintk=1 hw_config_id=65535
[    0.000000] Board id: 65535
[    0.000000] ATAG_HW_CONFIG_ID: hw_config_id = 65535
[    0.000000] 
[    0.000000] Processor Family: ARC 700 [0x33]
[    0.000000] CPU speed :	500.00 Mhz
[    0.000000] Timers: 	TIMER1 TIMER0 
[    0.000000] Interrupt Vect Base: 	0x88052c00 
[    0.000000] Peripheral Base: NOT present; assuming 0xCOFC0000 
[    0.000000] Data UNCACHED Base (I/O): start 0xc0 Sz, 1024 MB 
[    0.000000] ARC700 MMU Ver [2]
[    0.000000]    PAGE SIZE 8k
[    0.000000]    JTLB 128 x 2 = 256 entries
[    0.000000]    uDTLB 8 entr, uITLB 4 entr
[    0.000000] TLB Refill &quot;will NOT&quot; Flush uTLBs
[    0.000000] Detected I-cache : 
[    0.000000]   Type=2 way set-assoc, Line length=32, Size=16K (enabled)
[    0.000000] Detected D-cache : 
[    0.000000]   Type=4 way set-assoc, Line length=32, Size=16K (enabled)
[    0.000000] Extensions:
[    0.000000]    MPY: 32x32 with ANY Result Reg   MAC MPY: Dual 16 x 16 and 32 x 16
[    0.000000]    DCCM: N/A  ICCM: N/A
[    0.000000]    CRC: N/A,   SWAP: Present   NORM: Present
[    0.000000]    Min-Max: Present,   Barrel Shifter: Present
[    0.000000]    Ext Arith Insn: Present
[    0.000000] Floating Point Extension: N/A
[    0.000000] On node 0 totalpages: 16383
[    0.000000] free_area_init_node: node 0, pgdat 8581dd1c, node_mem_map 858cc024
[    0.000000]   Normal zone: 72 pages used for memmap
[    0.000000]   Normal zone: 0 pages reserved
[    0.000000]   Normal zone: 16311 pages, LIFO batch:3
[    0.000000] Built 1 zonelists in Zone order, mobility grouping on.  Total pages: 16311
[    0.000000] Kernel command line: console=ttyS0,115200n8 earlyprintk=1 hw_config_id=65535
[    0.000000] bootconsole [ruby_early0] enabled
[    0.000000] PID hash table entries: 512 (order: -2, 2048 bytes)
[    0.000000] Dentry cache hash table entries: 16384 (order: 3, 65536 bytes)
[    0.000000] Inode-cache hash table entries: 8192 (order: 2, 32768 bytes)
[    0.000000] Memory: 39392KB available (2154K code,1197K data, 12584K init)
[    0.000000] Hierarchical RCU implementation.
[    0.000000] 	RCU debugfs-based tracing is enabled.
[    0.000000] 	Verbose stalled-CPUs detection is disabled.
[    0.000000] clockevent mode switch to [1]
[    0.000000] clockevent mode switch to [2]
[    0.000000] Calibrating delay loop... 249.03 BogoMIPS (lpj=622592)
[    0.115000] pid_max: default: 4096 minimum: 301
[    0.120000] Mount-cache hash table entries: 1024
[    0.125000] Starting run_ksoftirqd, stack (thread_info) at 85842000 cpu 0
[    0.130000] NET: Registered protocol family 16
[    0.135000] Topaz heap in SRAM 88016780&lt;-&gt;88020000, B2 BASE 17800
[    0.150000] bio: create slab &lt;bio-0&gt; at 0
[    0.155000] watch64: 2003/08/22 Josef 'Jeff' Sipek &lt;jeffpc@xxxxxxxxxxxxx&gt;
[    0.160000] watch64: Enabling Watch64 extensions...done.
[    0.165000] Switching to clocksource ARC Timer1
[    0.175000] NET: Registered protocol family 2
[    0.180000] IP route cache hash table entries: 2048 (order: 0, 8192 bytes)
[    0.185000] TCP established hash table entries: 4096 (order: 2, 32768 bytes)
[    0.190000] TCP bind hash table entries: 4096 (order: 1, 16384 bytes)
[    0.195000] TCP: Hash tables configured (established 4096 bind 4096)
[    0.200000] TCP reno registered
[    0.205000] NET: Registered protocol family 1
[    0.695000] JFFS2 version 2.2. (NAND) © 2001-2006 Red Hat, Inc.
[    0.705000] msgmni has been set to 76
[    0.705000] io scheduler noop registered (default)
[    1.135000] Serial: 8250/16550 driver, 2 ports, IRQ sharing enabled
[    1.145000] serial8250.0: ttyS0 at MMIO 0xf0000000 (irq = 48) is a 16550A
[    1.155000] brd: module loaded
[    1.165000] loop: module loaded
[    1.170000] spi_flash: Force not to support Protect Mode 
[    1.175000] Creating 3 MTD partitions on &quot;spi_flash&quot;:
[    1.180000] 0x000000000000-0x000000005000 : &quot;uboot&quot;
[    1.185000] 0x000000005000-0x00000000b000 : &quot;uboot_env&quot;
[    1.195000] 0x00000000b000-0x000000010000 : &quot;data&quot;
[    1.200000] spi_flash: SPI flash driver initialized successfully!
[    1.205000] ruby_health loading
[    1.205000] HBM pool: emac rx 0x0 to 0x8000, wmac rx 0x8000 to 0xa000
[    1.720000] HBM meta: emac rx 0x63c040 to 0x6bc040, wmac rx 0x6bc080 to 0x6dc080
[    1.725000] topaz_hbm_init_pool_list pool 0 pool_list 0x88000000 bus_range 0x6ec400 to 0x26ec400 sz 4096 count 8192
[    1.725000] topaz_hbm_init_pool_list pool 1 pool_list 0x88008000 bus_range 0x26fc400 to 0x48fc400 sz 17408 count 2048
[    1.725000] topaz_hbm_init_pool_list pool 3 pool_list 0x8800a000 bus_range 0x0 to 0x0 sz 0 count 4096
[    1.730000] topaz_busmon_init success
[    1.735000] topaz_temp_sens_init success
[    1.740000] u32 classifier
[    1.740000]     input device check on
[    1.745000]     Actions configured
[    1.750000] Netfilter messages via NETLINK v0.30.
[    1.755000] nf_conntrack version 0.5.0 (615 buckets, 2460 max)
[    1.760000] ip_tables: (C) 2000-2006 Netfilter Core Team
[    1.765000] TCP cubic registered
[    1.770000] NET: Registered protocol family 10
[    1.775000] NET: Registered protocol family 17
[    1.780000] 802.1Q VLAN Support v1.8 Ben Greear &lt;greearb@candelatech.com&gt;
[    1.785000] All bugs added by David S. Miller &lt;davem@redhat.com&gt;
[    1.790000] turn off boot console ruby_early0
&lt;/pre&gt;&lt;/small&gt;}}

&lt;noinclude&gt;[[Category:Orange]]&lt;/noinclude&gt;</text>
      <sha1>m2khlia4cd00cehk7jxjp51q65lbl5s</sha1>
    </revision>
  </page>