<page>
    <title>OvisLink AirLive WN-200R/Serial info</title>
    <ns>0</ns>
    <id>43239</id>
    <revision>
      <id>276402</id>
      <timestamp>2023-04-11T01:14:33Z</timestamp>
      <contributor>
        <username>DarkShadow</username>
        <id>3096572</id>
      </contributor>
      <comment>add data</comment>
      <origin>276402</origin>
      <model>wikitext</model>
      <format>text/x-wiki</format>
      <text bytes="10949" sha1="20vo1fzlqhvr6k41hap0cm2pw7bis3m" xml:space="preserve">{{navbar|:OvisLink AirLive WN-200R/Serial info|text=Serial info}}
{{SCollapse|dmesg
|&lt;pre&gt;Linux version 2.6.21 (root@apbs) (gcc version 3.3.6) #8 Wed Nov 24 17:55:04 CST 2010                                                 
                                                                                                                                     
 The CPU feqenuce set to 320 MHz                                                                                                     
CPU revision is: 0001964c                                                                                                            
Determined physical RAM map:                                                                                                         
 memory: 01000000 @ 00000000 (usable)                                                                                                
On node 0 totalpages: 4096                                                                                                           
  DMA zone: 32 pages used for memmap                                                                                                 
  DMA zone: 0 pages reserved                                                                                                         
  DMA zone: 4064 pages, LIFO batch:0                                                                                                 
  Normal zone: 0 pages used for memmap                                                                                               
Built 1 zonelists.  Total pages: 4064                                                                                                
Kernel command line: console=ttyS1,57600n8 root=/dev/mtdblock3                                                                       
Primary instruction cache 32kB, physically tagged, 4-way, linesize 32 bytes.                                                         
Primary data cache 16kB, 4-way, linesize 32 bytes.                                                                                   
Synthesized TLB refill handler (20 instructions).                                                                                    
Synthesized TLB load handler fastpath (32 instructions).                                                                             
Synthesized TLB store handler fastpath (32 instructions).                                                                            
Synthesized TLB modify handler fastpath (31 instructions).                                                                           
Cache parity protection disabled                                                                                                     
cause = a0800064, status = 1100ff00                                                                                                  
PID hash table entries: 64 (order: 6, 256 bytes)                                                                                     
calculating r4koff... 00138800(1280000)                                                                                              
CPU frequency 320.00 MHz                                                                                                             
Using 160.000 MHz high precision timer.                                                                                              
Console: colour dummy device 80x25                                                                                                   
Dentry cache hash table entries: 2048 (order: 1, 8192 bytes)                                                                         
Inode-cache hash table entries: 1024 (order: 0, 4096 bytes)
Memory: 13240k/16384k available (2246k kernel code, 3144k reserved, 445k data, 132k init, 0k highmem)
Calibrating delay loop... 212.99 BogoMIPS (lpj=425984)
Mount-cache hash table entries: 512
NET: Registered protocol family 16
NET: Registered protocol family 2
Time: MIPS clocksource has been installed.
IP route cache hash table entries: 1024 (order: 0, 4096 bytes)
TCP established hash table entries: 512 (order: 0, 4096 bytes)
TCP bind hash table entries: 512 (order: -1, 2048 bytes)
TCP: Hash tables configured (established 512 bind 512)
TCP reno registered
squashfs: version 3.2-r2 (2007/01/15) Phillip Lougher
squashfs: LZMA suppport for slax.org by jro
io scheduler noop registered (default)

FLASH_API: **********&lt;&lt;WARNING!!!!&gt;&gt;**************
FLASH_API: Flash Not Support(MAN_ID=C2 DEV_ID=22A8)
FLASH_API: ****************************************
Ralink gpio driver initialized
Serial: 8250/16550 driver $Revision: 1.1.1.1 $ 4 ports, IRQ sharing disabled
serial8250: ttyS0 at I/O 0xb0000500 (irq = 37) is a 16550A
serial8250: ttyS1 at I/O 0xb0000c00 (irq = 12) is a 16550A
PPP generic driver version 2.4.2
PPP Deflate Compression module registered
PPP BSD Compression module registered
NET: Registered protocol family 24
ralink flash device: 0x1000000 at 0x1f000000
Ralink SoC physically mapped flash: Found 1 x16 devices at 0x0 in 16-bit bank
Ralink SoC physically mapped flash: Found an alias at 0x400000 for the chip at 0x0
Ralink SoC physically mapped flash: Found an alias at 0x800000 for the chip at 0x0
Ralink SoC physically mapped flash: Found an alias at 0xc00000 for the chip at 0x0
 Amd/Fujitsu Extended Query Table at 0x0040
number of CFI chips: 1
cfi_cmdset_0002: Disabling erase-suspend-program due to code brokenness.
Creating 4 MTD partitions on &quot;Ralink SoC physically mapped flash&quot;:
0x00000000-0x00030000 : &quot;Bootloader&quot;
0x00030000-0x00040000 : &quot;Config &quot;
0x00040000-0x00160000 : &quot;Kernel&quot;
0x00160000-0x00400000 : &quot;rootfs&quot;
GRE over IPv4 tunneling driver
ip_conntrack version 2.4 (128 buckets, 1024 max) - 232 bytes per conntrack
ip_conntrack_pptp version 3.1 loaded
ip_nat_pptp version 3.0 loaded
ip_tables: (C) 2000-2006 Netfilter Core Team, Type=Linux
ipt_random match loaded
TCP cubic registered
NET: Registered protocol family 1
NET: Registered protocol family 17
802.1Q VLAN Support v1.8 Ben Greear &lt;greearb@candelatech.com&gt;
All bugs added by David S. Miller &lt;davem@redhat.com&gt;
VFS: Mounted root (squashfs filesystem) readonly.
Freeing unused kernel memory: 132k freed
Algorithmics/MIPS FPU Emulator v1.5
GDMA1_MAC_ADRH -- : 0x00000000
GDMA1_MAC_ADRL -- : 0x00000000
Ralink APSoC Ethernet Driver Initilization. v2.00  256 rx/tx descriptors allocated, mtu = 1500!
GDMA1_MAC_ADRH -- : 0x0000000c
GDMA1_MAC_ADRL -- : 0x432880cb
PROC INIT OK!

phy_tx_ring = 0x00846000, tx_ring = 0xa0846000

phy_rx_ring = 0x00000000, rx_ring = 0x00000000
RT305x_ESW: Link Status Changed
CDMA_CSG_CFG = 81000007
GDMA1_FWD_CFG = 710000
eth2.1: add 01:00:5e:00:00:01 mcast address to master interface
eth2.2: add 01:00:5e:00:00:01 mcast address to master interface
eth2.1: dev_set_promiscuity(master, 1)
device eth2 entered promiscuous mode
device eth2.1 entered promiscuous mode
eth2.1: del 01:00:5e:00:00:01 mcast address from vlan interface
eth2.1: del 01:00:5e:00:00:01 mcast address from master interface
eth2.1: Setting MAC address to  00 4f 74 31 74 e6.
eth2.1: add 01:00:5e:00:00:01 mcast address to master interface
br0: port 1(eth2.1) entering learning state
br0: topology change detected, propagating
br0: port 1(eth2.1) entering forwarding state
rt2860v2_ap: module license 'unspecified' taints kernel.


=== pAd = c0020000, size = 500232 ===

&lt;-- RTMPAllocAdapterBlock, Status=0
RX DESC a04e7000  size = 2048
&lt;-- RTMPAllocTxRxRingMemory, Status=0
Key1Str is Invalid key length(0) or Type(0)
Key2Str is Invalid key length(0) or Type(0)
Key3Str is Invalid key length(0) or Type(0)
Key4Str is Invalid key length(0) or Type(0)
1. Phy Mode = 9
2. Phy Mode = 9
FlashRead: 00040000 Out Of Scope 
3. Phy Mode = 9
MCS Set = ff 00 00 00 01
Main bssid = 00:4f:74:31:74:e6
&lt;==== rt28xx_init, Status=0
0x1300 = 00064380
device ra0 entered promiscuous mode
br0: port 2(ra0) entering learning state
br0: topology change detected, propagating
br0: port 2(ra0) entering forwarding state
Raul Debug receive RT_PRIV_IOCTL ... cmd = 0x753

&lt;/pre&gt;}}

{{SCollapse|ps aux
|&lt;pre&gt;
ps aux
  PID  Uid     VmSize Stat Command
    1 root        300 S   init       
    2 root            SWN [ksoftirqd/0]
    3 root            SW&lt; [events/0]
    4 root            SW&lt; [khelper]
    5 root            SW&lt; [kthread]
    6 root            SW&lt; [kblockd/0]
    7 root            SW&lt; [kswapd0]
    8 root            SW  [pdflush]
    9 root            SW  [pdflush]
   10 root            SW&lt; [aio/0]
   11 root            SW  [mtdblockd]
   55 root        280 S   /sbin/klogd 
  117 root            SW  [RtmpCmdQTask]
  118 root            SW  [RtmpWscTask]
  126 root        488 S   /usr/sbin/wscd -m 1 -a 192.168.1.254 -i ra0 
  129 root        488 S   /usr/sbin/wscd -m 1 -a 192.168.1.254 -i ra0 
  130 root        488 S   /usr/sbin/wscd -m 1 -a 192.168.1.254 -i ra0 
  131 root        488 S   /usr/sbin/wscd -m 1 -a 192.168.1.254 -i ra0 
  138 root        488 S   /usr/sbin/wscd -m 1 -a 192.168.1.254 -i ra0 
  140 root        488 S   /usr/sbin/wscd -m 1 -a 192.168.1.254 -i ra0 
  141 root        488 S   /usr/sbin/wscd -m 1 -a 192.168.1.254 -i ra0 
  142 root        488 S   /usr/sbin/wscd -m 1 -a 192.168.1.254 -i ra0 
  150 root        488 S   /usr/sbin/wscd -m 1 -a 192.168.1.254 -i ra0 
  151 root        488 S   /usr/sbin/wscd -m 1 -a 192.168.1.254 -i ra0 
  160 root        268 S   /usr/sbin/mini_httpd -d /usr/www -r WN-200R -c *.cgi 
  165 root        296 S   /usr/sbin/udhcpd /etc/udhcpd.conf 
  172 root        260 S   /usr/sbin/ntp -z GMT+8 
  179 root        280 S   /usr/sbin/crond 
  181 root        124 S   /usr/sbin/scfgmgr 
  184 root        168 S   /usr/sbin/Wan_ctrl 
  185 root        124 S   /usr/sbin/cmd_agent_ap 
  186 root        208 S   /usr/sbin/wizd 
  189 root        280 S   /sbin/syslogd -f /tmp/syslog.conf 
  203 root        204 S   /usr/sbin/pbc_app 
  204 root        280 S   /usr/sbin/led_ctrl 
  205 root        224 S   /usr/sbin/download 
  279 root        712 S   /usr/sbin/upnpd eth2.2 br0 30 4 
  283 root        196 S   init       
  285 root        528 S   /usr/sbin/pppoe-relay -C br0 -S eth2.2 
  286 root        712 S   /usr/sbin/upnpd eth2.2 br0 30 4 
  287 root        712 S   /usr/sbin/upnpd eth2.2 br0 30 4 
  289 root        712 S   /usr/sbin/upnpd eth2.2 br0 30 4 
  291 root        712 S   /usr/sbin/upnpd eth2.2 br0 30 4 
  292 root        712 S   /usr/sbin/upnpd eth2.2 br0 30 4 
  335 root        712 S   /usr/sbin/upnpd eth2.2 br0 30 4 
  365 root        192 S   /usr/sbin/scfgmgr 
 1607 root        380 S   sh -c ps aux  
 1608 root        332 R   ps aux
&lt;/pre&gt;}}

===cat /proc/mtd===
&lt;pre&gt;
cat /proc/mtd
dev:    size   erasesize  name
mtd0: 00030000 00010000 &quot;Bootloader&quot;
mtd1: 00010000 00010000 &quot;Config &quot;
mtd2: 00120000 00010000 &quot;Kernel&quot;
mtd3: 002a0000 00010000 &quot;rootfs&quot;
&lt;/pre&gt;
&lt;noinclude&gt;[[Category:OvisLink]] __NOTOC__&lt;/noinclude&gt;</text>
      <sha1>20vo1fzlqhvr6k41hap0cm2pw7bis3m</sha1>
    </revision>
  </page>