<page>
    <title>Pheenet WAP-654G/Serial info</title>
    <ns>0</ns>
    <id>43298</id>
    <revision>
      <id>277398</id>
      <timestamp>2023-04-21T12:00:30Z</timestamp>
      <contributor>
        <username>DarkShadow</username>
        <id>3096572</id>
      </contributor>
      <comment>add data</comment>
      <origin>277398</origin>
      <model>wikitext</model>
      <format>text/x-wiki</format>
      <text bytes="4171" sha1="oxe56aupvr7dbmeeonsvtr3qbmmf5d0" xml:space="preserve">{{navbar|:Pheenet WAP-654G/Serial info|text=Serial info}}
{{SCollapse|Boot log
|&lt;small&gt;&lt;pre&gt;
UART1 output test ok
Uart init
mfid=000000c2 devid=00002249
Found 1 x 2M flash memory

---RealTek(RTL8186)at 2006.02.20-12:02+0800 version 1.4a [16bit](180MHz)
no sys signature at 00010000!
Jump to image start=0x80350000...
decompressing kernel:
Uncompressing Linux... done, booting the kernel.
done decompressing kernel.
early printk enabled 
Determined physical RAM map:
 memory: 00800000 @ 00000000 (usable)
Initial ramdisk at: 0x80173000 (1843200 bytes)
On node 0 totalpages: 2048
zone(0): 2048 pages.
zone(1): 0 pages.
zone(2): 0 pages.
Kernel command line: root=/dev/ram console=0 ramdisk_start=0 single
Calibrating delay loop... 178.99 BogoMIPS
Memory: 4628k/8192k available (1292k kernel code, 3564k reserved, 
1932k data, 44k init, 0k highmem)
Dentry-cache hash table entries: 1024 (order: 1, 8192 bytes)
Inode-cache hash table entries: 512 (order: 0, 4096 bytes)
Mount-cache hash table entries: 512 (order: 0, 4096 bytes)
Buffer-cache hash table entries: 1024 (order: 0, 4096 bytes)
Page-cache hash table entries: 2048 (order: 1, 8192 bytes)
check_wait... unavailable.
POSIX conformance testing by UNIFIX
Linux NET4.0 for Linux 2.4
Based upon Swansea University Computer Society NET3.039
Initializing RT netlink socket
Starting kswapd
Serial driver version 6.02 (2003-03-12) with no serial options enabled
ttyS00 at 0x00c3 (irq = 3) is a rtl_uart1
state-&gt;flags=00000000
Realtek GPIO Driver for Flash Reload Default
block: 64 slots per queue, batch=16
RAMDISK driver initialized: 16 RAM disks of 4096K size 1024 blocksize
RealTek E-Flash System Driver. (C) 2002 RealTek Corp.
Found 1 x 2M Byte MXIC MX29LV160AB at 0xbe000000
RTL8185 driver version 1.11 (2006-08-01)
8186NIC Ethernet driver v0.0.5 (Mar 3, 2006)
eth0: RTL8186-NIC at 0xbd200000, 00:01:02:03:04:05, IRQ 4
eth1: RTL8186-NIC at 0xbd300000, 04:05:06:07:08:09, IRQ 5
NET4: Linux TCP/IP 1.0 for NET4.0
IP Protocols: ICMP, UDP, TCP
IP: routing cache hash table of 512 buckets, 4Kbytes
TCP: Hash tables configured (established 512 bind 1024)
NET4: Unix domain sockets 1.0/SMP for Linux NET4.0.
NET4: Ethernet Bridge 008 for NET4.0
RAMDISK: ext2 filesystem found at block 0
RAMDISK: Loading 1800 blocks [1 disk] into ram disk... done.
Freeing initrd memory: 1800k freed
VFS: Mounted root (ext2 filesystem).
Freeing unused kernel memory: 44k freed
mount /proc file system ok!
serial console detected.  Disabling virtual terminals.
init started:  BusyBox v1.00-pre8 (2005.09.16-02:17+0000) multi-call binary

BusyBox v1.00-pre8 (2005.09.16-02:17+0000) Built-in shell (msh)
Enter 'help' for a list of built-in commands.

Initialize wlan0 interface
killall: syslogd: no process killed
killall: klogd: no process killed
SIOCGIFFLAGS: No such device
bridge br0 doesn't exist; can't delete it
Setup bridge...
device eth0 entered promiscuous mode
eth0:phy is 8201
SIOCDELRT: No such process
device wlan0 entered promiscuous mode
SIOCDELRT: No such process
br0: port 2(wlan0) entering listening state
br0: port 1(eth0) entering listening state
br0: port 2(wlan0) entering learning state
br0: port 2(wlan0) entering forwarding state
br0: topology change detected, propagating
br0: port 1(eth0) entering learning state
br0: port 1(eth0) entering forwarding state
br0: topology change detected, propagating
SIOCDELRT: No such process
SIOCDELRT: No such process
Auto-Discovery (ver 1.01) 
342
343
# auth uses obsolete (PF_INET,SOCK_PACKET)
IEEE 802.1x (WPA) daemon, version 1.7b
&lt;/pre&gt;&lt;/small&gt;}}
&lt;small&gt;&lt;pre&gt;
# cat /proc/version 
Linux version 2.4.18-MIPS-01.00 (root@lnx103) 
(gcc version 3.3.3) #5 Thu Aug 10 13:14:01 CST 2006

# cat /proc/cpuinfo
system type             : Philips Nino
processor               : 0
cpu model               : R3000 V0.0
BogoMIPS                : 178.99
wait instruction        : no
microsecond timers      : no
tlb_entries             : 64
extra interrupt vector  : no
hardware watchpoint     : no
VCED exceptions         : not available
VCEI exceptions         : not available
ll emulations           : 0
sc emulations           : 0
&lt;/pre&gt;&lt;/small&gt;
&lt;noinclude&gt;[[Category:Pheenet]]&lt;/noinclude&gt;</text>
      <sha1>oxe56aupvr7dbmeeonsvtr3qbmmf5d0</sha1>
    </revision>
  </page>