<page>
    <title>SerComm S3/Serial info</title>
    <ns>0</ns>
    <id>39196</id>
    <revision>
      <id>352169</id>
      <parentid>137994</parentid>
      <timestamp>2024-03-02T11:33:29Z</timestamp>
      <contributor>
        <username>DarkShadow</username>
        <id>3096572</id>
      </contributor>
      <comment>fixed:)</comment>
      <origin>352169</origin>
      <model>wikitext</model>
      <format>text/x-wiki</format>
      <text bytes="29848" sha1="mg07k8sttdqaus0w3boiwf3drexhbsh" xml:space="preserve">{{navbar|:SerComm S3/Serial info|text=Serial info}}
{{SCollapse|Bootlog â€¢ &gt;&gt;
|&lt;small&gt;&lt;pre&gt;
===================================================================
                MT7621   stage1 code 10:33:11 (ASIC)
                CPU=50000000 HZ BUS=16666666 HZ
==================================================================
Change MPLL source from XTAL to CR...
do MEMPLL setting..
MEMPLL Config : 0x11100000
3PLL mode + External loopback
=== XTAL-40Mhz === DDR-1200Mhz ===
PLL2 FB_DL: 0x7, 1/0 = 582/442 1D000000
PLL4 FB_DL: 0xf, 1/0 = 629/395 3D000000
PLL3 FB_DL: 0x11, 1/0 = 590/434 45000000
do DDR setting..[00320381]
Apply DDR3 Setting...(use customer AC)
          0    8   16   24   32   40   48   56   64   72   80   88   96  104  112  120
      --------------------------------------------------------------------------------
0000:|    0    0    0    0    0    0    0    0    0    0    0    0    0    0    0    0
0001:|    0    0    0    0    0    0    0    0    0    0    0    0    0    0    0    0
0002:|    0    0    0    0    0    0    0    0    0    0    0    0    0    0    0    0
0003:|    0    0    0    0    0    0    0    0    0    0    0    0    0    0    0    0
0004:|    0    0    0    0    0    0    0    0    0    0    0    0    0    0    0    0
0005:|    0    0    0    0    0    0    0    0    0    0    0    0    0    0    0    0
0006:|    0    0    0    0    0    0    0    0    0    0    0    0    0    0    0    0
0007:|    0    0    0    0    0    0    0    0    0    0    0    0    0    0    0    0
0008:|    0    0    0    0    0    0    0    0    0    0    0    0    0    0    0    0
0009:|    0    0    0    0    0    0    0    0    0    0    0    0    0    0    0    0
000A:|    0    0    0    0    0    0    0    0    0    0    0    0    0    0    0    0
000B:|    0    0    0    0    0    0    0    0    0    0    0    0    0    0    0    0
000C:|    0    0    0    0    0    0    0    0    0    0    0    0    0    0    0    0
000D:|    0    0    0    0    0    0    0    0    0    0    0    0    0    0    0    1
000E:|    0    0    0    0    0    0    0    0    0    1    1    1    1    1    1    1
000F:|    0    0    0    0    1    1    1    1    1    1    1    1    1    1    1    0
0010:|    1    1    1    1    1    1    1    1    1    0    0    0    0    0    0    0
0011:|    1    1    1    1    0    0    0    0    0    0    0    0    0    0    0    0
0012:|    0    0    0    0    0    0    0    0    0    0    0    0    0    0    0    0
0013:|    0    0    0    0    0    0    0    0    0    0    0    0    0    0    0    0
0014:|    0    0    0    0    0    0    0    0    0    0    0    0    0    0    0    0
0015:|    0    0    0    0    0    0    0    0    0    0    0    0    0    0    0    0
0016:|    0    0    0    0    0    0    0    0    0    0    0    0    0    0    0    0
0017:|    0    0    0    0    0    0    0    0    0    0    0    0    0    0    0    0
0018:|    0    0    0    0    0    0    0    0    0    0    0    0    0    0    0    0
0019:|    0    0    0    0    0    0    0    0    0    0    0    0    0    0    0    0
001A:|    0    0    0    0    0    0    0    0    0    0    0    0    0    0    0    0
001B:|    0    0    0    0    0    0    0    0    0    0    0    0    0    0    0    0
001C:|    0    0    0    0    0    0    0    0    0    0    0    0    0    0    0    0
001D:|    0    0    0    0    0    0    0    0    0    0    0    0    0    0    0    0
001E:|    0    0    0    0    0    0    0    0    0    0    0    0    0    0    0    0
001F:|    0    0    0    0    0    0    0    0    0    0    0    0    0    0    0    0
rank 0 coarse = 15
rank 0 fine = 72
B:|    0    0    0    0    0    0    0    0    1    1    1    0    0    0    0    0
opt_dle value:9
DRAMC_R0DELDLY[018]=00001F1E
==================================================================
                RX      DQS perbit delay software calibration 
==================================================================
1.0-15 bit dq delay value
==================================================================
bit|     0  1  2  3  4  5  6  7  8  9
--------------------------------------
0 |    12 7 13 9 12 6 12 2 3 9 
10 |    6 13 6 9 5 10 
--------------------------------------

==================================================================
2.dqs window
x=pass dqs delay value (min~max)center 
y=0-7bit DQ of every group
input delay:DQS0 =30 DQS1 = 31
==================================================================
bit     DQS0     bit      DQS1
0  (1~59)30  8  (1~56)28
1  (2~57)29  9  (2~60)31
2  (1~59)30  10  (3~60)31
3  (1~58)29  11  (2~58)30
4  (1~60)30  12  (1~60)30
5  (1~58)29  13  (0~58)29
6  (1~60)30  14  (1~60)30
7  (0~59)29  15  (1~56)28
==================================================================
3.dq delay value last
==================================================================
bit|    0  1  2  3  4  5  6  7  8   9
--------------------------------------
0 |    12 8 13 10 12 7 12 3 6 9 
10 |    6 14 7 11 6 13 
==================================================================
==================================================================
     TX  perbyte calibration 
==================================================================
DQS loop = 15, cmp_err_1 = ffff0000 
dqs_perbyte_dly.last_dqsdly_pass[0]=15,  finish count=1 
dqs_perbyte_dly.last_dqsdly_pass[1]=15,  finish count=2 
DQ loop=15, cmp_err_1 = ffff0000
dqs_perbyte_dly.last_dqdly_pass[0]=15,  finish count=1 
dqs_perbyte_dly.last_dqdly_pass[1]=15,  finish count=2 
byte:0, (DQS,DQ)=(8,8)
byte:1, (DQS,DQ)=(8,8)
20,data:88
[EMI] DRAMC calibration passed

===================================================================
                MT7621   stage1 code done 
                CPU=50000000 HZ BUS=16666666 HZ
===================================================================


U-Boot 1.1.3 (Mar  4 2020 - 17:12:16)

Board: Ralink APSoC DRAM:  256 MB
rt2880 uboot v0.00e04 05/25/2006
SERIAL_CLOCK_DIVISOR =16 
kaiker,,CONFIG_BAUDRATE =57600 
SDRAM SIZE:10000000
Top of RAM usable for U-Boot at: 90000000
Reserving 425k for U-Boot at: 8ff94000
Reserving 1028k for malloc() at: 8fe93000
Reserving 44 Bytes for Board Info at: 8fe92fd4
Reserving 36 Bytes for Global Data at: 8fe92fb0
Reserving 128k for boot params() at: 8fe72fb0
Stack Pointer at: 8fe72f98
relocate_code Pointer at: 8ff94000

Config XHCI 40M PLL 
Now running in RAM - U-Boot at: 8ff94000

 monitor_flash_len =116812 
Command &quot;mdio&quot;: 0xa0206984 =&gt; 0x8ff9a984
Command &quot;nand&quot;: 0xa020c2bc =&gt; 0x8ffa02bc
Command &quot;reset&quot;: 0xa0215cec =&gt; 0x8ffa9cec
Command &quot;go&quot;: 0xa020dc68 =&gt; 0x8ffa1c68
Command &quot;bootm&quot;: 0xa020e4c4 =&gt; 0x8ffa24c4
Command &quot;loadb&quot;: 0xa020f184 =&gt; 0x8ffa3184
Command &quot;tftpboot&quot;: 0xa020f7b4 =&gt; 0x8ffa37b4
Command &quot;nm&quot;: 0xa020fe40 =&gt; 0x8ffa3e40
Command &quot;mm&quot;: 0xa020fea4 =&gt; 0x8ffa3ea4
Command &quot;md&quot;: 0xa020ff08 =&gt; 0x8ffa3f08
Command &quot;saveenv&quot;: 0xa0210480 =&gt; 0x8ffa4480
Command &quot;setenv&quot;: 0xa0210df0 =&gt; 0x8ffa4df0
Command &quot;printenv&quot;: 0xa02104d0 =&gt; 0x8ffa44d0
Command &quot;?&quot;: 0xa02110c4 =&gt; 0x8ffa50c4
Command &quot;help&quot;: 0xa02110c4 =&gt; 0x8ffa50c4
Command &quot;version&quot;: 0xa0210f84 =&gt; 0x8ffa4f84
Command &quot;sc_boot&quot;: 0xa0213d30 =&gt; 0x8ffa7d30
Command &quot;sc_nand&quot;: 0xa0213d68 =&gt; 0x8ffa7d68
Command &quot;sc_eth_test&quot;: 0xa0213da4 =&gt; 0x8ffa7da4
Command &quot;sc_phy&quot;: 0xa0213de0 =&gt; 0x8ffa7de0
Command &quot;sc_time&quot;: 0xa0213e1c =&gt; 0x8ffa7e1c
Command &quot;sc_btver&quot;: 0xa0213e54 =&gt; 0x8ffa7e54
Command &quot;sc_fl_map&quot;: 0xa0213e90 =&gt; 0x8ffa7e90
Command &quot;sc_endian&quot;: 0xa0213ecc =&gt; 0x8ffa7ecc
Command &quot;sc_gpio&quot;: 0xa0213f08 =&gt; 0x8ffa7f08
Command &quot;sc_led&quot;: 0xa0213f44 =&gt; 0x8ffa7f44
Command &quot;sc_dl&quot;: 0xa0213f80 =&gt; 0x8ffa7f80
Allocate 16 byte aligned buffer: 8ffca410
Enable NFI Clock
# MTK NAND # : Use HW ECC
NAND ID [C2 F1 80 95 02]
Device found in MTK table, ID: c2f1, EXT_ID: 809502
Support this Device in MTK table! c2f1 
select_chip
[NAND]select ecc bit:4, sparesize :64 spare_per_sector=16
Signature matched and data read!
load_fact_bbt success 1023
load fact bbt success
[mtk_nand] probe successfully!
mtd-&gt;writesize=2048 mtd-&gt;oobsize=64,    mtd-&gt;erasesize=131072  devinfo.iowidth=8
*** Warning - bad CRC, using default environment

icache: sets:256, ways:4, linesz:32 ,total:32768
dcache: sets:256, ways:4, linesz:32 ,total:32768 

 ##### The CPU freq = 880 MHZ #### 
 estimate memory size =256 Mbytes
#Reset_MT7530
set LAN/WAN WLLLL

Load Standalone from 40000
SC_DEBUG: Nand Partition Table Magic Found at 100000.

******************************************
    Uboot StandAlone Entry
******************************************
GPIO init
*********************************************************
      Press any key to enter Boot Command Interface      
*********************************************************
 0 
SC_DEBUG: Nand Partition Table Magic Found at 100000.

******************************************
    Uboot StandAlone Entry
******************************************

***************************************************
     Boot Version 0.2.1.0, at Mar  4 2020, 17:12:13

***************************************************
SC_DEBUG: Nand Partition Table Magic Found at 100000.
Entering Firmware : Everything is OK.

*************************************
Boot Flag : Sercomm1
*************************************
Fw header Magic check OK!
FW header checksum should: 0x67ed9adf, crc32 result: 0x67ed9adf, Fw header CRC check OK!
kernel : real offset: 0x00a00100, data length: 0x003b772b,checksum :0xcd873b74
kernel result: 0xcd873b74, kernel check sum ok!
rootfs:  real offset: 0x03000000, data length: 0x00ea4000, checksum :0xa0bc104a
rootfs result: 0xa0bc104a, rootfs check sum ok!
Kernel Addr : 0xbca00100
## Booting image at bca00100 ...
   Image Name:   Linux Kernel Image
   Image Type:   MIPS Linux Kernel Image (lzma compressed)
   Data Size:    3897067 Bytes =  3.7 MB
   Load Address: 81001000
   Entry Point:  81721b00
   Verifying Checksum ... OK
   Uncompressing Kernel Image ... OK
kernel addr :0xBCA00100 
No initrd
## Transferring control to Linux (at address 81721b00) ...
## Giving linux memsize in MB, 256

Starting kernel ...


LINUX started...

 THIS IS ASIC

SDK 5.0.S.0
Linux version 3.10.14 (scof@ubuntu) (gcc version 4.6.3 (Buildroot 2012.11.1) ) #1 SMP Sun Sep 27 05:34:50 MSK 2020

 The CPU feqenuce set to 880 MHz
GCMP present
CPU0 revision is: 0001992f (MIPS 1004Kc)
Software DMA cache coherency
Determined physical RAM map:
 memory: 0fffc000 @ 00000000 (usable)
 memory: 00004000 @ 0fffc000 (reserved)
Zone ranges:
  DMA      [mem 0x00000000-0x00ffffff]
  Normal   [mem 0x01000000-0x0fffbfff]
Movable zone start for each node
Early memory node ranges
  node   0: [mem 0x00000000-0x0fffbfff]
Detected 3 available secondary CPU(s)
Primary instruction cache 32kB, 4-way, VIPT, linesize 32 bytes.
Primary data cache 32kB, 4-way, PIPT, no aliases, linesize 32 bytes
MIPS secondary cache 256kB, 8-way, linesize 32 bytes.
PERCPU: Embedded 7 pages/cpu @81d5e000 s6720 r8192 d13760 u32768
Built 1 zonelists in Zone order, mobility grouping on.  Total pages: 65020
Kernel command line: console=ttyS1,57600n8 root=/dev/mtdblock5 rootfstype=squashfs
PID hash table entries: 1024 (order: 0, 4096 bytes)
Dentry cache hash table entries: 32768 (order: 5, 131072 bytes)
Inode-cache hash table entries: 16384 (order: 4, 65536 bytes)
Writing ErrCtl register=00000002
Readback ErrCtl register=00000002
Memory: 248120k/262128k available (7341k kernel code, 14008k reserved, 3137k data, 268k init, 0k highmem)
SLUB: HWalign=64, Order=0-3, MinObjects=0, CPUs=4, Nodes=1
Hierarchical RCU implementation.
NR_IRQS:128
console [ttyS1] enabled
Calibrating delay loop... 577.53 BogoMIPS (lpj=1155072)
pid_max: default: 32768 minimum: 301
Mount-cache hash table entries: 512
launch: starting cpu1
launch: cpu1 gone!
CPU1 revision is: 0001992f (MIPS 1004Kc)
Primary instruction cache 32kB, 4-way, VIPT, linesize 32 bytes.
Primary data cache 32kB, 4-way, PIPT, no aliases, linesize 32 bytes
MIPS secondary cache 256kB, 8-way, linesize 32 bytes.
Synchronize counters for CPU 1: done.
launch: starting cpu2
launch: cpu2 gone!
CPU2 revision is: 0001992f (MIPS 1004Kc)
Primary instruction cache 32kB, 4-way, VIPT, linesize 32 bytes.
Primary data cache 32kB, 4-way, PIPT, no aliases, linesize 32 bytes
MIPS secondary cache 256kB, 8-way, linesize 32 bytes.
Synchronize counters for CPU 2: done.
launch: starting cpu3
launch: cpu3 gone!
CPU3 revision is: 0001992f (MIPS 1004Kc)
Primary instruction cache 32kB, 4-way, VIPT, linesize 32 bytes.
Primary data cache 32kB, 4-way, PIPT, no aliases, linesize 32 bytes
MIPS secondary cache 256kB, 8-way, linesize 32 bytes.
Synchronize counters for CPU 3: done.
Brought up 4 CPUs
devtmpfs: initialized
NET: Registered protocol family 16
release PCIe RST: RALINK_RSTCTRL = 7000000
PCIE PHY initialize
***** Xtal 40MHz *****
start MT7621 PCIe register access
RALINK_RSTCTRL = 7000000
RALINK_CLKCFG1 = 77ffeff8

*************** MT7621 PCIe RC mode *************
PCIE2 no card, disable it(RST&amp;CLK)
pcie_link status = 0x3
RALINK_RSTCTRL= 3000000
*** Configure Device number setting of Virtual PCI-PCI bridge ***
RALINK_PCI_PCICFG_ADDR = 21007f2 -&gt; 21007f2
PCIE0 enabled
PCIE1 enabled
interrupt enable status: 300000
Port 1 N_FTS = 1b105000
Port 0 N_FTS = 1b105000
config reg done
init_rt2880pci done
bio: create slab &lt;bio-0&gt; at 0
SCSI subsystem initialized
usbcore: registered new interface driver usbfs
usbcore: registered new interface driver hub
usbcore: registered new device driver usb
PCI host bridge to bus 0000:00
pci_bus 0000:00: root bus resource [mem 0x60000000-0x6fffffff]
pci_bus 0000:00: root bus resource [io  0x1e160000-0x1e16ffff]
pci_bus 0000:00: No busn resource found for root bus, will use [bus 00-ff]
pci 0000:00:00.0: bridge configuration invalid ([bus 00-00]), reconfiguring
pci 0000:00:01.0: bridge configuration invalid ([bus 00-00]), reconfiguring
pci 0000:00:00.0: BAR 0: can't assign mem (size 0x80000000)
pci 0000:00:01.0: BAR 0: can't assign mem (size 0x80000000)
pci 0000:00:00.0: BAR 8: assigned [mem 0x60000000-0x600fffff]
pci 0000:00:01.0: BAR 8: assigned [mem 0x60100000-0x601fffff]
pci 0000:00:00.0: BAR 1: assigned [mem 0x60200000-0x6020ffff]
pci 0000:00:01.0: BAR 1: assigned [mem 0x60210000-0x6021ffff]
pci 0000:01:00.0: BAR 0: assigned [mem 0x60000000-0x600fffff 64bit]
pci 0000:00:00.0: PCI bridge to [bus 01]
pci 0000:00:00.0:   bridge window [mem 0x60000000-0x600fffff]
pci 0000:02:00.0: BAR 0: assigned [mem 0x60100000-0x601fffff]
pci 0000:00:01.0: PCI bridge to [bus 02]
pci 0000:00:01.0:   bridge window [mem 0x60100000-0x601fffff]
PCI: Enabling device 0000:00:00.0 (0004 -&gt; 0006)
PCI: Enabling device 0000:00:01.0 (0004 -&gt; 0006)
BAR0 at slot 0 = 0
bus=0x0, slot = 0x0
res[0]-&gt;start = 0
res[0]-&gt;end = 0
res[1]-&gt;start = 60200000
res[1]-&gt;end = 6020ffff
res[2]-&gt;start = 0
res[2]-&gt;end = 0
res[3]-&gt;start = 0
res[3]-&gt;end = 0
res[4]-&gt;start = 0
res[4]-&gt;end = 0
res[5]-&gt;start = 0
res[5]-&gt;end = 0
BAR0 at slot 1 = 0
bus=0x0, slot = 0x1
res[0]-&gt;start = 0
res[0]-&gt;end = 0
res[1]-&gt;start = 60210000
res[1]-&gt;end = 6021ffff
res[2]-&gt;start = 0
res[2]-&gt;end = 0
res[3]-&gt;start = 0
res[3]-&gt;end = 0
res[4]-&gt;start = 0
res[4]-&gt;end = 0
res[5]-&gt;start = 0
res[5]-&gt;end = 0
bus=0x1, slot = 0x0, irq=0x4
res[0]-&gt;start = 60000000
res[0]-&gt;end = 600fffff
res[1]-&gt;start = 0
res[1]-&gt;end = 0
res[2]-&gt;start = 0
res[2]-&gt;end = 0
res[3]-&gt;start = 0
res[3]-&gt;end = 0
res[4]-&gt;start = 0
res[4]-&gt;end = 0
res[5]-&gt;start = 0
res[5]-&gt;end = 0
bus=0x2, slot = 0x1, irq=0x18
res[0]-&gt;start = 60100000
res[0]-&gt;end = 601fffff
res[1]-&gt;start = 0
res[1]-&gt;end = 0
res[2]-&gt;start = 0
res[2]-&gt;end = 0
res[3]-&gt;start = 0
res[3]-&gt;end = 0
res[4]-&gt;start = 0
res[4]-&gt;end = 0
res[5]-&gt;start = 0
res[5]-&gt;end = 0
Switching to clocksource MIPS
NET: Registered protocol family 2
TCP established hash table entries: 2048 (order: 2, 16384 bytes)
TCP bind hash table entries: 2048 (order: 2, 16384 bytes)
TCP: Hash tables configured (established 2048 bind 2048)
TCP: reno registered
UDP hash table entries: 256 (order: 1, 8192 bytes)
UDP-Lite hash table entries: 256 (order: 1, 8192 bytes)
NET: Registered protocol family 1
4 CPUs re-calibrate udelay(lpj = 1167360)
squashfs: version 4.0 (2009/01/31) Phillip Lougher
NTFS driver 2.1.30 [Flags: R/W].
fuse init (API version 7.22)
msgmni has been set to 484
io scheduler noop registered (default)
reg_int_mask=0, INT_MASK= 0 
HSDMA_init

 hsdma_phy_tx_ring0 = 0x00c00000, hsdma_tx_ring0 = 0xa0c00000

 hsdma_phy_rx_ring0 = 0x00c04000, hsdma_rx_ring0 = 0xa0c04000
TX_CTX_IDX0 = 0
TX_DTX_IDX0 = 0
RX_CRX_IDX0 = 3ff
RX_DRX_IDX0 = 0
set_fe_HSDMA_glo_cfg
HSDMA_GLO_CFG = 465
Serial: 8250/16550 driver, 4 ports, IRQ sharing disabled
serial8250: ttyS0 at MMIO 0x1e000d00 (irq = 27) is a 16550A
serial8250: ttyS1 at MMIO 0x1e000c00 (irq = 26) is a 16550A
serial8250: ttyS2 at MMIO 0x1e000e00 (irq = 28) is a 16550A
brd: module loaded
MediaTek Nand driver init, version v2.1 Fix AHB virt2phys error
Allocate 16 byte aligned buffer: 81a97e00
Enable NFI Clock
# MTK NAND # : Use HW ECC
NAND ID [C2 F1 80 95 02, 00809502]
Device found in MTK table, ID: c2f1, EXT_ID: 809502
alloctare : (mtd-&gt;writesize + mtd-&gt;oobsize) * page_per_block is 135168
Support this Device in MTK table! c2f1 
NAND device: Manufacturer ID: 0xc2, Chip ID: 0xf1 (Macronix NAND 128MiB 3,3V 8-bit), 128MiB, page size: 2048, OOB size: 64
[NAND]select ecc bit:4, sparesize :64 spare_per_sector=16
Scanning device for bad blocks
Signature matched and data read!
load_fact_bbt success 1023
00 00 00 00 00 00 00 00 00 00 00 00 00 00 00 00 00 00 00 00 00 00 00 00 00 00 00 00 00 00 00 00 
00 00 00 00 00 00 00 00 00 00 00 00 00 00 00 00 00 00 00 00 00 00 00 00 00 00 00 00 00 00 00 00 
00 00 00 00 00 00 00 00 00 00 00 00 00 00 00 00 00 00 00 00 00 00 00 00 00 00 00 00 00 00 00 00 
00 00 00 00 00 00 00 00 00 00 00 00 00 00 00 00 00 00 00 00 00 00 00 00 00 00 00 00 00 00 00 00 
00 00 00 00 00 00 00 00 00 00 00 00 00 00 00 00 00 00 00 00 00 00 00 00 00 00 00 00 00 00 00 00 
00 00 00 00 00 00 00 00 00 00 00 00 00 00 00 00 00 00 00 00 00 00 00 00 00 00 00 00 00 00 00 00 
00 00 00 00 00 00 00 00 00 00 00 00 00 00 00 00 00 00 00 00 00 00 00 00 00 00 00 00 00 00 00 00 
00 00 00 00 00 00 00 00 00 00 00 00 00 00 00 00 00 00 00 00 00 00 00 00 00 00 00 00 00 00 00 00 
page: 200
Found dynamic partition map at 100000:
page: 201
        &lt;0&gt; offset: 00000000, length: 00100000
page: 201
        &lt;1&gt; offset: 00100000, length: 00100000
page: 201
        &lt;2&gt; offset: 00200000, length: 00100000
page: 201
        &lt;3&gt; offset: 00300000, length: 00100000
page: 201
        &lt;4&gt; offset: 00400000, length: 00600000
page: 201
        &lt;5&gt; offset: 00A00000, length: 00600000
page: 201
        &lt;6&gt; offset: 01000000, length: 02000000
page: 201
        &lt;7&gt; offset: 03000000, length: 02000000
page: 201
        &lt;8&gt; offset: 05000000, length: 01400000
page: 201
        &lt;9&gt; offset: 06400000, length: 01B80000
Creating 10 MTD partitions on &quot;MT7621-NAND&quot;:
0x000000000000-0x000000100000 : &quot;Boot Loader&quot;
0x000000100000-0x000000200000 : &quot;dynamic partition map&quot;
0x000000200000-0x000000300000 : &quot;Factory&quot;
0x000000300000-0x000000400000 : &quot;Boot Flag&quot;
0x000000400000-0x000000a00000 : &quot;Kernel 1&quot;
0x000000a00000-0x000001000000 : &quot;Kernel 2&quot;
0x000001000000-0x000003000000 : &quot;File System 1&quot;
0x000003000000-0x000005000000 : &quot;File System 2&quot;
0x000005000000-0x000006400000 : &quot;Configuration/log&quot;
0x000006400000-0x000007f80000 : &quot;Debug (Ftool)&quot;
[mtk_nand] probe successfully!
PPP generic driver version 2.4.2
PPP BSD Compression module registered
PPP MPPE Compression module registered
NET: Registered protocol family 24
PPTP driver version 0.8.5
register mt_drv

== pAd = c0181000, size = 5763200, Status=0 ==
pAd-&gt;PciHif.CSRBaseAddress =0xc0080000, csr_addr=0xc0080000!
RTMPInitPCIeDevice():device_id=0x7615
mt_pci_chip_cfg(): HWVer=0x8a10, FWVer=0x8a10, pAd-&gt;ChipID=0x7615
mt_pci_chip_cfg(): HIF_SYS_REV=0x76150001
AP Driver version-5.0.4.0
RtmpChipOpsHook(223): Not support for HIF_MT yet! MACVersion=0x0
mt7615_init()--&gt;
Use 1st iPAiLNA default bin.
Use 0st /etc_ro/wlan/MT7615E_EEPROM1.bin default bin.
&lt;--mt7615_init()
&lt;-- RTMPAllocTxRxRingMemory, Status=0
rdm_major = 253
set CLK_CFG_0 = 0x40a00020!!!!!!!!!!!!!!!!!!1
GMAC1_MAC_ADRH -- : 0x0000000c
GMAC1_MAC_ADRL -- : 0x43288071
Ralink APSoC Ethernet Driver Initilization. v3.1  4096 rx/tx descriptors allocated, mtu = 1500!
set CLK_CFG_0 = 0x40a00020!!!!!!!!!!!!!!!!!!1
GMAC1_MAC_ADRH -- : 0x0000000c
GMAC1_MAC_ADRL -- : 0x43288091
&lt;0&gt;  !! create link_status PROC !!!!!
PROC INIT OK!
usbcore: registered new interface driver catc
usbcore: registered new interface driver kaweth
pegasus: v0.9.3 (2013/04/25), Pegasus/Pegasus II USB Ethernet driver
usbcore: registered new interface driver pegasus
usbcore: registered new interface driver rtl8150
usbcore: registered new interface driver r8152
usbcore: registered new interface driver asix
usbcore: registered new interface driver ax88179_178a
usbcore: registered new interface driver cdc_ether
usbcore: registered new interface driver cdc_eem
usbcore: registered new interface driver dm9601
usbcore: registered new interface driver smsc75xx
usbcore: registered new interface driver smsc95xx
usbcore: registered new interface driver gl620a
usbcore: registered new interface driver net1080
usbcore: registered new interface driver plusb
usbcore: registered new interface driver rndis_host
usbcore: registered new interface driver cdc_subset
usbcore: registered new interface driver zaurus
usbcore: registered new interface driver MOSCHIP usb-ethernet driver
usbcore: registered new interface driver int51x1
usbcore: registered new interface driver kalmia
usbcore: registered new interface driver ipheth
usbcore: registered new interface driver sierra_net
usbcore: registered new interface driver cx82310_eth
usbcore: registered new interface driver cdc_ncm
usbcore: registered new interface driver lg-vl600
usbcore: registered new interface driver qmi_wwan
usbcore: registered new interface driver cdc_mbim
ehci_hcd: USB 2.0 'Enhanced' Host Controller (EHCI) Driver
ehci-pci: EHCI PCI platform driver
ohci_hcd: USB 1.1 'Open' Host Controller (OHCI) Driver
uhci_hcd: USB Universal Host Controller Interface driver
usbcore: registered new interface driver cdc_acm
cdc_acm: USB Abstract Control Model driver for USB modems and ISDN adapters
usbcore: registered new interface driver usblp
usbcore: registered new interface driver cdc_wdm
usbcore: registered new interface driver usb-storage
Ralink APSoC Hardware Watchdog Timer
Init Ingress Classify module ...
GACT probability on
Mirror/redirect action on
Failed to load ipt action
u32 classifier
    Performance counters on
    Actions configured
Netfilter messages via NETLINK v0.30.
nf_conntrack version 0.5.0 (3876 buckets, 15504 max)
ctnetlink v0.93: registering with nfnetlink.
NF_TPROXY: Transparent proxy support initialized, version 4.1.0
NF_TPROXY: Copyright (c) 2006-2007 BalaBit IT Ltd.
gre: GRE over IPv4 demultiplexor driver
ip_tables: (C) 2000-2006 Netfilter Core Team
Type=Linux
arp_tables: (C) 2002 David S. Miller
TCP: cubic registered
NET: Registered protocol family 10
ip6_tables: (C) 2000-2006 Netfilter Core Team
NET: Registered protocol family 17
l2tp_core: L2TP core driver, V2.0
l2tp_ppp: PPPoL2TP kernel driver, V2.0
8021q: 802.1Q VLAN Support v1.8
Sercomm dual images: bootflag=Sercomm1, choose /dev/mtdblock7 as rootfs
VFS: Mounted root (squashfs filesystem) readonly on device 31:7.
devtmpfs: mounted
Freeing unused kernel memory: 268K (81a3d000 - 81a80000)
init started: BusyBox v1.15.3 ()
starting pid 52, tty '': '/etc/rcS'
mount: mounting usbfs on /proc/bus/usb failed: No such file or directory
register rlt_drv


=== pAd = c0e01000, size = 2224152 ===

&lt;-- RTMPAllocTxRxRingMemory, Status=0, ErrorValue=0x
&lt;-- RTMPAllocAdapterBlock, Status=0
pAd-&gt;CSRBaseAddress =0xc0d00000, csr_addr=0xc0d00000!
device_id =0x7603
RtmpChipOpsHook(474): Not support for HIF_MT yet!
mt7603_init()--&gt;
mt_bcn_buf_init(224): Not support for HIF_MT yet!
&lt;--mt7603_init()
load_dev_l1profile()--&gt;
match_index_by_chipname() MT7603 found as INDEX0
l1set_profile_path() profile remain /etc/Wireless/RT2860/RT2860.dat
l1set_eeprom_offset() eeprom offset remain 0x0
l1set_eeprom_size() eeprom size remain 0x200
l1set_ifname() ifname rename from ra0 to ra
l1set_ifname() ifname remain ra
l1set_ifname() ifname remain ra
l1set_ifname() ifname remain apcli
hal_wd: module license 'sercomm' taints kernel.
Disabling lock debugging due to kernel taint
Init system monitor...
Sercomm HWIO Driver: loaded successfully
nnat46: module (version Sep 27 2020 06:28:44) loaded.
UBI: attaching mtd8 to ubi8
UBI: scanning is finished
UBI: attached mtd8 (name &quot;Configuration/log&quot;, size 20 MiB) to ubi8
UBI: PEB size: 131072 bytes (128 KiB), LEB size: 126976 bytes
UBI: min./max. I/O unit sizes: 2048/2048, sub-page size 2048
UBI: VID header offset: 2048 (aligned 2048), data offset: 4096
UBI: good PEBs: 160, bad PEBs: 0, corrupted PEBs: 0
UBI: user volume: 1, internal volumes: 1, max. volumes count: 128
UBI: max/mean erase counter: 1/0, WL threshold: 4096, image sequence number: 511456887
UBI: available PEBs: 0, total reserved PEBs: 160, PEBs reserved for bad PEB handling: 20
UBI: background thread &quot;ubi_bgt8d&quot; started, PID 100
UBI device number 8, total 160 LEBs (20316160 bytes, 19.4 MiB), UBIFS: background thread &quot;ubifs_bgt8_0&quot; started, PID 102
available 0 LEBs (0 bytes), LEB size 126976 bytes (124.0 KiB)
UBIFS: recovery needed
UBIFS: recovery completed
UBIFS: mounted UBI device 8, volume 0, name &quot;rootfs_data&quot;
UBIFS: LEB size: 126976 bytes (124 KiB), min./max. I/O unit sizes: 2048 bytes/2048 bytes
UBIFS: FS size: 15872000 bytes (15 MiB, 125 LEBs), journal size 9023488 bytes (8 MiB, 72 LEBs)
UBIFS: reserved for root: 0 bytes (0 KiB)
UBIFS: media format: w4/r0 (latest is w4/r0), UUID E3335793-7174-4594-9AE3-4E401532EEE4, small LPT model

net/nat/hw_nat/get_mem.c InitMod:40: Ralink HW NAT allocate DMA memory area
net/nat/hw_nat/get_mem.c InitMod:46: The DMA memory area has been allocated a0e00000 00e00000
Started WatchDog Timer.
get boot version from flash 0210
switch register base addr to 0xb0100a00
write offset 0x80, value 0x5d805d80
write offset 0x84, value 0x1d801d80
SERIAL NUMBER: ETFFFFFFFFFF
FFFFFFFF:FFFFFFFF:FFFFFFFF:FFFFFFFF:FFFFFFFF:FFFFFFFF
Raeth v3.1 (Tasklet)
phy_free_head is 0xc92000!!!
phy_free_tail_phy is 0xc93ff0!!!
txd_pool=a0c98000 phy_txd_pool=00C98000
ei_local-&gt;skb_free start address is 0x8ede26cc.
free_txd: 00c98010, ei_local-&gt;cpu_ptr: 00C98000
 POOL  HEAD_PTR | DMA_PTR | CPU_PTR 
----------------+---------+--------
     0xa0c98000 0x00C98000 0x00C98000

phy_qrx_ring = 0x00c94000, qrx_ring = 0xa0c94000

phy_rx_ring0 = 0x00ca0000, rx_ring[0] = 0xa0ca0000
MT7530 Reset Completed!!
change HW-TRAP to 0x117c8f
set LAN/WAN WLLLL
GMAC1_MAC_ADRH -- : 0x0000e81b
GMAC1_MAC_ADRL -- : 0x696559b0
GDMA2_MAC_ADRH -- : 0x0000000c
GDMA2_MAC_ADRL -- : 0x43288017
eth3: ===&gt; VirtualIF_open
MT7621 GE2 link rate to 1G
CDMA_CSG_CFG = 81000000
GDMA1_FWD_CFG = 20710000
GDMA2_FWD_CFG = 20710000
sc_lan_vlan_id = 1
sc_wan_vlan_id = 2
sc_special_vlan_id = 3
sc_host_queue = 3
rc_cmd=/usr/sbin/rc syslogd start 
mirror_interface =  wizard_active = 0
rc_cmd=rc lan_isolation start 
rc_cmd=/usr/sbin/rc prpl_hl start 
rc_cmd=/usr/sbin/rc wan_switch start 
rc_cmd=/usr/sbin/rc lan_switch start 
rc_cmd=/usr/sbin/rc dnrd start 
rc_cmd=/usr/sbin/rc wlan start 
prpl_hl: wait connection to UBUSD server...
Interface doesn't accept private ioctl...
set (8BE2): Invalid argument
Interface doesn't accept private ioctl...
set (8BE2): Invalid argument
Interface doesn't accept private ioctl...
set (8BE2): Invalid argument
============guest&lt;2&gt; is disabled============
============guest&lt;3&gt; is disabled============
============guest&lt;4&gt; is disabled============
============guest&lt;6&gt; is disabled============
============guest&lt;7&gt; is disabled============
============guest&lt;8&gt; is disabled============
rc_cmd=/usr/sbin/rc lanip start init 
rc_cmd=/usr/sbin/rc firewall start 
ScDrvDev_ioctl: CMD: (23) is not supported
Jan/01/1970 00:00:38: dhcp6_ctl_authinit: failed to open /tmp/dhcp6sctlkey: No such file or directory
iptables: Bad rule (does a matching rule exist in that chain?).
rc_cmd=rc lan_isolation start 
rc_cmd=/usr/sbin/rc networkmap start init 
rc_cmd=/usr/sbin/rc qos start 
modprobe: module networkmap not found in modules.dep
rc_cmd=/usr/sbin/rc cpm start init 
[Jan 01 00:00:40] radvd: no linklocal address configured for br0
[Jan 01 00:00:40] radvd: can't join ipv6-allrouters on br0
Sun Sep 27 06:31:51 UTC 2020
rc_cmd=/usr/sbin/rc httpd start 
rc: invalid command /usr/sbin/rc coredump start
Usage: rc &lt;app&gt; &lt;start|stop|restart|create&gt; [COMMON OPTIONS]
e.g.: rc firewall start dmz
bind: Address already in use
bind: Address already in use
rc_cmd=/usr/sbin/rc ieee_802_1x start 
rc_cmd=/usr/sbin/rc srt restart 
rc_cmd=/usr/sbin/rc rp start 
rc_cmd=/usr/sbin/rc udpecho start 
rc_cmd=/usr/sbin/rc ingress_qos start 
rc_cmd=/usr/sbin/rc ingress_classify start 
rc_cmd=/usr/sbin/rc qos_remark start 
rc_cmd=/usr/sbin/rc ipv6wd start 
rc_cmd=/usr/sbin/rc pppoe_relay start 
rc_cmd=/usr/sbin/rc telnetd start 
rc_cmd=/usr/sbin/rc igd_upnp start 
rc_cmd=/usr/sbin/rc dnsr start 
rc_cmd=/usr/sbin/rc cron start 
rc_cmd=/usr/sbin/rc prpl_timers start 
rc_cmd=/usr/sbin/rc cups start 
rc_cmd=/usr/sbin/rc umtsd start 
[umtsd] Init daemon
[umtsd] Setup signal handlers
[umtsd] Start daemon loop, initial state = DISCONNECTED
rc_cmd=/usr/sbin/rc cwmp_stun start 
rc_cmd=/usr/sbin/rc sshd start 
Erasing 128 Kibyte @ 20000 -- 100 % complete 
rc_cmd=rc event_m start 
starting pid 791, tty '': '/sbiCould not load host key: /etc/ssh/ssh_host_ed25519_key

Etisalat-S3 login: crc = 0xcd873b74
crc = 0xa0bc104a
DualImage Sync: images are the same, skip sync
crc = 0xcd873b74
crc = 0xa0bc104a
crc = 0xcd873b74
crc = 0xa0bc104a
crc = 0xd1416571

&lt;/pre&gt;&lt;/small&gt;}}
&lt;noinclude&gt; 
[[Category:SerComm]]
&lt;/noinclude&gt;</text>
      <sha1>mg07k8sttdqaus0w3boiwf3drexhbsh</sha1>
    </revision>
  </page>