<page>
    <title>Thomson TG585v7/Serial info</title>
    <ns>0</ns>
    <id>43718</id>
    <revision>
      <id>317614</id>
      <timestamp>2023-08-10T13:47:44Z</timestamp>
      <contributor>
        <username>DarkShadow</username>
        <id>3096572</id>
      </contributor>
      <comment>add data</comment>
      <origin>317614</origin>
      <model>wikitext</model>
      <format>text/x-wiki</format>
      <text bytes="8297" sha1="d2gwje2etk6evbfjvaubcm11xg3thnk" xml:space="preserve">{{navbar|:Thomson TG585v7/Serial info|text=Serial info}}
copied from ''ali1234'''s post on the above ''OpenWrt'' forums
{{SCollapse|OpenWrt boot log
|&lt;small&gt;&lt;pre&gt;
CFE version 1.0.37-6.5.17 for BCM96338 (32bit,SP,BE)
Copyright (C) 2000-2005 Broadcom Corporation.

Boot Address 0xbfc00000
Initializing Arena.
Initializing Devices.
Parallel flash device: name AM29LV320MB, id 0x2200, size 4096KB
error on Ethernet Switch setup
Failed initializing enet hardware
CPU type 0x29010: 240MHz
Total memory: 16777216 bytes (16MB)

Total memory used by CFE:  0x80401000 - 0x805283F0 (1209328)
Initialized Data:          0x8041D7F0 - 0x8041FA50 (8800)
BSS Area:                  0x8041FA50 - 0x804263F0 (27040)
Local Heap:                0x804263F0 - 0x805263F0 (1048576)
Stack Area:                0x805263F0 - 0x805283F0 (8192)
Text (code) segment:       0x80401000 - 0x8041D7E8 (116712)
Boot area (physical):      0x00529000 - 0x00569000
Relocation Factor:         I:00000000 - D:00000000

Board IP address                  : 192.168.1.1  
Host IP address                   : 192.168.1.100  
Gateway IP address                :   
Run from flash/host (f/h)         : f  
Default host run file name        : vmlinux  
Default host flash file name      : bcm963xx_fs_kernel  
Boot delay (0-9 seconds)          : 3  
Board Id Name                     : 96338W  
Psi size in KB                    : 24
Number of MAC Addresses (1-32)    : 2  
Base MAC Address                  : 00:11:22:33:44:55  
Ethernet PHY Type                 : External Switch Using Reverse MII
Memory size in MB                 : 16
CMT Thread Number                 : 0
Dying Gasp Enable (0:Disable 1:Enable)  : 0

Could not activate network interface 'eth0': CFE error -1
*** Press Enter to stop auto run (3 seconds) ***
Auto run second count down: 0
Code Address: 0x80010000, Entry Address: 0x80010000
Decompression OK!
Entry at 0x80010000
Starting program at 0x80010000
Linux version 2.6.32.9 (nico@desktop-de-nico) (gcc version 4.3.3 (GCC) ) 
#2 Tue Mar 23 07:32:51 CET 2010
Detected Broadcom 0x6338 CPU revision a2
CPU frequency is 240 MHz
16MB of RAM installed
registering 8 GPIOs
board_bcm963xx: CFE version: 1.0.37-6.5
bootconsole [early0] enabled
CPU revision is: 00029010 (Broadcom BCM6338)
board_bcm963xx: board name: 96338W
Determined physical RAM map:
 memory: 01000000 @ 00000000 (usable)
Initrd not found or empty - disabling initrd
Zone PFN ranges:
  Normal   0x00000000 -&gt; 0x00001000
Movable zone start PFN for each node
early_node_map[1] active PFN ranges
    0: 0x00000000 -&gt; 0x00001000
Built 1 zonelists in Zone order, mobility grouping off.  Total pages: 4064
Kernel command line: root=/dev/mtdblock2 rootfstype=squashfs,
jffs2 noinitrd console=ttyS0,115200
PID hash table entries: 64 (order: -4, 256 bytes)
Dentry cache hash table entries: 2048 (order: 1, 8192 bytes)
Inode-cache hash table entries: 1024 (order: 0, 4096 bytes)
Primary instruction cache 16kB, VIPT, 2-way, linesize 16 bytes.
Primary data cache 8kB, 2-way, VIPT, no aliases, linesize 16 bytes
Memory: 13304k/16384k available (2134k kernel code, 
3080k reserved, 459k data, 136k init, 0k highmem)
Hierarchical RCU implementation.
NR_IRQS:128
Calibrating delay loop... 238.59 BogoMIPS (lpj=477184)
Mount-cache hash table entries: 512
NET: Registered protocol family 16
bio: create slab &lt;bio-0&gt; at 0
Switching to clocksource MIPS
NET: Registered protocol family 2
IP route cache hash table entries: 1024 (order: 0, 4096 bytes)
TCP established hash table entries: 512 (order: 0, 4096 bytes)
TCP bind hash table entries: 512 (order: -1, 2048 bytes)
TCP: Hash tables configured (established 512 bind 512)
TCP reno registered
NET: Registered protocol family 1
audit: initializing netlink socket (disabled)
type=2000 audit(0.236:1): initialized
squashfs: version 4.0 (2009/01/31) Phillip Lougher
Registering mini_fo version $Id$
JFFS2 version 2.2. (NAND) (SUMMARY)  Â© 2001-2006 Red Hat, Inc.
msgmni has been set to 25
io scheduler noop registered
io scheduler deadline registered (default)
gpiodev: gpio device registered with major 254
gpiodev: gpio platform device registered with access mask FFFFFFFF
bcm63xx_uart.0: ttyS0 at MMIO 0xfffe0300 (irq = 10) is a bcm63xx_uart
console [ttyS0] enabled, bootconsole disabled
console [ttyS0] enabled, bootconsole disabled
bcm963xx_flash: 0x00400000 at 0x1fc00000
bcm963xx: Found 1 x16 devices at 0x0 in 16-bit bank
 Amd/Fujitsu Extended Query Table at 0x0040
number of CFI chips: 1
cfi_cmdset_0002: Disabling erase-suspend-program due to code brokenness.
bcm963xx_flash: Read Signature value of CFE1CFE1
bcm963xx_flash: CFE bootloader detected
bcm963xx_flash: CFE boot tag found with version 6, board type 6338W, and tagid bccfe.
bcm963xx_flash: Partition 0 is CFE offset 80c78a20 and length 0
bcm963xx_flash: Partition 1 is kernel offset c7e and length 0
bcm963xx_flash: Partition 2 is rootfs offset cbf and length 0
bcm963xx_flash: Partition 3 is nvram offset d00 and length 0
bcm963xx_flash: Partition 4 is linux offset d40 and length 0
bcm963xx_flash: Spare partition is 2b0000 offset and length 140000
Creating 5 MTD partitions on &quot;bcm963xx&quot;:
0x000000000000-0x000000010000 : &quot;CFE&quot;
0x000000010100-0x0000000f0000 : &quot;kernel&quot;
mtd: partition &quot;kernel&quot; must either start or end on erase block boundary 
or be smaller than an erase block -- forcing read-only
0x0000000f0000-0x0000003f0000 : &quot;rootfs&quot;
mtd: partition &quot;rootfs&quot; set to be root filesystem
mtd: partition &quot;rootfs_data&quot; created automatically, ofs=2B0000, len=140000 
0x0000002b0000-0x0000003f0000 : &quot;rootfs_data&quot;
0x0000003f0000-0x000000400000 : &quot;nvram&quot;
0x000000010000-0x0000003f0000 : &quot;linux&quot;
bcm63xx_wdt started, timer margin: 30 sec
Registered led device: adsl
Registered led device: ses
Registered led device: ppp-fail
Registered led device: power
Registered led device: stop
TCP westwood registered
NET: Registered protocol family 17
802.1Q VLAN Support v1.8 Ben Greear &lt;greearb@candelatech.com&gt;
All bugs added by David S. Miller &lt;davem@redhat.com&gt;
VFS: Mounted root (squashfs filesystem) readonly on device 31:2.
Freeing unused kernel memory: 136k freed
Please be patient, while OpenWrt loads ...
- preinit -
Press f&lt;ENTER&gt; to enter failsafe mode
- regular preinit -
switching to jffs2
mini_fo: using base directory: /
mini_fo: using storage directory: /jffs
- init -

Please press Enter to activate this console. eth0: 
link forced UP - 100/full - flow control off/off
Generic kernel compatibility enabled based on linux-next next-20100113
cfg80211: Calling CRDA to update world regulatory domain
roboswitch: Probing device eth0: Failed to enable switch
roboswitch: Probing device eth1: No such device
roboswitch: Probing device eth2: No such device
roboswitch: Probing device eth3: No such device
cfg80211: World regulatory domain updated:
    (start_freq - end_freq @ bandwidth), (max_antenna_gain, max_eirp)
    (2402000 KHz - 2472000 KHz @ 40000 KHz), (300 mBi, 2000 mBm)
    (2457000 KHz - 2482000 KHz @ 20000 KHz), (300 mBi, 2000 mBm)
    (2474000 KHz - 2494000 KHz @ 20000 KHz), (300 mBi, 2000 mBm)
    (5170000 KHz - 5250000 KHz @ 40000 KHz), (300 mBi, 2000 mBm)
    (5735000 KHz - 5835000 KHz @ 40000 KHz), (300 mBi, 2000 mBm)
Broadcom 43xx driver loaded [ Features: PNL, Firmware-ID: FW13 ]
PPP generic driver version 2.4.2
ip_tables: (C) 2000-2006 Netfilter Core Team
NET: Registered protocol family 24
nf_conntrack version 0.5.0 (210 buckets, 840 max)
CONFIG_NF_CT_ACCT is deprecated and will be removed soon. Please use
nf_conntrack.acct=1 kernel parameter, acct=1 nf_conntrack module option or
sysctl net.netfilter.nf_conntrack_acct=1 to enable it.

BusyBox v1.15.3 (2010-03-19 06:01:56 CET) built-in shell (ash)
Enter 'help' for a list of built-in commands.
  _______                     ________        __
 |       |.-----.-----.-----.|  |  |  |.----.|  |_
 |   -   ||  _  |  -__|     ||  |  |  ||   _||   _|
 |_______||   __|_____|__|__||________||__|  |____|
          |__| W I R E L E S S   F R E E D O M
 BackFire (10.3-rc1, r20254) -----------------------
  * 1/3 shot Kahlua    In a shot glass, layer Kahlua 
  * 1/3 shot Bailey's  on the bottom, then Bailey's, 
  * 1/3 shot Vodka     then Vodka.
 ---------------------------------------------------
root@OpenWrt:/#
&lt;/pre&gt;&lt;/small&gt;}}
&lt;noinclude&gt;[[Category:Thomson]]&lt;/noinclude&gt;</text>
      <sha1>d2gwje2etk6evbfjvaubcm11xg3thnk</sha1>
    </revision>
  </page>