<page>
    <title>TRENDnet TEW-652BRP V2.xR/Serial info</title>
    <ns>0</ns>
    <id>43667</id>
    <revision>
      <id>316212</id>
      <timestamp>2023-08-01T19:48:15Z</timestamp>
      <contributor>
        <username>DarkShadow</username>
        <id>3096572</id>
      </contributor>
      <comment>add data</comment>
      <origin>316212</origin>
      <model>wikitext</model>
      <format>text/x-wiki</format>
      <text bytes="6603" sha1="l2axgefrxmyqr3ihuq1rlhefubyp3ga" xml:space="preserve">{{navbar|:TRENDnet TEW-652BRP V2.xR/Serial info|text=Serial info}}
===Boot log===
{{SCollapse
| Boot log
| &lt;pre&gt;
mfid=c2 devid=22a8
Checking Flash Size !!
4M Flash!
Flash register data is 0xfffc8000
Found 1 x 4M flash memory

---RealTek(RTL8196B)at 2009.02.27-14:02-0500 version v1.3 [16bit](330MHz)
no rootfs signature at E0000!
Jump to image start=0x80500000...
Dentry cache hash table entries: 4096 (order: 2, 16384 bytes)
Inode-cache hash table entries: 2048 (order: 1, 8192 bytes)
Memory: 25876k/32768k available (2325k kernel code, 6892k reserved, 298k data, 120k init, 0k highmem)
Mount-cache hash table entries: 512
Checking for 'wait' instruction...  available.
NET: Registered protocol family 16
PCI: Bridge: 0000:00:00.0
  IO window: 18c00000-18c00fff
  MEM window: 19000000-190fffff
  PREFETCH window: disabled.
PCI: Enabling device 0000:00:00.0 (0000 -&gt; 0003)
NET: Registered protocol family 2
IP route cache hash table entries: 256 (order: -2, 1024 bytes)
TCP established hash table entries: 1024 (order: 0, 4096 bytes)
TCP bind hash table entries: 512 (order: -1, 2048 bytes)
TCP: Hash tables configured (established 1024 bind 512)
TCP reno registered
Squashfs 2.2-r2 (released 2005/09/08) (C) 2002-2005 Phillip Lougher
Squashfs 2.2 includes LZMA decompression support
io scheduler noop registered
io scheduler anticipatory registered (default)
Skipping PCI bus scan due to resource conflict
PCI: Bridge: 0000:00:00.0
  IO window: 18c00000-18c00fff
  MEM window: 19000000-190fffff
  PREFETCH window: disabled.
Realtek GPIO Driver for Flash Reload Default
init gpio_ioctl Successful,  major = 201
Serial: 8250/16550 driver $Revision: 1.1.1.1 $ 1 ports, IRQ sharing disabled
serial8250: ttyS0 at MMIO 0x0 (irq = 12) is a 16550A
Probing RTL8186 10/100 NIC...
eth0 added. vid=9 Member port 0x1de...
eth1 added. vid=8 Member port 0x1...
PPP generic driver version 2.4.2
MPPE/MPPC encryption/compression module registered
NET: Registered protocol family 24
PPTP driver version 0.7
RTL8192SE driver version 1.15 (2009-09-08)
PCI: Enabling device 0000:01:00.0 (0000 -&gt; 0003)
correcting to 32
RealTek E-Flash System Driver. (C) 2002 RealTek Corp.
Found 1 x 4M Byte MXIC MX29LV320AB at 0xbd000000
table size = 0x400000, table region is 4
mtd-&gt;numeraseregions = 0x4
Creating 5 MTD partitions on &quot;DiskOnChip Millennium&quot;:
0x00000000-0x00010000 : &quot;boot+cal&quot;
0x00010000-0x000f0000 : &quot;linux&quot;
0x000f0000-0x003e0000 : &quot;rootfs&quot;
0x003e0000-0x003f0000 : &quot;nvram&quot;
0x003f0000-0x00400000 : &quot;mac&quot;
Netfilter messages via NETLINK v0.30.
ip_conntrack version 2.4 (256 buckets, 2048 max) - 236 bytes per conntrack
ip_conntrack_rtsp v0.6.21 loading
ip_nat_rtsp v0.6.21 loading
ip_conntrack_pptp version 3.1 loaded
ip_nat_pptp version 3.0 loaded
ip_tables: (C) 2000-2006 Netfilter Core Team
ipt_time loading
ClusterIP Version 0.8 loaded successfully
TCP cubic registered
NET: Registered protocol family 1
NET: Registered protocol family 17
Realtek FastPath v1.02
VFS: Mounted root (squashfs filesystem) readonly.
Go to out!!
Freeing unused kernel memory: 120k freed
mount /proc file system ok!
mount /var  file system ok!
init started:  BusyBox v1.01 (2009.11.13-02:55+0000) multi-call binary


BusyBox v1.01 (2009.11.13-02:55+0000) Built-in shell (ash)
Enter 'help' for a list of built-in commands.

/ # in get_default_mac!!!
Dev eth1 open
eth1: Cannot assign requested address
Dev eth0 open
eth0: Cannot assign requested address
device eth0 entered promiscuous mode
br0: port 1(eth0) entering learning state
br0: topology change detected, propagating
br0: port 1(eth0) entering forwarding state
Start Get CheckSum

mlist[0].size =e0000
ImgCheckSum=637c970
write the checksum successfully!
Fri Nov 13 10:55:00 UTC 2009
[gpio.o: opened.
info]GPIO_DRIVER = /dev/gpio
[gpio.o: opened.
info]GPIO_DRIVER = /dev/gpio
lan mac = 00:01:23:45:67:89rc is BUSY now!
eth1: Cannot assign requested address
[info]GPIO TYPE: SYSTEM, GPIO STATUS TYPE: check
[info]GPIO TYPE: STATUS_LED, GPIO STATUS TYPE: blink
DHCP client start.
##################################
######### START WIRELESS #########
##################################
eth1      Link encap:Ethernet  HWaddr 00:14:D1:69:58:55
          UP BROADCAST RUNNING MULTICAST  MTU:1500  Metric:1
          RX packets:0 errors:0 dropped:0 overruns:0 frame:0
          TX packets:0 errors:0 dropped:0 overruns:0 carrier:0
          collisions:0 txqueuelen:128
          RX bytes:0 (0.0 B)  TX bytes:0 (0.0 B)
          Interrupt:15

Sending discover...
device br0 already exists; can't create bridge with the same name
device wlan0 entered promiscuous mode
fw_version: 7fff(48.14), fw_EMEM_len: 43912, fw_IMEM_len: 36872, fw_DMEM_len: 48
br0: port 2(wlan0) entering learning state
br0: topology change detected, propagating
br0: port 2(wlan0) entering forwarding state

==================
=== Start wscd ===
==================
[gpio.o: opened.
info]GPIO_DRIVER = /dev/gpio
[info]GPIO TYPE: WPS_BUTTON, GPIO STATUS TYPE: check

WiFi Simple Config v1.8 (2008.11.10-09:34+0000).


/************** debug wlan setting ****************/
/* WlanMode: Set to default mode (AP)
/* Wlan Domain: FCCA
/* 80211Mode: WLAN_80211_11BGN
/* Channel Width: 20M in N mode
/* Essid: 5452454e446e6574363532
/* Channel: 6
/* WEP: close
/* WPA-PSK: close
/* WPA-EAP: close
/* WPS AP-DEFAULT-PIN: 69038921
/* WPS AP-PIN: 69038921
/* WPS: Non-Sec-Enable
/**************************************************/

route: SIOC[ADD|DEL]RT: No such process
IEEE 802.11f (IAPP) using interface br0 (v1.7)
Sending discover...
br0: port 2(wlan0) entering disabled state
fw_version: 7fff(48.14), fw_EMEM_len: 43912, fw_IMEM_len: 36872, fw_DMEM_len: 48
br0: port 2(wlan0) entering learning state
br0: topology change detected, propagating
br0: port 2(wlan0) entering forwarding state
eth0: Cannot assign requested address
dhcpd_enabled::::::
domain empty
Failure parsing line 19 of /var/etc/udhcpd.conf
Failure parsing line 20 of /var/etc/udhcpd.conf
Failure parsing line 21 of /var/etc/udhcpd.conf
DHCP server start.
device_lan_ip=192.168.10.1 , device_lan_subnet_mask=255.255.255.0
max_leases value (254) not sane, setting to 99 instead
Unable to open /var/misc/udhcpd.leases for reading
TFTP main
standard_tftp_server launched on port 69.
Sending discover...
wantimer: dhcpc_release (VCT_DISCONNECT)
DHCPC Received SIGUSR2=&gt;DHCPC Release
Performing a DHCPC release
Entering released state
Fri Nov 13 10:55:00 UTC 2009
ERRO: There must be at least 2 Vif's where one is upstream.
### firewall without wan connected ###
Start Firewall: Clear iptables
rc is IDLE now!
&lt;/pre&gt;|}}
&lt;noinclude&gt;[[Category:TRENDnet]]&lt;/noinclude&gt;</text>
      <sha1>l2axgefrxmyqr3ihuq1rlhefubyp3ga</sha1>
    </revision>
  </page>