<page>
    <title>WatchGuard Firebox XTM 25 (FS1E5)/Serial info</title>
    <ns>0</ns>
    <id>37717</id>
    <revision>
      <id>120755</id>
      <timestamp>2021-07-11T11:53:02Z</timestamp>
      <contributor>
        <username>DarkShadow</username>
        <id>3096572</id>
      </contributor>
      <comment>add data</comment>
      <origin>120755</origin>
      <model>wikitext</model>
      <format>text/x-wiki</format>
      <text bytes="29649" sha1="oa7q14f0xr026qk903wyutfusnre5rv" xml:space="preserve">
{{SCollapse|Boot log
|&lt;small&gt;&lt;pre&gt;
U-Boot 2011.03 (Sep 17 2013 - 14:10:34)

CPU:   P1011E, Version: 1.1, (0x80ed0011)
Core:  E500, Version: 5.1, (0x80212051)
Clock Configuration:
       CPU0:533.333 MHz,
       CCB:266.667 MHz,
       DDR:333.333 MHz (666.667 MT/s data rate) (Asynchronous), LBC:16.667 MHz
L1:    D-cache 32 kB enabled
       I-cache 32 kB enabled
Board: P1011RDB
XTM2 P1011 430854 Sep 17 2013
I2C:   ready
DRAM:  Configuring DDR for 666.667 MT/s data rate
DDR: 512 MiB (DDR3, 32-bit, CL=6, ECC off)
Flash: 1 MiB
L2:    256 KB enabled
NAND:  256 MiB
*** Warning - bad CRC, using default environment

EEPROM: Read failed.
PCIe1: disabled
PCIe2: disabled
In:    serial
Out:   serial
Err:   serial
DTT:   1 FAILED INIT
Net:   eTSEC1: No support for PHY id ffffffff; assuming generic
eTSEC3: No support for PHY id ffffffff; assuming generic
Init SW10 switch to forwarding mode.... Done
eTSEC1, eTSEC3

          WatchGuard U-Boot 2011.03 - 430854 - Sep 17 2013 14:10:34

 +-------------------------------------------------------------------------+
 |WatchGuard (SYSA)                                                        |
 |WatchGuard (SYSB)                                                        |
 |WatchGuard (SAFE MODE)                                                   |
 |                                                                         |
 |                                                                         |
 |                                                                         |
 |                                                                         |
 |                                                                         |
 |                                                                         |
 |                                                                         |
 |                                                                         |
 +-------------------------------------------------------------------------+

      Use the ^ and v keys to select which entry is highlighted.
      Press enter to boot the selected OS.

Booting SYSA

NAND read: device 0 offset 0x20000, size 0x500000
Bad block table found at page 131008, version 0x01
Bad block table found at page 130944, version 0x01
 5242880 bytes read: OK
## Booting kernel from FIT Image at 01000000 ...
   Using 'conf@1' configuration
   Trying 'kernel@1' kernel subimage
     Description:  WatchGuard Kernel
     Type:         Kernel Image
     Compression:  gzip compressed
     Data Start:   0x010000cc
     Data Size:    4339761 Bytes = 4.1 MiB
     Architecture: PowerPC
     OS:           Linux
     Load Address: 0x00000000
     Entry Point:  0x00000000
     Hash algo:    crc32
     Hash value:   b67feebd
     Hash algo:    sha1
     Hash value:   fc38a10bc85b69573f4afde58beab111c5c5bd71
   Verifying Hash Integrity ... crc32+ sha1+ OK
## Flattened Device Tree from FIT Image at 01000000
   Using 'conf@1' configuration
   Trying 'fdt@1' FDT blob subimage
     Description:  Flattened Device Tree blob
     Type:         Flat Device Tree
     Compression:  uncompressed
     Data Start:   0x01423a28
     Data Size:    9867 Bytes = 9.6 KiB
     Architecture: PowerPC
     Hash algo:    crc32
     Hash value:   e6e22c37
     Hash algo:    sha1
     Hash value:   0ba48fea09d996b62a8e7d56850c5c0487e57aa1
   Verifying Hash Integrity ... crc32+ sha1+ OK
   Booting using the fdt blob at 0x1423a28
   Uncompressing Kernel Image ... OK
   Loading Device Tree to 00ffa000, end 00fff68a ... OK
[    0.000000] Reserving 20MB of memory at 64MB for crashkernel (System RAM: 512MB)
[    0.000000] Using P1020 RDB machine description
[    0.000000] Only using first contiguous memory region
[    0.000000] Memory CAM mapping: 256/256 Mb, residual: 0Mb
[    0.000000] Linux version 3.12.19-rt30 (release@cmfarm05) (gcc version 4.8.3
 (crosstool-NG 1.20.0) ) #1 SMP Mon Oct 17 17:53:51 PDT 2016
[    0.000000] CPU maps initialized for 1 thread per core
[    0.000000] bootconsole [udbg0] enabled
setup_arch: bootmem
mpc85xx_rdb_setup_arch()
[    0.000000] MPC85xx RDB board from Freescale Semiconductor
arch: exit
[    0.000000] Zone ranges:
[    0.000000]   DMA      [mem 0x00000000-0x1fffffff]
[    0.000000]   Normal   empty
[    0.000000] Movable zone start for each node
[    0.000000] Early memory node ranges
[    0.000000]   node   0: [mem 0x00000000-0x1fffffff]
[    0.000000] MMU: Allocated 1088 bytes of context maps for 255 contexts
[    0.000000] PERCPU: Embedded 8 pages/cpu @40de7000 s11936 r8192 d12640 u32768
[    0.000000] Built 1 zonelists in Zone order, mobility grouping on. Total pages: 130048
[    0.000000] Kernel command line: root=/dev/mtdblock8 rw rootfstype=jffs2 
 console=ttyS0,115200 ramdisk_size=600000
[    0.000000] PID hash table entries: 2048 (order: 1, 8192 bytes)
[    0.000000] Dentry cache hash table entries: 65536 (order: 6, 262144 bytes)
[    0.000000] Inode-cache hash table entries: 32768 (order: 5, 131072 bytes)
[    0.000000] Sorting __ex_table...
[    0.000000] Memory: 423248K/524288K available (6000K kernel code, 360K rwdata, 
 1960K rodata, 348K init, 1435K bss, 101040K reserved)
[    0.000000] Kernel virtual memory layout:
[    0.000000]   * 0xfffdf000..0xfffff000  : fixmap
[    0.000000]   * 0xfdffb000..0xfe000000  : early ioremap
[    0.000000]   * 0x61000000..0xfdffb000  : vmalloc &amp; ioremap
[    0.000000] SLUB: HWalign=32, Order=0-3, MinObjects=0, CPUs=1, Nodes=1
[    0.000000] Hierarchical RCU implementation.
[    0.000000]  RCU debugfs-based tracing is enabled.
[    0.000000]  RCU restricting CPUs from NR_CPUS=2 to nr_cpu_ids=1.
[    0.000000] NR_IRQS:512 nr_irqs:512 16
[    0.000000] mpic: Setting up MPIC &quot; OpenPIC  &quot; version 1.2 at ffe40000, max 1CPUs
[    0.000000] mpic: ISU size: 256, shift: 8, mask: ff
[    0.000000] mpic: Initializing for 256 sources
[    0.000000] clocksource: timebase mult[1e000005] shift[24] registered
[    0.000000] Console: colour dummy device 80x25
[    0.000000]  WG CPU Model 1011 Count 1
[    0.000000]  WG CRASH MIN RESERVE   20 MB
[    0.018743] pid_max: default: 32768 minimum: 301
[    0.023474] Mount-cache hash table entries: 512
[    0.030759] e500 family performance monitor hardware support registered
[    0.038375] Brought up 1 CPUs
[    0.043060] xor: measuring software checksum speed
[    0.087893]    8regs     :   681.000 MB/sec
[    0.132065]    8regs_prefetch:   544.000 MB/sec
[    0.176584]    32regs    :   678.000 MB/sec
[    0.220756]    32regs_prefetch:   600.000 MB/sec
[    0.225301] xor: using function: 8regs (681.000 MB/sec)
[    0.230792] NET: Registered protocol family 16
[    0.265466] PCI: Probing PCI hardware
[    0.269394] fsl-l2ctlr ffe20000.l2-cache-controller: Entire L2 as cache, 
 provide valid sram address and size
[    0.279259] fsl-l2ctlr: probe of ffe20000.l2-cache-controller failed with error -22
[    0.309844] bio: create slab &lt;bio-0&gt; at 0
[    0.382614] raid6: int32x1     83 MB/s
[    0.454776] raid6: int32x2    133 MB/s
[    0.526748] raid6: int32x4    199 MB/s
[    0.594768] raid6: int32x8    161 MB/s
[    0.598433] raid6: using algorithm int32x4 (199 MB/s)
[    0.603488] raid6: using intx1 recovery algorithm
[    0.608783] Freescale Elo series DMA driver
[    0.613118] fsl-elo-dma ffe21300.dma: #0 (fsl,eloplus-dma-channel), irq 20
[    0.620156] fsl-elo-dma ffe21300.dma: #1 (fsl,eloplus-dma-channel), irq 21
[    0.627026] fsl-elo-dma ffe21300.dma: #2 (fsl,eloplus-dma-channel), irq 22
[    0.634050] fsl-elo-dma ffe21300.dma: #3 (fsl,eloplus-dma-channel), irq 23
[    0.642273] misc_register: 10,  63 vga_arbiter
[    0.647041] vgaarb: loaded
[    0.650468] SCSI subsystem initialized
[    0.655785] usbcore: registered new interface driver usbfs
[    0.661601] usbcore: registered new interface driver hub
[    0.667096] usbcore: registered new device driver usb
[    0.672913] pps_core: LinuxPPS API ver. 1 registered
[    0.677828] pps_core: Software ver. 5.3.6 - Copyright 2005-2007 Rodolfo Giometti &lt;giometti@linux.it&gt;
[    0.687207] PTP clock support registered
[    0.691410] EDAC MC: Ver: 3.0.0
[    0.697046] Switched to clocksource timebase
[    0.714914] FS-Cache: Loaded
[    0.717770] misc_register: 10,  62 cachefiles
[    0.722342] CacheFiles: Loaded
[    0.741309] NET: Registered protocol family 2
[    0.746347] TCP established hash table entries: 4096 (order: 3, 32768 bytes)
[    0.753532] TCP bind hash table entries: 4096 (order: 3, 32768 bytes)
[    0.760009] TCP: Hash tables configured (established 4096 bind 4096)
[    0.766409] TCP: reno registered
[    0.769608] UDP hash table entries: 256 (order: 1, 8192 bytes)
[    0.775428] UDP-Lite hash table entries: 256 (order: 1, 8192 bytes)
[    0.782132] NET: Registered protocol family 1
[    0.789096] audit: initializing netlink socket (disabled)
[    0.794682] type=2000 audit(0.715:1): initialized
[    0.984454] NTFS driver 2.1.30 [Flags: R/O].
[    0.989496] jffs2: version 2.2. (NAND) (SUMMARY)  Â© 2001-2006 Red Hat, Inc.
[    0.997484] msgmni has been set to 957
[    1.006794] async_tx: api initialized (async)
[    1.011404] Block layer SCSI generic (bsg) driver version 0.4 loaded (major 250)
[    1.018769] io scheduler noop registered
[    1.022659] io scheduler deadline registered
[    1.027150] io scheduler cfq registered (default)
[    1.134103] Serial: 8250/16550 driver, 1 ports, IRQ sharing enabled
[    1.141793] serial8250.0: ttyS0 at MMIO 0xffe04500 (irq = 42, base_baud = 16666666) is a 16550A
[    1.150680] console [ttyS0] enabled, bootconsole disabled
[    1.150680] console [ttyS0] enabled, bootconsole disabled
[    1.161901] serial8250 serial8250.0: unable to register port at index 1 (IO0 MEMffe04600 IRQ42): -28
[    1.171652] ePAPR hypervisor byte channel driver
[    1.186849] brd: module loaded
[    1.190004] misc_register: 10, 237 loop-control
[    1.199674] loop: module loaded
[    1.203556] st: Version 20101219, fixed bufsize 32768, s/g segs 256
[    1.212721] eff00000.nor: Found 1 x16 devices at 0x0 in 16-bit bank. Manufacturer ID 0x0000c2 Chip ID 0x0022da
[    1.223024] Amd/Fujitsu Extended Query Table at 0x0040
[    1.228233]   Amd/Fujitsu Extended Query version 1.0.
[    1.233327] eff00000.nor: JEDEC Device ID is 0x22DA. Assuming broken CFI table.
[    1.240666] eff00000.nor: Swapping erase regions for top-boot CFI table.
[    1.247395] number of CFI chips: 1
[    1.251220] 6 ofpart partitions found on MTD device eff00000.nor
[    1.257281] Creating 6 MTD partitions on &quot;eff00000.nor&quot;:
[    1.262655] 0x000000000000-0x000000020000 : &quot;NOR (RW) WG CFG0 (NEW bootopt partition)&quot;
[    1.271284] ftl_cs: FTL header not found.
[    1.276069] 0x000000020000-0x000000050000 : &quot;NOR (RW) WG CFG1&quot;
[    1.282676] ftl_cs: FTL header not found.
[    1.287471] 0x000000050000-0x000000060000 : &quot;NOR (RW) WG MFG DATA&quot;
[    1.294362] ftl_cs: FTL header not found.
[    1.299138] 0x000000060000-0x000000070000 : &quot;NOR (RW) WG test-results &amp; bootOpt Data&quot;
[    1.307690] ftl_cs: FTL header not found.
[    1.312453] 0x000000070000-0x000000080000 : &quot;NOR (RO) WG U-Boot ENV&quot;
[    1.319518] ftl_cs: FTL header not found.
[    1.324305] 0x000000080000-0x000000100000 : &quot;NOR (RW) WG U-Boot Image&quot;
[    1.331725] ftl_cs: FTL header not found.
[    1.337568] chip-&gt;options &amp; NAND_NO_SUBPAGE_WRITE = 1
[    1.342675] NAND device: Manufacturer ID: 0xc8, Chip ID: 0xda (Unknown NAND 256MiB 3,3V 8-bit), 
 256MiB, page size: 2048, OOB size: 64
[    1.354910] NAND: subpage size(2048):shift(0)
[    1.360144] Bad block table found at page 131008, version 0x01
[    1.367575] Bad block table found at page 130944, version 0x01
[    1.374567] 7 ofpart partitions found on MTD device ffa00000.flash
[    1.380800] Creating 7 MTD partitions on &quot;ffa00000.flash&quot;:
[    1.386501] 0x000000000000-0x000000020000 : &quot;NAND (RW) WG DTB Image&quot;
[    1.394367] ftl_cs: FTL header not found.
[    1.399121] 0x000000020000-0x000000520000 : &quot;NAND (RW) WG SYSA Kernel&quot;
[    1.412530] ftl_cs: FTL header not found.
[    1.417548] 0x000000520000-0x000007f00000 : &quot;NAND (RW) WG SYSA_CODE&quot;
[    1.430862] ftl_cs: FTL header not found.
[    1.435635] 0x000007f00000-0x000008400000 : &quot;NAND (RW) WG SYSB Kernel&quot;
[    1.449352] ftl_cs: FTL header not found.
[    1.454151] 0x000008400000-0x000009c00000 : &quot;NAND (RW) WG SYSB_CODE&quot;
[    1.467460] ftl_cs: FTL header not found.
[    1.472239] 0x000009c00000-0x00000a000000 : &quot;NAND (RW) WG KDUMP&quot;
[    1.485315] ftl_cs: FTL header not found.
[    1.490124] 0x00000a000000-0x000010000000 : &quot;NAND (RW) WG SYSA_DATA&quot;
[    1.503458] ftl_cs: FTL header not found.
[    1.508236] eLBC NAND device at 0xffa00000, bank 1
[    1.519099] libphy: Fixed MDIO Bus: probed
[    1.524380] libphy: Freescale PowerQUICC MII Bus: probed
[    1.530228] mdio_bus mdio@ffe24000: cannot get PHY at address 16
[    1.537100] fsl-gianfar ethernet.1: enabled errata workarounds, flags: 0x4
[    1.553934] gfar_mac_rx_config: eth%d: L2OFF  0  Pad   8 RCTRL     877c2
[    1.562188] fsl-gianfar ethernet.1 eth0: mac: 00:c0:02:12:35:88
[    1.568177] fsl-gianfar ethernet.1 eth0: Running with NAPI enabled
[    1.574393] fsl-gianfar ethernet.1 eth0: RX BD ring size for Q[0]: 256
[    1.580950] fsl-gianfar ethernet.1 eth0: RX BD ring size for Q[1]: 256
[    1.587507] fsl-gianfar ethernet.1 eth0: TX BD ring size for Q[0]: 256
[    1.594065] fsl-gianfar ethernet.1 eth0: TX BD ring size for Q[1]: 256
[    1.601150] fsl-gianfar ethernet.2: enabled errata workarounds, flags: 0x4
[    1.617995] gfar_mac_rx_config: eth%d: L2OFF  0  Pad   8 RCTRL     877c2
[    1.626238] fsl-gianfar ethernet.2 eth1: mac: 00:c0:02:12:35:89
[    1.632225] fsl-gianfar ethernet.2 eth1: Running with NAPI enabled
[    1.638441] fsl-gianfar ethernet.2 eth1: RX BD ring size for Q[0]: 256
[    1.644997] fsl-gianfar ethernet.2 eth1: RX BD ring size for Q[1]: 256
[    1.651555] fsl-gianfar ethernet.2 eth1: TX BD ring size for Q[0]: 256
[    1.658111] fsl-gianfar ethernet.2 eth1: TX BD ring size for Q[1]: 256
[    1.665954] ehci_hcd: USB 2.0 'Enhanced' Host Controller (EHCI) Driver
[    1.672988] ehci-pci: EHCI PCI platform driver
[    1.677756] /soc@ffe00000/usb@22000: Invalid 'dr_mode' property, fallback to host mode
[    1.686077] fsl-ehci fsl-ehci.0: Freescale On-Chip EHCI Host Controller
[    1.692809] fsl-ehci fsl-ehci.0: new USB bus registered, assigned bus number 1
[    1.700266] fsl-ehci fsl-ehci.0: irq 28, io mem 0xffe22000
[    1.717065] fsl-ehci fsl-ehci.0: USB 2.0 started, EHCI 1.00
[    1.723486] hub 1-0:1.0: USB hub found
[    1.727374] hub 1-0:1.0: 1 port detected
[    1.732214] usbcore: registered new interface driver usbserial
[    1.738342] usbcore: registered new interface driver usbserial_generic
[    1.745196] usbserial: USB Serial support registered for generic
[    1.751478] usbcore: registered new interface driver pl2303
[    1.757306] usbserial: USB Serial support registered for pl2303
[    1.764603] i2c /dev entries driver
[    1.768562] mpc-i2c ffe03000.i2c: timeout 1000000 us
[    1.781880] rtc-s35390a 0-0030: rtc core: registered rtc-s35390a as rtc0
[    1.788902] mpc-i2c ffe03100.i2c: timeout 1000000 us
[    1.794865] booke_wdt: powerpc book-e watchdog driver loaded
[    1.800694] misc_register: 10, 130 watchdog
[    1.805588] md: raid6 personality registered for level 6
[    1.810956] md: raid5 personality registered for level 5
[    1.816291] md: raid4 personality registered for level 4
[    1.821625] Freescale(R) MPC85xx EDAC driver, (C) 2006 Montavista Software
[    1.828794] mpc85xx_mc_err_probe: No ECC DIMMs discovered
[    1.835574] sdhci: Secure Digital Host Controller Interface driver
[    1.841811] sdhci: Copyright(c) Pierre Ossman
[    1.846189] sdhci-pltfm: SDHCI platform and OF driver helper
[    1.853019] Freescale hypervisor management driver
[    1.857884] fsl-hv: no hypervisor found
[    1.862151] TCP: cubic registered
[    1.865514] Initializing XFRM netlink socket
[    1.870975] NET: Registered protocol family 10
[    1.876869] ip6_tables: (C) 2000-2006 Netfilter Core Team
[    1.882432] NET: Registered protocol family 17
[    1.887022] NET: Registered protocol family 15
[    1.892032] misc_register: 10,  61 cpu_dma_latency
[    1.897227] misc_register: 10,  60 network_latency
[    1.902296] misc_register: 10,  59 network_throughput
[    1.908857] misc_register: 10,  58 ubi_ctrl
[    1.915278] rtc-s35390a 0-0030: setting system clock to 2021-01-11 14:43:49 UTC (1610376229)
[    1.924522] md: Waiting for all devices to be available before autodetect
[    1.931377] md: If you don't use raid, use raid=noautodetect
[    1.937909] md: Autodetecting RAID arrays.
[    1.942065] md: Scanned 0 and added 0 devices.
[    1.946529] md: autorun ...
[    1.949337] md: ... autorun DONE.
[    3.701086] jffs2: Empty flash at 0x0626a69c ends at 0x0626a800
[    4.081893] VFS: Mounted root (jffs2 filesystem) on device 31:8.
[    4.088821] Freeing unused kernel memory: 348K (407ca000 - 40821000)
[   11.222538] Running /etc/runlevel/1/S02rootrw...Done.
[   11.232255] Running /etc/runlevel/1/S05mproc...Done.
[   11.234773] Running /etc/runlevel/1/S05sysfs...Done.
[   11.237510] Running /etc/runlevel/1/S18seed-random...Reseeded random generator
[   11.254613] Done.
[   11.306220] Running /etc/runlevel/2/S10var...Done.
[   11.332959] Running /etc/runlevel/2/S11shm...Done.
[   11.342638] Running /etc/runlevel/2/S13devpts...Done.
[   11.348756] Running /etc/runlevel/2/S14temp...Done.
[   11.355322] Running /etc/runlevel/2/S16pending...Done.
[   11.357530] Running /etc/runlevel/2/S18data...[   11.450719] 
 jffs2: Empty flash at 0x00b97780 ends at 0x00b97800
[   12.204416] jffs2: Empty flash at 0x035e7648 ends at 0x035e7800
[   12.232049] jffs2: Empty flash at 0x035f2b98 ends at 0x035f3000
Done.
[   13.595042] Running /etc/runlevel/2/S18fips...Done.
[   13.597383] Running /etc/runlevel/2/S18hotplug...Done.
[   13.617846] Running /etc/runlevel/2/S18kdump...Done.
[   19.930980] Running /etc/runlevel/2/S19fips...Done.
[   19.934390] Running /etc/runlevel/2/S19ipv6...disabling IPv6 autoconf for all
[   19.938596] disabling IPv6 autoconf for default
[   19.938919] enable IPv6 forwarding for all
[   19.939189] enable IPv6 forwarding for default
[   19.939485] disabling IPv6 for all
[   19.939704] disabling IPv6 for default
[   19.939958] Done.
[   19.940303] Running /etc/runlevel/2/S19platform...Done.
[   19.945241] Running /etc/runlevel/2/S19talitos...[   20.094371] misc_register: 10, 183 hw_random
[   20.099185] talitos ffe30000.crypto: hwrng
[   20.104205] talitos ffe30000.crypto: max_xor_srcs 6
[   20.131451] talitos ffe30000.crypto: fsl,sec3.3 algorithms registered in /proc/crypto
Done.
[   20.426219] Running /etc/runlevel/2/S20cleanup-dbg...Done.
[   20.429524] Running /etc/runlevel/2/S20fipstest...Done.
[   20.429913] Running /etc/runlevel/2/S20sigs...Done.
[   22.034656] Running /etc/runlevel/2/S20usb...[   21.798311] 
 usbcore: registered new interface driver usb-storage
Done.
[   22.090940] Running /etc/runlevel/2/S20wgbase...[   21.818502] 
 wgipc: module license 'Watchguard Proprietary' taints kernel.
[   21.825346] Disabling lock debugging due to kernel taint
Done.
[   22.127355] Running /etc/runlevel/2/S21eth...[   21.864072]
[   21.864072] wg_dsa_init: Built Oct 17 2016 17:55:33 P1011 SW 1 Flags 2929
[   21.864072]
[   21.873951] wg_dsa_init: mdio found ffe24000.mdio
[   21.878687] wg_dsa_init: Rename eth0 -&gt; eth10
[   21.884529] wg_dsa_init: Rename eth1 -&gt; eth11
[   21.892456] Distributed Switch Architecture driver version 0.1
[   21.900787] mv88e6123_61_65_probe: SW16  88E6171
[   21.905449] eth10[0]: detected a Marvell 88E6171 switch
[   22.485612] libphy: dsa slave smi: probed
[   22.489723] dsa_slave_create: eth0 Marvell headers enabled, len 16
[   22.535189] dsa_slave_create: eth1 Marvell headers enabled, len 16
[   22.580685] dsa_slave_create: eth2 Marvell headers enabled, len 16
[   22.625296] wg_dsa_init: Split sw10 code 0 dsa 5e52b900
[   22.630559] wg_dsa_init: Rename eth10 -&gt; sw10
[   22.638767] dsa_change_master_mtu: sw10 MTU 1506
[   22.647304] mv88e6123_61_65_probe: SW17  88E6171
[   22.651965] eth11[0]: detected a Marvell 88E6171 switch
[   23.302071] libphy: dsa slave smi: probed
[   23.306202] dsa_slave_create: eth3 Marvell headers enabled, len 16
[   23.359245] dsa_slave_create: eth4 Marvell headers enabled, len 16
[   23.416092] wg_dsa_init: Split sw11 code 0 dsa 5e62ed80
[   23.421367] wg_dsa_init: Rename eth11 -&gt; sw11
[   23.430720] dsa_change_master_mtu: sw11 MTU 1506
[   25.437751] gfar_mac_rx_config: sw10: L2OFF  2  Pad   8 RCTRL   20877ca
[   25.445989] gfar_mac_rx_config: sw11: L2OFF  2  Pad   8 RCTRL   20877ca
Done.
[   25.739805] Running /etc/runlevel/2/S22login...Done.
[   25.741987] Running /etc/runlevel/2/S22rtc...Done.
[   25.759510] Running /etc/runlevel/2/S23pppoe...[   25.525886] PPP generic driver version 2.4.2
[   25.572645] PPP MPPE Compression module registered
[   25.587814] PPP Deflate Compression module registered
[   25.601544] NET: Registered protocol family 24
Done.
[   25.908839] Running /etc/runlevel/2/S23sslvpn...[   25.648123] tun: Universal TUN/TAP device driver, 1.6
[   25.653268] tun: (C) 1999-2004 Max Krasnyansky &lt;maxk@qualcomm.com&gt;
[   25.659663] misc_register: 10, 200 tun
Done.
[   25.955305] Running /etc/runlevel/2/S24l2tpvpn...[   25.694003] l2tp_core: L2TP core driver, V2.0
[   25.710377] l2tp_netlink: L2TP netlink interface
[   25.737461] l2tp_ppp: PPPoL2TP kernel driver, V2.0
Done.
[   26.028311] Running /etc/runlevel/2/S25core...Done.
[   26.033887] Running /etc/runlevel/2/S25wgcfg...[   27.437116] libphy: fixed-0:01 - Link is Up - 1000/Full
[   27.445075] libphy: fixed-0:02 - Link is Up - 1000/Full
Info: No conversion required from version 11.11.4 to 11.11.4.
[   30.090164] Done.
[   30.090330] Running /etc/runlevel/2/S27cfgcheck...Config ok
[   33.058071] Done.
[   33.058250] Running /etc/runlevel/2/S29wgcore...Done.
[   33.098228] Running /etc/runlevel/2/S30net...[   32.901943] Bridge firewalling registered
[   32.928690] Ebtables v2.0 registered
[   33.064688] gre: GRE over IPv4 demultiplexor driver
[   33.107789] ip_gre: GRE over IPv4 tunneling driver
[   33.153724] bvpn vif handlers are registered
[   33.200584] 8021q: 802.1Q VLAN Support v1.8
[   33.323469] bonding: Ethernet Channel Bonding Driver: v3.7.1 (April 27, 2011)
[   33.330703] bonding: MII link monitoring set to 100 ms
Done.
[   33.638966] Running /etc/runlevel/2/S30upgrade...Done.
[   33.649718] Running /etc/runlevel/2/S31cacert...Done.
[   33.913496] Running /etc/runlevel/2/S31cert...Done.
[   39.253025] Running /etc/runlevel/2/S31crypto...Done.
[   39.300236] Running /etc/runlevel/2/S31purgecert...Done.
[   39.302297] Running /etc/runlevel/2/S31xtables...[   39.030866] Netfilter messages via NETLINK v0.30.
[   39.066143] ip_set: protocol 6
[   39.573703] nf_conntrack version 0.5.0 (7663 buckets, 30652 max)
[   39.585506] nf_conntrack_init_start: conntrack max=30652 high water mark=24521
[   39.656289] ip_tables: (C) 2000-2006 Netfilter Core Team
[   39.740805] nf_ct_ftp: Maximum expected value 1
[   39.909297] ctnetlink v0.93: registering with nfnetlink.
[   40.268285] arp_tables: (C) 2002 David S. Miller
[   40.366734] u32 classifier
[   40.369514]     input device check on
[   40.373194]     Actions configured
[   40.417432] Mirror/redirect action on
Done.
[   40.731550] Running /etc/runlevel/2/S31xtables6...Done.
[   40.811179] Running /etc/runlevel/2/S32auth...Done.
[   40.873201] Running /etc/runlevel/2/S32clst...Done.
[   41.024453] Running /etc/runlevel/2/S32modemdrivers...[   40.789335] usbcore: registered new interface driver option
[   40.797355] usbserial: USB Serial support registered for GSM modem (1-port)
[   40.829337] usbcore: registered new interface driver wg_sierra
[   40.837337] usbserial: USB Serial support registered for Sierra USB modem
[   40.869355] usbcore: registered new interface driver cdc_wdm
[   40.887085] usbcore: registered new interface driver qcaux
[   40.896666] usbserial: USB Serial support registered for qcaux
[   40.933493] usbcore: registered new interface driver cdc_acm
[   40.939214] cdc_acm: USB Abstract Control Model driver for USB modems and ISDN adapters
[   40.965370] usbcore: registered new interface driver GobiSerial
[   40.981344] usbserial: USB Serial support registered for GobiSerial
[   40.987685] GobiSerial: 2013-10-08/NTGR_2.12:GobiSerial
[   41.053349] usbcore: registered new interface driver cdc_ether
[   41.077392] usbcore: registered new interface driver rndis_host
[   41.102026] usbcore: registered new interface driver sierra_net
[   41.173472] GobiNet: 2013-10-08/NTGR_2.21
[   41.181335] usbcore: registered new interface driver GobiNet
[   41.211854] usbcore: registered new interface driver qmi_wwan
[   41.241381] usbcore: registered new interface driver cdc_ncm
[   41.262787] usbcore: registered new interface driver huawei_cdc_ncm
Done.
[   41.555014] Running /etc/runlevel/2/S32wgxt...[   41.284945] nf_fastpath: Loaded
[   41.313473] ipt_addrpairs_6 v0.1.0: Loading
[   41.355523] xt_session6 : Loading
[   41.358948] xt_session6 : Loaded limit 1000 hash 1024 WG IPC ID 184549376 (0x0B000000)
[   41.439547] ipt_addrpairs: ADDRPAIRS SCALE Set MAX 16384 Entry Max 16384
[   41.446579] ipt_addrpairs: v1.0.0 Loaded
[   41.475060] xt_ifset: Loaded with set limit 5000 and entry limit 5000
[   41.489352] xt_classify : Loaded
[   41.502260] xt_master: Loaded
[   41.513421] xt_MASTER: Loaded
[   41.525359] xt_WGTEE: Loaded
[   41.538782] Schedule: Loaded
[   41.550437] xt_POLICY: Loaded
[   41.561376] xt_policy : Loaded
[   41.573356] xt_EXPIRES: Loaded
[   41.589362] xt_IPPRECEDENCE: Loaded
[   41.621299] xt_PKTCACHE: Loaded
[   41.673742] xt_session : Loaded limit 1000 hash 1024 WG IPC ID 92274688 (0x05800000)
[   41.735289] xt_CONNCLASSIFY: Loaded
[   41.748061] xt_connclassify : Loaded
[   41.763338] xt_ipspoof : Loaded
[   41.828146] xt_LBDNAT: Loaded
[   41.867174] xt_MWAN: Loaded
[   41.894979] xt_psd: Loaded
[   41.908494] xt_ipsd: Loaded
[   41.922145] xt_ddos: Loaded
[   41.936253] xt_dos: Loaded
[   41.960872] xt_wgaccount: Loaded
[   42.034696] xt_block : Loaded limit 1000 hash 1024 WG IPC ID 155189248
[   42.060756] xt_localroute: Loaded
[   42.082933] xt_duplicate: Loaded
[   42.120879] xt_WGCLASSIFY: Loaded
[   42.251502] xt_fqdn : Loading
[   42.273856] /builds/utm-11_11_4_csp/src/514824/components/firewall/build/newcastle/linux/wg-xtables-addons/xt_devsec.c:1516:devsec_init:
[   42.286027] devsec : Loaded limit 1000 hash 1024 WGIPC ID 260046848 (0x0F800000)
Done.
[   42.579520] Running /etc/runlevel/2/S33appID...[   42.659885] * Make sure sizeof(struct sw_struct)=68 is consistent
[   42.678037] WG workqueue: Loaded
[   42.749712] bw driver: Loaded
Done.
[   43.038601] Running /etc/runlevel/2/S35nropen...updated /proc/sys/fs/nr_open with new value: 2097152
[   43.041392] Done.
[   43.041521] Running /etc/runlevel/2/S35proxy...[   42.781974] Proxy glue: Loaded 18:03:10 (240)
Setting the proxy tmpfs size to size=119m.
[   43.289356] Done.
[   43.289573] Running /etc/runlevel/2/S35scand...Done.
[   51.320892] Running /etc/runlevel/2/S36dynroute...Done.
[   51.325615] Running /etc/runlevel/2/S42ssh...Done.
[   51.329183] Running /etc/runlevel/2/S44sysb...Done.
[   51.789554] Running /etc/runlevel/2/S50nettune...Setting IPv4 route garbage collection timeout to 2 minutes
[   51.792822] Setting promote_secondaries to 1
[   51.793126] Setting icmp_errors_use_inbound_ifaddr to 1
[   51.793484] Done.
[   51.793793] Running /etc/runlevel/2/S53configdhash...Done.
[   51.800097] Running /etc/runlevel/2/S54wireless...[   51.542958] Loading modules backported from Linux version v4.4-rc2-0-g1ec2183
[   51.550178] Backport generated by backports.git v4.4-rc2-1-0-g005b70f
[   51.997450] cfg80211: World regulatory domain updated:
[   52.002650] cfg80211:  DFS Master region: unset
[   52.007029] cfg80211:   (start_freq - end_freq @ bandwidth), (max_antenna_gain, max_eirp), (dfs_cac_time)
[   52.016811] cfg80211:   (2402000 KHz - 2472000 KHz @ 40000 KHz), (N/A, 2000 mBm), (N/A)
[   52.024847] cfg80211:   (2457000 KHz - 2482000 KHz @ 40000 KHz), (N/A, 2000 mBm), (N/A)
[   52.032881] cfg80211:   (2474000 KHz - 2494000 KHz @ 20000 KHz), (N/A, 2000 mBm), (N/A)
[   52.040924] cfg80211:   (5170000 KHz - 5250000 KHz @ 80000 KHz, 80000 KHz AUTO), (N/A, 2000 mBm), (N/A)
[   52.050356] cfg80211:   (5735000 KHz - 5835000 KHz @ 80000 KHz), (N/A, 2000 mBm), (N/A)
[   52.058391] cfg80211:   (57240000 KHz - 63720000 KHz @ 2160000 KHz), (N/A, 0 mBm), (N/A)
start load wireless modules
[   53.399480] Done.
[   53.399609] Running /etc/runlevel/2/S80seed-random...Saved random seed
[   53.436097] Done.
[   53.436226] Running /etc/runlevel/2/S90bootmon...Done.
[   53.447413] Running /etc/runlevel/2/S90kcrashrep...Done.
[   53.502584] Running /etc/runlevel/2/S98setmacs...setting device eth0 to 00:90:7f:ab:d6:99
[   53.636922] setting device eth1 to 00:90:7f:ab:d6:9a
[   53.637275] setting device eth2 to 00:90:7f:ab:d6:9b
[   53.637618] setting device eth3 to 00:90:7f:ab:d6:9c
[   53.637957] setting device eth4 to 00:90:7f:ab:d6:9d
[   53.639229] Done.
[   53.639367] Running /etc/runlevel/2/S99igmp...Done.
[   53.641989] Running /etc/runlevel/2/S99rootro...Done.
[   65.647957] Running /etc/runlevel/4/S54setmacwifi...ifconfig: SIOCSIFHWADDR: No such device
[   65.699026] setmacs(wifi): set wlan0 interface mac address to 00:90:7F:AB:D6:9F
[   65.699602] Done.
[   65.699719] Running /etc/runlevel/4/S80chkupgrade...Done.

WatchGuard-XTM login:
&lt;/pre&gt;}}&lt;noinclude&gt;[[Category:WatchGuard]]&lt;/noinclude&gt;</text>
      <sha1>oa7q14f0xr026qk903wyutfusnre5rv</sha1>
    </revision>
  </page>