<page>
    <title>WatchGuard XTM 330 (NC5AE7)/Serial info</title>
    <ns>0</ns>
    <id>37714</id>
    <revision>
      <id>371555</id>
      <parentid>120751</parentid>
      <timestamp>2024-07-18T21:09:44Z</timestamp>
      <contributor>
        <username>DarkShadow</username>
        <id>3096572</id>
      </contributor>
      <minor/>
      <comment>DarkShadow moved page [[WatchGuard XTM 330/Serial info]] to [[WatchGuard XTM 330 (NC5AE7)/Serial info]]: fixed;)</comment>
      <origin>120751</origin>
      <model>wikitext</model>
      <format>text/x-wiki</format>
      <text bytes="29743" sha1="52321aeaz1t9je8m37kngxygf7s7ukh" xml:space="preserve">
{{SCollapse|Boot log
|&lt;small&gt;&lt;pre&gt;


U-Boot 2011.03 (Jan 20 2012 - 10:52:36)

CPU0:  P2020E, Version: 2.1, (0x80ea0021)
Core:  E500, Version: 5.1, (0x80211051)
Clock Configuration:
       CPU0:1066.667 MHz, CPU1:1066.667 MHz,
       CCB:533.333 MHz,
       DDR:333.333 MHz (666.667 MT/s data rate) (Asynchronous), LBC:33.333 MHz
L1:    D-cache 32 kB enabled
       I-cache 32 kB enabled
Board: P2020RDB
XTM330 P2020 334788 Jan 20 2012
I2C:   ready
DRAM:  Configuring DDR for 666.667 MT/s data rate
DDR: 1 GiB (DDR3, 32-bit, CL=6, ECC off)
Flash: 2 MiB
L2:    512 KB enabled
NAND:  512 MiB
*** Warning - bad CRC, using default environment

EEPROM: NXID v0
PCIe1: Root Complex of Slot 2, no link, regs @ 0xffe0a000
PCIe1: Bus 00 - 00
PCIe2: disabled
In:    serial
Out:   serial
Err:   serial
Net:   eTSEC1: No support for PHY id ffffffff; assuming generic
eTSEC3: No support for PHY id ffffffff; assuming generic
Init SW10 switch to forwarding mode.... Done
Init SW11 switch to forwarding mode.... Done
eTSEC1, eTSEC3
WatchGuard

          WatchGuard U-Boot 2011.03 - 334788 - Jan 20 2012 10:52:36

 +-------------------------------------------------------------------------+
 |WatchGuard (SYSA)                                                        |
 |WatchGuard (SYSB)                                                        |
 |WatchGuard (SAFE MODE)                                                   |
 |                                                                         |
 |                                                                         |
 |                                                                         |
 |                                                                         |
 |                                                                         |
 |                                                                         |
 |                                                                         |
 |                                                                         |
 +-------------------------------------------------------------------------+

      Use the ^ and v keys to select which entry is highlighted.
      Press enter to boot the selected OS.






Booting SYSA

NAND read: device 0 offset 0x20000, size 0x500000
Bad block table found at page 262080, version 0x01
Bad block table found at page 262016, version 0x01
 5242880 bytes read: OK
WARNING: adjusting available memory to 30000000
## Booting kernel from FIT Image at 01000000 ...
   Using 'conf@1' configuration
   Trying 'kernel@1' kernel subimage
     Description:  WatchGuard Kernel
     Type:         Kernel Image
     Compression:  gzip compressed
     Data Start:   0x010000cc
     Data Size:    2893187 Bytes = 2.8 MiB
     Architecture: PowerPC
     OS:           Linux
     Load Address: 0x00000000
     Entry Point:  0x00000000
     Hash algo:    crc32
     Hash value:   d506f72a
     Hash algo:    sha1
     Hash value:   41f6386acf750495b481bc591dc5f33019c2711a
   Verifying Hash Integrity ... crc32+ sha1+ OK
## Flattened Device Tree from FIT Image at 01000000
   Using 'conf@1' configuration
   Trying 'fdt@1' FDT blob subimage
     Description:  Flattened Device Tree blob
     Type:         Flat Device Tree
     Compression:  uncompressed
     Data Start:   0x012c2778
     Data Size:    11257 Bytes = 11 KiB
     Architecture: PowerPC
     Hash algo:    crc32
     Hash value:   36e5f191
     Hash algo:    sha1
     Hash value:   f3896f45217bf769142c10f59ec2ea34798f49ff
   Verifying Hash Integrity ... crc32+ sha1+ OK
   Booting using the fdt blob at 0x12c2778
   Uncompressing Kernel Image ... OK
   Loading Device Tree to 00ffa000, end 00fffbf8 ... OK
[    0.000000] Reserving 16MB of memory at 256MB for crashkernel (System RAM: 1024MB)
[    0.000000] Using P2020 RDB machine description
[    0.000000] Memory CAM mapping: 256/256/256/256 Mb, residual: 0Mb
[    0.000000] Linux version 3.0.34 (release@cmfarm02) (gcc version 4.4.5 (WatchGuard Inc./crosstool-ng version: 0.1.5/1.9.0) ) #1 SMP Tue Dec 31 10:48:04 PST 2013
[    0.000000] CPU maps initialized for 1 thread per core
[    0.000000] bootconsole [udbg0] enabled
setup_arch: bootmem
mpc85xx_rdb_setup_arch()
[    0.000000] Found FSL PCI host bridge at 0x00000000ffe0a000. Firmware bus number: 0-&gt;0
[    0.000000] PCI host bridge /pcie@ffe0a000  ranges:
[    0.000000]  MEM 0x0000000080000000..0x000000009fffffff -&gt; 0x0000000080000000
[    0.000000]   IO 0x00000000ffc00000..0x00000000ffc0ffff -&gt; 0x0000000000000000
[    0.000000] /pcie@ffe0a000: PCICSRBAR @ 0xfff00000
[    0.000000] MPC85xx RDB board from Freescale Semiconductor
arch: exit
[    0.000000] Zone PFN ranges:
[    0.000000]   DMA      0x00000000 -&gt; 0x00040000
[    0.000000]   Normal   empty
[    0.000000] Movable zone start PFN for each node
[    0.000000] early_node_map[1] active PFN ranges
[    0.000000]     0: 0x00000000 -&gt; 0x00040000
[    0.000000] MMU: Allocated 1088 bytes of context maps for 255 contexts
[    0.000000] PERCPU: Embedded 7 pages/cpu @a0f03000 s5728 r8192 d14752 u32768
[    0.000000] Built 1 zonelists in Zone order, mobility grouping on.  Total pages: 260096
[    0.000000] Kernel command line: root=/dev/mtdblock9 rw rootfstype=jffs2 console=ttyS0,115200 ramdisk_size=600000
[    0.000000] PID hash table entries: 4096 (order: 2, 16384 bytes)
[    0.000000] Dentry cache hash table entries: 131072 (order: 7, 524288 bytes)
[    0.000000] Inode-cache hash table entries: 65536 (order: 6, 262144 bytes)
[    0.000000] Memory: 1015852k/1048576k available (5668k kernel code, 32724k reserved, 256k data, 1221k bss, 224k init)
[    0.000000] Kernel virtual memory layout:
[    0.000000]   * 0xfffdf000..0xfffff000  : fixmap
[    0.000000]   * 0xfdfec000..0xfe000000  : early ioremap
[    0.000000]   * 0xe1000000..0xfdfec000  : vmalloc &amp; ioremap
[    0.000000] SLUB: Genslabs=15, HWalign=32, Order=0-3, MinObjects=0, CPUs=2, Nodes=1
[    0.000000] Hierarchical RCU implementation.
[    0.000000] NR_IRQS:512
[    0.000000] mpic: Setting up MPIC &quot; OpenPIC  &quot; version 1.2 at ffe40000, max 2 CPUs
[    0.000000] mpic: ISU size: 256, shift: 8, mask: ff
[    0.000000] mpic: Initializing for 256 sources
[    0.000000] clocksource: timebase mult[3c00001] shift[22] registered
[    0.000000] Console: colour dummy device 80x25
[    0.010719] pid_max: default: 32768 minimum: 301
[    0.015460] Mount-cache hash table entries: 512
[    0.021315] mpic: requesting IPIs...
[    0.082259] Brought up 2 CPUs
[    0.085704] NET: Registered protocol family 16

[    0.092124] PCI: Probing PCI hardware
[    0.095764] pci 0000:00:00.0: ignoring class b20 (doesn't match header type 01)
[    0.103052] pci 0000:00:00.0: PCI bridge to [bus 01-ff]
[    0.108330] pci 0000:00:00.0: PCI bridge to [bus 01-01]
[    0.113463] pci 0000:00:00.0:   bridge window [io  0xfdfed000-0xfdffcfff]
[    0.120221] pci 0000:00:00.0:   bridge window [mem 0x80000000-0x9fffffff]
[    0.126982] pci 0000:00:00.0:   bridge window [mem pref disabled]
[    0.133055] pci 0000:00:00.0: enabling device (0106 -&gt; 0107)
[    0.140168] bio: create slab &lt;bio-0&gt; at 0
[    0.144236] Freescale Elo / Elo Plus DMA driver
[    0.148929] SCSI subsystem initialized
[    0.152699] usbcore: registered new interface driver usbfs
[    0.158134] usbcore: registered new interface driver hub
[    0.163441] usbcore: registered new device driver usb
[    0.168693] Switching to clocksource timebase
[    0.173091] FS-Cache: Loaded
[    0.174256] Switched to NOHz mode on CPU #1
[    0.180045] Switched to NOHz mode on CPU #0
[    0.184256] CacheFiles: Loaded
[    0.189547] NET: Registered protocol family 2
[    0.193915] IP route cache hash table entries: 32768 (order: 5, 131072 bytes)
[    0.201401] TCP established hash table entries: 131072 (order: 8, 1048576 bytes)
[    0.211117] TCP bind hash table entries: 65536 (order: 7, 524288 bytes)
[    0.218825] TCP: Hash tables configured (established 131072 bind 65536)
[    0.225355] TCP reno registered
[    0.228465] UDP hash table entries: 512 (order: 2, 16384 bytes)
[    0.234396] UDP-Lite hash table entries: 512 (order: 2, 16384 bytes)
[    0.241030] NET: Registered protocol family 1
[    0.246470] fsl-elo-dma ffe0c300.dma: #0 (fsl,eloplus-dma-channel), irq 76
[    0.253303] fsl-elo-dma ffe0c300.dma: #1 (fsl,eloplus-dma-channel), irq 77
[    0.260138] fsl-elo-dma ffe0c300.dma: #2 (fsl,eloplus-dma-channel), irq 78
[    0.266992] fsl-elo-dma ffe0c300.dma: #3 (fsl,eloplus-dma-channel), irq 79
[    0.274275] fsl-elo-dma ffe21300.dma: #0 (fsl,eloplus-dma-channel), irq 20
[    0.281097] fsl-elo-dma ffe21300.dma: #1 (fsl,eloplus-dma-channel), irq 21
[    0.287942] fsl-elo-dma ffe21300.dma: #2 (fsl,eloplus-dma-channel), irq 22
[    0.294796] fsl-elo-dma ffe21300.dma: #3 (fsl,eloplus-dma-channel), irq 23
[    0.355038]  WG CPU Model 2020
[    0.358010]  WG CRASH MIN RESERVE    0 MB
[    0.376772] JFFS2 version 2.2. (NAND) (SUMMARY)  Â© 2001-2006 Red Hat, Inc.
[    0.383941] msgmni has been set to 1986
[    0.387929] alg: No test for cipher_null (cipher_null-generic)
[    0.393742] alg: No test for ecb(cipher_null) (ecb-cipher_null)
[    0.399636] alg: No test for digest_null (digest_null-generic)
[    0.405442] alg: No test for compress_null (compress_null-generic)
[    0.412813] alg: No test for stdrng (krng)
[    0.416946] Block layer SCSI generic (bsg) driver version 0.4 loaded (major 253)
[    0.424251] io scheduler noop registered
[    0.428143] io scheduler deadline registered
[    0.432426] io scheduler cfq registered (default)
[    0.487778] Serial: 8250/16550 driver, 2 ports, IRQ sharing enabled
[    0.494606] serial8250.0: ttyS0 at MMIO 0xffe04500 (irq = 42) is a 16550A
[    0.501317] console [ttyS0] enabled, bootconsole disabled
[    0.501317] console [ttyS0] enabled, bootconsole disabled
[    0.512467] serial8250.0: ttyS1 at MMIO 0xffe04600 (irq = 42) is a 16550A
[    0.519461] Generic non-volatile memory driver v1.1
[    0.526498] brd: module loaded
[    0.530622] loop: module loaded
[    0.534382] efe00000.nor: Found 1 x16 devices at 0x0 in 16-bit bank. Manufacturer ID 0x000001 Chip ID 0x002249
[    0.544386] Amd/Fujitsu Extended Query Table at 0x0040
[    0.549546]   Amd/Fujitsu Extended Query version 1.3.
[    0.554593] number of CFI chips: 1
[    0.558366] Creating 7 MTD partitions on &quot;efe00000.nor&quot;:
[    0.563676] 0x000000000000-0x000000020000 : &quot;NOR (RW) WG CFG0&quot;
[    0.569999] 0x000000020000-0x000000030000 : &quot;NOR (RW) WG CFG1&quot;
[    0.576222] 0x000000030000-0x000000040000 : &quot;NOR (RW) WG MFG DATA&quot;
[    0.582811] 0x000000040000-0x0000000f0000 : &quot;NOR (RW) WG bootOpt Data &amp; reserved&quot;
[    0.590699] 0x0000000f0000-0x000000100000 : &quot;NOR (RW) WG U-Boot ENV&quot;
[    0.597460] 0x000000100000-0x000000180000 : &quot;NOR (RW) WG U-Boot Image&quot;
[    0.604387] 0x000000180000-0x000000200000 : &quot;NOR (RW) WG U-Boot FAILSAFE&quot;
[    0.611785] NAND device: Manufacturer ID: 0x2c, Chip ID: 0xdc (Micron NAND 512MiB 3,3V 8-bit)
[    0.622293] Creating 7 MTD partitions on &quot;ffa00000.flash&quot;:
[    0.627776] 0x000000000000-0x000000020000 : &quot;NAND (RW) WG DTB Image&quot;
[    0.634660] 0x000000020000-0x000000520000 : &quot;NAND (RW) WG SYSA Kernel&quot;
[    0.641596] 0x000000520000-0x000007f00000 : &quot;NAND (RW) WG SYSA_CODE&quot;
[    0.648401] 0x000007f00000-0x00001df00000 : &quot;NAND (RW) WG SYSA_DATA&quot;
[    0.655290] 0x00001df00000-0x00001e400000 : &quot;NAND (RW) WG SYSB Kernel&quot;
[    0.662225] 0x00001e400000-0x00001fc00000 : &quot;NAND (RW) WG SYSB_CODE&quot;
[    0.669011] 0x00001fc00000-0x000020000000 : &quot;NAND (RW) WG KDUMP&quot;
[    0.675421] eLBC NAND device at 0xffa00000, bank 1
[    0.680867] Fixed MDIO Bus: probed
[    0.684617] eth0: Gianfar Ethernet Controller Version 1.2, 10:56:ca:06:d1:50
[    0.691663] eth0: Running with NAPI enabled
[    0.695839] eth0: RX BD ring size for Q[0]: 256
[    0.700364] eth0: TX BD ring size for Q[0]: 256
[    0.705179] eth1: Gianfar Ethernet Controller Version 1.2, 10:56:ca:06:d1:51
[    0.712222] eth1: Running with NAPI enabled
[    0.716396] eth1: RX BD ring size for Q[0]: 256
[    0.720918] eth1: TX BD ring size for Q[0]: 256
[    0.725737] Freescale PowerQUICC MII Bus: probed
[    0.730514] mdio_bus mdio@ffe24520: error probing PHY at address 17
[    0.736897] mdio_bus mdio@ffe24520: error probing PHY at address 16
[    0.743216] ehci_hcd: USB 2.0 'Enhanced' Host Controller (EHCI) Driver
[    0.749876] /soc@ffe00000/usb@22000: Invalid 'dr_mode' property, fallback to host mode
[    0.757843] fsl-ehci fsl-ehci.0: Freescale On-Chip EHCI Host Controller
[    0.764500] fsl-ehci fsl-ehci.0: new USB bus registered, assigned bus number 1
[    0.793017] fsl-ehci fsl-ehci.0: irq 28, io mem 0xffe22000
[    0.808990] fsl-ehci fsl-ehci.0: USB 2.0 started, EHCI 1.00
[    0.814875] hub 1-0:1.0: USB hub found
[    0.818632] hub 1-0:1.0: 1 port detected
[    0.822757] usbcore: registered new interface driver usbserial
[    0.828613] USB Serial support registered for generic
[    0.833691] usbcore: registered new interface driver usbserial_generic
[    0.840211] usbserial: USB Serial Driver core
[    0.844581] USB Serial support registered for pl2303
[    0.849583] usbcore: registered new interface driver pl2303
[    0.855149] pl2303: Prolific PL2303 USB to serial adaptor driver
[    0.861188] i2c /dev entries driver
[    0.864792] mpc-i2c ffe03000.i2c: timeout 1000000 us
[    0.874017] rtc-rs5c372 0-0032: rs5c372a found, 24hr, driver version 0.6
[    0.886725] rtc-rs5c372 0-0032: rtc core: registered rtc-rs5c372 as rtc0
[    0.893638] mpc-i2c ffe03100.i2c: timeout 1000000 us
[    0.898822] booke_wdt: powerpc book-e watchdog driver loaded
[    0.904567] EDAC MC: Ver: 2.1.0
[    0.907790] Freescale(R) MPC85xx EDAC driver, (C) 2006 Montavista Software
[    0.914796] mpc85xx_mc_err_probe: No ECC DIMMs discovered
[    0.920606] EDAC DEVICE0: Giving out device to module 'MPC85xx_edac' controller 'mpc85xx_l2_err': DEV 'mpc85xx_l2_err' (INTERRUPT)
[    0.932422] MPC85xx_edac acquired irq 16 for L2 Err
[    0.937295] MPC85xx_edac L2 err registered
[    0.941770] TCP cubic registered
[    0.944996] Initializing XFRM netlink socket
[    0.949689] NET: Registered protocol family 10
[    0.954602] ip6_tables: (C) 2000-2006 Netfilter Core Team
[    0.960000] NET: Registered protocol family 17
[    0.964451] NET: Registered protocol family 15
[    0.971412] rtc-rs5c372 0-0032: setting system clock to 2021-01-11 14:33:35 UTC (1610375615)
[    1.140998] usb 1-1: new high speed USB device number 2 using fsl-ehci
[    1.279184] hub 1-1:1.0: USB hub found
[    1.283246] hub 1-1:1.0: 2 ports detected
[    2.057775] VFS: Mounted root (jffs2 filesystem) on device 31:9.
[    2.063815] Freeing unused kernel memory: 224k init
[    4.080131] Running /etc/runlevel/1/S02rootrw...Done.
[    4.082632] Running /etc/runlevel/1/S05mproc...Done.
[    4.083946] Running /etc/runlevel/1/S05sysfs...Done.
[    4.085094] Running /etc/runlevel/1/S10armled...Done.
[    4.151797] Running /etc/runlevel/1/S18seed-random...Reseeded random generator
[    4.165510] Done.
[    4.191922] Running /etc/runlevel/2/S10var...Done.
[    4.194010] Running /etc/runlevel/2/S11shm...Done.
[    4.196699] Running /etc/runlevel/2/S13devpts...Done.
[    4.197839] Running /etc/runlevel/2/S14temp...Done.
[    4.199079] Running /etc/runlevel/2/S16pending...Done.
[    4.199628] Running /etc/runlevel/2/S18data...Done.
[    7.038438] Running /etc/runlevel/2/S18hotplug...Done.
[    8.597857] Running /etc/runlevel/2/S18kdump...Done.
[   10.622274] Running /etc/runlevel/2/S19ipv6...disabling IPv6 autoconf for all
[   10.624533] disabling IPv6 autoconf for default
[   10.624707] enable IPv6 forwarding for all
[   10.624861] enable IPv6 forwarding for default
[   10.625021] disabling IPv6 for all
[   10.625146] disabling IPv6 for default
[   10.625277] Done.
[   10.625336] Running /etc/runlevel/2/S20cleanup-dbg...Done.
[   10.625535] Running /etc/runlevel/2/S20sigs...Done.
[   11.474248] Running /etc/runlevel/2/S20usb...[   11.599857] Initializing USB Mass Storage driver...
[   11.605041] usbcore: registered new interface driver usb-storage
[   11.611054] USB Mass Storage support registered.
Done.
[   11.602448] Running /etc/runlevel/2/S20wgbase...[   11.625221] wgipc: module license 'Watchguard Proprietary' taints kernel.
[   11.632011] Disabling lock debugging due to kernel taint
Done.
[   11.629992] Running /etc/runlevel/2/S21eth...[   11.653089]
[   11.653092] wg_dsa_init: Built Dec 31 2013 10:48:40 P2020 SW 2 Flags 2929
[   11.653095]
[   11.662872] wg_dsa_init: Rename eth0 -&gt; eth4
[   11.677124] wg_dsa_init: Rename eth1 -&gt; eth0
[   11.697101] wg_dsa_init: Rename eth0 -&gt; sw10
[   11.721446] Distributed Switch Architecture driver version 0.1
[   11.728456] sw10[0]: detected a Marvell 88E6171 switch
[   12.026744] dsa slave smi: probed
[   12.030103] dsa_slave_create: eth0 Marvell headers enabled, len 16
[   12.061067] dsa_slave_create: eth1 Marvell headers enabled, len 16
[   12.091012] dsa_slave_create: eth2 Marvell headers enabled, len 16
[   12.121793] dsa_slave_create: eth3 Marvell headers enabled, len 16
[   12.152645] wg_dsa_init: Split sw10
[   12.156136] wg_dsa_init: Rename eth4 -&gt; sw11
[   12.170573] sw11[0]: detected a Marvell 88E6171 switch
[   12.463968] dsa slave smi: probed
[   12.467324] dsa_slave_create: eth4 Marvell headers enabled, len 16
[   12.497914] dsa_slave_create: eth5 Marvell headers enabled, len 16
[   12.527490] dsa_slave_create: eth6 Marvell headers enabled, len 16
[   12.558122] wg_dsa_init: Split sw11
[   14.563881] gfar_init_mac: sw10: L2OFF  2  Pad   8 RCTRL   20807ca
[   14.570620] ADDRCONF(NETDEV_UP): sw10: link is not ready
[   14.576325] gfar_init_mac: sw11: L2OFF  2  Pad   8 RCTRL   20807ca
[   14.583032] ADDRCONF(NETDEV_UP): sw11: link is not ready
Done.
[   14.575295] Running /etc/runlevel/2/S22hwmon...[   14.621768] hwmon_vid: Unknown VRM version of your CPU
[   14.630656] w83793 0-002d: Registered watchdog chardev major 10, minor: 212
Done.
[   14.624658] Running /etc/runlevel/2/S22login...Done.
[   14.625930] Running /etc/runlevel/2/S22rtc...Done.
[   14.633048] Running /etc/runlevel/2/S23pppoe...[   14.669584] PPP generic driver version 2.4.2
[   14.693315] PPP MPPE Compression module registered
[   14.702000] PPP Deflate Compression module registered
[   14.710165] NET: Registered protocol family 24
Done.
[   14.710242] Running /etc/runlevel/2/S23sslvpn...[   14.734452] tun: Universal TUN/TAP device driver, 1.6
[   14.739526] tun: (C) 1999-2004 Max Krasnyansky &lt;maxk@qualcomm.com&gt;
Done.
[   14.734304] Running /etc/runlevel/2/S24l2tpvpn...[   14.760283] L2TP core driver, V2.0
[   14.769749] L2TP netlink interface
[   14.783757] PPPoL2TP kernel driver, V2.0
Done.
[   14.774422] Running /etc/runlevel/2/S25wgcfg...[   16.561006] PHY: 0:02 - Link is Up - 1000/Full
[   16.566419] ADDRCONF(NETDEV_CHANGE): sw10: link becomes ready
[   16.572992] PHY: 0:01 - Link is Up - 1000/Full
[   16.577987] ADDRCONF(NETDEV_CHANGE): sw11: link becomes ready
Info: No conversion required from version 11.8.1 to 11.8.1.
[   17.201515] Done.
[   17.201600] Running /etc/runlevel/2/S27cfgcheck...Config ok
[   18.373066] Done.
[   18.373169] Running /etc/runlevel/2/S29firewall...Done.
[   18.375131] Running /etc/runlevel/2/S29wgcore...Done.
[   18.497885] Running /etc/runlevel/2/S30bonding...[   18.562336] bonding: Ethernet Channel Bonding Driver: v3.7.1 (April 27, 2011)
[   18.569490] bonding: MII link monitoring set to 100 ms
Done.
[   18.561513] Running /etc/runlevel/2/S30net...[   18.621713] Bridge firewalling registered
[   18.637545] Ebtables v2.0 registered
[   18.673109] GRE over IPv4 demultiplexor driver
[   18.692499] GRE over IPv4 tunneling driver
[   18.699714] bvpn vif handlers are registered
[   18.721523] 802.1Q VLAN Support v1.8
Done.
[   18.718282] Running /etc/runlevel/2/S30upgrade...Done.
[   18.722685] Running /etc/runlevel/2/S31cacert...Done.
[   18.830825] Running /etc/runlevel/2/S31cert...[   22.280008] JFFS2 notice: (77) check_node_data: wrong data CRC in data node at 0x0496736c: read 0xa6f6c955, calculated 0xbd0b7942.
Done.
[   24.679242] Running /etc/runlevel/2/S31crypto...[   24.710295] talitos ffe30000.crypto: hwrng
[   24.714533] alg: No test for authenc(hmac(sha1),cbc(aes)) (authenc-hmac-sha1-cbc-aes-talitos)
[   24.723091] talitos ffe30000.crypto: authenc-hmac-sha1-cbc-aes-talitos
[   24.729674] alg: No test for authenc(hmac(sha1),cbc(des3_ede)) (authenc-hmac-sha1-cbc-3des-talitos)
[   24.738759] talitos ffe30000.crypto: authenc-hmac-sha1-cbc-3des-talitos
[   24.745444] alg: No test for authenc(hmac(sha256),cbc(aes)) (authenc-hmac-sha256-cbc-aes-talitos)
[   24.754330] talitos ffe30000.crypto: authenc-hmac-sha256-cbc-aes-talitos
[   24.761107] alg: No test for authenc(hmac(sha256),cbc(des3_ede)) (authenc-hmac-sha256-cbc-3des-talitos)
[   24.770532] talitos ffe30000.crypto: authenc-hmac-sha256-cbc-3des-talitos
[   24.777440] alg: No test for authenc(hmac(md5),cbc(aes)) (authenc-hmac-md5-cbc-aes-talitos)
[   24.785816] talitos ffe30000.crypto: authenc-hmac-md5-cbc-aes-talitos
[   24.792357] alg: No test for authenc(hmac(md5),cbc(des3_ede)) (authenc-hmac-md5-cbc-3des-talitos)
[   24.801259] talitos ffe30000.crypto: authenc-hmac-md5-cbc-3des-talitos
[   24.807913] talitos ffe30000.crypto: cbc-aes-talitos
[   24.813044] talitos ffe30000.crypto: cbc-3des-talitos
[   24.818425] talitos ffe30000.crypto: md5-talitos
[   24.823223] talitos ffe30000.crypto: sha1-talitos
[   24.828078] talitos ffe30000.crypto: sha224-talitos
[   24.833139] talitos ffe30000.crypto: sha256-talitos
[   24.838205] talitos ffe30000.crypto: sha384-talitos
[   24.843268] talitos ffe30000.crypto: sha512-talitos
[   24.848228] alg: No test for authenc(hmac(sha1),cbc(cipher_null)) (authenc-hmac-sha1-cbc-cipher-null-talitos)
[   24.858183] talitos ffe30000.crypto: authenc-hmac-sha1-cbc-cipher-null-talitos
[   24.865467] alg: No test for authenc(hmac(sha256),cbc(cipher_null)) (authenc-hmac-sha256-cbc-cipher-null-talitos)
[   24.875772] talitos ffe30000.crypto: authenc-hmac-sha256-cbc-cipher-null-talitos
[   24.883211] alg: No test for authenc(hmac(sha384),cbc(cipher_null)) (authenc-hmac-sha384-cbc-cipher-null-talitos)
[   24.893475] talitos ffe30000.crypto: authenc-hmac-sha384-cbc-cipher-null-talitos
[   24.900908] alg: No test for authenc(hmac(sha512),cbc(cipher_null)) (authenc-hmac-sha512-cbc-cipher-null-talitos)
[   24.911172] talitos ffe30000.crypto: authenc-hmac-sha512-cbc-cipher-null-talitos
[   24.918618] alg: No test for authenc(hmac(sha384),cbc(aes)) (authenc-hmac-sha384-cbc-aes-talitos)
[   24.927502] talitos ffe30000.crypto: authenc-hmac-sha384-cbc-aes-talitos
[   24.934246] alg: No test for authenc(hmac(sha384),cbc(des3_ede)) (authenc-hmac-sha384-cbc-3des-talitos)
[   24.943642] talitos ffe30000.crypto: authenc-hmac-sha384-cbc-3des-talitos
[   24.950469] alg: No test for authenc(hmac(sha512),cbc(aes)) (authenc-hmac-sha512-cbc-aes-talitos)
[   24.959346] talitos ffe30000.crypto: authenc-hmac-sha512-cbc-aes-talitos
[   24.966093] alg: No test for authenc(hmac(sha512),cbc(des3_ede)) (authenc-hmac-sha512-cbc-3des-talitos)
[   24.975495] talitos ffe30000.crypto: authenc-hmac-sha512-cbc-3des-talitos
[   24.982326] alg: No test for authenc(digest_null,cbc(aes)) (authenc-digest-null-cbc-aes-talitos)
[   24.991131] talitos ffe30000.crypto: authenc-digest-null-cbc-aes-talitos
[   24.997917] alg: No test for authenc(digest_null,cbc(des3_ede)) (authenc-digest-null-cbc-3des-talitos)
[   25.007233] talitos ffe30000.crypto: authenc-digest-null-cbc-3des-talitos
[   25.014078] talitos ffe30000.crypto: ablk-cbc-aes-talitos
[   25.019530] talitos ffe30000.crypto: ablk-cbc-3des-talitos
[   25.025061] alg: No test for auth(sha1) (auth-sha1-talitos)
[   25.030643] talitos ffe30000.crypto: auth-sha1-talitos
[   25.035831] alg: No test for auth(sha256) (auth-sha256-talitos)
[   25.041761] talitos ffe30000.crypto: auth-sha256-talitos
[   25.047119] alg: No test for auth(sha384) (auth-sha384-talitos)
[   25.053049] talitos ffe30000.crypto: auth-sha384-talitos
[   25.058423] alg: No test for auth(sha512) (auth-sha512-talitos)
[   25.064351] talitos ffe30000.crypto: auth-sha512-talitos
Done.
[   25.071713] Running /etc/runlevel/2/S31xtables...[   25.093477] Netfilter messages via NETLINK v0.30.
[   25.109994] ip_set_init[1869]: ip_set: protocol 5
[   25.278928] nf_conntrack version 0.5.0 (15892 buckets, 63568 max)
[   25.285062] nf_conntrack_init_init_net: conntrack max=63568 high water mark=50854
[   25.318552] ip_tables: (C) 2000-2006 Netfilter Core Team
[   25.352542] nf_ct_ftp: Maximum expected value 1
[   25.404467] NF_TPROXY: Transparent proxy support initialized, version 4.1.0
[   25.411469] NF_TPROXY: Copyright (c) 2006-2007 BalaBit IT Ltd.
[   25.432024] ctnetlink v0.93: registering with nfnetlink.
[   25.547995] arp_tables: (C) 2002 David S. Miller
[   25.640165] u32 classifier
[   25.642929]     Performance counters on
[   25.646786]     input device check on
[   25.650447]     Actions configured
Done.
[   25.667755] Running /etc/runlevel/2/S31xtables6...Done.
[   25.696369] Running /etc/runlevel/2/S32auth...Done.
[   25.703742] Running /etc/runlevel/2/S32clst...Done.
[   25.797569] Running /etc/runlevel/2/S32modemdrivers...[   25.830945] USB Serial support registered for GSM modem (1-port)
[   25.837328] usbcore: registered new interface driver option
[   25.842932] option: v0.7.2:USB Driver for GSM modems
[   25.855957] USB Serial support registered for Sierra USB modem
[   25.862101] usbcore: registered new interface driver sierra
[   25.867685] wg_sierra: v.1.7.40:USB Driver for Sierra Wireless USB modems
[   25.885313] usbcore: registered new interface driver cdc_acm
[   25.890978] cdc_acm: USB Abstract Control Model driver for USB modems and ISDN adapters
[   25.915679] usbcore: registered new interface driver cdc_ether
[   25.928550] usbcore: registered new interface driver rndis_host
[   25.942465] usbcore: registered new interface driver sierra_net
Done.
[   25.935217] Running /etc/runlevel/2/S32wgxt...[   25.966716] ipt_addrpairs_6 v0.1.0: Loading
[   25.991509] xt_session6 : Loading
[   25.994854] xt_session6 : Loaded limit 1000 hash 1024 WG IPC ID 184549376 (0x0B000000)
[   26.046210] ipt_addrpairs: ADDRPAIRS SCALE Set MAX 16384 Entry Max 16384
[   26.052945] ipt_addrpairs: v1.0.0 Loaded
[   26.099673] xt_ifset: Loaded with set limit 5000 and entry limit 5000
[   26.107486] xt_classify : Loaded
[   26.113212] xt_master: Loaded
[   26.119129] xt_MASTER: Loaded
[   26.125964] xt_WGTEE: Loaded
[   26.133049] Schedule: Loaded
[   26.137345] xt_POLICY: Loaded
[   26.143345] xt_policy : Loaded
[   26.147855] xt_EXPIRES: Loaded
[   26.153894] xt_IPPRECEDENCE: Loaded
[   26.164862] xt_PKTCACHE: Loaded
[   26.193761] xt_session : Loaded limit 1000 hash 1024 WG IPC ID 92274688 (0x05800000)
[   26.225609] xt_CONNCLASSIFY: Loaded
[   26.230396] xt_connclassify : Loaded
[   26.238197] xt_ipspoof : Loaded
[   26.315054] xt_LBDNAT: Loaded
[   26.336697] xt_MWAN: Loaded
[   26.350322] xt_psd: Loaded
[   26.357565] xt_ipsd: Loaded
[   26.364472] xt_ddos: Loaded
[   26.372814] xt_dos: Loaded
[   26.385307] xt_wgaccount: Loaded
[   26.437699] xt_block : Loaded limit 1000 hash 1024 WG IPC ID 155189248
[   26.450045] xt_localroute: Loaded
[   26.459131] xt_duplicate: Loaded
Done.
[   26.462427] Running /etc/runlevel/2/S33appID...[   26.662873] WG workqueue: Loaded
[   26.701042] bw driver: Loaded
Done.
[   26.690851] Running /etc/runlevel/2/S35proxy...[   26.715015] Proxy glue: Loaded 10:59:59 (196)
Setting the proxy tmpfs size to size=248m.
[   26.734767] Done.
[   26.734889] Running /etc/runlevel/2/S35scand...Done.
[   30.206074] Running /etc/runlevel/2/S36dynroute...Done.
[   30.206885] Running /etc/runlevel/2/S42ssh...Done.
[   30.211099] Running /etc/runlevel/2/S44sysb...Done.
[   30.479721] Running /etc/runlevel/2/S50nettune...Setting IPv4 route garbage collection timeout to 2 minutes
[   30.482259] Setting promote_secondaries to 1
[   30.482432] Done.
[   30.482491] Running /etc/runlevel/2/S53configdhash...Done.
[   30.482891] Running /etc/runlevel/2/S80seed-random...Saved random seed
[   31.560675] Done.
[   31.560863] Running /etc/runlevel/2/S90kcrashrep...Done.
[   31.562197] Running /etc/runlevel/2/S99igmp...Done.
[   31.563147] Running /etc/runlevel/2/S99rootro...Done.
[   31.567853] Running /etc/runlevel/2/S99setmacs...setting device eth0 to 00:90:7f:a4:e0:f9
[   31.581433] setting device eth1 to 00:90:7f:a4:e0:fa
[   31.581633] setting device eth2 to 00:90:7f:a4:e0:fb
[   31.581813] setting device eth3 to 00:90:7f:a4:e0:fc
[   31.581993] setting device eth4 to 00:90:7f:a4:e0:fd
[   31.582171] setting device eth5 to 00:90:7f:a4:e0:fe
[   31.582351] setting device eth6 to 00:90:7f:a4:e0:ff
[   31.583266] Done.
[   38.517373] device sw10 entered promiscuous mode
[   38.522707] ADDRCONF(NETDEV_UP): eth0: link is not ready
[   38.951394] xt_connbytes: Forcing CT accounting to be enabled
[   38.989451] ADDRCONF(NETDEV_UP): eth1: link is not ready
[   39.006800] ADDRCONF(NETDEV_UP): eth2: link is not ready
[   39.149289] ADDRCONF(NETDEV_UP): eth3: link is not ready
[   39.189878] ADDRCONF(NETDEV_UP): wgdeth3: link is not ready
[   39.308506] device sw11 entered promiscuous mode
[   39.313945] ADDRCONF(NETDEV_UP): eth4: link is not ready
[   39.319532] device sw11 left promiscuous mode
[   39.357295] device sw11 entered promiscuous mode
[   39.362745] ADDRCONF(NETDEV_UP): wgdeth4: link is not ready
[   39.479727] ADDRCONF(NETDEV_UP): eth5: link is not ready
[   39.493796] ADDRCONF(NETDEV_UP): eth6: link is not ready
[   39.730418] Running /etc/runlevel/4/S51armled...Done.

XTM330 login:
&lt;/pre&gt;}}&lt;noinclude&gt;[[Category:WatchGuard]]&lt;/noinclude&gt;</text>
      <sha1>52321aeaz1t9je8m37kngxygf7s7ukh</sha1>
    </revision>
  </page>