<page>
    <title>Western Digital My Net AC1300/Serial info</title>
    <ns>0</ns>
    <id>33211</id>
    <revision>
      <id>103570</id>
      <timestamp>2021-01-26T16:34:47Z</timestamp>
      <contributor>
        <username>DarkShadow</username>
        <id>3096572</id>
      </contributor>
      <comment>add data</comment>
      <origin>103570</origin>
      <model>wikitext</model>
      <format>text/x-wiki</format>
      <text bytes="22894" sha1="7x7gdsz8p1050utbngmurmu0g9p088y" xml:space="preserve">{{SCollapse|Bootloader log from a misflashed unit
|&lt;pre&gt;

CFE version 6.30.39.30 (r339013) based on BBP 1.0.37 for BCM947XX (32bit,SP,LE)
Build Date: Mon Sep 24 10:19:31 CST 2012 (root@localhost.localdomain)
Copyright (C) 2000-2008 Broadcom Corporation.

Init Arena
Init Devs.
Boot partition size = 262144(0x40000)
Found an ST compatible serial flash with 256 64KB blocks; total size 16MB
No NAND flash type found
bcm_robo_enable_switch: EEE is disabled
et0: Broadcom BCM47XX 10/100/1000 Mbps Ethernet Controller 6.30.39.30 (r339013)
CPU type 0x19749: 600MHz
Tot mem: 131072 KBytes

CFE mem:    0x80700000 - 0x8084D150 (1364304)
Data:       0x80736EC0 - 0x8073A150 (12944)
BSS:        0x8073A150 - 0x8074B150 (69632)
Heap:       0x8074B150 - 0x8084B150 (1048576)
Stack:      0x8084B150 - 0x8084D150 (8192)
Text:       0x80700000 - 0x80736EB8 (224952)

Boot version: v6.1
The boot is CFE mac:257792
edward ====BOOTNV_SUPPORT = 0
RESERVE_MAC[8] PER_MAC_LEN[18] src2 BFC3EF00 dst2 8084CD0E
mac_init(): Find mac [00:90:A9:00:13:37] in location 0
Nothing...
No country code find

### CLKDIV= 0x80a082c, SFlashClkDiv=8 clkdivsf=2 ###
### Change it to 0x20a082c (2) ###
Device eth0:  hwaddr 00-90-A9-00-13-37, ipaddr 192.168.1.1, mask 255.255.255.0
        gateway not set, nameserver not set
Boot program checksum is invalid
trx_failed -34
Reading :: Failed.: Timeout occured
ret -21 CFE_ERR_TIMEOUT -21
&lt;/pre&gt;}}
{{SCollapse|boot log, FW 1.03.09
|&lt;pre&gt;

CFE version 6.30.39.30 (r339013) based on BBP 1.0.37 for BCM947XX (32bit,SP,LE)
Build Date: Mon Sep 24 10:19:31 CST 2012 (root@localhost.localdomain)
Copyright (C) 2000-2008 Broadcom Corporation.

Init Arena
Init Devs.
Boot partition size = 262144(0x40000)
Found an ST compatible serial flash with 256 64KB blocks; total size 16MB
No NAND flash type found
bcm_robo_enable_switch: EEE is disabled
et0: Broadcom BCM47XX 10/100/1000 Mbps Ethernet Controller 6.30.39.30 (r339013)
CPU type 0x19749: 600MHz
Tot mem: 131072 KBytes

CFE mem:    0x80700000 - 0x8084D150 (1364304)
Data:       0x80736EC0 - 0x8073A150 (12944)
BSS:        0x8073A150 - 0x8074B150 (69632)
Heap:       0x8074B150 - 0x8084B150 (1048576)
Stack:      0x8084B150 - 0x8084D150 (8192)
Text:       0x80700000 - 0x80736EB8 (224952)

Boot version: v6.1
The boot is CFE mac:257792
edward ====BOOTNV_SUPPORT = 0
RESERVE_MAC[8] PER_MAC_LEN[18] src2 BFC3EF00 dst2 8084CD0E
mac_init(): Find mac [00:90:A9:00:13:37] in location 0
Nothing...
No country code find

### CLKDIV= 0x80a082c, SFlashClkDiv=8 clkdivsf=2 ###
### Change it to 0x20a082c (2) ###
Device eth0:  hwaddr 00-90-A9-00-13-37, ipaddr 192.168.1.1, mask 255.255.255.0
        gateway not set, nameserver not set
trx_failed 0
ui_cmd_go bufsize 125513392
Loader:raw Filesys:tftp Dev:eth0 File:: Options:(null)
Loading: Failed.
Could not load :: Timeout occured
Loader:raw Filesys:raw Dev:flash0.os File: Options:(null)
Loading: ....... 4170872 bytes read
Entry at 0x80001000
Closing network.
Starting program at 0x80001000
Linux version 2.6.22 (root@debian) (gcc version 4.2.3) #1 PREEMPT Thu Feb 7 21:04:37 CST 2013
CPU revision is: 00019749
Found an ST compatible serial flash with 256 64KB blocks; total size 16MB
Determined physical RAM map:
 memory: 07fff000 @ 00000000 (usable)
Zone PFN ranges:
  Normal          0 -&gt;    32767
  HighMem     32767 -&gt;    32767
early_node_map[1] active PFN ranges
    0:        0 -&gt;    32767
Built 1 zonelists.  Total pages: 32767
Kernel command line: root=/dev/mtdblock2 console=ttyS0,115200 init=/sbin/preinit
Primary instruction cache 32kB, physically tagged, 4-way, linesize 32 bytes.
Primary data cache 32kB, 4-way, linesize 32 bytes.
Synthesized TLB refill handler (20 instructions).
Synthesized TLB load handler fastpath (32 instructions).
Synthesized TLB store handler fastpath (32 instructions).
Synthesized TLB modify handler fastpath (31 instructions).
PID hash table entries: 512 (order: 9, 2048 bytes)
CPU: BCM5300 rev 1 at 600 MHz
Using 300.000 MHz high precision timer.
Dentry cache hash table entries: 16384 (order: 4, 65536 bytes)
Inode-cache hash table entries: 8192 (order: 3, 32768 bytes)
Memory: 125240k/131068k available (3372k kernel code, 5688k reserved, 483k data, 216k init, 0k highmem)
Mount-cache hash table entries: 512
NET: Registered protocol family 16
SCSI subsystem initialized
usbcore: registered new interface driver usbfs
usbcore: registered new interface driver hub
usbcore: registered new device driver usb
PCI: Initializing host
PCI: Reset RC
PCI: Initializing host
PCI: Reset RC
PCI: Fixing up bus 0
PCI/PCIe coreunit 0 is set to bus 1.
PCI: Fixing up bridge
PCI: Fixing up bridge
PCI: Enabling device 0000:01:00.1 (0004 -&gt; 0006)
PCI: Fixing up bus 1
PCI/PCIe coreunit 1 is set to bus 2.
PCI: Fixing up bridge
PCI: Fixing up bridge
PCI: Enabling device 0000:02:00.1 (0004 -&gt; 0006)
PCI: Fixing up bus 2
NET: Registered protocol family 2
Time: MIPS clocksource has been installed.
IP route cache hash table entries: 1024 (order: 0, 4096 bytes)
TCP established hash table entries: 4096 (order: 3, 32768 bytes)
TCP bind hash table entries: 4096 (order: 2, 16384 bytes)
TCP: Hash tables configured (established 4096 bind 4096)
TCP reno registered
VFS: Disk quotas dquot_6.5.1
Dquot-cache hash table entries: 1024 (order 0, 4096 bytes)
squashfs: version 3.2-r2 (2007/01/15) Phillip Lougher
fuse init (API version 7.8)
io scheduler noop registered (default)
HDLC line discipline: version $Revision: 1.1.1.1 $, maxframe=4096
N_HDLC line discipline registered.
Serial: 8250/16550 driver $Revision: 1.1.1.1 $ 4 ports, IRQ sharing disabled
serial8250: ttyS0 at MMIO 0x0 (irq = 8) is a 16550A
serial8250: ttyS1 at MMIO 0x0 (irq = 8) is a 16550A
loop: module loaded
PPP generic driver version 2.4.2
NET: Registered protocol family 24
pflash: found no supported devices
sflash: squash filesystem with lzma found at block 29
Creating 4 MTD partitions on &quot;sflash&quot;:
0x00000000-0x00040000 : &quot;boot&quot;
0x00040000-0x00ff0000 : &quot;linux&quot;
0x001dd5d4-0x00ff0000 : &quot;rootfs&quot;
0x00ff0000-0x01000000 : &quot;nvram&quot;
usbmon: debugfs is not available
ehci_hcd 0000:00:04.1: EHCI Host Controller
ehci_hcd 0000:00:04.1: new USB bus registered, assigned bus number 1
ehci_hcd 0000:00:04.1: EHCI Fastpath: New EHCI driver starting
ehci_hcd 0000:00:04.1: irq 6, io mem 0x18004000
ehci_hcd 0000:00:04.1: USB 0.0 started, EHCI 1.00, driver 10 Dec 2004
usb usb1: configuration #1 chosen from 1 choice
usb_device_match: usb device level 0
usb_device_match: usb device level 0
hub 1-0:1.0: USB hub found
hub 1-0:1.0: 2 ports detected
usb 1-1: new high speed USB device using ehci_hcd and address 2
usb 1-1: configuration #1 chosen from 1 choice
usb_device_match: usb device level 1
usb_device_match: usb device level 1
hub 1-1:1.0: USB hub found
hub 1-1:1.0: 4 ports detected
usbcore: registered new interface driver usblp
drivers/usb/class/usblp.c: v0.13: USB Printer Device Class driver
Initializing USB Mass Storage driver...
usbcore: registered new interface driver usb-storage
USB Mass Storage support registered.
u32 classifier
    Actions configured
nf_conntrack version 0.5.0 (1023 buckets, 8184 max)
nf_conntrack_rtsp v0.6.21 loading
GRE over IPv4 tunneling driver
nf_nat_rtsp v0.6.21 loading
ip_tables: (C) 2000-2006 Netfilter Core Team
TCP cubic registered
NET: Registered protocol family 1
NET: Registered protocol family 10
lo: Disabled Privacy Extensions
ip6_tables: (C) 2000-2006 Netfilter Core Team
IPv6 over IPv4 tunneling driver
sit0: Disabled Privacy Extensions
NET: Registered protocol family 17
Ebtables v2.0 registered
802.1Q VLAN Support v1.8 Ben Greear &lt;greearb@candelatech.com&gt;
All bugs added by David S. Miller &lt;davem@redhat.com&gt;
VFS: Mounted root (squashfs filesystem) readonly.
Freeing unused kernel memory: 216k freed
Warning: unable to open an initial console.
Failed to execute /init
ctmisc: module license 'unspecified' taints kernel.
Register /dev/ctmisc device, major:10 minor:255
cmd=[touch /tmp/var/lib/nfs/xtab ]
cmd=[chmod 644 /tmp/var/lib/nfs/xtab ]
cmd=[touch /tmp/var/lib/nfs/etab ]
cmd=[chmod 644 /tmp/var/lib/nfs/etab ]
cmd=[touch /tmp/var/lib/nfs/rmtab ]
cmd=[chmod 644 /tmp/var/lib/nfs/rmtab ]
cmd=[touch /tmp/var/lib/nfs/state ]
cmd=[chmod go-rwx /tmp/var/lib/nfs/state ]
cmd=[touch /tmp/disk_updating_lock ]
cmd=[chmod 644 /tmp/disk_updating_lock ]
cmd=[touch /tmp/file_variable_updating_lock ]
cmd=[chmod 644 /tmp/file_variable_updating_lock ]
Algorithmics/MIPS FPU Emulator v1.5
cmd=[/sbin/hotplug2 --coldplug &amp; ]
/dev/nvram: No such file or directory
/dev/nvram: No such file or directory
/dev/nvram: No such file or directory
/dev/nvram: No such file or directory
/dev/nvram: No such file or directory
/dev/nvram: No such file or directory
/dev/nvram: No such file or directory
/dev/nvram: No such file or directory
/dev/nvram: No such file or directory
/dev/nvram: No such file or directory
/dev/nvram: No such file or directory
/dev/nvram: No such file or directory
[sighandler]: No more events to be processed, quitting.
[cleanup]: Waiting for children.
[cleanup]: All children terminated.
cmd=[misc -t get_mac -w 3 ]
ctmisc_ioctl: cmd=0x11, buffer size=260
data_init(): base = 0xbfc3ef00
data_init(): location = [1], mydatas index = 1
ctmisc_ioctl: index=1
tallest:=====(ctmisc ioctl done...)=====
get_data(): Get MAC count is [1]
get_data(): MAC 0: [00:90:A9:00:13:37]
get_data(): done
cmd=ctmisc_ioctl: cmd=0x15, buffer size=260
[misc -t get_sn data_init(): base = 0xbfc3fe30
-w 3 ]
data_init(): location = [1], mydatas index = 1
ctmisc_ioctl: index=1
tallest:=====(ctmisc ioctl done...)=====
get_data(): Get SN count is [1]
get_data(): SN 0: [WNH432500900]
get_data(): done
cmd=[misc -ctmisc_ioctl: cmd=0x2c, buffer size=260
t get_country -wdata_init(): base = 0xbfc3fd30
 3 ]
data_init(): location = [0], mydatas index = 0
ctmisc_ioctl: index=0
tallest:=====(ctmisc ioctl done...)=====
get_data(): Get COUNTRY count is [0]
get_data(): done
ctmisc_ioctl: cmd=0x2e, buffer size=260

data_init(): base = 0xbfc3fc30
data_init(): location = [0], mydatas index = 0
ctmisc_ioctl: index=0
tallest:=====(ctmisc ioctl done...)=====
get_data(): Get 2G_COUNTRY_CODE count is [0]
get_data(): done
cmd=[misc -t get_5g_country_codectmisc_ioctl: cmd=0x5e, buffer size=260
 -w 3 ]
data_init(): base = 0xbfc3fb30
data_init(): location = [0], mydatas index = 0
ctmisc_ioctl: index=0
tallest:=====(ctmisc ioctl done...)=====
get_data(): Get 5G_COUNTRY_CODE count is [0]
get_data(): done
wps_device_pin == 74504435
cmd=[misc -t get_pa2ctmisc_ioctl: cmd=0x28, buffer size=260
ga0idxval -w 3 ]data_init(): base = 0xbfc3f6c0

data_init(): location = [0], mydatas index = 0
ctmisc_ioctl: index=0
tallest:=====(ctmisc ioctl done...)=====
get_data(): Get PA2GA0IDXVAL count is [0]
get_data(): done
cmd=[misc -t get_pa2ga1idxval -w 3 ctmisc_ioctl: cmd=0x2a, buffer size=260
]
data_init(): base = 0xbfc3f600
data_init(): location = [0], mydatas index = 0
ctmisc_ioctl: index=0
tallest:=====(ctmisc ioctl done...)=====
get_data(): Get PA2GA1IDXVAL count is [0]
get_data(): done
cmd=[misc -t get_pa2ga2idxval -w 3 ctmisc_ioctl: cmd=0x30, buffer size=260
]
data_init(): base = 0xbfc3f540
data_init(): location = [0], mydatas index = 0
ctmisc_ioctl: index=0
tallest:=====(ctmisc ioctl done...)=====
get_data(): Get PA2GA2IDXVAL count is [0]
get_data(): done
Using default 2G PA0 value
Using default 2G PA1 value
Using default 2G PA1 value
Restoring Storage Nvram Defaults
cmd=[insmod ctf ]
cmd=[insmod ipv6 ]
insmod: ipv6.ko: no module by that name found
cmd=[insmod emf ]
cmd=[insmod igs ]
cmd=[insmod et ]
cmd=[insmod bcm57xx ]
insmod: bcm57xx.ko: no module by that name found
cmd=[insmod dpsta ]
insmod: dpsta.ko: no module by that name found
cmd=[insmod wl ]
cmd=[insmod /lib/ufsd.ko ]
cmd=[insmod usbcore ]
insmod: usbcore.ko: no module by that name found
cmd=[insmod usb-storage ]
insmod: usb-storage.ko: no module by that name found
cmd=[insmod ehci-hcd log2_irq_thresh=0 qtdc_pid=0 qtdc_vid=0 qtdc0_ep=0 qtdc0_sz=0 qtdc1_ep=0 qtdc1_sz=0 ]
insmod: ehci-hcd.ko: no module by that name found
cmd=[insmod wl_high instance_base=2 ]
insmod: wl_high.ko: no module by that name found
eth3: cmd=14: No such device
wl1 not up in 3 sec
cmd=[insmod nf_conntrack_sip ]
cmd=[insmod nf_nat_sip ]
cmd=[insmod dnshook ]
cmd=[insmod /lib/NetUSB.ko ]
cmd=[adduser -p wd_user  -g root ]
addgroup: group 0 already exists
adduser: /tmp/ftproot/wd_user: No such file or directory
Changing password for wd_user
Password for wd_user changed by root
Failed trying to open `/proc/mdstat': No such file or directory
Failed trying to open `/proc/sestat': No such file or directory
Failed trying to open `/proc/mdstat': No such file or directory
Failed trying to open `/proc/sestat': No such file or directory
Hit enter to continue...cmd=[et robowr 0x02 0x06 0x001000a0 ]
cmd=[et robowr 0x00 0x12 0x020b ]
cmd=[wl -i eth2 filter_war 1 ]
cmd=[resetbutton ]
cmd=[vconfig set_name_type VLAN_PLUS_VID_NO_PAD ]
cmd=[vconfig add eth0 1 ]
cmd=[vconfig set_ingress_map vlan1 0 0 ]
cmd=[vconfig set_ingress_map vlan1 1 1 ]
cmd=[vconfig set_ingress_map vlan1 2 2 ]
cmd=[vconfig set_ingress_map vlan1 3 3 ]
cmd=[vconfig set_ingress_map vlan1 4 4 ]
cmd=[vconfig set_ingress_map vlan1 5 5 ]
cmd=[vconfig set_ingress_map vlan1 6 6 ]
cmd=[vconfig set_ingress_map vlan1 7 7 ]
cmd=[vconfig add eth0 2 ]
cmd=[vconfig set_ingress_map vlan2 0 0 ]
cmd=[vconfig set_ingress_map vlan2 1 1 ]
cmd=[vconfig set_ingress_map vlan2 2 2 ]
cmd=[vconfig set_ingress_map vlan2 3 3 ]
cmd=[vconfig set_ingress_map vlan2 4 4 ]
cmd=[vconfig set_ingress_map vlan2 5 5 ]
cmd=[vconfig set_ingress_map vlan2 6 6 ]
cmd=[vconfig set_ingress_map vlan2 7 7 ]
cmd=[brctl addbr br0 ]
cmd=[brctl setfd br0 0 ]
cmd=[brctl stp br0 on ]
cmd=[wlconf vlan1 up ]
vlan1: WLC_GET_VAR(cap): Operation not supported
cmd=[brctl addif br0 vlan1 ]
Write wireless mac successfully
cmd=[wlconf eth1 up ]
eth1: WLC_SET_VAR(apsta): Operation not supported
eth1: cmd=231: Operation not supported
eth1: WLC_SET_VAR(psta): Operation not supported
eth1: WLC_SET_VAR(chanspec): Invalid argument
eth1: WLC_SET_VAR(ampdu_retry_limit_tid): Operation not supported
eth1: WLC_SET_VAR(ampdu_retry_limit_tid): Operation not supported
eth1: WLC_SET_VAR(ampdu_retry_limit_tid): Operation not supported
eth1: WLC_SET_VAR(ampdu_retry_limit_tid): Operation not supported
eth1: WLC_SET_VAR(ampdu_retry_limit_tid): Operation not supported
eth1: WLC_SET_VAR(ampdu_retry_limit_tid): Operation not supported
eth1: WLC_SET_VAR(ampdu_retry_limit_tid): Operation not supported
eth1: WLC_SET_VAR(ampdu_retry_limit_tid): Operation not supported
eth1: WLC_SET_VAR(ampdu_rr_retry_limit_tid): Operation not supported
eth1: WLC_SET_VAR(ampdu_rr_retry_limit_tid): Operation not supported
eth1: WLC_SET_VAR(ampdu_rr_retry_limit_tid): Operation not supported
eth1: WLC_SET_VAR(ampdu_rr_retry_limit_tid): Operation not supported
eth1: WLC_SET_VAR(ampdu_rr_retry_limit_tid): Operation not supported
eth1: WLC_SET_VAR(ampdu_rr_retry_limit_tid): Operation not supported
eth1: WLC_SET_VAR(ampdu_rr_retry_limit_tid): Operation not supported
eth1: WLC_SET_VAR(ampdu_rr_retry_limit_tid): Operation not supported
eth1: WLC_SET_VAR(bg_rate): Operation not supported
eth1: WLC_SET_VAR(a_rate): Operation not supported
eth1: WLC_SET_VAR(bg_rate): Operation not supported
eth1: WLC_SET_VAR(a_rate): Operation not supported
eth1: WLC_SET_VAR(bg_mrate): Operation not supported
eth1: WLC_SET_VAR(a_mrate): Operation not supported
eth1: WLC_SET_VAR(bg_mrate): Operation not supported
eth1: WLC_SET_VAR(a_mrate): Operation not supported
eth1: WLC_SET_VAR(avg_dma_xfer_rate): Operation not supported
eth1: cmd=64: Operation not supported
cmd=[brctl addif br0 eth1 ]
Write wireless mac successfully
cmd=[wlconf eth2 up ]
eth2: WLC_SET_VAR(apsta): Operation not supported
eth2: cmd=231: Operation not supported
eth2: WLC_SET_VAR(psta): Operation not supported
eth2: WLC_SET_VAR(chanspec): Invalid argument
eth2: WLC_SET_VAR(ampdu_retry_limit_tid): Operation not supported
eth2: WLC_SET_VAR(ampdu_retry_limit_tid): Operation not supported
eth2: WLC_SET_VAR(ampdu_retry_limit_tid): Operation not supported
eth2: WLC_SET_VAR(ampdu_retry_limit_tid): Operation not supported
eth2: WLC_SET_VAR(ampdu_retry_limit_tid): Operation not supported
eth2: WLC_SET_VAR(ampdu_retry_limit_tid): Operation not supported
eth2: WLC_SET_VAR(ampdu_retry_limit_tid): Operation not supported
eth2: WLC_SET_VAR(ampdu_retry_limit_tid): Operation not supported
eth2: WLC_SET_VAR(ampdu_rr_retry_limit_tid): Operation not supported
eth2: WLC_SET_VAR(ampdu_rr_retry_limit_tid): Operation not supported
eth2: WLC_SET_VAR(ampdu_rr_retry_limit_tid): Operation not supported
eth2: WLC_SET_VAR(ampdu_rr_retry_limit_tid): Operation not supported
eth2: WLC_SET_VAR(ampdu_rr_retry_limit_tid): Operation not supported
eth2: WLC_SET_VAR(ampdu_rr_retry_limit_tid): Operation not supported
eth2: WLC_SET_VAR(ampdu_rr_retry_limit_tid): Operation not supported
eth2: WLC_SET_VAR(ampdu_rr_retry_limit_tid): Operation not supported
eth2: WLC_SET_VAR(bg_rate): Operation not supported
eth2: WLC_SET_VAR(a_rate): Operation not supported
eth2: WLC_SET_VAR(bg_rate): Operation not supported
eth2: WLC_SET_VAR(a_rate): Operation not supported
eth2: WLC_SET_VAR(bg_mrate): Operation not supported
eth2: WLC_SET_VAR(a_mrate): Operation not supported
eth2: WLC_SET_VAR(bg_mrate): Operation not supported
eth2: WLC_SET_VAR(a_mrate): Operation not supported
eth2: WLC_SET_VAR(avg_dma_xfer_rate): Operation not supported
eth2: cmd=64: Operation not supported
cmd=[brctl addif br0 eth2 ]
Set 1 to /proc/sys/net/ipv6/conf/br0/forwarding ...
cmd=[killall radvd ]
killall: radvd: no process killed
cmd=[killall dhcpd6 ]
killall: dhcpd6: no process killed
cmd=[ip6tables -t filter -F ]
cmd=[ip6tables -t filter -Z ]
cmd=[ip6tables -t mangle -F ]
cmd=[ip6tables -t mangle -Z ]
cmd=[igmpxmld -v -b -u  -d br0 -q 0 -m 6to6 ]
VID: 0 MAC: 33:33:00:00:00:01 Entry :0 Valid: 1 Static: 1 Age: 0 TC: 0 Port ID: 0000000100011110
VID: 0 MAC: 33:33:00:00:00:02 Entry :0 Valid: 1 Static: 1 Age: 0 TC: 0 Port ID: 0000000100100000
VID: 0 MAC: 33:33:00:00:00:16 Entry :0 Valid: 1 Static: 1 Age: 0 TC: 0 Port ID: 0000000100111110
cmd=[ip6tables-restore /tmp/.ip6t ]
cmd=[klogd ]
cmd=[syslogd -m 0 -O /var/log/mess ]
cmd=[httpd ]
cmd=[touch /tmp/hosts ]
cmd=[/usr/sbin/dnsmasq -R -h  -i br0 -i br1 -c 0 -r /tmp/resolv.conf ]
Use dynamic port
main: socket AF_INET: 192.168.1.1
cmd=[/usr/sbin/dhcpd -cf /tmp/dhcpd-br0.conf -lf /tmp/dhcpd.leases -df /tmp/udhcpd.leases -pf /var/run/dhcpd.pid br0 ]
Internet Systems Consortium DHCP Server 4.1.1-P1
Copyright 2004-2010 Internet Systems Consortium.
All rights reserved.
For info, please visit https://www.isc.org/software/dhcp/
Wrote 0 leases to leases file.
Listening on Socket/br0/192.168.1.0/24
Sending on   Socket/br0/192.168.1.0/24
cmd=[igd -D ]
cmd=[/bin/eapd ]
eth1: WLC_GET_VAR(psta_if): Operation not supported
eth1: WLC_GET_VAR(psta_if): Operation not supported
eth2: WLC_GET_VAR(psta_if): Operation not supported
eth2: WLC_GET_VAR(psta_if): Operation not supported
cmd=[nas ]
cmd=[killall wps_monitor ]
killall: wps_monitor: no process killed
cmd=[/bin/wps_monitor ]
cmd=[ses_cl -f ]
ses_cl: No such file or directory
WARNING: console log level set to 1
cmd=[lld2d br0 ]
LLTD: wireless interface argument is eth1.

### wps_wfi_init(): cmd=[/usr/sbin/acsd ]
&lt;wl0_wfi_enable=(null)&gt;&lt;wl1_wfi_enable=(null)&gt;WFI is not enabled ###
acsd: scan in progress ...
acsd: scan in progress ...
acsd: scan in progress ...
acsd: scan in progress ...
acsd: scan in progress ...
acsd: scan in progress ...
acsd: scan in progress ...
acsd: scan in progress ...
acsd: selected channel spec: 0xe09b
acsd: scan in progress ...
acsd: scan in progress ...
acsd: scan in progress ...
acsd: scan in progress ...
acsd: scan in progress ...
acsd: scan in progress ...
acsd: scan in progress ...
acsd: scan in progress ...
acsd: scan in progress ...
acsd: scan in progress ...
acsd: selected channel spec: 0x1001
cmd=[wl -i eth2 filter_war 1 ]
cmd=[/usr/sbin/acs_cli max_acs 10 ]
10
cmd=[/usr/sbin/acs_cli lockout_period 60 ]
60 sec
cmd=[killall smbd ]
killall: smbd: no process killed
cmd=[killall nmbd ]
killall: nmbd: no process killed
cmd=[echo -gro 0 ]
cmd=[echo -gro 2 ]
samba was enabled
Failed trying to open `/proc/mdstat': No such file or directory
Failed trying to open `/proc/sestat': No such file or directory
Failed trying to open `/proc/mdstat': No such file or directory
Failed trying to open `/proc/sestat': No such file or directory
cmd=[/usr/local/samba/sbin/nmbd ]
cmd=[/usr/local/samba/sbin/smbd -D ]
cmd=[adduser -p wd_user  -g root ]
adduser: wd_user: login already in use
cmd=[echo  ]
cmd=[echo  ]
Added user wd_user.
cmd=[/sbin/monitor_cable ]
cmd=[killall -9 vsftpd ]
killall: vsftpd: no process killed
cmd=[llmnr ]
proxy: llmnr
cmd=[wdrouter -D ]
cmd=[/usr/sbin/arp -c ]
cmd=[tftpd -s /tmp -c -l -P WDHNBRCD ]
cmd=[route del -net 224.0.0.0 netmask 240.0.0.0 dev br0 ]
route: ioctl 0x890c failed: No such process
The boot is CFE
tftp server started
tftpd: standalone socket
cmd=[route add -net 224.0.0.0 netmask 240.0.0.0 dev br0 ]
cmd=[/usr/sbin/mDNSResponderPosix -b -i br0 -e WDRouter -e MyNetAC1300 -f /tmp/mDNSResponder.conf ]
cmd=[cron ]
cron: No such file or directory
cron: created
cmd=[wlconf vlan2 up ]
vlan2: WLC_GET_VAR(cap): Operation not supported
cmd=[wlconf vlan2 start ]
cmd=[dhclient -nw -cf /tmp/dhcpc-wan.conf -sf /tmp/dhcpc -lf /tmp/dhcpc-wan.leases -pf /var/run/dhcpc-wan.pid vlan2 ]
cmd=[killall ntpclient ]
killall: ntpclient: no process killed
cmd=[touch /tmp/hosts ]
cmd=[wlconf vlan1 start ]
cmd=[wlconf eth1 start ]
cmd=[wlconf eth2 start ]
cmd=[wl -i eth2 filter_war 1 ]
cmd=[iptables -t mangle -F ]
cmd=[killall stats ]
killall: stats: no process killed
cmd=[killall ntpclient ]
killall: ntpclient: no process killed
cmd=[killall ip-up ]
killall: ip-up: no process killed
cmd=[killall ip-down ]
killall: ip-down: no process killed
cmd=[killall -1 pppoecd ]
killall: pppoecd: no process killed
cmd=[killall pppoecd ]
killall: pppoecd: no process killed
cmd=[killall -9 pppd ]
killall: pppd: no process killed
cmd=[killall -9 pptp ]
killall: pptp: no process killed
cmd=[killall -9 listen ]
killall: listen: no process killed
cmd=[killall -15 pppd ]
killall: pppd: no process killed
cmd=[killall -9 pppd ]
killall: pppd: no process killed
cmd=[killall -15 l2tpd ]
killall: l2tpd: no process killed
cmd=[killall -9 l2tpd ]
killall: l2tpd: no process killed
cmd=[killall -9 listen ]
killall: listen: no process killed
cmd=[dhclient -r -x -cf /tmp/dhcpc-wan.conf -sf /tmp/dhcpc -lf /tmp/dhcpc-wan.leases -pf /var/run/dhcpc-wan.pid vlan2 ]
cmd=[killall wan_auto_detect ]
killall: wan_auto_detect: no process killed
cmd=[killall internet_check ]
killall: internet_check: no process killed
cmd=[killall ping ]
killall: ping: no process killed
Hit enter to continue...
&lt;/pre&gt;}}&lt;noinclude&gt;[[Category:Western Digital]]&lt;/noinclude&gt;</text>
      <sha1>7x7gdsz8p1050utbngmurmu0g9p088y</sha1>
    </revision>
  </page>