<page>
    <title>Wink Hub 2/Serial info</title>
    <ns>0</ns>
    <id>46998</id>
    <revision>
      <id>366190</id>
      <parentid>366189</parentid>
      <timestamp>2024-05-08T20:42:55Z</timestamp>
      <contributor>
        <username>DarkShadow</username>
        <id>3096572</id>
      </contributor>
      <comment>add data</comment>
      <origin>366190</origin>
      <model>wikitext</model>
      <format>text/x-wiki</format>
      <text bytes="24037" sha1="d3c75nji72xsnw93b94mzacxe9r1k32" xml:space="preserve">
*https://www.reddit.com/r/winkhub/comments/ghrzam/for_this_with_the_technical_knowhow_to_use_the/
*https://pastebin.com/jAyYYV7y
{{SCollapse
| Boot Log • &gt;&gt;
| &lt;pre&gt;
U-Boot 2015.04 (Sep 02 2016 - 20:09:54)
 
CPU:   Freescale i.MX6UL rev1.1 at 396 MHz
CPU:   Temperature 39 C
Reset cause: POR
Board: MX6UL Flex Wink Hub V2
I2C:   ready
DRAM:  512 MiB
NAND:  128 MiB
In:    serial
Out:   serial
Err:   serial
Net:   FEC0
Normal Boot
Hit any key to stop autoboot:  0
UBI: attaching mtd1 to ubi0
UBI: scanning is finished
UBI: attached mtd1 (name &quot;mtd=2&quot;, size 10 MiB) to ubi0
UBI: PEB size: 131072 bytes (128 KiB), LEB size: 126976 bytes
UBI: min./max. I/O unit sizes: 2048/2048, sub-page size 2048
UBI: VID header offset: 2048 (aligned 2048), data offset: 4096
UBI: good PEBs: 80, bad PEBs: 0, corrupted PEBs: 0
UBI: user volume: 1, internal volumes: 1, max. volumes count: 128
UBI: max/mean erase counter: 1569/979, WL threshold: 4096, image sequence number: 1064431513
UBI: available PEBs: 0, total reserved PEBs: 80, PEBs reserved for bad PEB handling: 20
Loading file 'DO_UPDATE' to addr 0x83000000 with size 1 (0x00000001)...
Done
Total of 1 word(s) were the same
 
Loading from nand0, offset 0x3700000
   Image Name:   Linux-3.14.52
   Image Type:   ARM Linux Kernel Image (uncompressed)
   Data Size:    50856042 Bytes = 48.5 MiB
   Load Address: 80800000
   Entry Point:  80800000
Secure boot on, reading 50868256 bytes to get SRK data
 
Authenticate image from DDR location 0x80800000...
 
Secure boot enabled
 
HAB Configuration: 0xcc, HAB State: 0x99
No HAB Events Found!
 
## Booting kernel from Legacy Image at 80800000 ...
   Image Name:   Linux-3.14.52
   Image Type:   ARM Linux Kernel Image (uncompressed)
   Data Size:    50856042 Bytes = 48.5 MiB
   Load Address: 80800000
   Entry Point:  80800000
   Verifying Checksum ... OK
   Loading Kernel Image ... OK
 
Starting kernel ...
 
Booting Linux on physical CPU 0x0
Linux version 3.14.52 (ubuntu@a1b25e96d169) (gcc version 5.3.0 (Buildroot 2016.05) ) #2 PREEMPT Tue Jun 11 19:47:11 UTC 2019
CPU: ARMv7 Processor [410fc075] revision 5 (ARMv7), cr=10c53c7d
CPU: PIPT / VIPT nonaliasing data cache, VIPT aliasing instruction cache
Machine model: Wink Hub2 / Flex 40-00041-01
cma: CMA: reserved 192 MiB at 94000000
Memory policy: Data cache writeback
CPU: All CPU(s) started in SVC mode.
Built 1 zonelists in Zone order, mobility grouping on.  Total pages: 130048
Kernel command line: console=ttymxc0,115200 mtdparts=gpmi-nand:3m(boot),32m(updater),10m(database),10m(dbBackup),-(app)
PID hash table entries: 2048 (order: 1, 8192 bytes)
Dentry cache hash table entries: 65536 (order: 6, 262144 bytes)
Inode-cache hash table entries: 32768 (order: 5, 131072 bytes)
Memory: 269128K/524288K available (6092K kernel code, 309K rwdata, 1888K rodata, 44846K init, 378K bss, 255160K reserved)
Virtual kernel memory layout:
    vector  : 0xffff0000 - 0xffff1000   (   4 kB)
    fixmap  : 0xfff00000 - 0xfffe0000   ( 896 kB)
    vmalloc : 0xa0800000 - 0xff000000   (1512 MB)
    lowmem  : 0x80000000 - 0xa0000000   ( 512 MB)
    modules : 0x7f000000 - 0x80000000   (  16 MB)
      .text : 0x80008000 - 0x807d32a0   (7981 kB)
      .init : 0x807d4000 - 0x8339f9f4   (44847 kB)
      .data : 0x833a0000 - 0x833ed5a0   ( 310 kB)
       .bss : 0x833ed5ac - 0x8344bdbc   ( 379 kB)
SLUB: HWalign=64, Order=0-3, MinObjects=0, CPUs=1, Nodes=1
Preemptible hierarchical RCU implementation.
NR_IRQS:16 nr_irqs:16 16
Switching to timer-based delay loop
sched_clock: 32 bits at 3000kHz, resolution 333ns, wraps every 1431655765682ns
clocksource_of_init: no matching clocksources found
Console: colour dummy device 80x30
Calibrating delay loop (skipped), value calculated using timer frequency.. 6.00 BogoMIPS (lpj=30000)
pid_max: default: 32768 minimum: 301
Mount-cache hash table entries: 1024 (order: 0, 4096 bytes)
Mountpoint-cache hash table entries: 1024 (order: 0, 4096 bytes)
CPU: Testing write buffer coherency: ok
Setting up static identity map for 0x805d2980 - 0x805d29d8
devtmpfs: initialized
VFP support v0.3: implementor 41 architecture 2 part 30 variant 7 rev 5
pinctrl core: initialized pinctrl subsystem
regulator-dummy: no parameters
NET: Registered protocol family 16
DMA: preallocated 256 KiB pool for atomic coherent allocations
cpuidle: using governor ladder
cpuidle: using governor menu
Use WDOG1 as reset source
syscon 20c8000.anatop: regmap [mem 0x020c8000-0x020c8fff] registered
vdd3p0: 2625 &lt;--&gt; 3400 mV at 3000 mV
cpu: 725 &lt;--&gt; 1450 mV at 1150 mV
vddsoc: 725 &lt;--&gt; 1450 mV at 1175 mV
syscon 20e4000.iomuxc-gpr: regmap [mem 0x020e4000-0x020e7fff] registered
syscon 21ac000.romcp: regmap [mem 0x021ac000-0x021affff] registered
syscon 21bc000.ocotp-ctrl: regmap [mem 0x021bc000-0x021bffff] registered
hw-breakpoint: found 5 (+1 reserved) breakpoint and 4 watchpoint registers.
hw-breakpoint: maximum watchpoint size is 8 bytes.
imx6ul-pinctrl 20e0000.iomuxc: initialized IMX pinctrl driver
20dc000.gpc supply pu not found, using dummy regulator
bio: create slab &lt;bio-0&gt; at 0
mxs-dma 1804000.dma-apbh: initialized
wlreg_on: 3300 mV
i2c-core: driver [max17135] using legacy suspend method
i2c-core: driver [max17135] using legacy resume method
SCSI subsystem initialized
i2c i2c-0: IMX I2C adapter registered
pps_core: LinuxPPS API ver. 1 registered
pps_core: Software ver. 5.3.6 - Copyright 2005-2007 Rodolfo Giometti &lt;giometti@linux.it&gt;
PTP clock support registered
MIPI CSI2 driver module loaded
Bluetooth: Core ver 2.18
NET: Registered protocol family 31
Bluetooth: HCI device and connection manager initialized
Bluetooth: HCI socket layer initialized
Bluetooth: L2CAP socket layer initialized
Bluetooth: SCO socket layer initialized
Switched to clocksource mxc_timer1
cfg80211: Calling CRDA to update world regulatory domain
NET: Registered protocol family 2
TCP established hash table entries: 4096 (order: 2, 16384 bytes)
TCP bind hash table entries: 4096 (order: 2, 16384 bytes)
TCP: Hash tables configured (established 4096 bind 4096)
TCP: reno registered
UDP hash table entries: 256 (order: 0, 4096 bytes)
UDP-Lite hash table entries: 256 (order: 0, 4096 bytes)
NET: Registered protocol family 1
RPC: Registered named UNIX socket transport module.
RPC: Registered udp transport module.
RPC: Registered tcp transport module.
RPC: Registered tcp NFSv4.1 backchannel transport module.
Bus freq driver module loaded
futex hash table entries: 256 (order: -1, 3072 bytes)
NFS: Registering the id_resolver key type
Key type id_resolver registered
Key type id_legacy registered
jffs2: version 2.2. (NAND) © 2001-2006 Red Hat, Inc.
fuse init (API version 7.22)
msgmni has been set to 909
io scheduler noop registered
io scheduler deadline registered
io scheduler cfq registered (default)
imx-weim 21b8000.weim: Driver registered.
MIPI DSI driver module loaded
MIPI DSI driver module loaded
imx-sdma 20ec000.sdma: no event needs to be remapped
imx-sdma 20ec000.sdma: loaded firmware 3.2
imx-sdma 20ec000.sdma: initialized
Serial: IMX driver
2018000.serial: ttymxc6 at MMIO 0x2018000 (irq = 71, base_baud = 5000000) is a IMX
2020000.serial: ttymxc0 at MMIO 0x2020000 (irq = 58, base_baud = 5000000) is a IMX
console [ttymxc0] enabled
21e8000.serial: ttymxc1 at MMIO 0x21e8000 (irq = 59, base_baud = 5000000) is a IMX
21ec000.serial: ttymxc2 at MMIO 0x21ec000 (irq = 60, base_baud = 5000000) is a IMX
21f0000.serial: ttymxc3 at MMIO 0x21f0000 (irq = 61, base_baud = 5000000) is a IMX
21f4000.serial: ttymxc4 at MMIO 0x21f4000 (irq = 62, base_baud = 5000000) is a IMX
serial: Freescale lpuart driver
[drm] Initialized drm 1.1.0 20060810
[drm] Initialized vivante 1.0.0 20120216 on minor 0
brd: module loaded
loop: module loaded
nand: device found, Manufacturer ID: 0x01, Chip ID: 0xf1
nand: AMD/Spansion S34ML01G1
nand: 128MiB, SLC, page size: 2048, OOB size: 64
gpmi-nand 1806000.gpmi-nand: mode:4 ,failed in set feature.
Bad block table found at page 65472, version 0x01
Bad block table found at page 65408, version 0x01
5 cmdlinepart partitions found on MTD device gpmi-nand
Creating 5 MTD partitions on &quot;gpmi-nand&quot;:
0x000000000000-0x000000300000 : &quot;boot&quot;
0x000000300000-0x000002300000 : &quot;updater&quot;
0x000002300000-0x000002d00000 : &quot;database&quot;
0x000002d00000-0x000003700000 : &quot;dbBackup&quot;
0x000003700000-0x000008000000 : &quot;app&quot;
gpmi-nand 1806000.gpmi-nand: driver registered.
spi_imx 2008000.ecspi: probed
2188000.ethernet supply phy not found, using dummy regulator
pps pps0: new PPS source ptp0
libphy: fec_enet_mii_bus: probed
fec 2188000.ethernet eth0: registered PHC device 0
snvs_pwrkey 20cc000.snvs-pwrkey: can't get snvs clock
input: 20cc000.snvs-pwrkey as /devices/soc0/soc.0/2000000.aips-bus/20cc000.snvs-pwrkey/input/input0
snvs_pwrkey 20cc000.snvs-pwrkey: i.MX snvs powerkey probed
snvs_rtc 20cc034.snvs-rtc-lp: can't get snvs-rtc clock
snvs_rtc 20cc034.snvs-rtc-lp: rtc core: registered 20cc034.snvs-rtc-lp as rtc0
i2c /dev entries driver
i2c-core: driver [mag3110] using legacy suspend method
i2c-core: driver [mag3110] using legacy resume method
imx2-wdt 20bc000.wdog: IMX2+ Watchdog Timer enabled. timeout=60s (nowayout=0)
Bluetooth: HCI UART driver ver 2.2
Bluetooth: HCI H4 protocol initialized
Bluetooth: HCI BCSP protocol initialized
Bluetooth: HCIATH3K protocol initialized
sdhci: Secure Digital Host Controller Interface driver
sdhci: Copyright(c) Pierre Ossman
sdhci-pltfm: SDHCI platform and OF driver helper
sdhci-esdhc-imx 2190000.usdhc: assigned as wifi host
mmc0: no vqmmc regulator found
mmc0: no vmmc regulator found
mmc0: SDHCI controller on 2190000.usdhc [2190000.usdhc] using ADMA
caam 2140000.caam: Instantiated RNG4 SH0
caam 2140000.caam: Instantiated RNG4 SH1
caam 2140000.caam: device ID = 0x0a160300 (Era 8)
caam 2140000.caam: job rings = 3, qi = 0
caam algorithms registered in /proc/crypto
caam_jr 2141000.jr0: registering rng-caam
platform caam_sm: blkkey_ex: 8 keystore units available
platform caam_sm: 64-bit clear key:
platform caam_sm: [0000] 00 01 02 03 04 0f 06 07
platform caam_sm: 64-bit black key:
platform caam_sm: [0000] b6 ba 2c cd 53 d9 40 83
platform caam_sm: [0008] 22 81 b8 de e8 0a a5 e3
platform caam_sm: 128-bit clear key:
platform caam_sm: [0000] 00 01 02 03 04 0f 06 07
platform caam_sm: [0008] 08 09 0a 0b 0c 0d 0e 0f
platform caam_sm: 128-bit black key:
platform caam_sm: [0000] 1e 17 c2 d8 93 58 64 f1
platform caam_sm: [0008] 48 b1 6e 87 7c 92 2a d3
platform caam_sm: 192-bit clear key:
platform caam_sm: [0000] 00 01 02 03 04 0f 06 07
platform caam_sm: [0008] 08 09 0a 0b 0c 0d 0e 0f
platform caam_sm: [0016] 10 11 12 13 14 15 16 17
platform caam_sm: 192-bit black key:
platform caam_sm: [0000] c8 16 0b e1 25 30 68 53
platform caam_sm: [0008] 3e 60 d4 99 10 47 56 11
platform caam_sm: [0016] be 7f 17 0e 75 a8 65 cc
platform caam_sm: [0024] 93 01 22 21 98 52 87 99
platform caam_sm: 256-bit clear key:
platform caam_sm: [0000] 00 01 02 03 04 0f 06 07
platform caam_sm: [0008] 08 09 0a 0b 0c 0d 0e 0f
platform caam_sm: [0016] 10 11 12 13 14 15 16 17
platform caam_sm: [0024] 18 19 1a 1b 1c 1d 1e 1f
platform caam_sm: 256-bit black key:
platform caam_sm: [0000] 29 39 a2 90 53 78 1f 56
platform caam_sm: [0008] 83 60 55 ee 8f aa 09 f5
platform caam_sm: [0016] 80 68 d9 82 67 9a 02 bb
platform caam_sm: [0024] 51 0c 35 ed cf fa 0c cf
platform caam_sm: 64-bit unwritten blob:
platform caam_sm: [0000] 00 00 00 00 00 00 00 00
platform caam_sm: [0008] 00 00 00 00 00 00 00 00
platform caam_sm: [0016] 00 00 00 00 00 00 00 00
platform caam_sm: [0024] 00 00 00 00 00 00 00 00
platform caam_sm: [0032] 00 00 00 00 00 00 00 00
platform caam_sm: [0040] 00 00 00 00 00 00 00 00
platform caam_sm: [0048] 00 00 00 00 00 00 00 00
platform caam_sm: [0056] 00 00 00 00 00 00 00 00
platform caam_sm: [0064] 00 00 00 00 00 00 00 00
platform caam_sm: [0072] 00 00 00 00 00 00 00 00
platform caam_sm: [0080] 00 00 00 00 00 00 00 00
platform caam_sm: [0088] 00 00 00 00 00 00 00 00
platform caam_sm: 128-bit unwritten blob:
platform caam_sm: [0000] 00 00 00 00 00 00 00 00
platform caam_sm: [0008] 00 00 00 00 00 00 00 00
platform caam_sm: [0016] 00 00 00 00 00 00 00 00
platform caam_sm: [0024] 00 00 00 00 00 00 00 00
platform caam_sm: [0032] 00 00 00 00 00 00 00 00
platform caam_sm: [0040] 00 00 00 00 00 00 00 00
platform caam_sm: [0048] 00 00 00 00 00 00 00 00
platform caam_sm: [0056] 00 00 00 00 00 00 00 00
platform caam_sm: [0064] 00 00 00 00 00 00 00 00
platform caam_sm: [0072] 00 00 00 00 00 00 00 00
platform caam_sm: [0080] 00 00 00 00 00 00 00 00
platform caam_sm: [0088] 00 00 00 00 00 00 00 00
platform caam_sm: 196-bit unwritten blob:
platform caam_sm: [0000] 00 00 00 00 00 00 00 00
platform caam_sm: [0008] 00 00 00 00 00 00 00 00
platform caam_sm: [0016] 00 00 00 00 00 00 00 00
platform caam_sm: [0024] 00 00 00 00 00 00 00 00
platform caam_sm: [0032] 00 00 00 00 00 00 00 00
platform caam_sm: [0040] 00 00 00 00 00 00 00 00
platform caam_sm: [0048] 00 00 00 00 00 00 00 00
platform caam_sm: [0056] 00 00 00 00 00 00 00 00
platform caam_sm: [0064] 00 00 00 00 00 00 00 00
platform caam_sm: [0072] 00 00 00 00 00 00 00 00
platform caam_sm: [0080] 00 00 00 00 00 00 00 00
platform caam_sm: [0088] 00 00 00 00 00 00 00 00
platform caam_sm: 256-bit unwritten blob:
platform caam_sm: [0000] 00 00 00 00 00 00 00 00
platform caam_sm: [0008] 00 00 00 00 00 00 00 00
platform caam_sm: [0016] 00 00 00 00 00 00 00 00
platform caam_sm: [0024] 00 00 00 00 00 00 00 00
platform caam_sm: [0032] 00 00 00 00 00 00 00 00
platform caam_sm: [0040] 00 00 00 00 00 00 00 00
platform caam_sm: [0048] 00 00 00 00 00 00 00 00
platform caam_sm: [0056] 00 00 00 00 00 00 00 00
platform caam_sm: [0064] 00 00 00 00 00 00 00 00
platform caam_sm: [0072] 00 00 00 00 00 00 00 00
platform caam_sm: [0080] 00 00 00 00 00 00 00 00
platform caam_sm: [0088] 00 00 00 00 00 00 00 00
platform caam_sm: 64-bit black key in blob:
platform caam_sm: [0000] ad b2 ef 68 c6 8f b3 11
platform caam_sm: [0008] 1f e6 9b 93 4b 2e 48 fa
platform caam_sm: [0016] ff 8b 49 40 e9 f7 33 80
platform caam_sm: [0024] 0b 08 6e 54 47 dc 99 eb
platform caam_sm: [0032] 5c 68 13 e1 4b 96 9c 7e
platform caam_sm: [0040] 7f e0 94 7a d7 d9 49 5a
platform caam_sm: [0048] 90 20 ce f4 86 48 cc 25
platform caam_sm: [0056] 00 00 00 00 00 00 00 00
platform caam_sm: [0064] 00 00 00 00 00 00 00 00
platform caam_sm: [0072] 00 00 00 00 00 00 00 00
platform caam_sm: [0080] 00 00 00 00 00 00 00 00
platform caam_sm: [0088] 00 00 00 00 00 00 00 00
platform caam_sm: 128-bit black key in blob:
platform caam_sm: [0000] f2 36 7a 09 10 02 ef 38
platform caam_sm: [0008] 79 40 a2 33 7e 26 5c 28
platform caam_sm: [0016] f3 42 3c d6 5d 65 76 46
platform caam_sm: [0024] 36 c3 fc 6e 5a ca 35 5c
platform caam_sm: [0032] 91 c3 e8 7a 81 4d ec 2a
platform caam_sm: [0040] e8 c7 43 df 52 6e 27 f6
platform caam_sm: [0048] 1d 4f e6 37 02 9c 94 bb
platform caam_sm: [0056] 77 3d c1 8a dd 03 e2 49
platform caam_sm: [0064] 00 00 00 00 00 00 00 00
platform caam_sm: [0072] 00 00 00 00 00 00 00 00
platform caam_sm: [0080] 00 00 00 00 00 00 00 00
platform caam_sm: [0088] 00 00 00 00 00 00 00 00
platform caam_sm: 192-bit black key in blob:
platform caam_sm: [0000] bf d3 68 2e cb c8 7c d5
platform caam_sm: [0008] b7 1c 3e 17 e8 9a f2 13
platform caam_sm: [0016] 61 23 b6 0b 15 87 0c 35
platform caam_sm: [0024] 01 fb 51 6c 04 13 ef 15
platform caam_sm: [0032] ba 63 0c e5 3e 57 7b 3a
platform caam_sm: [0040] ca 82 f4 1c 31 44 5d af
platform caam_sm: [0048] 56 6b 81 04 92 5d 91 8c
platform caam_sm: [0056] 6a db 49 25 d4 47 82 81
platform caam_sm: [0064] 50 14 68 39 aa 31 a1 04
platform caam_sm: [0072] 00 00 00 00 00 00 00 00
platform caam_sm: [0080] 00 00 00 00 00 00 00 00
platform caam_sm: [0088] 00 00 00 00 00 00 00 00
platform caam_sm: 256-bit black key in blob:
platform caam_sm: [0000] 48 fb 73 93 3f 4a 04 0d
platform caam_sm: [0008] 75 ad 5c 63 82 e0 29 d9
platform caam_sm: [0016] e9 f9 10 89 38 53 93 8a
platform caam_sm: [0024] d5 d3 85 3e f3 45 59 59
platform caam_sm: [0032] f2 47 9c 78 51 fa 42 dd
platform caam_sm: [0040] 8e 88 da 2c 15 3f 97 61
platform caam_sm: [0048] 1c e1 e6 60 46 aa 4d e2
platform caam_sm: [0056] 8d 15 74 01 ec 25 47 3c
platform caam_sm: [0064] b0 30 d5 2d ec d2 20 86
platform caam_sm: [0072] 97 13 a3 5a e7 44 28 6f
platform caam_sm: [0080] 00 00 00 00 00 00 00 00
platform caam_sm: [0088] 00 00 00 00 00 00 00 00
platform caam_sm: restored 64-bit black key:
platform caam_sm: [0000] e4 74 d5 e0 e9 ae eb b5
platform caam_sm: [0008] db 57 8d 8c df 55 1b 72
platform caam_sm: restored 128-bit black key:
platform caam_sm: [0000] 1e 17 c2 d8 93 58 64 f1
platform caam_sm: [0008] 48 b1 6e 87 7c 92 2a d3
platform caam_sm: restored 192-bit black key:
platform caam_sm: [0000] c8 16 0b e1 25 30 68 53
platform caam_sm: [0008] 3e 60 d4 99 10 47 56 11
platform caam_sm: [0016] 59 dc a3 b6 8b db 3c df
platform caam_sm: [0024] 12 47 98 94 62 e7 ae f5
platform caam_sm: restored 256-bit black key:
platform caam_sm: [0000] 29 39 a2 90 53 78 1f 56
platform caam_sm: [0008] 83 60 55 ee 8f aa 09 f5
platform caam_sm: [0016] 80 68 d9 82 67 9a 02 bb
platform caam_sm: [0024] 51 0c 35 ed cf fa 0c cf
snvs-secvio 20cc000.caam-snvs: can't get snvs clock
snvs-secvio 20cc000.caam-snvs: violation handlers armed - trusted state
NET: Registered protocol family 26
TCP: cubic registered
NET: Registered protocol family 10
sit: IPv6 over IPv4 tunneling driver
NET: Registered protocol family 17
Bluetooth: RFCOMM TTY layer initialized
Bluetooth: RFCOMM socket layer initialized
Bluetooth: RFCOMM ver 1.11
Bluetooth: BNEP (Ethernet Emulation) ver 1.3
Bluetooth: BNEP filters: protocol multicast
Bluetooth: BNEP socket layer initialized
Bluetooth: HIDP (Human Interface Emulation) ver 1.2
Bluetooth: HIDP socket layer initialized
8021q: 802.1Q VLAN Support v1.8
Key type dns_resolver registered
cpu cpu0: dev_pm_opp_get_opp_count: device OPP not found (-19)
wlreg_on: disabling
regulator-dummy: disabling
snvs_rtc 20cc034.snvs-rtc-lp: setting system clock to 1970-01-01 00:00:01 UTC (1)
Freeing unused kernel memory: 44844K (807d4000 - 8339f000)
Creating symlinks in /dev
Starting RGB LED control deamon.
Mounting database
UBI: attaching mtd3 to ubi0
UBI: scanning is finished
UBI: attached mtd3 (name &quot;dbBackup&quot;, size 10 MiB) to ubi0
UBI: PEB size: 131072 bytes (128 KiB), LEB size: 126976 bytes
UBI: min./max. I/O unit sizes: 2048/2048, sub-page size 2048
UBI: VID header offset: 2048 (aligned 2048), data offset: 4096
UBI: good PEBs: 80, bad PEBs: 0, corrupted PEBs: 0
UBI: user volume: 1, internal volumes: 1, max. volumes count: 128
UBI: max/mean erase counter: 3411/2274, WL threshold: 4096, image sequence number: 1608770482
UBI: available PEBs: 0, total reserved PEBs: 80, PEBs reserved for bad PEB handling: 20
UBI: background thread &quot;ubi_bgt0d&quot; started, PID 145
UBI device number 0, total 80 LEBs (10158080 bytes, 9.7 MiB), available 0 LEBs (0 bytes), LEB size 126976 bytes (124.0 KiB)
UBIFS: background thread &quot;ubifs_bgt0_0&quot; started, PID 147
UBIFS: recovery needed
UBIFS: recovery completed
UBIFS: mounted UBI device 0, volume 0, name &quot;database_backup&quot;
UBIFS: LEB size: 126976 bytes (124 KiB), min./max. I/O unit sizes: 2048 bytes/2048 bytes
UBIFS: FS size: 5840896 bytes (5 MiB, 46 LEBs), journal size 1015809 bytes (0 MiB, 6 LEBs)
UBIFS: reserved for root: 275879 bytes (269 KiB)
UBIFS: media format: w4/r0 (latest is w4/r0), UUID C03CE103-6E25-4E5F-8B61-5031CBA11C70, small LPT model
/database_backup mounted Ok on: 1 attempt(s)
UBI: attaching mtd2 to ubi1
UBI: scanning is finished
UBI: attached mtd2 (name &quot;database&quot;, size 10 MiB) to ubi1
UBI: PEB size: 131072 bytes (128 KiB), LEB size: 126976 bytes
UBI: min./max. I/O unit sizes: 2048/2048, sub-page size 2048
UBI: VID header offset: 2048 (aligned 2048), data offset: 4096
UBI: good PEBs: 80, bad PEBs: 0, corrupted PEBs: 0
UBI: user volume: 1, internal volumes: 1, max. volumes count: 128
UBI: max/mean erase counter: 1569/979, WL threshold: 4096, image sequence number: 1064431513
UBI: available PEBs: 0, total reserved PEBs: 80, PEBs reserved for bad PEB handling: 20
UBI: background thread &quot;ubi_bgt1d&quot; started, PID 160
UBI device number 1, total 80 LEBs (10158080 bytes, 9.7 MiB), available 0 LEBs (0 bytes), LEB size 126976 bytes (124.0 KiB)
UBIFS: background thread &quot;ubifs_bgt1_0&quot; started, PID 162
UBIFS: recovery needed
UBIFS: recovery completed
UBIFS: mounted UBI device 1, volume 0, name &quot;database&quot;
UBIFS: LEB size: 126976 bytes (124 KiB), min./max. I/O unit sizes: 2048 bytes/2048 bytes
UBIFS: FS size: 5840896 bytes (5 MiB, 46 LEBs), journal size 1015809 bytes (0 MiB, 6 LEBs)
UBIFS: reserved for root: 275879 bytes (269 KiB)
UBIFS: media format: w4/r0 (latest is w4/r0), UUID 6C080D51-2AC1-4636-BAB2-ACF48992F078, small LPT model
/database mounted Ok on: 1 attempt(s)
Attempting to backup database
sending incremental file list
random: nonblocking pool is initialized
./
apron_kidde.dat
bundle_id
error.log
local_control_data/config.json
 
sent 111,250 bytes  received 120 bytes  222,740.00 bytes/sec
total size is 419,176  speedup is 3.76
Database Backup - SUCCESS (/database to /database_backup/db_backup)
Starting rsyslog daemon: OK
Initializing hardware modules: Done.
Initializing Bluetooth HCI device: bcm43xx_init
Set Controller UART speed to 3000000 bit/s
Flash firmware /etc/firmware/BCM43341B0.1BW.hcd
Set BDADDR UART: 00:21:CC:53:3B:2D
Set Controller UART speed to 3000000 bit/s
Device setup complete
Done.
Starting mdev...
Starting gpio daemon
root: Setting prod url for Wink API
Initializing random number generator... done.
Loading modules: bcmdhd dhd_module_init in
Power-up adapter 'DHD generic adapter'
wifi_platform_bus_enumerate device present 1
mmc0: queuing unknown CIS tuple 0x80 (7 bytes)
mmc0: queuing unknown CIS tuple 0x80 (6 bytes)
mmc0: queuing unknown CIS tuple 0x91 (3 bytes)
mmc0: new high speed SDIO card at address 0001
F1 signature OK, socitype:0x1 chip:0xa94c rev:0x2 pkg:0x0
DHD: dongle ram size is set to 524288(orig 524288) at 0x0
wifi_platform_get_mac_addr
CFG80211-ERROR) wl_setup_wiphy : Registering Vendor80211)
wl_create_event_handler(): thread:wl_event_handler:ff started
CFG80211-ERROR) wl_event_handler : tsk Enter, tsk = 0x908213dc
dhd_attach(): thread:dhd_watchdog_thread:100 started
dhd_attach(): thread:dhd_dpc:101 started
dhd_deferred_work_init: work queue initialized
dhdsdio_write_vars: Download, Upload and compare of NVRAM succeeded.
dhd_bus_init: enable 0x06, ready 0x06 (waited 0us)
wifi_platform_get_mac_addr
Firmware up: op_mode=0x0015, MAC=ff:ff:ff:ff:ff:ff
Firmware version = wl0: Feb  9 2015 09:59:58 version 6.30.190.2 (r533107) FWID 01-f6e3eb58
dhd_preinit_ioctls wl ampdu_hostreorder failed -23
dhd_wlfc_init(): successfully enabled bdcv2 tlv signaling, 79
dhd_wlfc_init(): wlfc_mode=0x0, ret=-23
 
Dongle Host Driver, version 1.141.72 (r)
Compiled from
Register interface [wlan0]  MAC: ff:ff:ff:ff:ff:ff
 
 
Starting system message bus: done
/root/service_manager/manager_fsm: line 31: /tmp/service_manager_state: No such file or directory
app_boot=setenv bootargs ${boot_args} ${badflags}; nboot app; bootm
boot_app=run app_boot; setenv badflags badapp; run updater_boot
boot_updater=run updater_boot; setenv badflags badupdater; run app_boot
Starting database version is 47
Nothing to do
Zigbee NCP is up to date
root: Starting crond
crontab: can't open 'root': No such file or directory
Starting network...
fec 2188000.ethernet eth0: Freescale FEC PHY driver [SMSC LAN8710/LAN8720] (mii_bus:phy_addr=2188000.ethernet:00, irq=161)
IPv6: ADDRCONF(NETDEV_UP): eth0: link is not ready
udhcpc (v1.24.2) started
Sending discover...
Sending discover...
Sending discover...
No lease, failing
Starting Network Interface Plugging Daemon: eth0.
Starting mosquitto: OK
root: No clone pending, continue.
/root/network_manager/manager_fsm: line 32: /tmp/network_manager_state: No such file or directory
 New Monit id: 6fb29b7bdec93b1a023093b219257e87
 Stored in '/root/.monit.id'
Starting Monit 5.17 daemon with http interface at [127.0.0.1]:2812
root: Process: udhcpc not found.
root: Starting Soft-AP
&lt;/pre&gt;|}}

[[Category:Wink]]</text>
      <sha1>d3c75nji72xsnw93b94mzacxe9r1k32</sha1>
    </revision>
  </page>