<page>
    <title>Xiaomi MiWiFi 4/Serial info</title>
    <ns>0</ns>
    <id>42483</id>
    <revision>
      <id>240906</id>
      <timestamp>2022-12-11T08:59:41Z</timestamp>
      <contributor>
        <username>DarkShadow</username>
        <id>3096572</id>
      </contributor>
      <comment>add data</comment>
      <origin>240906</origin>
      <model>wikitext</model>
      <format>text/x-wiki</format>
      <text bytes="68212" sha1="nijzwo0bv37vr83zhu7pefio7zpe10s" xml:space="preserve">
{{SCollapse|Bootlog • &gt;&gt;
|&lt;small&gt;&lt;pre&gt;
===================================================================
     		MT7621   stage1 code 10:33:11 (ASIC)
     		CPU=50000000 HZ BUS=16666666 HZ
==================================================================
Change MPLL source from XTAL to CR...
do MEMPLL setting..
MEMPLL Config : 0x11100000
3PLL mode + External loopback
=== XTAL-40Mhz === DDR-1200Mhz ===
PLL2 FB_DL: 0xc, 1/0 = 572/452 31000000
PLL3 FB_DL: 0x18, 1/0 = 568/456 61000000
PLL4 FB_DL: 0x1a, 1/0 = 671/353 69000000
do DDR setting..[00320381]
Apply DDR3 Setting...(use customer AC)
          0    8   16   24   32   40   48   56   64   72   80   88   96  104  112  120
      --------------------------------------------------------------------------------
0000:|    0    0    0    0    0    0    0    0    0    0    0    0    0    0    0    0
0001:|    0    0    0    0    0    0    0    0    0    0    0    0    0    0    0    0
0002:|    0    0    0    0    0    0    0    0    0    0    0    0    0    0    0    0
0003:|    0    0    0    0    0    0    0    0    0    0    0    0    0    0    0    0
0004:|    0    0    0    0    0    0    0    0    0    0    0    0    0    0    0    0
0005:|    0    0    0    0    0    0    0    0    0    0    0    0    0    0    0    0
0006:|    0    0    0    0    0    0    0    0    0    0    0    0    0    0    0    0
0007:|    0    0    0    0    0    0    0    0    0    0    0    0    0    0    0    0
0008:|    0    0    0    0    0    0    0    0    0    0    0    0    0    0    0    0
0009:|    0    0    0    0    0    0    0    0    0    0    0    0    0    0    0    0
000A:|    0    0    0    0    0    0    0    0    0    0    0    0    0    0    0    0
000B:|    0    0    0    0    0    0    0    0    0    0    0    0    0    0    0    0
000C:|    0    0    0    0    0    0    0    0    0    0    0    0    0    0    0    0
000D:|    0    0    0    0    0    0    0    0    0    0    0    0    0    0    1    1
000E:|    0    0    0    0    0    0    0    0    1    1    1    1    1    1    1    1
000F:|    0    0    0    1    1    1    1    1    1    1    1    1    1    0    0    0
0010:|    1    1    1    1    1    1    1    1    0    0    0    0    0    0    0    0
0011:|    1    1    1    0    0    0    0    0    0    0    0    0    0    0    0    0
0012:|    0    0    0    0    0    0    0    0    0    0    0    0    0    0    0    0
0013:|    0    0    0    0    0    0    0    0    0    0    0    0    0    0    0    0
0014:|    0    0    0    0    0    0    0    0    0    0    0    0    0    0    0    0
0015:|    0    0    0    0    0    0    0    0    0    0    0    0    0    0    0    0
0016:|    0    0    0    0    0    0    0    0    0    0    0    0    0    0    0    0
0017:|    0    0    0    0    0    0    0    0    0    0    0    0    0    0    0    0
0018:|    0    0    0    0    0    0    0    0    0    0    0    0    0    0    0    0
0019:|    0    0    0    0    0    0    0    0    0    0    0    0    0    0    0    0
001A:|    0    0    0    0    0    0    0    0    0    0    0    0    0    0    0    0
001B:|    0    0    0    0    0    0    0    0    0    0    0    0    0    0    0    0
001C:|    0    0    0    0    0    0    0    0    0    0    0    0    0    0    0    0
001D:|    0    0    0    0    0    0    0    0    0    0    0    0    0    0    0    0
001E:|    0    0    0    0    0    0    0    0    0    0    0    0    0    0    0    0
001F:|    0    0    0    0    0    0    0    0    0    0    0    0    0    0    0    0
rank 0 coarse = 15
rank 0 fine = 64
B:|    0    0    0    0    0    0    0    0    1    1    1    0    0    0    0    0
opt_dle value:9
DRAMC_R0DELDLY[018]=00001D1E
==================================================================
		RX	DQS perbit delay software calibration 
==================================================================
1.0-15 bit dq delay value
==================================================================
bit|     0  1  2  3  4  5  6  7  8  9
--------------------------------------
0 |    7 5 6 9 5 7 7 5 3 5 
10 |    6 7 8 9 6 6 
--------------------------------------

==================================================================
2.dqs window
x=pass dqs delay value (min~max)center 
y=0-7bit DQ of every group
input delay:DQS0 =30 DQS1 = 29
==================================================================
bit	DQS0	 bit      DQS1
0  (1~57)29  8  (1~54)27
1  (1~55)28  9  (1~58)29
2  (1~57)29  10  (1~58)29
3  (1~56)28  11  (1~53)27
4  (1~55)28  12  (1~58)29
5  (1~58)29  13  (1~56)28
6  (0~57)28  14  (1~58)29
7  (1~59)30  15  (0~54)27
==================================================================
3.dq delay value last
==================================================================
bit|    0  1  2  3  4  5  6  7  8   9
--------------------------------------
0 |    8 7 7 11 7 8 9 5 5 5 
10 |    6 9 8 10 6 8 
==================================================================
==================================================================
     TX  perbyte calibration 
==================================================================
DQS loop = 15, cmp_err_1 = ffff0000 
dqs_perbyte_dly.last_dqsdly_pass[0]=15,  finish count=1 
dqs_perbyte_dly.last_dqsdly_pass[1]=15,  finish count=2 
DQ loop=15, cmp_err_1 = ffff0080
dqs_perbyte_dly.last_dqdly_pass[1]=15,  finish count=1 
DQ loop=14, cmp_err_1 = ffff0000
dqs_perbyte_dly.last_dqdly_pass[0]=14,  finish count=2 
byte:0, (DQS,DQ)=(8,8)
byte:1, (DQS,DQ)=(8,8)
20,data:88
[EMI] DRAMC calibration passed

===================================================================
     		MT7621   stage1 code done 
     		CPU=50000000 HZ BUS=16666666 HZ
===================================================================


U-Boot 1.1.3 (May  4 2018 - 02:03:52)

Board: Ralink APSoC DRAM:  128 MB
Power on memory test. Memory size= 128 MB...OK!
relocate_code Pointer at: 87fa4000

Config XHCI 40M PLL 
******************************
Software System Reset Occurred
******************************
Allocate 16 byte aligned buffer: 87fdfd90
Enable NFI Clock
# MTK NAND # : Use HW ECC
NAND ID [98 F1 80 15 F2]
Device found in MTK table, ID: 98f1, EXT_ID: 8015f2
Support this Device in MTK table! 98f1 
select_chip
[NAND]select ecc bit:4, sparesize :64 spare_per_sector=16
Signature matched and data read!
load_fact_bbt success 1023
load fact bbt success
[mtk_nand] probe successfully!
mtd-&gt;writesize=2 GiB mtd-&gt;oobsize=64,	mtd-&gt;erasesize=131072  devinfo.iowidth=8
..============================================ 
Ralink UBoot Version: 5.0.0.0
-------------------------------------------- 
ASIC MT7621A DualCore (MAC to MT7530 Mode)
DRAM_CONF_FROM: Auto-Detection 
DRAM_TYPE: DDR3 
DRAM bus: 16 bit
Xtal Mode=3 OCP Ratio=1/3
Flash component: NAND Flash
Date:May  4 2018  Time:02:03:52
============================================ 
icache: sets:256, ways:4, linesz:32 ,total:32768
dcache: sets:256, ways:4, linesz:32 ,total:32768 

 ##### The CPU freq = 880 MHZ #### 
 estimate memory size =128 Mbytes
#Reset_MT7530
set LAN/WAN LLLLW

Please choose the operation: 
   1: Load system code to SDRAM via TFTP. 
   2: Load system code then write to Flash via TFTP. 
   3: Boot system code via Flash (default).
   4: Entr boot command line interface.
   7: Load Boot Loader code then write to Flash via Serial. 
   9: Load Boot Loader code then write to Flash via TFTP. 
��� 4 ��� 3 ��� 2 ��� 1 ��� 0 
Booting System 2
..ranand_erase: start:80000, len:20000 
..Done!
done
   
3: System Boot system code via Flash.
## Booting image at bc600000 ...
   Image Name:   MIPS OpenWrt Linux-3.10.14
   Image Type:   MIPS Linux Kernel Image (lzma compressed)
   Data Size:    3364932 Bytes =  3.2 MB
   Load Address: 81001000
   Entry Point:  81426f90
....................................................   Verifying Checksum ... OK
   Uncompressing Kernel Image ... OK
commandline uart_en=0 factory_mode=0
No initrd
## Transferring control to Linux (at address 81426f90) ...
## Giving linux memsize in MB, 128

Starting kernel ...


LINUX started...

 THIS IS ASIC

SDK 5.0.S.0
[    0.000000] Initializing cgroup subsys cpuset
[    0.000000] Linux version 3.10.14 (jenkins@528973164a12) (gcc version 4.8.5 (crosstool-NG crosstool-ng-1.22.0) ) #1 MiWiFi-R4-2.26.135 SMP Tue Aug 7 09:13:13 UTC 2018
[    0.000000] 
[    0.000000]  The CPU feqenuce set to 880 MHz
[    0.000000] GCMP present
[    0.000000] CPU0 revision is: 0001992f (MIPS 1004Kc)
[    0.000000] Software DMA cache coherency
[    0.000000] Determined physical RAM map:
[    0.000000]  memory: 08000000 @ 00000000 (usable)
[    0.000000] Initrd not found or empty - disabling initrd
[    0.000000] Zone ranges:
[    0.000000]   DMA      [mem 0x00000000-0x00ffffff]
[    0.000000]   Normal   [mem 0x01000000-0x07ffffff]
[    0.000000] Movable zone start for each node
[    0.000000] Early memory node ranges
[    0.000000]   node   0: [mem 0x00000000-0x07ffffff]
[    0.000000] Detected 3 available secondary CPU(s)
[    0.000000] Primary instruction cache 32kB, 4-way, VIPT, linesize 32 bytes.
[    0.000000] Primary data cache 32kB, 4-way, PIPT, no aliases, linesize 32 bytes
[    0.000000] MIPS secondary cache 256kB, 8-way, linesize 32 bytes.
[    0.000000] PERCPU: Embedded 7 pages/cpu @81831000 s6720 r8192 d13760 u32768
[    0.000000] Built 1 zonelists in Zone order, mobility grouping on.  Total pages: 32512
[    0.000000] Kernel command line: console=ttyS1,115200n8 root=/dev/mtdblock5 uart_en=0 factory_mode=0
[    0.000000] PID hash table entries: 512 (order: -1, 2048 bytes)
[    0.000000] Dentry cache hash table entries: 16384 (order: 4, 65536 bytes)
[    0.000000] Inode-cache hash table entries: 8192 (order: 3, 32768 bytes)
[    0.000000] Writing ErrCtl register=00000000
[    0.000000] Readback ErrCtl register=00000000
[    0.000000] allocated 262144 bytes of page_cgroup
[    0.000000] please try 'cgroup_disable=memory' option if you don't want memory cgroups
[    0.000000] Memory: 122204k/131072k available (4297k kernel code, 8868k reserved, 1120k data, 1616k init, 0k highmem)
[    0.000000] SLUB: HWalign=64, Order=0-3, MinObjects=0, CPUs=4, Nodes=1
[    0.000000] Hierarchical RCU implementation.
[    0.000000] NR_IRQS:128
[    0.000000] console [ttyS1] enabled
[    0.130000] Calibrating delay loop... 577.53 BogoMIPS (lpj=2887680)
[    0.190000] pid_max: default: 32768 minimum: 301
[    0.190000] Mount-cache hash table entries: 512
[    0.200000] Initializing cgroup subsys memory
[    0.200000] launch: starting cpu1
[    0.210000] launch: cpu1 gone!
[    0.210000] CPU1 revision is: 0001992f (MIPS 1004Kc)
[    0.210000] Primary instruction cache 32kB, 4-way, VIPT, linesize 32 bytes.
[    0.210000] Primary data cache 32kB, 4-way, PIPT, no aliases, linesize 32 bytes
[    0.210000] MIPS secondary cache 256kB, 8-way, linesize 32 bytes.
[    0.270000] Synchronize counters for CPU 1: done.
[    0.280000] launch: starting cpu2
[    0.280000] launch: cpu2 gone!
[    0.280000] CPU2 revision is: 0001992f (MIPS 1004Kc)
[    0.280000] Primary instruction cache 32kB, 4-way, VIPT, linesize 32 bytes.
[    0.280000] Primary data cache 32kB, 4-way, PIPT, no aliases, linesize 32 bytes
[    0.280000] MIPS secondary cache 256kB, 8-way, linesize 32 bytes.
[    0.340000] Synchronize counters for CPU 2: done.
[    0.350000] launch: starting cpu3
[    0.350000] launch: cpu3 gone!
[    0.350000] CPU3 revision is: 0001992f (MIPS 1004Kc)
[    0.350000] Primary instruction cache 32kB, 4-way, VIPT, linesize 32 bytes.
[    0.350000] Primary data cache 32kB, 4-way, PIPT, no aliases, linesize 32 bytes
[    0.350000] MIPS secondary cache 256kB, 8-way, linesize 32 bytes.
[    0.410000] Synchronize counters for CPU 3: done.
[    0.420000] Brought up 4 CPUs
[    0.420000] devtmpfs: initialized
[    0.420000] NET: Registered protocol family 16
[    0.720000] release PCIe RST: RALINK_RSTCTRL = 7000000
[    0.730000] PCIE PHY initialize
[    0.730000] ***** Xtal 40MHz *****
[    0.730000] start MT7621 PCIe register access
[    1.330000] RALINK_RSTCTRL = 7000000
[    1.330000] RALINK_CLKCFG1 = 73ffeff8
[    1.330000] 
[    1.330000] *************** MT7621 PCIe RC mode *************
[    1.830000] pcie_link status = 0x3
[    1.830000] RALINK_RSTCTRL= 7000000
[    1.830000] *** Configure Device number setting of Virtual PCI-PCI bridge ***
[    1.840000] RALINK_PCI_PCICFG_ADDR = 21007f2 -&gt; 21007f2
[    1.840000] PCIE0 enabled
[    1.840000] PCIE1 enabled
[    1.850000] interrupt enable status: 300000
[    1.850000] Port 1 N_FTS = 1b105000
[    1.850000] Port 0 N_FTS = 1b105000
[    1.860000] config reg done
[    1.860000] init_rt2880pci done
[    1.880000] bio: create slab &lt;bio-0&gt; at 0
[    1.890000] SCSI subsystem initialized
[    1.890000] PCI host bridge to bus 0000:00
[    1.900000] pci_bus 0000:00: root bus resource [mem 0x60000000-0x6fffffff]
[    1.900000] pci_bus 0000:00: root bus resource [io  0x1e160000-0x1e16ffff]
[    1.910000] pci_bus 0000:00: No busn resource found for root bus, will use [bus 00-ff]
[    1.920000] pci 0000:00:00.0: BAR 0: can't assign mem (size 0x80000000)
[    1.920000] pci 0000:00:01.0: BAR 0: can't assign mem (size 0x80000000)
[    1.930000] pci 0000:00:00.0: BAR 8: assigned [mem 0x60000000-0x600fffff]
[    1.930000] pci 0000:00:01.0: BAR 8: assigned [mem 0x60100000-0x601fffff]
[    1.940000] pci 0000:00:01.0: BAR 9: assigned [mem 0x60200000-0x602fffff pref]
[    1.940000] pci 0000:00:00.0: BAR 1: assigned [mem 0x60300000-0x6030ffff]
[    1.950000] pci 0000:00:01.0: BAR 1: assigned [mem 0x60310000-0x6031ffff]
[    1.950000] pci 0000:01:00.0: BAR 0: assigned [mem 0x60000000-0x600fffff]
[    1.960000] pci 0000:00:00.0: PCI bridge to [bus 01]
[    1.960000] pci 0000:00:00.0:   bridge window [mem 0x60000000-0x600fffff]
[    1.970000] pci 0000:02:00.0: BAR 0: assigned [mem 0x60100000-0x601fffff 64bit]
[    1.970000] pci 0000:02:00.0: BAR 6: assigned [mem 0x60200000-0x6020ffff pref]
[    1.980000] pci 0000:00:01.0: PCI bridge to [bus 02]
[    1.980000] pci 0000:00:01.0:   bridge window [mem 0x60100000-0x601fffff]
[    1.990000] pci 0000:00:01.0:   bridge window [mem 0x60200000-0x602fffff pref]
[    1.990000] BAR0 at slot 0 = 0
[    2.000000] bus=0x0, slot = 0x0
[    2.000000] res[0]-&gt;start = 0
[    2.000000] res[0]-&gt;end = 0
[    2.000000] res[1]-&gt;start = 60300000
[    2.010000] res[1]-&gt;end = 6030ffff
[    2.010000] res[2]-&gt;start = 0
[    2.010000] res[2]-&gt;end = 0
[    2.010000] res[3]-&gt;start = 0
[    2.020000] res[3]-&gt;end = 0
[    2.020000] res[4]-&gt;start = 0
[    2.020000] res[4]-&gt;end = 0
[    2.020000] res[5]-&gt;start = 0
[    2.030000] res[5]-&gt;end = 0
[    2.030000] BAR0 at slot 1 = 0
[    2.030000] bus=0x0, slot = 0x1
[    2.030000] res[0]-&gt;start = 0
[    2.040000] res[0]-&gt;end = 0
[    2.040000] res[1]-&gt;start = 60310000
[    2.040000] res[1]-&gt;end = 6031ffff
[    2.040000] res[2]-&gt;start = 0
[    2.050000] res[2]-&gt;end = 0
[    2.050000] res[3]-&gt;start = 0
[    2.050000] res[3]-&gt;end = 0
[    2.050000] res[4]-&gt;start = 0
[    2.060000] res[4]-&gt;end = 0
[    2.060000] res[5]-&gt;start = 0
[    2.060000] res[5]-&gt;end = 0
[    2.060000] bus=0x1, slot = 0x0, irq=0x4
[    2.070000] res[0]-&gt;start = 60000000
[    2.070000] res[0]-&gt;end = 600fffff
[    2.070000] res[1]-&gt;start = 0
[    2.070000] res[1]-&gt;end = 0
[    2.080000] res[2]-&gt;start = 0
[    2.080000] res[2]-&gt;end = 0
[    2.080000] res[3]-&gt;start = 0
[    2.080000] res[3]-&gt;end = 0
[    2.090000] res[4]-&gt;start = 0
[    2.090000] res[4]-&gt;end = 0
[    2.090000] res[5]-&gt;start = 0
[    2.090000] res[5]-&gt;end = 0
[    2.100000] bus=0x2, slot = 0x1, irq=0x18
[    2.100000] res[0]-&gt;start = 60100000
[    2.100000] res[0]-&gt;end = 601fffff
[    2.110000] res[1]-&gt;start = 0
[    2.110000] res[1]-&gt;end = 0
[    2.110000] res[2]-&gt;start = 0
[    2.110000] res[2]-&gt;end = 0
[    2.120000] res[3]-&gt;start = 0
[    2.120000] res[3]-&gt;end = 0
[    2.120000] res[4]-&gt;start = 0
[    2.120000] res[4]-&gt;end = 0
[    2.130000] res[5]-&gt;start = 0
[    2.130000] res[5]-&gt;end = 0
[    2.130000] cfg80211: Calling CRDA to update world regulatory domain
[    2.130000] Switching to clocksource MIPS
[    2.140000] NET: Registered protocol family 2
[    2.140000] TCP established hash table entries: 1024 (order: 1, 8192 bytes)
[    2.150000] TCP bind hash table entries: 1024 (order: 1, 8192 bytes)
[    2.160000] TCP: Hash tables configured (established 1024 bind 1024)
[    2.160000] TCP: reno registered
[    2.170000] UDP hash table entries: 256 (order: 1, 8192 bytes)
[    2.170000] UDP-Lite hash table entries: 256 (order: 1, 8192 bytes)
[    2.180000] NET: Registered protocol family 1
[    3.240000] 4 CPUs re-calibrate udelay(lpj = 2924544)
[    3.260000] squashfs: version 4.0 (2009/01/31) Phillip Lougher
[    3.270000] msgmni has been set to 238
[    3.280000] Block layer SCSI generic (bsg) driver version 0.4 loaded (major 253)
[    3.280000] io scheduler noop registered (default)
[    3.290000] MIWIFI panic notifier registeredreg_int_mask=0, INT_MASK= 0 
[    3.300000] HSDMA_init
[    3.300000] 
[    3.300000]  hsdma_phy_tx_ring0 = 0x00c00000, hsdma_tx_ring0 = 0xa0c00000
[    3.310000] 
[    3.310000]  hsdma_phy_rx_ring0 = 0x00c04000, hsdma_rx_ring0 = 0xa0c04000
[    3.320000] TX_CTX_IDX0 = 0
[    3.320000] TX_DTX_IDX0 = 0
[    3.320000] RX_CRX_IDX0 = 3ff
[    3.320000] RX_DRX_IDX0 = 0
[    3.330000] set_fe_HSDMA_glo_cfg
[    3.330000] HSDMA_GLO_CFG = 465
[    3.330000] Serial: 8250/16550 driver, 2 ports, IRQ sharing disabled
[    3.340000] serial8250: ttyS0 at MMIO 0x1e000d00 (irq = 27) is a 16550A
[    3.350000] serial8250: ttyS1 at MMIO 0x1e000c00 (irq = 26) is a 16550A
[    3.350000] led=10, on=4000, off=1, blinks,=1, reset=1, time=4000
[    3.360000] Ralink gpio driver initialized
[    3.360000] brd: module loaded
[    3.370000] MediaTek Nand driver init, version v2.1 Fix AHB virt2phys error
[    3.380000] Allocate 16 byte aligned buffer: 81710340
[    3.380000] Enable NFI Clock
[    3.380000] # MTK NAND # : Use HW ECC
[    3.390000] NAND ID [98 F1 80 15 F2, 008015f2]
[    3.390000] NAND ECC: On-Die
[    3.390000] Device found in MTK table, ID: 98f1, EXT_ID: 8015f2
[    3.400000] Support this Device in MTK table! 98f1 
[    3.410000] NAND device: Manufacturer ID: 0x98, Chip ID: 0xf1 (Toshiba NAND 128MiB 3,3V 8-bit), 128MiB, page size: 2048, OOB size: 64
[    3.420000] [NAND]select ecc bit:4, sparesize :64 spare_per_sector=16
[    3.420000] Scanning device for bad blocks
[    3.430000] Bad eraseblock 14 at 0x0000001c0000
[    3.440000] Bad eraseblock 15 at 0x0000001e0000
[    3.750000] Bad eraseblock 768 at 0x000006000000
[    3.860000] Signature matched and data read!
[    3.860000] load_fact_bbt success 1023
[    3.870000] 00 00 00 f0 00 00 00 00 00 00 00 00 00 00 00 00 00 00 00 00 00 00 00 00 00 00 00 00 00 00 00 00 
[    3.880000] 00 00 00 00 00 00 00 00 00 00 00 00 00 00 00 00 00 00 00 00 00 00 00 00 00 00 00 00 00 00 00 00 
[    3.890000] 00 00 00 00 00 00 00 00 00 00 00 00 00 00 00 00 00 00 00 00 00 00 00 00 00 00 00 00 00 00 00 00 
[    3.900000] 00 00 00 00 00 00 00 00 00 00 00 00 00 00 00 00 00 00 00 00 00 00 00 00 00 00 00 00 00 00 00 00 
[    3.910000] 00 00 00 00 00 00 00 00 00 00 00 00 00 00 00 00 00 00 00 00 00 00 00 00 00 00 00 00 00 00 00 00 
[    3.920000] 00 00 00 00 00 00 00 00 00 00 00 00 00 00 00 00 00 00 00 00 00 00 00 00 00 00 00 00 00 00 00 00 
[    3.930000] 03 00 00 00 00 00 00 00 00 00 00 00 00 00 00 00 00 00 00 00 00 00 00 00 00 00 00 00 00 00 00 00 
[    3.940000] 00 00 00 00 00 00 00 00 00 00 00 00 00 00 00 00 00 00 00 00 00 00 00 00 00 00 00 00 00 00 00 00 
[    3.950000] Creating 14 MTD partitions on &quot;MT7621-NAND&quot;:
[    3.950000] 0x000000000000-0x000007f80000 : &quot;ALL&quot;
[    3.960000] 0x000000000000-0x000000080000 : &quot;Bootloader&quot;
[    3.960000] 0x000000080000-0x0000000c0000 : &quot;Config&quot;
[    3.970000] 0x0000000c0000-0x000000100000 : &quot;Bdata&quot;
[    3.980000] 0x000000100000-0x000000140000 : &quot;Factory&quot;
[    3.980000] 0x000000140000-0x000000180000 : &quot;crash&quot;
[    3.990000] 0x000000180000-0x0000001c0000 : &quot;crash_syslog&quot;
[    4.000000] 0x0000001c0000-0x000000200000 : &quot;cfg_bak&quot;
[    4.000000] 0x000000200000-0x000000600000 : &quot;kernel0&quot;
[    4.010000] 0x000000600000-0x000000a00000 : &quot;kernel1&quot;
[    4.010000] 0x000000a00000-0x000002400000 : &quot;rootfs0&quot;
[    4.020000] 0x000002400000-0x000003e00000 : &quot;rootfs1&quot;
[    4.030000] 0x000003e00000-0x000006400000 : &quot;overlay&quot;
[    4.030000] 0x000006400000-0x000007f80000 : &quot;obr&quot;
[    4.040000] [mtk_nand] probe successfully!
[    4.040000] PPP generic driver version 2.4.2
[    4.050000] PPP BSD Compression module registered
[    4.050000] PPP Deflate Compression module registered
[    4.060000] PPP MPPE Compression module registered
[    4.060000] NET: Registered protocol family 24
[    4.070000] PPTP driver version 0.8.5
[    4.070000] ps: can't get major 253
[    4.080000] GMAC1_MAC_ADRH -- : 0x00004031
[    4.080000] GMAC1_MAC_ADRL -- : 0x3c149a12
[    4.080000] Ralink APSoC Ethernet Driver Initilization. v3.1  1024 rx/tx descriptors allocated, mtu = 1500!
[    4.090000] GMAC1_MAC_ADRH -- : 0x00004031
[    4.100000] GMAC1_MAC_ADRL -- : 0x3c149a12
[    4.100000] PROC INIT OK!
[    4.110000] softdog: Software Watchdog Timer: 0.08 initialized. soft_noboot=0 soft_margin=60 sec soft_panic=0 (nowayout=0)
[    4.120000] Netfilter messages via NETLINK v0.30.
[    4.120000] nfnl_acct: registering with nfnetlink.
[    4.130000] nf_conntrack version 0.5.0 (1909 buckets, 7636 max)
[    4.130000] ipip: IPv4 over IPv4 tunneling driver
[    4.140000] gre: GRE over IPv4 demultiplexor driver
[    4.140000] ip_tables: (C) 2000-2006 Netfilter Core Team
[    4.150000] Type=Restricted Cone
[    4.150000] TCP: cubic registered
[    4.160000] NET: Registered protocol family 10
[    4.160000] NET: Registered protocol family 17
[    4.170000] l2tp_core: L2TP core driver, V2.0
[    4.170000] l2tp_ppp: PPPoL2TP kernel driver, V2.0
[    4.180000] l2tp_netlink: L2TP netlink interface
[    4.180000] 8021q: 802.1Q VLAN Support v1.8
[    4.190000] Failed to lock mtd reserved0
[    4.190000] FLASH ID: [98 F1 80 15 F2] 
[    4.200000] otp_block = 14
[    4.200000]  otp enter failed
[    4.200000] miqef:  usr otp read not available
[    4.210000] miqef: mtd otp probe fail
[    4.210000] Freeing unused kernel memory: 1616K (8154c000 - 816e0000)
[    4.220000] csd: CSD deadlock debugging initiated!
[    4.280000] Loading essential drivers...
[    4.280000] Press Ctrl+C to enter RAMFS...
mknod: /dev/gpio: File exists
[    5.330000] Bringup the system...
[    5.340000] flag_boot_rootfs=1 mounting /dev/mtd11
[    5.350000] UBI: attaching mtd11 to ubi0
[    5.600000] UBI: scanning is finished
[    5.620000] UBI: attached mtd11 (name &quot;rootfs1&quot;, size 26 MiB) to ubi0
[    5.630000] UBI: PEB size: 131072 bytes (128 KiB), LEB size: 126976 bytes
[    5.630000] UBI: min./max. I/O unit sizes: 2048/2048, sub-page size 2048
[    5.640000] UBI: VID header offset: 2048 (aligned 2048), data offset: 4096
[    5.650000] UBI: good PEBs: 208, bad PEBs: 0, corrupted PEBs: 0
[    5.650000] UBI: user volume: 1, internal volumes: 1, max. volumes count: 128
[    5.660000] UBI: max/mean erase counter: 0/0, WL threshold: 4096, image sequence number: 1242791533
[    5.670000] UBI: available PEBs: 86, total reserved PEBs: 122, PEBs reserved for bad PEB handling: 20
[    5.680000] UBI: background thread &quot;ubi_bgt0d&quot; started, PID 375
UBI device number 0, total 208 LEBs (26411008 bytes, 25.2 MiB), available 86 LEBs (10919936 bytes, 10.4 MiB), LEB size 126976 bytes (124.0 KiB)
config core 'version'
	# ROM ver
	option ROM '2.26.135'
	# channel
	option CHANNEL 'release'
	# hardware platform R1AC or R1N etc.
	option HARDWARE 'R4'
	# CFE ver
	option UBOOT '1.0.2'
	# Linux Kernel ver
	option LINUX '0.0.1'
	# RAMFS ver
	option RAMFS '0.0.1'
	# SQUASHFS ver
	option SQAFS '0.0.1'
	# ROOTFS ver
	option ROOTFS '0.0.1'
	#build time
	option BUILDTIME 'Tue, 07 Aug 2018 09:04:34 +0000'
	#build timestamp
	option BUILDTS '1533632674'
	#build git tag
	option GTAG 'commit eb2e6989bdfedf9bf2473a5462186bb1380d971a'
mount: mounting proc on /proc failed: Device or resource busy
mount: mounting sysfs on /sys failed: Device or resource busy
[    6.900000] 40:31:3C:14:FFFFFF9A:12
[    6.910000] Raeth v3.1 (Tasklet)
[    6.910000] set CLK_CFG_0 = 0x40a00020!!!!!!!!!!!!!!!!!!1
[    6.920000] phy_free_head is 0xc08000!!!
[    6.930000] phy_free_tail_phy is 0xc09ff0!!!
[    6.930000] txd_pool=a0c10000 phy_txd_pool=00C10000
[    6.940000] ei_local-&gt;skb_free start address is 0x87e626dc.
[    6.940000] free_txd: 00c10010, ei_local-&gt;cpu_ptr: 00C10000
[    6.950000]  POOL  HEAD_PTR | DMA_PTR | CPU_PTR 
[    6.950000] ----------------+---------+--------
[    6.960000]      0xa0c10000 0x00C10000 0x00C10000
[    6.960000] 
[    6.960000] phy_qrx_ring = 0x00c0a000, qrx_ring = 0xa0c0a000
[    6.970000] 
[    6.970000] phy_rx_ring0 = 0x00c0c000, rx_ring0 = 0xa0c0c000
[    7.000000] MT7530 Reset Completed!!
[    7.010000] change HW-TRAP to 0x17c8f
[    7.010000] set LAN/WAN LLLLW
[    7.020000] GMAC1_MAC_ADRH -- : 0x00004031
[    7.030000] GMAC1_MAC_ADRL -- : 0x3c149a12
[    7.030000] GDMA2_MAC_ADRH -- : 0x00004031
[    7.030000] GDMA2_MAC_ADRL -- : 0x3c149a13
[    7.040000] eth1: ===&gt; VirtualIF_open
[    7.040000] MT7621 GE2 link rate to 1G
[    7.050000] CDMA_CSG_CFG = 81000000
[    7.050000] GDMA1_FWD_CFG = 20710000
[    7.050000] GDMA2_FWD_CFG = 20710000
- preinit -
Tue Aug  7 09:13:13 UTC 2018
Unlocking overlay ...
Erasing overlay ...

Skipping bad block at 0x2200000   start nvram clear.....
nvram clear...Done!
- regular preinit -
/lib/preinit.sh: line 1: pi_indicate_led: not found
overlay appears erased
flag_format_overlay is set, format
ubiformat: mtd12 (nand), size 39845888 bytes (38.0 MiB), 304 eraseblocks of 131072 bytes (128.0 KiB), min. I/O size 2048 bytes
libscan: scanning eraseblock 0 --  0 % complete  libscan: scanning eraseblock 1 --  0 % complete  libscan: scanning eraseblock 2 --  0 % complete  libscan: scanning eraseblock 3 --  1 % complete  libscan: scanning eraseblock 4 --  1 % complete  libscan: scanning eraseblock 5 --  1 % complete  libscan: scanning eraseblock 6 --  2 % complete  libscan: scanning eraseblock 7 --  2 % complete  libscan: scanning eraseblock 8 --  2 % complete  libscan: scanning eraseblock 9 --  3 % complete  libscan: scanning eraseblock 10 --  3 % complete  libscan: scanning eraseblock 11 --  3 % complete  libscan: scanning eraseblock 12 --  4 % complete  libscan: scanning eraseblock 13 --  4 % complete  libscan: scanning eraseblock 14 --  4 % complete  libscan: scanning eraseblock 15 --  5 % complete  libscan: scanning eraseblock 16 --  5 % complete  libscan: scanning eraseblock 17 --  5 % complete  libscan: scanning eraseblock 18 --  6 % complete  libscan: scanning eraseblock 19 --  6 % complete  libscan: scanning eraseblock 20 --  6 % complete  libscan: scanning eraseblock 21 --  7 % complete  libscan: scanning eraseblock 22 --  7 % complete  libscan: scanning eraseblock 23 --  7 % complete  libscan: scanning eraseblock 24 --  8 % complete  libscan: scanning eraseblock 25 --  8 % complete  libscan: scanning eraseblock 26 --  8 % complete  libscan: scanning eraseblock 27 --  9 % complete  libscan: scanning eraseblock 28 --  9 % complete  libscan: scanning eraseblock 29 --  9 % complete  libscan: scanning eraseblock 30 -- 10 % complete  libscan: scanning eraseblock 31 -- 10 % complete  libscan: scanning eraseblock 32 -- 10 % complete  libscan: scanning eraseblock 33 -- 11 % complete  libscan: scanning eraseblock 34 -- 11 % complete  libscan: scanning eraseblock 35 -- 11 % complete  libscan: scanning eraseblock 36 -- 12 % complete  libscan: scanning eraseblock 37 -- 12 % complete  libscan: scanning eraseblock 38 -- 12 % complete  libscan: scanning eraseblock 39 -- 13 % complete  libscan: scanning eraseblock 40 -- 13 % complete  libscan: scanning eraseblock 41 -- 13 % complete  libscan: scanning eraseblock 42 -- 14 % complete  libscan: scanning eraseblock 43 -- 14 % complete  libscan: scanning eraseblock 44 -- 14 % complete  libscan: scanning eraseblock 45 -- 15 % complete  libscan: scanning eraseblock 46 -- 15 % complete  libscan: scanning eraseblock 47 -- 15 % complete  libscan: scanning eraseblock 48 -- 16 % complete  libscan: scanning eraseblock 49 -- 16 % complete  libscan: scanning eraseblock 50 -- 16 % complete  libscan: scanning eraseblock 51 -- 17 % complete  libscan: scanning eraseblock 52 -- 17 % complete  libscan: scanning eraseblock 53 -- 17 % complete  libscan: scanning eraseblock 54 -- 18 % complete  libscan: scanning eraseblock 55 -- 18 % complete  libscan: scanning eraseblock 56 -- 18 % complete  libscan: scanning eraseblock 57 -- 19 % complete  libscan: scanning eraseblock 58 -- 19 % complete  libscan: scanning eraseblock 59 -- 19 % complete  libscan: scanning eraseblock 60 -- 20 % complete  libscan: scanning eraseblock 61 -- 20 % complete  libscan: scanning eraseblock 62 -- 20 % complete  libscan: scanning eraseblock 63 -- 21 % complete  libscan: scanning eraseblock 64 -- 21 % complete  libscan: scanning eraseblock 65 -- 21 % complete  libscan: scanning eraseblock 66 -- 22 % complete  libscan: scanning eraseblock 67 -- 22 % complete  libscan: scanning eraseblock 68 -- 22 % complete  libscan: scanning eraseblock 69 -- 23 % complete  libscan: scanning eraseblock 70 -- 23 % complete  libscan: scanning eraseblock 71 -- 23 % complete  libscan: scanning eraseblock 72 -- 24 % complete  libscan: scanning eraseblock 73 -- 24 % complete  libscan: scanning eraseblock 74 -- 24 % complete  libscan: scanning eraseblock 75 -- 25 % complete  libscan: scanning eraseblock 76 -- 25 % complete  libscan: scanning eraseblock 77 -- 25 % complete  libscan: scanning eraseblock 78 -- 25 % complete  libscan: scanning eraseblock 79 -- 26 % complete  libscan: scanning eraseblock 80 -- 26 % complete  libscan: scanning eraseblock 81 -- 26 % complete  libscan: scanning eraseblock 82 -- 27 % complete  libscan: scanning eraseblock 83 -- 27 % complete  libscan: scanning eraseblock 84 -- 27 % complete  libscan: scanning eraseblock 85 -- 28 % complete  libscan: scanning eraseblock 86 -- 28 % complete  libscan: scanning eraseblock 87 -- 28 % complete  libscan: scanning eraseblock 88 -- 29 % complete  libscan: scanning eraseblock 89 -- 29 % complete  libscan: scanning eraseblock 90 -- 29 % complete  libscan: scanning eraseblock 91 -- 30 % complete  libscan: scanning eraseblock 92 -- 30 % complete  libscan: scanning eraseblock 93 -- 30 % complete  libscan: scanning eraseblock 94 -- 31 % complete  libscan: scanning eraseblock 95 -- 31 % complete  libscan: scanning eraseblock 96 -- 31 % complete  libscan: scanning eraseblock 97 -- 32 % complete  libscan: scanning eraseblock 98 -- 32 % complete  libscan: scanning eraseblock 99 -- 32 % complete  libscan: scanning eraseblock 100 -- 33 % complete  libscan: scanning eraseblock 101 -- 33 % complete  libscan: scanning eraseblock 102 -- 33 % complete  libscan: scanning eraseblock 103 -- 34 % complete  libscan: scanning eraseblock 104 -- 34 % complete  libscan: scanning eraseblock 105 -- 34 % complete  libscan: scanning eraseblock 106 -- 35 % complete  libscan: scanning eraseblock 107 -- 35 % complete  libscan: scanning eraseblock 108 -- 35 % complete  libscan: scanning eraseblock 109 -- 36 % complete  libscan: scanning eraseblock 110 -- 36 % complete  libscan: scanning eraseblock 111 -- 36 % complete  libscan: scanning eraseblock 112 -- 37 % complete  libscan: scanning eraseblock 113 -- 37 % complete  libscan: scanning eraseblock 114 -- 37 % complete  libscan: scanning eraseblock 115 -- 38 % complete  libscan: scanning eraseblock 116 -- 38 % complete  libscan: scanning eraseblock 117 -- 38 % complete  libscan: scanning eraseblock 118 -- 39 % complete  libscan: scanning eraseblock 119 -- 39 % complete  libscan: scanning eraseblock 120 -- 39 % complete  libscan: scanning eraseblock 121 -- 40 % complete  libscan: scanning eraseblock 122 -- 40 % complete  libscan: scanning eraseblock 123 -- 40 % complete  libscan: scanning eraseblock 124 -- 41 % complete  libscan: scanning eraseblock 125 -- 41 % complete  libscan: scanning eraseblock 126 -- 41 % complete  libscan: scanning eraseblock 127 -- 42 % complete  libscan: scanning eraseblock 128 -- 42 % complete  libscan: scanning eraseblock 129 -- 42 % complete  libscan: scanning eraseblock 130 -- 43 % complete  libscan: scanning eraseblock 131 -- 43 % complete  libscan: scanning eraseblock 132 -- 43 % complete  libscan: scanning eraseblock 133 -- 44 % complete  libscan: scanning eraseblock 134 -- 44 % complete  libscan: scanning eraseblock 135 -- 44 % complete  libscan: scanning eraseblock 136 -- 45 % complete  libscan: scanning eraseblock 137 -- 45 % complete  libscan: scanning eraseblock 138 -- 45 % complete  libscan: scanning eraseblock 139 -- 46 % complete  libscan: scanning eraseblock 140 -- 46 % complete  libscan: scanning eraseblock 141 -- 46 % complete  libscan: scanning eraseblock 142 -- 47 % complete  libscan: scanning eraseblock 143 -- 47 % complete  libscan: scanning eraseblock 144 -- 47 % complete  libscan: scanning eraseblock 145 -- 48 % complete  libscan: scanning eraseblock 146 -- 48 % complete  libscan: scanning eraseblock 147 -- 48 % complete  libscan: scanning eraseblock 148 -- 49 % complete  libscan: scanning eraseblock 149 -- 49 % complete  libscan: scanning eraseblock 150 -- 49 % complete  libscan: scanning eraseblock 151 -- 50 % complete  libscan: scanning eraseblock 152 -- 50 % complete  libscan: scanning eraseblock 153 -- 50 % complete  libscan: scanning eraseblock 154 -- 50 % complete  libscan: scanning eraseblock 155 -- 51 % complete  libscan: scanning eraseblock 156 -- 51 % complete  libscan: scanning eraseblock 157 -- 51 % complete  libscan: scanning eraseblock 158 -- 52 % complete  libscan: scanning eraseblock 159 -- 52 % complete  libscan: scanning eraseblock 160 -- 52 % complete  libscan: scanning eraseblock 161 -- 53 % complete  libscan: scanning eraseblock 162 -- 53 % complete  libscan: scanning eraseblock 163 -- 53 % complete  libscan: scanning eraseblock 164 -- 54 % complete  libscan: scanning eraseblock 165 -- 54 % complete  libscan: scanning eraseblock 166 -- 54 % complete  libscan: scanning eraseblock 167 -- 55 % complete  libscan: scanning eraseblock 168 -- 55 % complete  libscan: scanning eraseblock 169 -- 55 % complete  libscan: scanning eraseblock 170 -- 56 % complete  libscan: scanning eraseblock 171 -- 56 % complete  libscan: scanning eraseblock 172 -- 56 % complete  libscan: scanning eraseblock 173 -- 57 % complete  libscan: scanning eraseblock 174 -- 57 % complete  libscan: scanning eraseblock 175 -- 57 % complete  libscan: scanning eraseblock 176 -- 58 % complete  libscan: scanning eraseblock 177 -- 58 % complete  libscan: scanning eraseblock 178 -- 58 % complete  libscan: scanning eraseblock 179 -- 59 % complete  libscan: scanning eraseblock 180 -- 59 % complete  libscan: scanning eraseblock 181 -- 59 % complete  libscan: scanning eraseblock 182 -- 60 % complete  libscan: scanning eraseblock 183 -- 60 % complete  libscan: scanning eraseblock 184 -- 60 % complete  libscan: scanning eraseblock 185 -- 61 % complete  libscan: scanning eraseblock 186 -- 61 % complete  libscan: scanning eraseblock 187 -- 61 % complete  libscan: scanning eraseblock 188 -- 62 % complete  libscan: scanning eraseblock 189 -- 62 % complete  libscan: scanning eraseblock 190 -- 62 % complete  libscan: scanning eraseblock 191 -- 63 % complete  libscan: scanning eraseblock 192 -- 63 % complete  libscan: scanning eraseblock 193 -- 63 % complete  libscan: scanning eraseblock 194 -- 64 % complete  libscan: scanning eraseblock 195 -- 64 % complete  libscan: scanning eraseblock 196 -- 64 % complete  libscan: scanning eraseblock 197 -- 65 % complete  libscan: scanning eraseblock 198 -- 65 % complete  libscan: scanning eraseblock 199 -- 65 % complete  libscan: scanning eraseblock 200 -- 66 % complete  libscan: scanning eraseblock 201 -- 66 % complete  libscan: scanning eraseblock 202 -- 66 % complete  libscan: scanning eraseblock 203 -- 67 % complete  libscan: scanning eraseblock 204 -- 67 % complete  libscan: scanning eraseblock 205 -- 67 % complete  libscan: scanning eraseblock 206 -- 68 % complete  libscan: scanning eraseblock 207 -- 68 % complete  libscan: scanning eraseblock 208 -- 68 % complete  libscan: scanning eraseblock 209 -- 69 % complete  libscan: scanning eraseblock 210 -- 69 % complete  libscan: scanning eraseblock 211 -- 69 % complete  libscan: scanning eraseblock 212 -- 70 % complete  libscan: scanning eraseblock 213 -- 70 % complete  libscan: scanning eraseblock 214 -- 70 % complete  libscan: scanning eraseblock 215 -- 71 % complete  libscan: scanning eraseblock 216 -- 71 % complete  libscan: scanning eraseblock 217 -- 71 % complete  libscan: scanning eraseblock 218 -- 72 % complete  libscan: scanning eraseblock 219 -- 72 % complete  libscan: scanning eraseblock 220 -- 72 % complete  libscan: scanning eraseblock 221 -- 73 % complete  libscan: scanning eraseblock 222 -- 73 % complete  libscan: scanning eraseblock 223 -- 73 % complete  libscan: scanning eraseblock 224 -- 74 % complete  libscan: scanning eraseblock 225 -- 74 % complete  libscan: scanning eraseblock 226 -- 74 % complete  libscan: scanning eraseblock 227 -- 75 % complete  libscan: scanning eraseblock 228 -- 75 % complete  libscan: scanning eraseblock 229 -- 75 % complete  libscan: scanning eraseblock 230 -- 75 % complete  libscan: scanning eraseblock 231 -- 76 % complete  libscan: scanning eraseblock 232 -- 76 % complete  libscan: scanning eraseblock 233 -- 76 % complete  libscan: scanning eraseblock 234 -- 77 % complete  libscan: scanning eraseblock 235 -- 77 % complete  libscan: scanning eraseblock 236 -- 77 % complete  libscan: scanning eraseblock 237 -- 78 % complete  libscan: scanning eraseblock 238 -- 78 % complete  libscan: scanning eraseblock 239 -- 78 % complete  libscan: scanning eraseblock 240 -- 79 % complete  libscan: scanning eraseblock 241 -- 79 % complete  libscan: scanning eraseblock 242 -- 79 % complete  libscan: scanning eraseblock 243 -- 80 % complete  libscan: scanning eraseblock 244 -- 80 % complete  libscan: scanning eraseblock 245 -- 80 % complete  libscan: scanning eraseblock 246 -- 81 % complete  libscan: scanning eraseblock 247 -- 81 % complete  libscan: scanning eraseblock 248 -- 81 % complete  libscan: scanning eraseblock 249 -- 82 % complete  libscan: scanning eraseblock 250 -- 82 % complete  libscan: scanning eraseblock 251 -- 82 % complete  libscan: scanning eraseblock 252 -- 83 % complete  libscan: scanning eraseblock 253 -- 83 % complete  libscan: scanning eraseblock 254 -- 83 % complete  libscan: scanning eraseblock 255 -- 84 % complete  libscan: scanning eraseblock 256 -- 84 % complete  libscan: scanning eraseblock 257 -- 84 % complete  libscan: scanning eraseblock 258 -- 85 % complete  libscan: scanning eraseblock 259 -- 85 % complete  libscan: scanning eraseblock 260 -- 85 % complete  libscan: scanning eraseblock 261 -- 86 % complete  libscan: scanning eraseblock 262 -- 86 % complete  libscan: scanning eraseblock 263 -- 86 % complete  libscan: scanning eraseblock 264 -- 87 % complete  libscan: scanning eraseblock 265 -- 87 % complete  libscan: scanning eraseblock 266 -- 87 % complete  libscan: scanning eraseblock 267 -- 88 % complete  libscan: scanning eraseblock 268 -- 88 % complete  libscan: scanning eraseblock 269 -- 88 % complete  libscan: scanning eraseblock 270 -- 89 % complete  libscan: scanning eraseblock 271 -- 89 % complete  libscan: scanning eraseblock 272 -- 89 % complete  libscan: scanning eraseblock 273 -- 90 % complete  libscan: scanning eraseblock 274 -- 90 % complete  libscan: scanning eraseblock 275 -- 90 % complete  libscan: scanning eraseblock 276 -- 91 % complete  libscan: scanning eraseblock 277 -- 91 % complete  libscan: scanning eraseblock 278 -- 91 % complete  libscan: scanning eraseblock 279 -- 92 % complete  libscan: scanning eraseblock 280 -- 92 % complete  libscan: scanning eraseblock 281 -- 92 % complete  libscan: scanning eraseblock 282 -- 93 % complete  libscan: scanning eraseblock 283 -- 93 % complete  libscan: scanning eraseblock 284 -- 93 % complete  libscan: scanning eraseblock 285 -- 94 % complete  libscan: scanning eraseblock 286 -- 94 % complete  libscan: scanning eraseblock 287 -- 94 % complete  libscan: scanning eraseblock 288 -- 95 % complete  libscan: scanning eraseblock 289 -- 95 % complete  libscan: scanning eraseblock 290 -- 95 % complete  libscan: scanning eraseblock 291 -- 96 % complete  libscan: scanning eraseblock 292 -- 96 % complete  libscan: scanning eraseblock 293 -- 96 % complete  libscan: scanning eraseblock 294 -- 97 % complete  libscan: scanning eraseblock 295 -- 97 % complete  libscan: scanning eraseblock 296 -- 97 % complete  libscan: scanning eraseblock 297 -- 98 % complete  libscan: scanning eraseblock 298 -- 98 % complete  libscan: scanning eraseblock 299 -- 98 % complete  libscan: scanning eraseblock 300 -- 99 % complete  libscan: scanning eraseblock 301 -- 99 % complete  libscan: scanning eraseblock 302 -- 99 % complete  libscan: scanning eraseblock 303 -- 100 % complete  
ubiformat: 303 eraseblocks are supposedly empty
ubiformat: 1 bad eraseblocks found, numbers: 272
ubiformat: formatting eraseblock 0 --  0 % complete  ubiformat: formatting eraseblock 1 --  0 % complete  ubiformat: formatting eraseblock 2 --  0 % complete  ubiformat: formatting eraseblock 3 --  1 % complete  ubiformat: formatting eraseblock 4 --  1 % complete  ubiformat: formatting eraseblock 5 --  1 % complete  ubiformat: formatting eraseblock 6 --  2 % complete  ubiformat: formatting eraseblock 7 --  2 % complete  ubiformat: formatting eraseblock 8 --  2 % complete  ubiformat: formatting eraseblock 9 --  3 % complete  ubiformat: formatting eraseblock 10 --  3 % complete  ubiformat: formatting eraseblock 11 --  3 % complete  ubiformat: formatting eraseblock 12 --  4 % complete  ubiformat: formatting eraseblock 13 --  4 % complete  ubiformat: formatting eraseblock 14 --  4 % complete  ubiformat: formatting eraseblock 15 --  5 % complete  ubiformat: formatting eraseblock 16 --  5 % complete  ubiformat: formatting eraseblock 17 --  5 % complete  ubiformat: formatting eraseblock 18 --  6 % complete  ubiformat: formatting eraseblock 19 --  6 % complete  ubiformat: formatting eraseblock 20 --  6 % complete  ubiformat: formatting eraseblock 21 --  7 % complete  ubiformat: formatting eraseblock 22 --  7 % complete  ubiformat: formatting eraseblock 23 --  7 % complete  ubiformat: formatting eraseblock 24 --  8 % complete  ubiformat: formatting eraseblock 25 --  8 % complete  ubiformat: formatting eraseblock 26 --  8 % complete  ubiformat: formatting eraseblock 27 --  9 % complete  ubiformat: formatting eraseblock 28 --  9 % complete  ubiformat: formatting eraseblock 29 --  9 % complete  ubiformat: formatting eraseblock 30 -- 10 % complete  ubiformat: formatting eraseblock 31 -- 10 % complete  ubiformat: formatting eraseblock 32 -- 10 % complete  ubiformat: formatting eraseblock 33 -- 11 % complete  ubiformat: formatting eraseblock 34 -- 11 % complete  ubiformat: formatting eraseblock 35 -- 11 % complete  ubiformat: formatting eraseblock 36 -- 12 % complete  ubiformat: formatting eraseblock 37 -- 12 % complete  ubiformat: formatting eraseblock 38 -- 12 % complete  ubiformat: formatting eraseblock 39 -- 13 % complete  ubiformat: formatting eraseblock 40 -- 13 % complete  ubiformat: formatting eraseblock 41 -- 13 % complete  ubiformat: formatting eraseblock 42 -- 14 % complete  ubiformat: formatting eraseblock 43 -- 14 % complete  ubiformat: formatting eraseblock 44 -- 14 % complete  ubiformat: formatting eraseblock 45 -- 15 % complete  ubiformat: formatting eraseblock 46 -- 15 % complete  ubiformat: formatting eraseblock 47 -- 15 % complete  ubiformat: formatting eraseblock 48 -- 16 % complete  ubiformat: formatting eraseblock 49 -- 16 % complete  ubiformat: formatting eraseblock 50 -- 16 % complete  ubiformat: formatting eraseblock 51 -- 17 % complete  ubiformat: formatting eraseblock 52 -- 17 % complete  ubiformat: formatting eraseblock 53 -- 17 % complete  ubiformat: formatting eraseblock 54 -- 18 % complete  ubiformat: formatting eraseblock 55 -- 18 % complete  ubiformat: formatting eraseblock 56 -- 18 % complete  ubiformat: formatting eraseblock 57 -- 19 % complete  ubiformat: formatting eraseblock 58 -- 19 % complete  ubiformat: formatting eraseblock 59 -- 19 % complete  ubiformat: formatting eraseblock 60 -- 20 % complete  ubiformat: formatting eraseblock 61 -- 20 % complete  ubiformat: formatting eraseblock 62 -- 20 % complete  ubiformat: formatting eraseblock 63 -- 21 % complete  ubiformat: formatting eraseblock 64 -- 21 % complete  ubiformat: formatting eraseblock 65 -- 21 % complete  ubiformat: formatting eraseblock 66 -- 22 % complete  ubiformat: formatting eraseblock 67 -- 22 % complete  ubiformat: formatting eraseblock 68 -- 22 % complete  ubiformat: formatting eraseblock 69 -- 23 % complete  ubiformat: formatting eraseblock 70 -- 23 % complete  ubiformat: formatting eraseblock 71 -- 23 % complete  ubiformat: formatting eraseblock 72 -- 24 % complete  ubiformat: formatting eraseblock 73 -- 24 % complete  ubiformat: formatting eraseblock 74 -- 24 % complete  ubiformat: formatting eraseblock 75 -- 25 % complete  ubiformat: formatting eraseblock 76 -- 25 % complete  ubiformat: formatting eraseblock 77 -- 25 % complete  ubiformat: formatting eraseblock 78 -- 25 % complete  ubiformat: formatting eraseblock 79 -- 26 % complete  ubiformat: formatting eraseblock 80 -- 26 % complete  ubiformat: formatting eraseblock 81 -- 26 % complete  ubiformat: formatting eraseblock 82 -- 27 % complete  ubiformat: formatting eraseblock 83 -- 27 % complete  ubiformat: formatting eraseblock 84 -- 27 % complete  ubiformat: formatting eraseblock 85 -- 28 % complete  ubiformat: formatting eraseblock 86 -- 28 % complete  ubiformat: formatting eraseblock 87 -- 28 % complete  ubiformat: formatting eraseblock 88 -- 29 % complete  ubiformat: formatting eraseblock 89 -- 29 % complete  ubiformat: formatting eraseblock 90 -- 29 % complete  ubiformat: formatting eraseblock 91 -- 30 % complete  ubiformat: formatting eraseblock 92 -- 30 % complete  ubiformat: formatting eraseblock 93 -- 30 % complete  ubiformat: formatting eraseblock 94 -- 31 % complete  ubiformat: formatting eraseblock 95 -- 31 % complete  ubiformat: formatting eraseblock 96 -- 31 % complete  ubiformat: formatting eraseblock 97 -- 32 % complete  ubiformat: formatting eraseblock 98 -- 32 % complete  ubiformat: formatting eraseblock 99 -- 32 % complete  ubiformat: formatting eraseblock 100 -- 33 % complete  ubiformat: formatting eraseblock 101 -- 33 % complete  ubiformat: formatting eraseblock 102 -- 33 % complete  ubiformat: formatting eraseblock 103 -- 34 % complete  ubiformat: formatting eraseblock 104 -- 34 % complete  ubiformat: formatting eraseblock 105 -- 34 % complete  ubiformat: formatting eraseblock 106 -- 35 % complete  ubiformat: formatting eraseblock 107 -- 35 % complete  ubiformat: formatting eraseblock 108 -- 35 % complete  ubiformat: formatting eraseblock 109 -- 36 % complete  ubiformat: formatting eraseblock 110 -- 36 % complete  ubiformat: formatting eraseblock 111 -- 36 % complete  ubiformat: formatting eraseblock 112 -- 37 % complete  ubiformat: formatting eraseblock 113 -- 37 % complete  ubiformat: formatting eraseblock 114 -- 37 % complete  ubiformat: formatting eraseblock 115 -- 38 % complete  ubiformat: formatting eraseblock 116 -- 38 % complete  ubiformat: formatting eraseblock 117 -- 38 % complete  ubiformat: formatting eraseblock 118 -- 39 % complete  ubiformat: formatting eraseblock 119 -- 39 % complete  ubiformat: formatting eraseblock 120 -- 39 % complete  ubiformat: formatting eraseblock 121 -- 40 % complete  ubiformat: formatting eraseblock 122 -- 40 % complete  ubiformat: formatting eraseblock 123 -- 40 % complete  ubiformat: formatting eraseblock 124 -- 41 % complete  ubiformat: formatting eraseblock 125 -- 41 % complete  ubiformat: formatting eraseblock 126 -- 41 % complete  ubiformat: formatting eraseblock 127 -- 42 % complete  ubiformat: formatting eraseblock 128 -- 42 % complete  ubiformat: formatting eraseblock 129 -- 42 % complete  ubiformat: formatting eraseblock 130 -- 43 % complete  ubiformat: formatting eraseblock 131 -- 43 % complete  ubiformat: formatting eraseblock 132 -- 43 % complete  ubiformat: formatting eraseblock 133 -- 44 % complete  ubiformat: formatting eraseblock 134 -- 44 % complete  ubiformat: formatting eraseblock 135 -- 44 % complete  ubiformat: formatting eraseblock 136 -- 45 % complete  ubiformat: formatting eraseblock 137 -- 45 % complete  ubiformat: formatting eraseblock 138 -- 45 % complete  ubiformat: formatting eraseblock 139 -- 46 % complete  ubiformat: formatting eraseblock 140 -- 46 % complete  ubiformat: formatting eraseblock 141 -- 46 % complete  ubiformat: formatting eraseblock 142 -- 47 % complete  ubiformat: formatting eraseblock 143 -- 47 % complete  ubiformat: formatting eraseblock 144 -- 47 % complete  ubiformat: formatting eraseblock 145 -- 48 % complete  ubiformat: formatting eraseblock 146 -- 48 % complete  ubiformat: formatting eraseblock 147 -- 48 % complete  ubiformat: formatting eraseblock 148 -- 49 % complete  ubiformat: formatting eraseblock 149 -- 49 % complete  ubiformat: formatting eraseblock 150 -- 49 % complete  ubiformat: formatting eraseblock 151 -- 50 % complete  ubiformat: formatting eraseblock 152 -- 50 % complete  ubiformat: formatting eraseblock 153 -- 50 % complete  ubiformat: formatting eraseblock 154 -- 50 % complete  ubiformat: formatting eraseblock 155 -- 51 % complete  ubiformat: formatting eraseblock 156 -- 51 % complete  ubiformat: formatting eraseblock 157 -- 51 % complete  ubiformat: formatting eraseblock 158 -- 52 % complete  ubiformat: formatting eraseblock 159 -- 52 % complete  ubiformat: formatting eraseblock 160 -- 52 % complete  ubiformat: formatting eraseblock 161 -- 53 % complete  ubiformat: formatting eraseblock 162 -- 53 % complete  ubiformat: formatting eraseblock 163 -- 53 % complete  ubiformat: formatting eraseblock 164 -- 54 % complete  ubiformat: formatting eraseblock 165 -- 54 % complete  ubiformat: formatting eraseblock 166 -- 54 % complete  ubiformat: formatting eraseblock 167 -- 55 % complete  ubiformat: formatting eraseblock 168 -- 55 % complete  ubiformat: formatting eraseblock 169 -- 55 % complete  ubiformat: formatting eraseblock 170 -- 56 % complete  ubiformat: formatting eraseblock 171 -- 56 % complete  ubiformat: formatting eraseblock 172 -- 56 % complete  ubiformat: formatting eraseblock 173 -- 57 % complete  ubiformat: formatting eraseblock 174 -- 57 % complete  ubiformat: formatting eraseblock 175 -- 57 % complete  ubiformat: formatting eraseblock 176 -- 58 % complete  ubiformat: formatting eraseblock 177 -- 58 % complete  ubiformat: formatting eraseblock 178 -- 58 % complete  ubiformat: formatting eraseblock 179 -- 59 % complete  ubiformat: formatting eraseblock 180 -- 59 % complete  ubiformat: formatting eraseblock 181 -- 59 % complete  ubiformat: formatting eraseblock 182 -- 60 % complete  ubiformat: formatting eraseblock 183 -- 60 % complete  ubiformat: formatting eraseblock 184 -- 60 % complete  ubiformat: formatting eraseblock 185 -- 61 % complete  ubiformat: formatting eraseblock 186 -- 61 % complete  ubiformat: formatting eraseblock 187 -- 61 % complete  ubiformat: formatting eraseblock 188 -- 62 % complete  ubiformat: formatting eraseblock 189 -- 62 % complete  ubiformat: formatting eraseblock 190 -- 62 % complete  ubiformat: formatting eraseblock 191 -- 63 % complete  ubiformat: formatting eraseblock 192 -- 63 % complete  ubiformat: formatting eraseblock 193 -- 63 % complete  ubiformat: formatting eraseblock 194 -- 64 % complete  ubiformat: formatting eraseblock 195 -- 64 % complete  ubiformat: formatting eraseblock 196 -- 64 % complete  ubiformat: formatting eraseblock 197 -- 65 % complete  ubiformat: formatting eraseblock 198 -- 65 % complete  ubiformat: formatting eraseblock 199 -- 65 % complete  ubiformat: formatting eraseblock 200 -- 66 % complete  ubiformat: formatting eraseblock 201 -- 66 % complete  ubiformat: formatting eraseblock 202 -- 66 % complete  ubiformat: formatting eraseblock 203 -- 67 % complete  ubiformat: formatting eraseblock 204 -- 67 % complete  ubiformat: formatting eraseblock 205 -- 67 % complete  ubiformat: formatting eraseblock 206 -- 68 % complete  ubiformat: formatting eraseblock 207 -- 68 % complete  ubiformat: formatting eraseblock 208 -- 68 % complete  ubiformat: formatting eraseblock 209 -- 69 % complete  ubiformat: formatting eraseblock 210 -- 69 % complete  ubiformat: formatting eraseblock 211 -- 69 % complete  ubiformat: formatting eraseblock 212 -- 70 % complete  ubiformat: formatting eraseblock 213 -- 70 % complete  ubiformat: formatting eraseblock 214 -- 70 % complete  ubiformat: formatting eraseblock 215 -- 71 % complete  ubiformat: formatting eraseblock 216 -- 71 % complete  ubiformat: formatting eraseblock 217 -- 71 % complete  ubiformat: formatting eraseblock 218 -- 72 % complete  ubiformat: formatting eraseblock 219 -- 72 % complete  ubiformat: formatting eraseblock 220 -- 72 % complete  ubiformat: formatting eraseblock 221 -- 73 % complete  ubiformat: formatting eraseblock 222 -- 73 % complete  ubiformat: formatting eraseblock 223 -- 73 % complete  ubiformat: formatting eraseblock 224 -- 74 % complete  ubiformat: formatting eraseblock 225 -- 74 % complete  ubiformat: formatting eraseblock 226 -- 74 % complete  ubiformat: formatting eraseblock 227 -- 75 % complete  ubiformat: formatting eraseblock 228 -- 75 % complete  ubiformat: formatting eraseblock 229 -- 75 % complete  ubiformat: formatting eraseblock 230 -- 75 % complete  ubiformat: formatting eraseblock 231 -- 76 % complete  ubiformat: formatting eraseblock 232 -- 76 % complete  ubiformat: formatting eraseblock 233 -- 76 % complete  ubiformat: formatting eraseblock 234 -- 77 % complete  ubiformat: formatting eraseblock 235 -- 77 % complete  ubiformat: formatting eraseblock 236 -- 77 % complete  ubiformat: formatting eraseblock 237 -- 78 % complete  ubiformat: formatting eraseblock 238 -- 78 % complete  ubiformat: formatting eraseblock 239 -- 78 % complete  ubiformat: formatting eraseblock 240 -- 79 % complete  ubiformat: formatting eraseblock 241 -- 79 % complete  ubiformat: formatting eraseblock 242 -- 79 % complete  ubiformat: formatting eraseblock 243 -- 80 % complete  ubiformat: formatting eraseblock 244 -- 80 % complete  ubiformat: formatting eraseblock 245 -- 80 % complete  ubiformat: formatting eraseblock 246 -- 81 % complete  ubiformat: formatting eraseblock 247 -- 81 % complete  ubiformat: formatting eraseblock 248 -- 81 % complete  ubiformat: formatting eraseblock 249 -- 82 % complete  ubiformat: formatting eraseblock 250 -- 82 % complete  ubiformat: formatting eraseblock 251 -- 82 % complete  ubiformat: formatting eraseblock 252 -- 83 % complete  ubiformat: formatting eraseblock 253 -- 83 % complete  ubiformat: formatting eraseblock 254 -- 83 % complete  ubiformat: formatting eraseblock 255 -- 84 % complete  ubiformat: formatting eraseblock 256 -- 84 % complete  ubiformat: formatting eraseblock 257 -- 84 % complete  ubiformat: formatting eraseblock 258 -- 85 % complete  ubiformat: formatting eraseblock 259 -- 85 % complete  ubiformat: formatting eraseblock 260 -- 85 % complete  ubiformat: formatting eraseblock 261 -- 86 % complete  ubiformat: formatting eraseblock 262 -- 86 % complete  ubiformat: formatting erasebl[   11.330000] UBI: attaching mtd12 to ubi1
ock 263 -- 86 % complete  ubiformat: formatting eraseblock 264 -- 87 % complete  ubiformat: formatting eraseblock 265 -- 87 % complete  ubiformat: formatting eraseblock 266 -- 87 % complete  ubiformat: formatting eraseblock 267 -- 88 % complete  ubiformat: formatting eraseblock 268 -- 88 % complete  ubiformat: formatting eraseblock 269 -- 88 % complete  ubiformat: formatting eraseblock 270 -- 89 % complete  ubiformat: formatting eraseblock 271 -- 89 % complete  ubiformat: formatting eraseblock 272 -- 89 % complete  ubiformat: formatting eraseblock 273 -- 90 % complete  ubiformat: formatting eraseblock 274 -- 90 % complete  ubiformat: formatting eraseblock 275 -- 90 % complete  ubiformat: formatting eraseblock 276 -- 91 % complete  ubiformat: formatting eraseblock 277 -- 91 % complete  ubiformat: formatting eraseblock 278 -- 91 % complete  ubiformat: formatting eraseblock 279 -- 92 % complete  ubiformat: formatting eraseblock 280 -- 92 % complete  ubiformat: formatting eraseblock 281 -- 92 % complete  ubiformat: formatting eraseblock 282 -- 93 % complete  ubiformat: formatting eraseblock 283 -- 93 % complete  ubiformat: formatting eraseblock 284 -- 93 % complete  ubiformat: formatting eraseblock 285 -- 94 % complete  ubiformat: formatting eraseblock 286 -- 94 % complete  ubiformat: formatting eraseblock 287 -- 94 % complete  ubiformat: formatting eraseblock 288 -- 95 % complete  ubiformat: formatting eraseblock 289 -- 95 % complete  ubiformat: formatting eraseblock 290 -- 95 % complete  ubiformat: formatting eraseblock 291 -- 96 % complete  ubiformat: formatting eraseblock 292 -- 96 % complete  ubiformat: formatting eraseblock 293 -- 96 % complete  ubiformat: formatting eraseblock 294 -- 97 % complete  ubiformat: formatting eraseblock 295 -- 97 % complete  ubiformat: formatting eraseblock 296 -- 97 % complete  ubiformat: formatting eraseblock 297 -- 98 % complete  ubiformat: formatting eraseblock 298 -- 98 % complete  ubiformat: formatting eraseblock 299 -- 98 % complete  ubiformat: formatting eraseblock 300 -- 99 % complete  ubiformat: formatting eraseblock 301 -- 99 % complete  ubiformat: formatting eraseblock 302 -- 99 % complete  ubiformat: formatting eraseblock 303 -- 100 % complete  
[   11.700000] UBI: scanning is finished
[   11.720000] UBI: attached mtd12 (name &quot;overlay&quot;, size 38 MiB) to ubi1
[   11.720000] UBI: PEB size: 131072 bytes (128 KiB), LEB size: 126976 bytes
[   11.730000] UBI: min./max. I/O unit sizes: 2048/2048, sub-page size 2048
[   11.740000] UBI: VID header offset: 2048 (aligned 2048), data offset: 4096
[   11.740000] UBI: good PEBs: 303, bad PEBs: 1, corrupted PEBs: 0
[   11.750000] UBI: user volume: 0, internal volumes: 1, max. volumes count: 128
[   11.760000] UBI: max/mean erase counter: 0/0, WL threshold: 4096, image sequence number: 804158483
[   11.760000] UBI: available PEBs: 280, total reserved PEBs: 23, PEBs reserved for bad PEB handling: 19
[   11.770000] UBI: background thread &quot;ubi_bgt1d&quot; started, PID 621
UBI device number 1, total 303 LEBs (38473728 bytes, 36.7 MiB), available 280 LEBs (35553280 bytes, 33.9 MiB), LEB size 126976 bytes (124.0 KiB)
Set volume size to 35553280
Volume ID 0, size 280 LEBs (35553280 bytes, 33.9 MiB), LEB size 126976 bytes (12[   11.830000] UBI: detaching mtd12 from ubi1
4.0 KiB), dynami[   11.830000] UBI: mtd12 is detached from ubi1
c, name &quot;data&quot;, alignment 1
[   11.840000] UBI: attaching mtd12 to ubi1
[   12.210000] UBI: scanning is finished
[   12.230000] UBI: attached mtd12 (name &quot;overlay&quot;, size 38 MiB) to ubi1
[   12.230000] UBI: PEB size: 131072 bytes (128 KiB), LEB size: 126976 bytes
[   12.240000] UBI: min./max. I/O unit sizes: 2048/2048, sub-page size 2048
[   12.250000] UBI: VID header offset: 2048 (aligned 2048), data offset: 4096
[   12.250000] UBI: good PEBs: 303, bad PEBs: 1, corrupted PEBs: 0
[   12.260000] UBI: user volume: 1, internal volumes: 1, max. volumes count: 128
[   12.270000] UBI: max/mean erase counter: 1/0, WL threshold: 4096, image sequence number: 804158483
[   12.270000] UBI: available PEBs: 0, total reserved PEBs: 303, PEBs reserved for bad PEB handling: 19
[   12.280000] UBI: background thread &quot;ubi_bgt1d&quot; started, PID 627
UBI device number 1, total 303 LEBs (38473728 bytes, 36.7 MiB), available 0 LEBs (0 bytes), LEB size 126976 bytes (124.0 KiB)
[   12.310000] UBIFS: default file-system created
[   12.320000] UBIFS: background thread &quot;ubifs_bgt1_0&quot; started, PID 631
[   12.430000] UBIFS: mounted UBI device 1, volume 0, name &quot;data&quot;
[   12.440000] UBIFS: LEB size: 126976 bytes (124 KiB), min./max. I/O unit sizes: 2048 bytes/2048 bytes
[   12.450000] UBIFS: FS size: 34283520 bytes (32 MiB, 270 LEBs), journal size 1777664 bytes (1 MiB, 14 LEBs)
[   12.460000] UBIFS: reserved for root: 1619295 bytes (1581 KiB)
[   12.460000] UBIFS: media format: w4/r0 (latest is w4/r0), UUID 1C27EA73-BC46-419F-9781-FCE1E625C3EC, small LPT model
/lib/preinit.sh: line 1: jffs2_not_mounted: not found
- init -
[   13.760000] ra2880stop()...Done
[   13.760000] eth1: ===&gt; VirtualIF_close
[   13.770000] Free TX/RX Ring Memory!
init started: BusyBox v1.19.4 (2018-08-07 09:02:14 UTC)

Please press Enter to activate this console. rcS S boot: INFO: rc script run time limit to 65 seconds.
[   13.960000] MIWIFI crash syslog initialized
[   14.890000] tun: Universal TUN/TAP device driver, 1.6
[   14.890000] tun: (C) 1999-2004 Max Krasnyansky &lt;maxk@qualcomm.com&gt;
[   14.910000] Mirror/redirect action on
[   14.930000] u32 classifier
[   14.940000]     input device check on
[   14.940000]     Actions configured
[   15.110000] ip_gre: GRE over IPv4 tunneling driver
[   15.150000] xt_time: kernel timezone is +0800
[   15.250000] ip6_tables: (C) 2000-2006 Netfilter Core Team
[   15.620000] nf_nat_amanda: Unknown symbol nf_nat_amanda_hook (err 0)
[   15.780000] ip_set: protocol 6
[   15.830000] Traffic lan port is eth0 
[   15.890000] dev_redirect load success. 
[   16.420000] &lt;-- RTMPAllocTxRxRingMemory, Status=0, ErrorValue=0x
[   16.420000] &lt;-- RTMPAllocAdapterBlock, Status=0
[   16.940000] &lt;-- RTMPAllocTxRxRingMemory, Status=0
[   16.950000] &lt;-- RTMPAllocAdapterBlock, Status=0
[   16.960000] pAd-&gt;CSRBaseAddress =0xc0f80000, csr_addr=0xc0f80000!
[   16.970000] &lt;dbg&gt; MAC_CSR0=1986146304, RtmpChipOpsHook
[   16.970000] &lt;dbg&gt; dev idx = 1!
[   16.970000] &lt;dbg&gt; get_dev_config_idx pAd-&gt;MACVersion = 76623000, pAd-&gt;ChipID = 76120044
Tue Aug  7 17:13:23 CST 2018 netconfig[1016]: #### Loopback configuration
Tue Aug  7 17:13:23 CST 2018 netconfig[1016]: config interface loopback
Tue Aug  7 17:13:23 CST 2018 netconfig[1016]: option ifname	lo
Tue Aug  7 17:13:23 CST 2018 netconfig[1016]: option proto	static
Tue Aug  7 17:13:23 CST 2018 netconfig[1016]: option ipaddr	127.0.0.1
Tue Aug  7 17:13:23 CST 2018 netconfig[1016]: option netmask	255.0.0.0
Tue Aug  7 17:13:23 CST 2018 netconfig[1016]: #### LAN configuration
Tue Aug  7 17:13:23 CST 2018 netconfig[1016]: config interface lan
Tue Aug  7 17:13:23 CST 2018 netconfig[1016]: option ifname	eth0
Tue Aug  7 17:13:23 CST 2018 netconfig[1016]: option type	bridge
Tue Aug  7 17:13:23 CST 2018 netconfig[1016]: option proto	static
Tue Aug  7 17:13:23 CST 2018 netconfig[1016]: option ipaddr	192.168.31.1
Tue Aug  7 17:13:23 CST 2018 netconfig[1016]: option netmask	255.255.255.0
Tue Aug  7 17:13:23 CST 2018 netconfig[1016]: #### WAN configuration
Tue Aug  7 17:13:23 CST 2018 netconfig[1016]: config interface wan
Tue Aug  7 17:13:23 CST 2018 netconfig[1016]: option ifname	eth1
Tue Aug  7 17:13:23 CST 2018 netconfig[1016]: option proto	dhcp
Tue Aug  7 17:13:23 CST 2018 netconfig[1016]: #### IFB interface for MiQoS
Tue Aug  7 17:13:23 CST 2018 netconfig[1016]: config interface ifb
Tue Aug  7 17:13:23 CST 2018 netconfig[1016]: option ifname ifb0
Tue Aug  7 17:13:23 CST 2018 netconfig[1016]: #### READY configuration
Tue Aug  7 17:13:23 CST 2018 netconfig[1016]: config interface ready
Tue Aug  7 17:13:23 CST 2018 netconfig[1016]: option proto    static
Tue Aug  7 17:13:23 CST 2018 netconfig[1016]: option ipaddr   169.254.29.1
Tue Aug  7 17:13:23 CST 2018 netconfig[1016]: option netmask  255.255.255.0
[   19.520000] 40:31:3C:14:FFFFFF9A:12
[   19.520000] Raeth v3.1 (Tasklet)
[   19.530000] set CLK_CFG_0 = 0x40a00020!!!!!!!!!!!!!!!!!!1
[   19.540000] phy_free_head is 0xc46000!!!
[   19.540000] phy_free_tail_phy is 0xc47ff0!!!
[   19.550000] txd_pool=a0c50000 phy_txd_pool=00C50000
[   19.550000] ei_local-&gt;skb_free start address is 0x87e626dc.
[   19.560000] free_txd: 00c50010, ei_local-&gt;cpu_ptr: 00C50000
[   19.570000]  POOL  HEAD_PTR | DMA_PTR | CPU_PTR 
[   19.570000] ----------------+---------+--------
[   19.570000]      0xa0c50000 0x00C50000 0x00C50000
[   19.580000] 
[   19.580000] phy_qrx_ring = 0x00c45000, qrx_ring = 0xa0c45000
[   19.590000] 
[   19.590000] phy_rx_ring0 = 0x00c58000, rx_ring0 = 0xa0c58000
[   19.620000] MT7530 Reset Completed!!
[   19.630000] change HW-TRAP to 0x17c8f
[   19.630000] set LAN/WAN LLLLW
[   19.640000] GMAC1_MAC_ADRH -- : 0x00004031
[   19.640000] GMAC1_MAC_ADRL -- : 0x3c149a12
[   19.650000] eth1: ===&gt; VirtualIF_open
[   19.650000] MT7621 GE2 link rate to 1G
[   19.650000] CDMA_CSG_CFG = 81000000
[   19.650000] GDMA1_FWD_CFG = 20710000
[   19.650000] GDMA2_FWD_CFG = 20710000
[   19.650000] device eth0 entered promiscuous mode
[   19.650000] br-lan: port 1(eth0) entered forwarding state
[   19.650000] br-lan: port 1(eth0) entered forwarding state
[   19.690000] eth1: ===&gt; VirtualIF_open
[   20.110000] efuse_probe: efuse = 10000002
[   20.300000] tssi_1_target_pwr_g_band = 36
[   21.650000] br-lan: port 1(eth0) entered forwarding state
[   22.930000] &lt;==== rt28xx_init, Status=0
[   23.580000] device wl1 entered promiscuous mode
[   23.590000] br-lan: port 2(wl1) entered forwarding state
[   23.590000] br-lan: port 2(wl1) entered forwarding state
[   23.620000] ##### mbss_cr_enable, BssId = 1
[   24.480000] &lt;dbg&gt; MAC_CSR0=1986146304, rtmp_asic_top_init
[   24.530000] Set defult RDRegion value:  CountryCode=CN �, RDRegion=0
[   25.590000] br-lan: port 2(wl1) entered forwarding state
[   27.170000] &lt;==== rt28xx_init, Status=0
[   27.850000] device wl0 entered promiscuous mode
[   27.860000] br-lan: port 3(wl0) entered forwarding state
[   27.870000] br-lan: port 3(wl0) entered forwarding state
[   29.440000] dev_redirect: add(+) dev redirect mapping: src:eth1-&gt;dst:ifb0
[   29.870000] br-lan: port 3(wl0) entered forwarding state
[   31.430000] Ralink HW NAT Module Enabled
[   31.440000] eth0 ifindex =3
[   31.440000] eth1 ifindex =5
[   31.440000] HNAT: switch HNAT ON.....
[   31.450000] *hwnat reg dev ******* set dev[lo]-&gt;ifindex = 1
[   31.450000] *hwnat reg dev ******* set dev[ifb0]-&gt;ifindex = 2
[   31.460000] *hwnat reg dev ******* set dev[tunl0]-&gt;ifindex = 4
[   31.470000] *hwnat reg dev ******* set dev[gre0]-&gt;ifindex = 6
[   31.470000] *hwnat reg dev ******* set dev[gretap0]-&gt;ifindex = 7
[   31.480000] *hwnat reg dev ******* set dev[wl1]-&gt;ifindex = 8
[   31.480000] *hwnat reg dev ******* set dev[wl0]-&gt;ifindex = 9
[   31.490000] *hwnat reg dev ******* set dev[br-lan]-&gt;ifindex = 10
[   31.500000] *hwnat reg dev ******* set dev[wl2]-&gt;ifindex = 11
[   31.500000] *hwnat reg dev ******* set dev[wl3]-&gt;ifindex = 12
[   31.510000] *hwnat reg dev ******* set dev[apcli0]-&gt;ifindex = 13
[   31.510000] *hwnat reg dev ******* set dev[apclii0]-&gt;ifindex = 14
[   31.580000] HNAT: switch HNAT ON.....
[   32.080000] nf_tcp_proxy: module license 'Proprietary' taints kernel.
[   32.080000] Disabling lock debugging due to kernel taint
[   32.090000] tcpproxy_init, succeed!
Tue Aug  7 17:13:38 CST 2018 boot_check[2901]: INFO: Wireless OK
[   35.680000] dev_redirect: add(+) dev redirect mapping: src:eth1-&gt;dst:ifb0
rcS S boot: INFO: rcS S boot timing 38 seconds.
Tue Aug  7 17:14:00 CST 2018 INFO: rcS S boot timing 38 seconds.
rcS S boot: system type(R4/2): SQUASH/3
Tue Aug  7 17:14:00 CST 2018 system type(R4/2): SQUASH/3
rcS S boot: ROOTFS: /dev/mtdblock14 on / type squashfs (ro,relatime)
Tue Aug  7 17:14:00 CST 2018 ROOTFS: /dev/mtdblock14 on / type squashfs (ro,relatime)
[   55.200000] led=6, on=1, off=4000, blinks,=1, reset=1, time=4000
[   55.200000] led=10, on=1, off=4000, blinks,=1, reset=1, time=4000
[   55.210000] led=8, on=4000, off=1, blinks,=1, reset=1, time=4000
uci: Entry not found
Tue Aug  7 17:14:01 CST 2018 boot_check[5905]: Booting up finished.
&lt;/pre&gt;&lt;/small&gt;}}
&lt;noinclude&gt;[[Category:Xiaomi]]&lt;/noinclude&gt;</text>
      <sha1>nijzwo0bv37vr83zhu7pefio7zpe10s</sha1>
    </revision>
  </page>