<page>
    <title>ZIO 3300N/Serial info</title>
    <ns>0</ns>
    <id>34371</id>
    <revision>
      <id>105993</id>
      <parentid>105992</parentid>
      <timestamp>2021-02-15T23:34:18Z</timestamp>
      <contributor>
        <username>DarkShadow</username>
        <id>3096572</id>
      </contributor>
      <comment>fixed</comment>
      <origin>105993</origin>
      <model>wikitext</model>
      <format>text/x-wiki</format>
      <text bytes="3696" sha1="o0eg8srk0dlvt0o0fkuku0o75lgsk15" xml:space="preserve">

====Info derived from====
{{SCollapse|boot log
|&lt;pre&gt;
Booting...
========== SPI =============

---RealTek(RTL8196C)at 2011.04.06-10:30+0900 version v1.1f [16bit](390MHz)
Jump to image start=0x80500000...
decompressing kernel:
Uncompressing Linux... done, booting the kernel.
done decompressing kernel.
start address: 0x80003600
RTL8192C/RTL8188C driver version 1.6 (2011-07-18)

Probing RTL8186 10/100 NIC-kenel stack size order[3]...
chip name: 8196C, chip revid: 0
NOT YET
eth0 added. vid=9 Member port 0x1...
eth1 added. vid=8 Member port 0x10...
eth2 added. vid=9 Member port 0x2...
eth3 added. vid=9 Member port 0x4...
eth4 added. vid=9 Member port 0x8...
[peth0] added, mapping to [eth1]...
init started: BusyBox v1.13.4 (2011-11-30 17:25:56 KST)
Init Start...
Init bridge interface...
Init Wlan application...
Init WAN Interface...
#
&lt;/pre&gt;}}
====cat /proc/version====
&lt;pre&gt;
# cat /proc/version
Linux version 2.6.30.9 (root@minkyu-desktop) (gcc version 3.4.6-1.3.6) #47 Wed Nov 30 17:29:30 KST 2011
&lt;/pre&gt;
====cat /proc/cmdline====
&lt;pre&gt;
# cat /proc/cmdline
console=ttyS0,38400 root=/dev/mtdblock1
&lt;/pre&gt;
====cat /proc/meminfo + free====
&lt;pre&gt;
# cat /proc/meminfo
MemTotal:          11184 kB
MemFree:            1876 kB
Buffers:             720 kB
Cached:             3052 kB
SwapCached:            0 kB
Active:             1712 kB
Inactive:           2528 kB
Active(anon):        468 kB
Inactive(anon):        0 kB
Active(file):       1244 kB
Inactive(file):     2528 kB
SwapTotal:             0 kB
SwapFree:              0 kB
Dirty:                 0 kB
Writeback:             0 kB
AnonPages:           480 kB
Mapped:              584 kB
Slab:               4640 kB
SReclaimable:        248 kB
SUnreclaim:         4392 kB
PageTables:           84 kB
NFS_Unstable:          0 kB
Bounce:                0 kB
WritebackTmp:          0 kB
CommitLimit:        5592 kB
Committed_AS:       1516 kB
VmallocTotal:    1048404 kB
VmallocUsed:         264 kB
VmallocChunk:    1048136 kB
# free
              total         used         free       shared      buffers
  Mem:        11184         9312         1872            0          720
 Swap:            0            0            0
Total:        11184         9312         1872
&lt;/pre&gt;
====cat /proc/mtd====
&lt;pre&gt;
# cat /proc/mtd
dev:    size   erasesize  name
mtd0: 00100000 00001000 &quot;boot+cfg+linux&quot;
mtd1: 00100000 00001000 &quot;root fs&quot;
&lt;/pre&gt;
====ps aux====
&lt;pre&gt;
# ps aux
  PID USER       VSZ STAT COMMAND
    1 root      1216 S    init
    2 root         0 SW&lt;  [kthreadd]
    3 root         0 SW&lt;  [ksoftirqd/0]
    4 root         0 SW&lt;  [events/0]
    5 root         0 SW&lt;  [khelper]
    6 root         0 SW&lt;  [async/mgr]
    7 root         0 SW&lt;  [kblockd/0]
    8 root         0 SW   [pdflush]
    9 root         0 SW&lt;  [kswapd0]
   10 root         0 SW&lt;  [mtdblockd]
  140 root       956 S    udhcpd /var/udhcpd.conf
  161 root       948 S    udhcpc -i eth1 -p /etc/udhcpc/udhcpc-eth1.pid -s /usr
  170 root       916 S    reload -k /var/wlsch.conf
  185 root      1984 S    webs
  186 root      1224 S    -/bin/sh
  196 root      1216 R    ps aux
&lt;/pre&gt;
====cat /proc/cpuinfo====
&lt;pre&gt;
# cat cpuinfo
system type             : RTL8196C
processor               : 0
cpu model               : 52481
BogoMIPS                : 389.12
tlb_entries             : 32
mips16 implemented      : yes
&lt;/pre&gt;
====cat /etc/version====
&lt;pre&gt;
# cat version
RTL8196C v1.0 --  2011. 11. 30. (ìˆ˜) 17:27:20 KST
The SDK version is: Realtek SDK v2.5-r7984
Ethernet driver version is: 7953-7929
Wireless driver version is: 7977-7977
Fastpath source version is: 7873-6572
Feature support version is: 7927-7480
&lt;/pre&gt;&lt;noinclude&gt;__NOTOC__[[Category:ZIO]]&lt;/noinclude&gt;</text>
      <sha1>o0eg8srk0dlvt0o0fkuku0o75lgsk15</sha1>
    </revision>
  </page>