<page>
    <title>ZyXEL Keenetic 4G III rev B/Serial info</title>
    <ns>0</ns>
    <id>27329</id>
    <revision>
      <id>77829</id>
      <timestamp>2020-06-04T15:51:26Z</timestamp>
      <contributor>
        <username>DarkShadow</username>
        <id>3096572</id>
      </contributor>
      <comment>add data</comment>
      <origin>77829</origin>
      <model>wikitext</model>
      <format>text/x-wiki</format>
      <text bytes="2325" sha1="lkm4k5i79l42qooosokfpmpfagl0twg" xml:space="preserve">{{SCollapse|Start U-Boot with OpenWrt 19.07.1 â€¢ &gt;&gt;
|&lt;small&gt;&lt;pre&gt;
U-Boot 1.1.3 [4.0.0.3-30] (May 31 2017 - 15:07:28)

Board: Ralink APSoC DRAM:  64 MB
relocate_code Pointer at: 83fb0000
MediaTek SPI BBU flash driver, SPI clock: 31MHz
flash manufacture id: ef, device id 40 18
find flash: W25Q128BV
============================================
Ralink UBoot Version: 4.0.0.3_NDMS
--------------------------------------------
ASIC 7628_MP (Port5&lt;-&gt;None)
DRAM component: 512 Mbits DDR, width 16
DRAM bus: 16 bit
Total memory: 64 MBytes
Flash component: SPI Flash
Date:May 31 2017  Time:15:07:28
============================================
icache: sets:512, ways:4, linesz:32 ,total:65536
dcache: sets:256, ways:4, linesz:32 ,total:32768

 ##### The CPU freq = 575 MHZ ####
 estimate memory size = 64 Mbytes
 Firmware test register status: 0x00000000

Resetting MT7628 PHY...
Dual image:     on
Boot active:    1
Boot backup:    1
Boot fails:     0

Please choose the operation:
   1: Load system code to SDRAM via TFTP.
   2: Load system code then write to Flash via TFTP.
   3: Boot system code via Flash (default).
   4: Enter boot command line interface.
   7: Load Boot Loader code then write to Flash via Serial.
   9: Load Boot Loader code then write to Flash via TFTP.
3
You choosed 3
0

3: System Boot system code via Flash.
## Booting image at bc050000 ...
   Image Name:   MIPS OpenWrt Linux-4.14.167
   Created:      2020-01-29  16:05:35 UTC
   Image Type:   MIPS Linux Kernel Image (lzma compressed)
   Data Size:    1592885 Bytes =  1.5 MB
   Load Address: 80000000
   Entry Point:  80000000
   Verifying Checksum ... OK
   Uncompressing Kernel Image ... OK
No initrd
## Transferring control to Linux (at address 80000000) ...
## Giving linux memsize in MB, 64

Starting kernel ...

[    0.000000] Linux version 4.14.167 (inflabz@PC) (gcc version 7.5.0 
   (OpenWrt GCC 7.5.0 r10911-c155900f66)) #0 Wed Jan 29 16:05:35 2020
[    0.000000] Board has DDR2
[    0.000000] Analog PMU set to hw control
[    0.000000] Digital PMU set to hw control
[    0.000000] SoC Type: MediaTek MT7628AN ver:1 eco:2
[    0.000000] bootconsole [early0] enabled
[    0.000000] CPU0 revision is: 00019655 (MIPS 24KEc)
[    0.000000] MIPS: machine is ZyXEL Keenetic 4G III rev.B
&lt;/pre&gt;&lt;/small&gt;}}&lt;noinclude&gt;[[Category:ZyXEL]]&lt;/noinclude&gt;</text>
      <sha1>lkm4k5i79l42qooosokfpmpfagl0twg</sha1>
    </revision>
  </page>