<page>
    <title>Asecam B8IPC-4KPOE</title>
    <ns>0</ns>
    <id>79561</id>
    <revision>
      <id>382293</id>
      <timestamp>2023-12-17T10:53:28Z</timestamp>
      <contributor>
        <username>Srm45</username>
        <id>246</id>
      </contributor>
      <comment>Create page</comment>
      <origin>382293</origin>
      <model>wikitext</model>
      <format>text/x-wiki</format>
      <text bytes="14646" sha1="ce45qioaj9ydmoiz8jox152uhhlv4xm" xml:space="preserve">{{Wired embedded system
|brand=Asecam
|model=B8IPC-4KPOE
|manuf_country=China
|is_manuf=No
|type=IP camera
|pwr_v=12
|pwr_conn=barrel
|pwr_poe=af
|cpu1_brand=Fullhan
|cpu1_model=FH8856V100
|fla1=8
|fla1_brand=BoyaMicro
|fla1_model=BY25Q64ES
|ram1=128
|ram1_model=embedded
|serial=yes,, 3-pin header,, (115200,8,N,1)
|eth_cpu=true
|eth_chip2_brand=JLSemi
|eth_chip2_model=JL1101
|lan_speed=100M
|lan_ports=1
|stock_boot=U-Boot;2010.06
|stock_os=Linux;3.0.8
|flags=PoE in, microphone
|default_ip=192.168.1.10
|default_user=admin
|default_pass=123456
|oui_eth=F6:3A:80
}}
{{TagLine|Asecam B8IPC-4KPOE 8MP POE IP Camera}}

===Overview===
This camera is based on a [[Vatilon]] PB1 module. It appears that Asecam is merely a white-label brand, and did not make any modifications to the Vatilon hardware or software.

===Specifications===
* IP Camera
:Processor: [[Fullhan]] FH8856V100
:Image sensor: [[GalaxyCore]] GC4653 4MP 1/3&quot; (Vatilon says it's a GC8053, but both OpenIPC's {{code | ipctool }} and examination of the stock firmware indicate that it's a GC4653.)
:Memory: 128MB embedded RAM; 8MB SPI NOR flash (BoyaMicro BY25Q64ES)
:Video: 8MP H.265 (HEVC) or H.264 (Despite the apparent 4MP sensor, the encoder does produce a 3840x2160 video stream.)
:LAN: [[JLSemi]] JL1101 FE (10/100)
:Ports: 1x FE (RJ45) PoE

===Links===
*[https://www.aliexpress.com/item/3256802624432191.html Asecam product listing]
*[https://www.vatilon.com/productinfo/1634907.html Vatilon PB1 module product page]
*[https://www.vatilon.com/ipcrjxz Vatilon software downloads]
*[https://www.mediafire.com/folder/s0c52sgrda5i1/ Asecam software downloads]
*[https://pdf4pro.com/view/1-3-4mega-cmos-image-sensor-datasheet-7a89fa.html GalaxyCore GC4653 datasheet]
*[http://www.main-soul.com/catalog/IC/Ethernet_IC/JLSEMI_JL11x1-v1.11.pdf JLSemi JL11x1 datasheet]

===Bootlog===
{{SCollapse|Bootlog • &gt;&gt;
|&lt;small&gt;&lt;pre&gt;
ROM:    Use nor flash.                                                                                                  
ROM:    Init DDR..Training done.                                                                                        
ROM:    Ok                                                                                                                                                                                                                                      
                                                                                                                        
                                                                                                                        
U-Boot 2010.06 (Jul 26 2022 - 14:22:43)                                                                                 
                                                            
DRAM:  128 MiB                                                                                                          
SF: Got idcode 68 40 17 68 40                                                                                                                                                                                                                   
use default flash ops...                                                                                                
spi_flash_probe_default multi wire open flag is 0                                                                       
In:    serial                                                                                                           
Out:   serial                                                                                                                                                                                                                                   
Err:   serial                                                                                                           
MMC:   FH_MMC: 0                                                                                                        
MMC FLASH INIT: No card on slot!                                                                                        
Net:   set to RMII                                                                                                                                                                                                                              
FH EMAC                                                                                                                 
Hit any key to stop autoboot:  0                                                                                        
SF: Got idcode 68 40 17 68 40                                                                                                                                                                                                                   
use default flash ops...                                                                                                
spi_flash_probe_default multi wire open flag is 0                                                                       
current fw 10889
MAC: f6:a2:00:00:81:54
set to RMII
PHY OUI: 0x937c4024 at phyid: 0
operating at 100M full duplex mode
retry 1
retry 2
net update try timeout
SF: Got idcode 68 40 17 68 40
use default flash ops...
spi_flash_probe_default multi wire open flag is 0
8192 KiB default_flash at 0:0 is now current device
## Booting kernel from Legacy Image at a1000000 ...
   Image Name:   Linux-3.0.8
   Image Type:   ARM Linux Kernel Image (uncompressed)
   Data Size:    2393484 Bytes = 2.3 MiB
   Load Address: a0008000
   Entry Point:  a0008000
   Verifying Checksum ... OK
   Loading Kernel Image ... OK
OK
prepare atags

Starting kernel ...

Uncompressing Linux... done, booting the kernel.
[    0.000000] Linux version 3.0.8 (appollo@Trusty) (gcc version 5.5.0 (b220190606) ) #1 Tue Jul 26 18:06:43 CST 2022
[    0.000000] CPU: ARMv6-compatible processor [410fb767] revision 7 (ARMv7), cr=00c5387d
[    0.000000] CPU: VIPT nonaliasing data cache, VIPT nonaliasing instruction cache
[    0.000000] Machine: FH8852
[    0.000000] Memory policy: ECC disabled, Data cache writeback
[    0.000000] Built 1 zonelists in Zone order, mobility grouping on.  Total pages: 9144
[    0.000000] Kernel command line: mem=36M console=ttyS0,115200 root=/dev/mtdblock2 rootfstype=squashfs mtdparts=spi_flash:320K(uboot),2560K(kernel),4096K(appfs),832K(custom),320K(config),64K(data)
[    0.000000] PID hash table entries: 256 (order: -2, 1024 bytes)
[    0.000000] Dentry cache hash table entries: 8192 (order: 3, 32768 bytes)
[    0.000000] Inode-cache hash table entries: 4096 (order: 2, 16384 bytes)
[    0.000000] Memory: 36MB = 36MB total
[    0.000000] Memory: 31424k/31424k available, 5440k reserved, 0K highmem
[    0.000000] Virtual kernel memory layout:
[    0.000000]     vector  : 0xffff0000 - 0xffff1000   (   4 kB)
[    0.000000]     fixmap  : 0xfff00000 - 0xfffe0000   ( 896 kB)
[    0.000000]     DMA     : 0xffc00000 - 0xffe00000   (   2 MB)
[    0.000000]     vmalloc : 0xc2800000 - 0xfe000000   ( 952 MB)
[    0.000000]     lowmem  : 0xc0000000 - 0xc2400000   (  36 MB)
[    0.000000]     modules : 0xbf000000 - 0xc0000000   (  16 MB)
[    0.000000]       .init : 0xc0008000 - 0xc00e5000   ( 884 kB)
[    0.000000]       .text : 0xc00e5000 - 0xc04ae000   (3876 kB)
[    0.000000]       .data : 0xc04ae000 - 0xc04d2600   ( 146 kB)
[    0.000000]        .bss : 0xc04d2624 - 0xc04f07f8   ( 121 kB)
[    0.000000] SLUB: Genslabs=13, HWalign=32, Order=0-3, MinObjects=0, CPUs=1, Nodes=1
[    0.000000] NR_IRQS:128
[    0.000000] timer mult: 0xa0000000, timer shift: 0x1b
[    0.000000] sched_clock: 32 bits at 50MHz, resolution 20ns, wraps every 85899ms
[    0.000000] Console: colour dummy device 80x30
[    0.000000] console [ttyS0] enabled
[    0.176983] Calibrating delay loop... 597.60 BogoMIPS (lpj=2988032)
[    0.240010] pid_max: default: 32768 minimum: 301
[    0.244628] Mount-cache hash table entries: 512
[    0.249346] CPU: Testing write buffer coherency: ok
[    0.254483] devtmpfs: initialized
[    0.259720] NET: Registered protocol family 16
[    0.264208] FH8856 board init
[    0.331922] bio: create slab &lt;bio-0&gt; at 0
[    0.333719] cannot get dmac0_hclk
[    0.338494] fh_dmac fh_dmac.0: FH DMA Controller, 6 channels
[    0.344268] usbcore: registered new interface driver usbfs
[    0.348045] usbcore: registered new interface driver hub
[    0.353230] usbcore: registered new device driver usb
[    0.361195] cfg80211: Calling CRDA to update world regulatory domain
[    0.366612] Switching to clocksource fh_clocksource
[    0.370063] Switched to NOHz mode on CPU #0
[    0.408356] NET: Registered protocol family 2
[    0.410043] IP route cache hash table entries: 1024 (order: 0, 4096 bytes)
[    0.417070] TCP established hash table entries: 2048 (order: 2, 16384 bytes)
[    0.423792] TCP bind hash table entries: 2048 (order: 1, 8192 bytes)
[    0.430058] TCP: Hash tables configured (established 2048 bind 2048)
[    0.436285] TCP reno registered
[    0.439409] UDP hash table entries: 256 (order: 0, 4096 bytes)
[    0.445241] UDP-Lite hash table entries: 256 (order: 0, 4096 bytes)
[    0.451793] NET: Registered protocol family 1
[    0.456235] RPC: Registered named UNIX socket transport module.
[    0.461655] RPC: Registered udp transport module.
[    0.466266] RPC: Registered tcp transport module.
[    0.470962] RPC: Registered tcp NFSv4.1 backchannel transport module.
[    1.895715] squashfs: version 4.0 (2009/01/31) Phillip Lougher
[    1.917422] JFFS2 version 2.2. (NAND) © 2001-2006 Red Hat, Inc.
[    1.930233] msgmni has been set to 61
[    1.940723] NET: Registered protocol family 38
[    1.942355] io scheduler noop registered (default)
[    1.956849] fh_pwm_probe: clk_rate: 50000000
[    1.962858] PWM driver, Number: 8, IO base addr: 0xc3070000
[    1.974725] ttyS.0: ttyS0 at MMIO 0xf0700000 (irq = 30) is a ttyS
[    1.983052] ttyS.1: ttyS1 at MMIO 0xf0800000 (irq = 31) is a ttyS
[    2.005129] brd: module loaded
[    2.041674] CLK misc driver init successfully
[    2.075047] m25p80 spi0.0: found BY25Q64AS, expected m25p80
[    2.078040] m25p80 spi0.0: set_qe : 235  default not support multi wire..
[    2.085497] m25p80 spi0.0: BY25Q64AS (8192 Kbytes)
[    2.090698] DEBUG-CMDLINE-PART: parsing &lt;320K(uboot),2560K(kernel),4096K(appfs),832K(custom),320K(config),64K(data)&gt;
[    2.102200] DEBUG-CMDLINE-PART: partition 5: name &lt;data&gt;, offset ffffffff, size 10000, mask flags 0
[    2.112078] DEBUG-CMDLINE-PART: partition 4: name &lt;config&gt;, offset ffffffff, size 50000, mask flags 0
[    2.122149] DEBUG-CMDLINE-PART: partition 3: name &lt;custom&gt;, offset ffffffff, size d0000, mask flags 0
[    2.132223] DEBUG-CMDLINE-PART: partition 2: name &lt;appfs&gt;, offset ffffffff, size 400000, mask flags 0
[    2.142295] DEBUG-CMDLINE-PART: partition 1: name &lt;kernel&gt;, offset ffffffff, size 280000, mask flags 0
[    2.152466] DEBUG-CMDLINE-PART: partition 0: name &lt;uboot&gt;, offset ffffffff, size 50000, mask flags 0
[    2.162445] DEBUG-CMDLINE-PART: mtdid=&lt;spi_flash&gt; num_parts=&lt;6&gt;
[    2.168893] 6 cmdlinepart partitions found on MTD device spi_flash
[    2.175672] Creating 6 MTD partitions on &quot;spi_flash&quot;:
[    2.181192] 0x000000000000-0x000000050000 : &quot;uboot&quot;
[    2.206403] 0x000000050000-0x0000002d0000 : &quot;kernel&quot;
[    2.227346] 0x0000002d0000-0x0000006d0000 : &quot;appfs&quot;
[    2.248216] 0x0000006d0000-0x0000007a0000 : &quot;custom&quot;
[    2.269267] 0x0000007a0000-0x0000007f0000 : &quot;config&quot;
[    2.290212] 0x0000007f0000-0x000000800000 : &quot;data&quot;
[    2.343087] console [netcon0] enabled
[    2.343970] netconsole: network logging started
[    2.381581] resource: start=e0700000, len=00100000
[    2.383764] base=0xc3200000 (after adjust) 
[    2.388270] fh_otg_driver_probe: mapped PA 0xe0700000 to VA 0xc3200000
[    2.495275] Core Release: 4.00a
[    2.495595] Setting default values for core params
[    2.700371] dma_enable :1
[    2.700394] dma_desc_enable :1
[    2.903012] Using Descriptor DMA mode
[    2.903900] Periodic Transfer Interrupt Enhancement - disabled
[    2.910292] Multiprocessor Interrupt Enhancement - disabled
[    2.916350] OTG VER PARAM: 0, OTG VER FLAG: 0
[    2.921129] FH OTG HCD INIT (c104b780)
[    2.925193] hcd regs before base(c3200000)
[    2.929718] fh_otg fh_otg: FH OTG Controller
[    2.934448] fh_otg fh_otg: new USB bus registered, assigned bus number 1
[    2.941727] fh_otg fh_otg: irq 27, io mem 0x00000000
[    2.947076] Init: Power Port (0)
[    2.950742] usb usb1: New USB device found, idVendor=1d6b, idProduct=0002
[    2.957981] usb usb1: New USB device strings: Mfr=3, Product=2, SerialNumber=1
[    2.965907] usb usb1: Product: FH OTG Controller
[    2.970933] usb usb1: Manufacturer: Linux 3.0.8 fh_otg_hcd
[    2.976890] usb usb1: SerialNumber: fh_otg
[    2.987138] hub 1-0:1.0: USB hub found
[    2.988142] hub 1-0:1.0: 1 port detected
[    3.001905] i2c /dev entries driver
[    3.007048] I2C driver:
[    3.007061]  platform registration... 
[    3.010609]  Clock: 50000khz, Standard-mode HCNT:LCNT = 212:249
[    3.017154]  tx fifo depth: 16, rx fifo depth: 16
[    3.030040]  I2C - (dev. name: fh_i2c - id: 0, IRQ #11
[    3.030053]          IO base addr: 0xc30a0000)
[    3.036756] I2C driver:
[    3.036764]  platform registration... 
[    3.043393]  Clock: 50000khz, Standard-mode HCNT:LCNT = 212:249
[    3.049980]  tx fifo depth: 16, rx fifo depth: 16
[    3.074644]  I2C - (dev. name: fh_i2c - id: 1, IRQ #12
[    3.074656]          IO base addr: 0xc30a8000)
[    3.108848] card0 disconnected!
[    3.123811] TCP cubic registered
[    3.124230] NET: Registered protocol family 17
[    3.129132] lib80211: common routines for IEEE802.11 drivers
[    3.135334] Registering the dns_resolver key type
[    3.140519] VFP support v0.3: implementor 41 architecture 1 part 20 variant b rev 5
[    3.187978] GMAC driver:
[    3.187993]  platform registration... 
[    3.191672]  using random MAC address: ee:22:ba:91:4a:ac
[    3.202073] fh_gmac fh_gmac.0: eth0: mixed HW and IP checksum settings.
[    3.206201] fh_gmac fh_gmac.0: eth0: mixed no checksumming and other settings.
[    3.214312]  eth0 - (dev. name: fh_gmac - id: 0, IRQ #15
[    3.214325]          IO base addr: 0xc30c8000)
[    3.250698] drivers/rtc/hctosys.c: unable to open rtc device (rtc0)
[    3.286267] aes driver registered
[    3.290350] Freeing init memory: 884K
starting pid 489, tty '': '/etc/init.d/rcS'
[RCS]: /etc/init.d/S01udev
Starting udev:      [ OK ]
[RCS]: /etc/init.d/S03network
starting pid 575, tty '/dev/ttyS0': '/bin/login'
IPCam login: 
&lt;/pre&gt;&lt;/small&gt;}}

__NOTOC__</text>
      <sha1>ce45qioaj9ydmoiz8jox152uhhlv4xm</sha1>
    </revision>
  </page>