<page>
    <title>Atel Electronics AT8-4</title>
    <ns>0</ns>
    <id>58016</id>
    <revision>
      <id>297231</id>
      <parentid>297230</parentid>
      <timestamp>2019-07-05T04:17:29Z</timestamp>
      <contributor>
        <username>imported&gt;M86</username>
        <id>0</id>
      </contributor>
      <minor/>
      <comment>Text replacement - &quot;speed=10/100&quot; to &quot;speed=100M&quot;</comment>
      <origin>297231</origin>
      <model>wikitext</model>
      <format>text/x-wiki</format>
      <text bytes="9044" sha1="sqjtub7yhe2i9wy6uhtxsispz4ee19x" xml:space="preserve">{{Wireless embedded system
|brand=Atel Electronics
|model=AT8-4
|revision=
|upc=
|ean=
|asin=
|price=
|est_release_date=2005
|fcc_date=
|manuf_country=Taiwan
|is_manuf=No
|manuf=Wistron NeWeb
|manuf_model=CA8-4
|manuf_rev=
|availability=
|type=access point
|fcc_id=
|ic_id=
|us_id=
|pwr_v=5
|pwr_amp=2
|pwr_conn=barrel
|pwr_barrel_outer=
|pwr_barrel_inner=
|pwr_barrel_len=
|pwr_vac=
|pwr_ac_hz=
|pwr_pol=
|pwr_poe=
|cpu1_brand=Atheros
|cpu1_model=AR2312A;AR2312A-01, GB2950.1D, 0704, TAIWAN;
|cpu1_cspeed=
|cpu2_brand=
|cpu2_model=
|cpu2_cspeed=
|fla1=4 MiB
|fla1_brand=Spansion
|fla1_model=S29JL032H70TFI02
|fla1_num=
|fla2=
|fla2_brand=
|fla2_model=
|fla2_num=
|ram1=16 MiB
|ram1_brand=Micron
|ram1_model=MT48LC4M32B2-7 G
|ram1_num=
|ram2=
|ram2_brand=
|ram2_model=
|ram2_num=
|expansion_if_types=
|expansion_pcmcia_num=
|expansion_expresscard_num=
|expansion_minipci_num=
|expansion_minipcie_num=
|expansion_usb_num=
|jtag=
|serial=yes,, internal,, 6-pin header,, populated,, 3.3V TTL,, connectorized,, (115200,8,N,1)
|wi1_module=
|wi1_module_if=
|wi1_chip1_brand=Atheros
|wi1_chip1_model=AR2312A;AR2312A-01, GB2950.1D, 0704, TAIWAN;
|wi1_chip2_brand=Atheros
|wi1_chip2_model=AR5112A;AR5112A-00, CR2332.00E, 0534, CHINA;
|wi1_chip3_brand=
|wi1_chip3_model=
|wi1_802dot11_protocols=abg
|wi1_ant_conn=U.FL, RP-SMA
|wi1_txchains=
|wi1_rxchains=
|wi1_sstreams=
|wi2_module=
|wi2_module_if=
|wi2_chip1_brand=
|wi2_chip1_model=
|wi2_chip2_brand=
|wi2_chip2_model=
|wi2_chip3_brand=
|wi2_chip3_model=
|wi2_802dot11_protocols=
|wi2_ant_conn=
|wi2_txchains=
|wi2_rxchains=
|wi2_sstreams=
|eth_none=
|eth_cpu=true
|eth_chip1_brand=
|eth_chip1_model=
|eth_chip2_brand=IC+
|eth_chip2_model=IP101
|eth_chip3_brand=
|eth_chip3_model=
|sw_cpu=
|sw_brand=
|sw_model=
|lan_speed=100M
|lan_ports=1
|wan_ports=
|addl_chips=4.5 to 6GHz Power Amplifier IC;Microsemi;LX5506;MSC, 5506, 534EG;1;InGaP/GaAs HBT;16-pin MLPQ;
,,, 2.4GHz Power Amplifier IC;Microsemi;LX5510;MSC, 5510, 539C;1;InGaP/GaAs HBT;16-pin MLPQ;3 mm x 3 mm;
|flags=
|stock_boot=
|stock_os=Linux;2.4.18-mips;
|tp_firmware=
|802dot11_protocols=abg
|default_ssid=wlan
|default_ssid_regex=^wlan$
|default_ip=192.168.1.1
|default_user=
|default_pass=password
|oui=00:0B:6B
|oui_eth=00:0B:6B
}}
''IEEE 802.11a/g SOHO Access Point''&lt;br&gt;
[http://www.atel.com.pl/produkt.php?hash=05375 Product page]
:[http://www.atel.com.pl/doc/05375i_v_1_0_www.pdf Manual (PL)]
:[http://www.atel.com.pl/doc/05375ie.pdf Manual (EN)]

&quot;CA804.00A&quot; is silkscreened on the board.

Per the manual, the device is running Linux (kernel ver. 2.4.18).

==Serial==
===Pinout===
&lt;pre&gt;
JP1     [(GND) (TxD) (...) (RxD) (...) (...)]
&lt;/pre&gt;
===Info derived from===
{{SCollapse|boot log
|&lt;pre&gt;

      ============================================
        AR2312 Boot Loader Interface
        V1.03e00 2005-10-03 (zImage)
      ============================================

Please choose the operation:
   1: Load system code to SDRAM via TFTP.
   2: Load system code then write to Flash via TFTP.
   3: Boot system code via Flash.
   4: Load calibration data then write to Flash via XModem.
  0
  Total-length = (0x208000) 2129920 bytes, Total-CRC = 0x10bb448e

  ZImage -CRC = 0x10bb448e
Copying image from flash to SDRAM ...
flash start= 0xbfc50000; flash end= 0xbfe58000
frequence_setup
register_console
CPU revision is: 00018009
Primary instruction cache 16kb, linesize 16 bytes (4 ways)
Primary data cache 16kb, linesize 16 bytes (4 ways)
Linux version 2.4.18-mips (root@localhost.localdomain) (gcc version 2.95.4 20010319 (prerelease)) #2 ▒▒ 9▒▒ 30 10:07:38 CST 2005
Determined physical RAM map:
 memory: 01000000 @ 00000000 (usable)
Initial ramdisk at: 0x80341000 (1633533 bytes)
On node 0 totalpages: 4096
zone(0): 4096 pages.
zone(1): 0 pages.
zone(2): 0 pages.
Kernel command line: ip=192.168.1.3:192.168.1.1::netmask::eth0

calculating r4koff... 000dbba0(900000)
Calibrating delay loop... 179.81 BogoMIPS
Memory: 11108k/16384k available (1122k kernel code, 5276k reserved, 1732k data, 4k init, 0k highmem)
Dentry-cache hash table entries: 2048 (order: 2, 16384 bytes)
Inode-cache hash table entries: 1024 (order: 1, 8192 bytes)
Mount-cache hash table entries: 512 (order: 0, 4096 bytes)
Buffer-cache hash table entries: 1024 (order: 0, 4096 bytes)
Page-cache hash table entries: 4096 (order: 2, 16384 bytes)
Checking for 'wait' instruction...  unavailable.
POSIX conformance testing by UNIFIX
Linux NET4.0 for Linux 2.4
Based upon Swansea University Computer Society NET3.039
Initializing RT netlink socket
Starting kswapd
pty: 256 Unix98 ptys configured
Serial driver version 5.05c (2001-07-08) with no serial options enabled
ttyS00 at 0xbc000000x (irq = 12) is a 16550A
block: 64 slots per queue, batch=16
RAMDISK driver initialized: 16 RAM disks of 6000K size 1024 blocksize
loop: loaded (max 8 devices)
NET4: Linux TCP/IP 1.0 for NET4.0
IP Protocols: ICMP, UDP, TCP
IP: routing cache hash table of 512 buckets, 4Kbytes
TCP: Hash tables configured (established 1024 bind 1024)
NET4: Unix domain sockets 1.0/SMP for Linux NET4.0.
NET4: Ethernet Bridge 008 for NET4.0
RAMDISK: Compressed image found at block 0
Freeing initrd memory: 1595k freed
VFS: Mounted root (ext2 filesystem).
Freeing unused kernel memory: 4k freed
Algorithmics/MIPS FPU Emulator v1.5
Bummer, can't write to log on /dev/tty5!
console=/dev/ttyS0
init started:  BusyBox v0.60.5 (2005.09.06-10:10+0000) multi-call binary
Bummer, can't write to log on /dev/tty5!
Starting pid 8, console /dev/ttyS0: '/etc/rc.d/rcS'
Using /lib/modules/2.4.18-mips/eth.o

CA8-4 Eth ver: 2.25e00.2005
Ethernet use flash address
Ethernet For CA8-4
ae531x ethMAC(0)= 00:0b:6b:3c:5a:ffffff9c
eth0: Phy Status=ffff
eth0: Phy Status=ffff
eth0: Phy Status=ffff
eth0: Phy Status=ffff
eth0: Phy Status=ffff
eth0: duplex 0, link 1
full
3.19.00 macCtl= 0x1010000c    macFlowCtl= 0x00000002
100
  sb = 00 0B 6B 3C 5A 9C
ether_setup
ae531x ethMAC(1)= 00:0b:6b:3c:5a:ffffff9b
eth0: Phy Status=ffff
eth0: Phy Status=ffff
eth0: Phy Status=ffff
eth0: Phy Status=ffff
eth0: Phy Status=ffff
eth1: duplex 0, link 1
full
3.19.00 macCtl= 0x1010000c    macFlowCtl= 0x00000002
100
  sb = 00 0B 6B 3C 5A 9B
ether_setup
Using /lib/modules/2.4.18-mips/80211.o
Using /lib/modules/2.4.18-mips/oahu.o
ar5211.c : Atheros AR5211 driver v0.0
ar5211 hwaddr: 00:0B:6B:3C:5A:9A
ar5211 wlan0.11: Device at 0xb8500000, IRQ 5
Using /lib/modules/2.4.18-mips/flashapi.o
Bummer, can't write to log on /dev/tty5!
Starting pid 18, console /dev/ttyS0: '/bin/sh'


BusyBox v0.60.5 (2005.09.30-02:06+0000) Built-in shell (ash)
Enter 'help' for a list of built-in commands.

#   syslogd: Execute for syslog/udp/514
&lt;/pre&gt;|yes}}
====cat /proc/version====
&lt;pre&gt;
# cat /proc/version
Linux version 2.4.18-mips (root@localhost.localdomain) (gcc version 2.95.4 20010319 (prerelease)) #2 ▒▒ 9▒▒ 30 10:07:38 CST 2005
&lt;/pre&gt;
====cat /proc/cpuinfo====
&lt;pre&gt;
# cat /proc/cpuinfo
system type             : MIPS AR5312
processor               : 0
cpu model               : MIPS 4Kc V0.9
BogoMIPS                : 179.81
wait instruction        : no
microsecond timers      : yes
tlb_entries             : 16
extra interrupt vector  : yes
hardware watchpoint     : yes
VCED exceptions         : not available
VCEI exceptions         : not available
&lt;/pre&gt;
====ps aux====
&lt;pre&gt;
# ps aux
  PID TTY     Uid        Size State Command
    1         0         258516   S   init
    2         0              0   S   [keventd]
    3         0              0   S   [ksoftirqd_CPU0]
    4         0              0   S   [kswapd]
    5         0              0   S   [bdflush]
    6         0              0   S   [kupdated]
   16         0         260488   S   CSPX
   18 ttyS0   0         258524   S   /bin/sh
   24         0         258348   S   /sbin/syslogd -m 0
   41         0         258720   R   hostapd -B /etc/hostapd.conf-wlan0
  139         0         258484   S   thttpd -p 80 -d /var/www/html -c *.cgi -T
  157         0         258232   S   rebootd
  162         0         258260   S   /sbin/telnetd -p 23 -l /sbin/CLIX -d
  171         0         260488   S   CSPX
  182         0         537852   S   upnpd AP lan 80 000b6b3c5a9b AirCA8-4
  183         0         537852   S   upnpd AP lan 80 000b6b3c5a9b AirCA8-4
  184         0         537852   S   upnpd AP lan 80 000b6b3c5a9b AirCA8-4
  185         0         537852   S   upnpd AP lan 80 000b6b3c5a9b AirCA8-4
  186         0         537852   S   upnpd AP lan 80 000b6b3c5a9b AirCA8-4
  187         0         537852   S   upnpd AP lan 80 000b6b3c5a9b AirCA8-4
  188         0         537852   S   upnpd AP lan 80 000b6b3c5a9b AirCA8-4
  189         0         537852   S   upnpd AP lan 80 000b6b3c5a9b AirCA8-4
  190         0         537852   S   upnpd AP lan 80 000b6b3c5a9b AirCA8-4
  191         0         537852   S   upnpd AP lan 80 000b6b3c5a9b AirCA8-4
  192         0         537852   S   upnpd AP lan 80 000b6b3c5a9b AirCA8-4
  193         0         537852   S   upnpd AP lan 80 000b6b3c5a9b AirCA8-4
  199 ttyS0   0         258520   R   ps aux
&lt;/pre&gt;</text>
      <sha1>sqjtub7yhe2i9wy6uhtxsispz4ee19x</sha1>
    </revision>
  </page>