<page>
    <title>Belkin F9K1113 v1</title>
    <ns>0</ns>
    <id>54061</id>
    <revision>
      <id>380136</id>
      <parentid>275739</parentid>
      <timestamp>2022-11-09T22:00:14Z</timestamp>
      <contributor>
        <username>Omega</username>
        <id>24</id>
      </contributor>
      <comment>fixed ;</comment>
      <origin>380136</origin>
      <model>wikitext</model>
      <format>text/x-wiki</format>
      <text bytes="18292" sha1="94l6ro84cvt3p8pntvkgaut9l1zkixp" xml:space="preserve">{{Wireless embedded system
|brand=Belkin
|model=F9K1113
|revision=v1
|upc=722868883211
|asin=B008982LD4;GB;
|price=160
|manuf_country=China
|is_manuf=No
|manuf=Arcadyan
|manuf_model=WG9117D
|manuf_rev=AC22-AK
|availability=now
|est_release_date=06/12/2012
|fcc_date=05/16/2012
|fcc_id=K7SF9K1113V1
|ic_id=3623A-F9K1113V1
|pcb_id=141911720005J
|type=wireless router
|pwr_v=12
|pwr_amp=2.5
|pwr_conn=barrel
|cpu1_brand=Broadcom
|cpu1_model=BCM4718A1;BCM4718A1KFBG, CS1231 P11, 217324 N1 W;
|cpu1_cspeed=480
|fla1=16
|fla1_brand=Macronix
|fla1_model=MX25L12835EMI-10G
|ram1=128
|ram1_brand=EtronTech
|ram1_model=EM68B16CWQD-25H
|ram1_num=2
|expansion_if_types=Mini PCIe, USB 2.0
|expansion_minipcie_num=1
|expansion_usb_num=2
|jtag=
|serial=yes,, 4-pin header,, populated,, 3.3V TTL,, (115200 8N1)
|wi1_chip1_brand=Broadcom
|wi1_chip1_model=BCM4718A1;BCM4718A1KFBG, CS1231 P11, 217324 N1 W;
|wi1_802dot11_protocols=bgn
|wi1_ant_conn=
|wi1_txchains=2
|wi1_rxchains=2
|wi1_sstreams=2
|wi2_module=
|wi2_module_if=Mini PCIe (oversized)
|wi2_chip1_brand=Broadcom
|wi2_chip1_model=BCM4352;BCM4352KMLG, TT1230 P10, 218117 6 B W;
|wi2_802dot11_protocols=an+ac
|wi2_ant_conn=U.FL
|wi2_txchains=2
|wi2_rxchains=2
|wi2_sstreams=2
|eth_none=
|eth_cpu=true
|sw_cpu=
|sw_brand=Broadcom
|sw_model=BCM53125S;BCM53125SKMMLG, TE1233 P20, 226693 3 W;
|lan_speed=1GbE
|lan_ports=4
|wan_speed=1GbE
|wan_ports=1
|stock_boot=CFE
|stock_os=Linux;2.6.22;
|802dot11_protocols=abgn+ac
|default_ssid=belkin.XXX, belkin.XXX.5GHz, belkin.XXX.guests
|default_ssid_regex=
|default_ip=192.168.2.1
|default_user=
|default_pass=
|oui=EC:1A:59
|oui_eth=EC:1A:59
}}
{{TagLine|AC1200 Dual Band Wi-Fi Dual-Band AC+ Gigabit Router}}

:&quot;P/N: 141911720005J R01&quot; is silkscreened on the main board.
:&quot;P/N: 141882220001J R01&quot; is silkscreened on the wireless module.

*[http://www.marketwatch.com/story/belkin-debuts-80211ac-wi-fir-dual-band-ac-gigabit-routers-2012-06-21 Belkin Debuts 802.11ac Wi-Fi(R) Dual-Band AC+ Gigabit Routers]
:300Mbps on 2.4GHz + 867Mbps on 5GHz

===Serial===
====Pinout====
The serial pinout for the device seems to be the following.
&lt;small&gt;&lt;pre&gt;
J3
[3.3][TxD][RxD][GND]
  1    2    3
&lt;/pre&gt;&lt;/small&gt;

====Info dump====
{{SCollapse|Serial info â€¢ &gt;&gt;
|
;cat /proc/mtd
&lt;small&gt;&lt;pre&gt;
~ # cat /proc/mtd
dev:    size   erasesize  name
mtd0: 00050000 00010000 &quot;boot&quot;
mtd1: 00f90000 00010000 &quot;linux&quot;
mtd2: 00e50000 00010000 &quot;rootfs&quot;
mtd3: 00010000 00010000 &quot;glbcfg&quot;
mtd4: 00010000 00010000 &quot;nvram&quot;
&lt;/pre&gt;&lt;/small&gt;

;wl -i eth2 revinfo (BCM4352)
&lt;small&gt;&lt;pre&gt;
~ # wl -i eth2 revinfo
vendorid 0x14e4
deviceid 0x43a2
radiorev 0x32069000
chipnum 0x4360
chiprev 0x2
chippackage 0x1
corerev 0x28
boardid 0x621
boardvendor 0x14e4
boardrev P305
driverrev 0x61e271d
ucoderev 0x2f10071
bus 0x1
phytype 0xb
phyrev 0x0
anarev 0x0
&lt;/pre&gt;&lt;/small&gt;

;wl -i eth1 revinfo (BCM4718A1)
&lt;small&gt;&lt;pre&gt;
~ # wl -i eth1 revinfo
vendorid 0x14e4
deviceid 0x4329
radiorev 0x72056000
chipnum 0x4716
chiprev 0x1
chippackage 0xa
corerev 0x11
boardid 0xf52d
boardvendor 0x14e4
boardrev P200
driverrev 0x61e271d
ucoderev 0x2f10071
bus 0x0
phytype 0x4
phyrev 0x5
anarev 0x0
&lt;/pre&gt;&lt;/small&gt;

;cat /proc/cpuinfo
&lt;small&gt;&lt;pre&gt;
~ # cat /proc/cpuinfo
system type             : Broadcom BCM4716 chip rev 1
processor               : 0
cpu model               : MIPS 74K V4.0
BogoMIPS                : 226.09
wait instruction        : no
microsecond timers      : yes
tlb_entries             : 64
extra interrupt vector  : no
hardware watchpoint     : yes
ASEs implemented        : mips16 dsp
VCED exceptions         : not available
VCEI exceptions         : not available

unaligned_instructions  : 1288
dcache hits             : 2147483648
dcache misses           : 0
icache hits             : 2147483648
icache misses           : 0
instructions            : 2147483648
&lt;/pre&gt;&lt;/small&gt;

;stock FW (probably) boot log
&lt;small&gt;&lt;pre&gt;
Decompressing...done
Decompressing...done
Init Arena
Init Devs.
Boot partition size = 262144(0x40000)
Found an ST compatible serial flash with 256 64KB blocks; total size 16MB
bcm_robo_enable_switch: EEE is disabled
et0: Broadcom BCM47XX 10/100/1000 Mbps Ethernet Controller 6.30.39.13 (r330635)
CPU type 0x19740: 453MHz
Tot mem: 131072 KBytes

CFE mem:    0x80700000 - 0x807A08C0 (657600)
Data:       0x80736440 - 0x807396F0 (12976)
BSS:        0x807396F0 - 0x8073A8C0 (4560)
Heap:       0x8073A8C0 - 0x8079E8C0 (409600)
Stack:      0x8079E8C0 - 0x807A08C0 (8192)
Text:       0x80700000 - 0x80736440 (222272)

Copying boot params.....
DONE

Bootloader version v0.11 boot_version v0.11
Project name : WG9117DAC22-AK
Press space bar to cancel startup...
Device eth0:  hwaddr EC-1A-59-48-90-42, ipaddr 192.168.2.1, mask 255.255.255.0
gateway not set, nameserver not set
Loader:raw Filesys:raw Dev:flash0.os File: Options:(null)
Loading: .. 3792 bytes read
Entry at 0x80001000
Closing network.
Starting program at 0x80001000
Linux version 2.6.22 (qmchen@sw3-build-02) (gcc version 4.1.2) 
#1 PREEMPT Fri Jul 6 17:16:25 CST 2012
CPU revision is: 00019740
Found an ST compatible serial flash with 256 64KB blocks; total size 16MB
Determined physical RAM map:
 memory: 07fff000 @ 00000000 (usable)
Built 1 zonelists.  Total pages: 32512
Kernel command line: root=/dev/mtdblock2 console=ttyS0,115200 init=/sbin/preinit
Primary instruction cache 32kB, physically tagged, 4-way, linesize 32 bytes.
Primary data cache 32kB, 4-way, linesize 32 bytes.
Synthesized TLB refill handler (20 instructions).
Synthesized TLB load handler fastpath (32 instructions).
Synthesized TLB store handler fastpath (32 instructions).
Synthesized TLB modify handler fastpath (31 instructions).
PID hash table entries: 512 (order: 9, 2048 bytes)
CPU: BCM4716 rev 1 at 453 MHz
Using 226.500 MHz high precision timer.
Dentry cache hash table entries: 16384 (order: 4, 65536 bytes)
Inode-cache hash table entries: 8192 (order: 3, 32768 bytes)
Memory: 125752k/131068k available (2658k kernel code, 5172k reserved, 1065k data, 160k init, 0k highmem)
Mount-cache hash table entries: 512
NET: Registered protocol family 16
SCSI subsystem initialized
PCI: Using membase 8000000
PCI: Initializing host
PCI: Reset RC
PCI: no core
PCI: Fixing up bus 0
PCI/PCIe coreunit 0 is set to bus 1.
PCI: Fixing up bridge
PCI: Fixing up bridge
PCI: Enabling device 0000:01:00.1 (0004 -&gt; 0006)
PCI: Fixing up bus 1
NET: Registered protocol family 2
Time: MIPS clocksource has been installed.
IP route cache hash table entries: 1024 (order: 0, 4096 bytes)
TCP established hash table entries: 4096 (order: 3, 32768 bytes)
TCP bind hash table entries: 4096 (order: 2, 16384 bytes)
TCP: Hash tables configured (established 4096 bind 4096)
TCP reno registered
gpio_init 328
Register DIAG LED in /proc/sys/diag_blink.
VFS: Disk quotas dquot_6.5.1
Dquot-cache hash table entries: 1024 (order 0, 4096 bytes)
squashfs: version 3.2-r2 (2007/01/15) Phillip Lougher
fuse init (API version 7.8)
io scheduler noop registered (default)
HDLC line discipline: version $Revision: 1.1.1.1 $, maxframe=4096
N_HDLC line discipline registered.
Serial: 8250/16550 driver $Revision: 1.1.1.1 $ 4 ports, IRQ sharing disabled
serial8250: ttyS0 at MMIO 0x0 (irq = 8) is a 16550A
loop: module loaded
PPP generic driver version 2.4.2
NET: Registered protocol family 24
pflash: found no supported devices
sflash: squash filesystem with lzma found at block 25
Creating 5 MTD partitions on &quot;sflash&quot;:
0x00000000-0x00050000 : &quot;boot&quot;
0x00050000-0x00fe0000 : &quot;linux&quot;
0x00190000-0x00fe0000 : &quot;rootfs&quot;
0x00fe0000-0x00ff0000 : &quot;glbcfg&quot;
0x00ff0000-0x01000000 : &quot;nvram&quot;
nf_conntrack version 0.5.0 (1023 buckets, 8184 max)
ip_tables: (C) 2000-2006 Netfilter Core Team
TCP cubic registered
NET: Registered protocol family 1
NET: Registered protocol family 17
802.1Q VLAN Support v1.8 Ben Greear &lt;greearb@candelatech.com&gt;
All bugs added by David S. Miller &lt;davem@redhat.com&gt;
VFS: Mounted root (squashfs filesystem) readonly.
Freeing unused kernel memory: 160k freed
Warning: unable to open an initial console.
Failed to execute /init
Algorithmics/MIPS FPU Emulator v1.5
arca.dbus.mng: is ready
arca.dbus.ddns: agent start
arca.dbus.dhcp6c: agent start
arca.dbus.misc: is ready

Please press Enter to activate this console. et: no version for &quot;struct_module&quot; found: kernel tainted.
et: module license 'Proprietary' taints kernel.
et_module_init: passivemode set to 0x0
et_module_init: et_txq_thresh set to 0x0
bcm_robo_enable_switch: EEE is disabled
eth0: Broadcom BCM47XX 10/100/1000 Mbps Ethernet Controller 6.30.39.29 (r338244)
eth1: Broadcom BCM4329 802.11 Wireless Controller 6.30.39.29 (r338244)
PCI: Enabling device 0000:01:01.0 (0000 -&gt; 0002)
eth2: Broadcom BCM43a2 802.11 Wireless Controller 6.30.39.29 (r338244)
usbcore: registered new interface driver usbfs
usbcore: registered new interface driver hub
usbcore: registered new device driver usb
ehci_hcd 0000:00:04.1: EHCI Host Controller
ehci_hcd 0000:00:04.1: new USB bus registered, assigned bus number 1
ehci_hcd 0000:00:04.1: EHCI Fastpath: New EHCI driver starting
ehci_hcd 0000:00:04.1: irq 5, io mem 0x18004000
ehci_hcd 0000:00:04.1: USB 0.0 started, EHCI 1.00, driver 10 Dec 2004
usb usb1: configuration #1 chosen from 1 choice
hub 1-0:1.0: USB hub found
hub 1-0:1.0: 2 ports detected
ohci_hcd 0000:00:04.0: OHCI Host Controller
ohci_hcd 0000:00:04.0: new USB bus registered, assigned bus number 2
ohci_hcd 0000:00:04.0: irq 5, io mem 0x18009000
usb usb2: configuration #1 chosen from 1 choice
hub 2-0:1.0: USB hub found
hub 2-0:1.0: 2 ports detected
u32 classifier
Actions configured
NET: Registered protocol family 10
lo: Disabled Privacy Extensions
ip6_tables: (C) 2000-2006 Netfilter Core Team
IPv6 over IPv4 tunneling driver
sit0: Disabled Privacy Extensions
nf_conntrack_rtsp v0.6.21 loading
nf_nat_rtsp v0.6.21 loading
vlan1: Setting MAC address to  ec 1a 59 48 90 42.
VLAN (vlan1):  Underlying device (eth0) has same MAC, not checking promiscious mode.
vlan2: Setting MAC address to  ec 1a 59 48 90 43.
device eth0 entered promiscuous mode
VLAN (vlan2):  Setting underlying device (eth0) to promiscious mode.
vlan1: Setting MAC address to  ec 1a 59 48 90 42.
VLAN (vlan1):  Underlying device (eth0) has same MAC, not checking promiscious mode.
wlc_phy_cal_init_acphy: NOT Implemented
vlan1: dev_set_promiscuity(master, 1)
device vlan1 entered promiscuous mode
device eth1 entered promiscuous mode
device eth2 entered promiscuous mode
device wl0.1 entered promiscuous mode
failed
failed
arca.dbus.misc: CMD_WAN_START
cmd is mng_cli set VAR_WAN0_GET_MTU=&quot;576&quot; action &quot;&quot;
arca.dbus.ac: command_handler return for bridge mode.
MD5=[1b5d4cb75cddd6bdbe179d89fc571942]
start_gn is_guestnetwork_enabled=0
!!BUG: secu_dns is enable, but FAIL to get its value!!
buf is
cmd is mng_cli set VAR_SYSTEM_DNS=&quot;&quot; action &quot;&quot;
cmd is touch /etc/hosts
Jan  1 00:00:21 crond[553]: crond: crond (busybox 1.18.5) started, log level 8
arca.dbus.upnp: command_handler return for bridge mode.
arca.dbus.misc: CMD_START
ARCA_DBUS_MISC:deviceready==1.
ledd is starting....
arca.dbus.dnsmasq: Maybe dnsmasq has stopped, try to restart it. Restart count: 1
cmd=[killall dnsmasq ]
killall: dnsmasq: no process killed
done
&lt;/pre&gt;&lt;/small&gt;

;cat /proc/bus/pci/devices
&lt;small&gt;&lt;pre&gt;
~ # cat /proc/bus/pci/devices
0000    14e40800        8               18000000                       0                       0                       0                       0                       0                    0             1000                       0                       0                       0                       0                       0                     800
0008    14e44329        3               18001000                       0                       0                       0                       0                       0                    0             1000                       0                       0                       0                       0                       0                     800      wl
0010    14e44715        4               18002000                       0                       0                       0                       0                       0                    0             1000                       0                       0                       0                       0                       0                     800      et
0020    14e4471a        5               18009000                       0                       0                       0                       0                       0                    0             1000                       0                       0                       0                       0                       0                     800      ohci_hcd
0021    14e4471a        5               18004000                       0                       0                       0                       0                       0                    0             1000                       0                       0                       0                       0                       0                     800      ehci_hcd
0028    14e40820        6               18005000                       0                       0                       0                       0                       0                    0             1000                       0                       0                       0                       0                       0                     800
0030    14e4082e        e               18006000                       0                       0                       0                       0                       0                    0             1000                       0                       0                       0                       0                       0                     800
0038    14e4080e        8               18007000                       0                       0                       0                       0                       0                    0             1000                       0                       0                       0                       0                       0                     800
0040    14e44711        f               18008000                       0                       0                       0                       0                       0                    0             1000                       0                       0                       0                       0                       0                     800
0100    14e44716        6                8000004                       0                       4                       0                       0                       0                    0             4000                       0                 8000000                       0                       0                       0                       0
0101    14e40000        6                8004004                       0                       4                       0                       0                       0                    0             4000                       0                 8000000                       0                       0                       0                       0
0108    14e443a2        6                8008004                       0                 8200004                       0                       0                       0                    0             8000                       0                  200000                       0                       0                       0                       0      wl
&lt;/pre&gt;&lt;/small&gt;

;netstat -lp
&lt;small&gt;&lt;pre&gt;
~ # netstat -lp
Active Internet connections (only servers)
Proto Recv-Q Send-Q Local Address           Foreign Address         State       PID/Program name
tcp        0      0 255.255.255.255:9090    0.0.0.0:*               LISTEN      546/httpd
tcp        0      0 localhost.localdomain:netbios-ssn 0.0.0.0:*               LISTEN      725/smbd
tcp        0      0 255.255.255.255:http    0.0.0.0:*               LISTEN      546/httpd
tcp        0      0 255.255.255.255:10101   0.0.0.0:*               LISTEN      469/belkin_wan_cfg
tcp        0      0 0.0.0.0:5916            0.0.0.0:*               LISTEN      538/acsd
tcp        0      0 localhost.localdomain:microsoft-ds 0.0.0.0:*               LISTEN      725/smbd
tcp        0      0 :::9090                 :::*                    LISTEN      546/httpd
tcp        0      0 :::http                 :::*                    LISTEN      546/httpd
udp        0      0 0.0.0.0:netbios-ns      0.0.0.0:*                           730/nmbd
udp        0      0 0.0.0.0:netbios-dgm     0.0.0.0:*                           730/nmbd
udp        0      0 localhost.localdomain:38032 0.0.0.0:*                           524/nas
udp        0      0 localhost.localdomain:42032 0.0.0.0:*                           538/acsd
udp        0      0 0.0.0.0:49235           0.0.0.0:*                           -
udp        0      0 0.0.0.0:19540           0.0.0.0:*                           -
udp        0      0 0.0.0.0:mdns            0.0.0.0:*                           556/mDNS
raw        0      0 0.0.0.0:255             0.0.0.0:*               255         175/arca-agent-load
Active UNIX domain sockets (only servers)
Proto RefCnt Flags       Type       State         I-Node PID/Program name    Path
unix  2      [ ACC ]     STREAM     LISTENING        731 147/dbus-daemon     /var/run/dbus/system_bus_socket
unix  2      [ ACC ]     STREAM     LISTENING        745 149/midcore         /tmp/arc-middle/core_trnx
&lt;/pre&gt;&lt;/small&gt;}}

====nvram show====
'''@ [[Belkin_F9K1113_v1/nvram]]'''

==Images==
===from [[User:M86|M86]]===
&lt;gallery caption=&quot;internal&quot;&gt;
Image:Belkin_F9K1113v1_board_top.JPG|board top
Image:Belkin_F9K1113v1_BCM4718A1.JPG|BCM4718A1 11bgn WiSoC
Image:Belkin_F9K1113v1_Flash.JPG|Flash
Image:Belkin_F9K1113v1_RAM.JPG|RAM
Image:Belkin_F9K1113v1_BCM4352.JPG|BCM4352 11ac chip
Image:Belkin_F9K1113v1_BCM53125.JPG|BCM53125 GbE Switch
Image:Belkin_F9K1113v1_board_top_power_etc.JPG|board top, power / USB section
Image:Belkin_F9K1113v1_NXP_74HC595D.JPG|NXP 74HC595D, presumably for LED control
Image:Belkin_F9K1113v1_Serial.JPG|Serial header
Image:Belkin_F9K1113v1_main_board_Arcadyan_PN.JPG|Arcadyan P/N on the board
Image:Belkin_F9K1113v1_Arcadyan_label.JPG|Arcadyan device label
&lt;/gallery&gt;[[Has images::internal| ]]

__NOTOC__</text>
      <sha1>94l6ro84cvt3p8pntvkgaut9l1zkixp</sha1>
    </revision>
  </page>