<page>
    <title>D-Link DSL-2750B rev T1</title>
    <ns>0</ns>
    <id>54797</id>
    <revision>
      <id>279230</id>
      <parentid>279229</parentid>
      <timestamp>2019-07-05T04:38:36Z</timestamp>
      <contributor>
        <username>imported&gt;M86</username>
        <id>0</id>
      </contributor>
      <minor/>
      <comment>Text replacement - &quot;speed=10/100&quot; to &quot;speed=100M&quot;</comment>
      <origin>279230</origin>
      <model>wikitext</model>
      <format>text/x-wiki</format>
      <text bytes="23753" sha1="sj1ugkwttk9hmiwcgo85ei12milmzwr" xml:space="preserve">{{Wireless embedded system
|brand=D-Link
|model=DSL-2750B
|revision=T1
|upc=
|ean=
|asin=
|price=
|est_release_date=
|fcc_date=09/30/2011
|manuf_country=China
|is_manuf=No
|manuf=SGE
|manuf_model=Gan5.CT02W
|manuf_rev=
|availability=now
|type=dsl modem,wireless router
|fcc_id=KA2SL2750UT1
|us_id=3P7DL01BSL2750UT1
|pwr_v=12
|pwr_amp=1
|pwr_conn=barrel
|cpu1_brand=Broadcom
|cpu1_model=BCM63281
|cpu1_cspeed=
|fla1=16
|fla1_brand=Macronix
|fla1_model=MX25L12845EMI-10G
|ram1=64
|ram1_brand=Hynix
|ram1_model=H5PS5162GFR-S5C
|expansion_if_types=USB 2.0
|expansion_usb_num=1
|jtag=
|serial=yes,, internal,, 4-pin header,, (115200,8,N,1)
|wi1_chip1_brand=Broadcom
|wi1_chip1_model=BCM43225;BCM42335KMLG, HE1212 P20, 191469 3 W;
|wi1_802dot11_protocols=bgn
|wi1_ant_conn=
|wi1_txchains=2
|wi1_rxchains=2
|wi1_sstreams=2
|eth_none=
|eth_cpu=true
|sw_cpu=true
|sw_brand=
|sw_model=
|lan_speed=100M
|lan_ports=4
|wan_ports=
|addl_chips=DSL (ADSL2+) Line Driver;Broadcom;BCM6301;BROADCOM, 6301KSG, TD1122P1;1;
|flags=
|stock_boot=CFE;1.0.37-110.11;
|stock_os=Linux;2.6.21.5;OpenRG;
|tp_firmware=
|802dot11_protocols=bgn
|default_ssid=28107bXXXXXX, b8a386XXXXXX, ccb255XXXXXX
|default_ssid_regex=^28107b[a-f0-9]{6}$,,, ^b8a386[a-f0-9]{6}$,,, ^ccb255[a-f0-9]{6}$
|default_ip=192.168.1.
|default_user=admin
|default_pass=''randomly generated''
|oui=28:10:7B, B8:A3:86, CC:B2:55
|oui_eth=28:10:7B, B8:A3:86, CC:B2:55
}}
{{TagLine|ADSL2 Modem Router}}
:This modem has been used by '''{{Used by service|Verizon}}'''.

&quot;GAN5.CT02W-B_2T2R&quot;, &quot;REV1.0&quot;, and &quot;005SP0439640A&quot; appears 
:to be silkscreened on the board in the FCC photos.
The default SSID pattern appears to be the MAC address 
:(no delimiters, lower case hex letters).

===Reviews===
*[https://www.insidegadgets.com/2015/03/24/inside-the-d-link-wireless-n300-adsl2-modem-router-dated-2012/ ''D-Link DSL-2750B'' on '''InsideGadgets''']

===Serial===
====Pinout====
The serial header is populated on this device - it is '''J6'''.
&lt;pre&gt;
J6
(RxD) (GND) (TxD) (3.3)
Pin4  Pin3  Pin2  Pin1
        |
        /\
to WI &lt;    &gt; to SoC&lt;/pre&gt;

===General===
The username and password (at least @ stock) would appear to be identical 
:to the HTTP admin ones.. which are printed on the unit's label.
The firmware used is presumably '''Jungo''''s '''''OpenRG''''', or a derivative.

===Derived info===
====Boot log====
{{SCollapse|Boot log
|&lt;small&gt;&lt;pre&gt;
HELO
CPUI
L1CI
DRAM
----
PHYS
ZQDN
PHYE
DINT
LSYN
USYN
MSYN
LMBE
PASS
----
ZBSS
CODE
DATA
L12F
MAIN

CFE version 1.0.37-110.11 for BCM96328 (32bit,SP,BE)
Build Date: Fri Mar 11 15:50:33 PST 2011 (dsl@dsl-desktop)
Copyright (C) 2000-2009 Broadcom Corporation.

HS Serial flash device: name MX25L128, id 0xc218 size 16384KB
Total Flash size: 16384K with 4096 sectors
Chip ID: BCM6328B0, MIPS: 320MHz, DDR: 320MHz, Bus: 160MHz
Main Thread: TP0
Memory Test Passed
Total Memory: 67108864 bytes (64MB)
Boot Address: 0xb8000000

Board IP address                  : 192.168.1.1:ffffff00
Host IP address                   : 192.168.1.10
Gateway IP address                :
Run from flash/host (f/h)         : f
Default host run file name        : image.elf
Default host flash file name      : bcm963xx_fs_kernel
Boot delay (0-9 seconds)          : 1
Board Id (0-5)                    : 96328avng
Number of MAC Addresses (1-32)    : 11
Base MAC Address                  : 02:10:18:01:00:01
PSI Size (1-64) KBytes            : 24
Enable Backup PSI [0|1]           : 0
System Log Size (0-256) KBytes    : 0
Main Thread Number [0|1]          : 0
Voice Board Configuration (0-10)  : LE88276

*** Press any key to stop auto run (1 seconds) ***
Auto run second count down: 0
Booting from only image (0xb8010000) ...
Code Address: 0x82000000, Entry Address: 0x82000000
Decompression OK!
Entry at 0x82000000
Closing network.
Disabling Switch ports.
Flushing Receive Buffers...
0 buffers found.
Closing DMA Channels.
Starting program at 0x82000000

Uncompressing Linux...
Done
Network boot detected: move image to proper location
Running from : (0x82000008) CramFS will be at: 0x80354000
Booting the kernel
dcache writeback, cachesize 00008000 linesize 00000010
icache invalidate, cachesize 00008000 linesize 00000010
Linux version 2.6.21.5 #1 Sun Feb 19 16:54:26 IST 2012
HS Serial flash device: name MX25L128, id 0xc218 size 16384KB
96328avng prom init
rofs_addr: 00354000 (80354000), len: 5b0000, flash_start_addr: 00000000 (80000000) flash_len: 0
CramFS found in RAM
rofs_start_addr: 80354000 len: 5b0000
CPU revision is: 0002a075
Determined physical RAM map:
 memory: 03f00000 @ 00000000 (usable)
Initrd not found or empty - disabling initrd
Built 1 zonelists.  Total pages: 16002
Kernel command line: cramfs=0   slram=mainfs,0x00354000,+5963776 console=ttyS0,115200 mtdparts=spi1.0:-@0(Verizon)
Primary instruction cache 32kB, physically tagged, 4-way, linesize 16 bytes.
Primary data cache 32kB, 2-way, linesize 16 bytes.
Synthesized TLB refill handler (21 instructions).
Synthesized TLB load handler fastpath (33 instructions).
Synthesized TLB store handler fastpath (33 instructions).
Synthesized TLB modify handler fastpath (32 instructions).
PID hash table entries: 256 (order: 8, 1024 bytes)
Using 160.000 MHz high precision timer.
Dentry cache hash table entries: 8192 (order: 3, 32768 bytes)
Inode-cache hash table entries: 4096 (order: 2, 16384 bytes)
Memory: 54648k/64512k available (2180k kernel code, 9800k reserved, 367k data, 116k init, 0k highmem)
Mount-cache hash table entries: 512
wait instruction: enabled
NET: Registered protocol family 16
Total Flash size: 16384K with 4096 sectors
registering PCI controller with io_map_base unset
registering PCI controller with io_map_base unset
SCSI subsystem initialized
usbcore: registered new interface driver usbfs
usbcore: registered new interface driver hub
usbcore: registered new device driver usb
PCI: Bridge: 0000:01:00.0
  IO window: disabled.
  MEM window: 10f00000-10ffffff
  PREFETCH window: disabled.
PCI: Enabling device 0000:01:00.0 (0000 -&gt; 0002)
NET: Registered protocol family 8
NET: Registered protocol family 20
Time: MIPS clocksource has been installed.
NET: Registered protocol family 2
IP route cache hash table entries: 1024 (order: 0, 4096 bytes)
TCP established hash table entries: 2048 (order: 2, 16384 bytes)
TCP bind hash table entries: 2048 (order: 1, 8192 bytes)
TCP: Hash tables configured (established 2048 bind 2048)
TCP reno registered
/proc/fs/cramfs_block_uncompressed created
fuse init (API version 7.8)
io scheduler noop registered
io scheduler anticipatory registered (default)
io scheduler deadline registered
io scheduler cfq registered
pcie_portdrv_probe-&gt;Dev[14e4:6328] has invalid IRQ. Check vendor BIOS
PCI: Enabling device 0000:00:0a.0 (0000 -&gt; 0002)
ehci_hcd 0000:00:0a.0: EHCI Host Controller
ehci_hcd 0000:00:0a.0: new USB bus registered, assigned bus number 1
ehci_hcd 0000:00:0a.0: irq 50, io mem 0x10002500
ehci_hcd 0000:00:0a.0: USB f.f started, EHCI 1.00, driver 10 Dec 2004
usb usb1: configuration #1 chosen from 1 choice
hub 1-0:1.0: USB hub found
hub 1-0:1.0: 1 port detected
PCI: Enabling device 0000:00:09.0 (0000 -&gt; 0002)
ohci_hcd 0000:00:09.0: OHCI Host Controller
ohci_hcd 0000:00:09.0: new USB bus registered, assigned bus number 2
ohci_hcd 0000:00:09.0: irq 49, io mem 0x10002600
usb usb2: configuration #1 chosen from 1 choice
hub 2-0:1.0: USB hub found
hub 2-0:1.0: 1 port detected
Initializing USB Mass Storage driver...
usbcore: registered new interface driver usb-storage
USB Mass Storage support registered.
u32 classifier
    OLD policer on
NET: Registered protocol family 1
NET: Registered protocol family 17
NET: Registered protocol family 21
802.1Q VLAN Support v1.8 Ben Greear &lt;greearb@candelatech.com&gt;
All bugs added by David S. Miller &lt;davem@redhat.com&gt;
Serial: BCM63XX driver $Revision$
ttyS0 at MMIO map 0xb0000100 mem 0xb0000100 (irq = 36) is a BCM63XX
ttyS1 at MMIO map 0xb0000120 mem 0xb0000120 (irq = 47) is a BCM63XX
brcmboard: brcm_board_init entry
SES: Button Interrupt 0x1 is enabled
SES: LED GPIO 0x8009 is enabled

-------- Packet DMA RxBDs ---------
ETH[0] # of RxBds=400
XTM[0] # of RxBds=400
XTM[1] # of RxBds=16
XTM[2] # of RxBds=16
XTM[3] # of RxBds=16
Total # RxBds=848

-------- Packet DMA TxBDs ---------
ETH[0] # of TxBds=180
XTM[0] # of TxBds=400
XTM[1] # of TxBds=400
XTM[2] # of TxBds=400
XTM[3] # of TxBds=400
XTM[4] # of TxBds=400
XTM[5] # of TxBds=400
XTM[6] # of TxBds=400
XTM[7] # of TxBds=400
XTM[8] # of TxBds=400
XTM[9] # of TxBds=400
XTM[10] # of TxBds=400
XTM[11] # of TxBds=400
XTM[12] # of TxBds=400
XTM[13] # of TxBds=400
XTM[14] # of TxBds=400
XTM[15] # of TxBds=400
bcmPktDmaBds_init: Broadcom Packet DMA BDs initialized

m25p80 spi1.0: mx25l128 (16384 Kbytes)
1 cmdlinepart partitions found on MTD device spi1.0
Creating 1 MTD partitions on &quot;spi1.0&quot;:
0x00000000-0x01000000 : &quot;Verizon&quot;
bcmxtmrt: Broadcom BCM6328B0 ATM/PTM Network Device v0.3 Feb 19 2012 16:45:59
Freeing unused kernel memory: 116k freed
Found device mainfs on mtdblock0
Version: 5.4.12.1.44
Platform: D-Link DSL-2750B Board
Compilation Time: 19-Feb-12 14:46:37
Tag: Ntag-5_4_12_1_44
Compilation Flags: LIC=/home/bat/bat/dlink_bcm96328_5_4_12_1/20120219_1343/conf/jpkg_bcm9636x_dlink.lic 
 CONFIG_RG_PROD_IMG=y DIST=DLINK_DSL2750B
User Information: bat@kermit /home/bat/bat/dlink_bcm96328_5_4_12_1/dist

insmod: add-symbol-file build/debug/be_pppoa_mod.o 0xc0003000 -s .data 0xc0003c00 -s .bss 0xc0003d60

insmod: add-symbol-file build/debug/one_module.o 0xc0094000 -s .main_flow 0xc00d8f60 -s .data 0xc00e8090 -s .bss 0xc00e9a00
Loading license 17b09764432c4863f51a36192c6ada0a924d742efbdfec9a6e433a1a1b951335755526149e6c15e6b51888a266c
31f76f981a91a0245b31d650061e1cda2518102eccb4d68cfd4656a9a069d72c2bd9c21e58b43252c0ac60a13b5b15499408357c03e
30e5d5b2c4e6ec6c02239958.D-Link
loading license key: D-Link
loading license key: D-Link

insmod: add-symbol-file build/debug/kleds_mod.o 0xc0005000 -s .data 0xc00058d0 -s .bss 0xc0005a60
Press ESC to enter BOOT MENU mode.
MAPS:
00400000-00759000 r-xp 00000000 1f:00 519888     /mnt/cramfs/bin/openrg
00769000-007de000 rw-p 00359000 1f:00 519888     /mnt/cramfs/bin/openrg
007de000-00914000 rwxp 007de000 00:00 0          [heap]
2aaa8000-2aaad000 r-xp 00000000 1f:00 3592820    /mnt/cramfs/lib/ld-uClibc-0.9.29.so
2aaad000-2aaae000 rw-p 2a
insmod: add-symbol-file build/debug/log_chardev.o 0xc0007000 -s .data 0xc00078e0 -s .bss 0xc0007a60
aad000 00:00 0
2aabc000-2aabd000 rw-p 00004000 1f:00 3592820    /mnt/cramfs/lib/ld-uClibc-0.9.29.so
2aabd000-2aacf000 r-xp 00000000 1f:00 4169796    /mnt/cramfs/lib/libopenrg.so
2aacf000-2aade000 ---p 2aacf000 00:00 0
2aade000-2aadf000 rw-p 00011000 1f:00 4169796    /mnt/cramfs/lib/libopenrg.so
2aadf000-2ab27000 r-xp 00000000 1f:00 3962660    /mnt/cramfs/lib/libjutil.so
2ab27000-2ab36000 ---p 2ab27000 00:00 0
2ab36000-2ab3c000 rw-p 00047000 1f:00 3962660    /mnt/cramfs/lib/libjutil.so
2ab3c000-2ab44000 rw-p 2ab3c000 00:00 0
2ab44000-2ab7c000 r-xp 00000000 1f:00 4246112    /mnt/cramfs/lib/libssl.so
2ab7c000-2ab8b000 ---p 2ab7c000 00:00 0
2ab8b000-2ab8f000 rw-p 00037000 1f:00 4246112    /mnt/cramfs/lib/libssl.so
2ab8f000-2ac88000 r-xp 00000000 1f:00 3606540    /mnt/cramfs/lib/libcrypto.so
2ac88000-2ac97000 ---p 2ac88000 00:00 0
2ac97000-2aca9000 rw-p 000f8000 1f:00 3606540    /mnt/cramfs/lib/libcrypto.so
2aca9000-2acac000 rw-p 2aca9000 00:00 0
2acac000-2acae000 r-xp 00000000 1f:00 3932700    /mnt/cramfs/lib/libdl-0.9.29.so
2acae000-2acbd000 ---p 2acae000 00:00 0
2acbd000-2acbe000 rw-p 00001000 1f:00 3932700    /mnt/cramfs/lib/libdl-0.9.29.so
2acbe000-2acd5000 r-xp 00000000 1f:00 4222192    /mnt/cramfs/lib/librg_config.so
2acd5000-2ace4000 ---p 2acd5000 00:00 0
2ace4000-2ace6000 rw-p 00016000 1f:00 4222192    /mnt/cramfs/lib/librg_config.so
2ace6000-2ace7000 rw-p 2ace6000 00:00 0
2ace7000-2ad01000 r-xp 00000000 1f:00 4059600    /mnt/cramfs/lib/libm-0
insmod: add-symbol-file build/debug/bcm_enet.o 0xc0029000 -s .data 0xc003af40 -s .bss 0xc003b290
.9.29.so
2ad01000-2ad10000 ---p 2ad01000 00:00 0
2ad10000-2ad11000 rw-p 00019000 1f:00 4059600    /mnt/cramfs/lib/libm-0.9.29.so
2ad11000-2ad12000 r-xp 00000000 1f:00 4434328    /mnt/cramfs/lib/libutil-0.9.29.so
2ad12000-2ad21000 ---p 2ad12000 00:00 0
2ad21000-2ad22000 rw-p 00000000 1f:00 4434328    /mnt/cramfs/lib/libutil-0.9.29.so
2ad22000-2ad74000 r-xp 00000000 1f:00 4323476    /mnt/cramfs/lib/libuClibc-0.9.29.so
2ad74000-2ad84000 ---p 2ad74000 00:Broadcom BCM6328B0 Ethernet Network Device 00 0
2ad84000-v0.1 Feb 19 2012 16:46:012ad85000 rw-p 00
052000 1f:00 432ETH Init: Ch:0 - 180 tx BDs at 0xa3e80000
3476    /mnt/craETH Init: Ch:0 - 400 rx BDs at 0xa3988000
mfs/lib/libuClibc-0.9.29.so
2ad85000-2ad8a000 rw-p 2ad85000 00:00 0
7f8a1000-7f8b6000 rwxp 7f8a1000 00:00 0          [stack]
dgasp: kerSysRegisterDyingGaspHandler: bcmsw registered

insmod: add-symbol-file build/debug/igmp_proxy_mod.o 0xc0015000 -s .data 0xc001b1d0 -s .bss 0xc001b330
insmod: add-symbol-file build/debug/rg_usfs.o 0xc0000000 -s .data 0xc0000fe0 -s .bss 0xc0001160
insmod: add-symbol-file build/debug/tcp_mss.o 0xc000c000 -s .data 0xc000c5a0 -s .bss 0xc000c720
insmod: add-symbol-file build/debug/rg_auth1x_pktfil.o 0xc0009000 -s .data 0xc000a2e0 -s .bss 0xc000a440
insmod: add-symbol-file build/debug/rg_ipv4.o 0xc0010000 -s .data 0xc0010210 -s .bss 0xc0010390
IPV4 device driver registered
insmod: add-symbol-file build/debug/pppoe_relay.o 0xc003f000 -s .data 0xc0041d40 -s .bss 0xc0041e90
message received before monitor task is initialized kerSysSendtoMonitorTask
insmod: add-symbol-file build/debug/rg_pppoe_relay.o 0xc000e000 -s .data 0xc000e770 -s .bss 0xc000e8f0
insmod: add-symbol-file build/debug/bcm9636x_hw_switch_mod.o 0xc001d000 -s .data 0xc001dcc0 -s .bss 0xc001de70
insmod: add-symbol-file build/debug/wl.o 0xc03d5000 -s .data 0xc05d8fd0 -s .bss 0xc060a8a0
PCI: Enabling device 0000:02:00.0 (0000 -&gt; 0002)
wl:srom strapped
wl:(srom strapped) probe/present=0
wl:srom not detected,using main memory mapped srom info(wombo board)
wl:loading /etc/wlan/bcm43225_map.bin
wl0: Broadcom BCMa8d8 802.11 Wireless Controller 5.60.120.11.cpe4.06L03.8
dgasp: kerSysRegisterDyingGaspHandler: wl0 registered

insmod: add-symbol-file build/debug/btn.o 0xc001f000 -s .data 0xc001f540 -s .bss 0xc001f6f0
insmod: add-symbol-file build/debug/qos_ingress.o 0xc0021000 -s .data 0xc0021b00 -s .bss 0xc0021c90
insmod: add-symbol-file build/debug/bcmxtmcfg.o 0xc0068000 -s .data 0xc0071450 -s .bss 0xc0071840
bcmxtmcfg: bcmxtmcfg_init entry
insmod: add-symbol-file build/debug/bcmatm.o 0xc0023000 -s .data 0xc0023c10 -s .bss 0xc0023d60
XTM Init: 400 rx BDs at 0xa2e40000
XTM Init: 100 rx BDs at 0xa30bb000
ATM device initialized

insmod: add-symbol-file build/debug/adsldd.o 0xc01f1000 -s .data 0xc029fe30 -s .bss 0xc02a0800
adsl: adsl_init entry
device wl0 entered promiscuous mode
device bcmsw entered promiscuous mode
BcmAdsl_Initialize=0xC01F3930, g_pFnNotifyCallback=0xC029FEB4
pSdramPHY=0xA3FFFFF8, 0x1B7C32 0xDEADBEEF
*** PhySdramSize got adjusted: 0x7AB04 =&gt; 0x90698 ***
AdslCoreSharedMemInit: shareMemAvailable=457024
AdslCoreHwReset:  pLocSbSta=82eb0000 bkupThreshold=1600
AdslCoreHwReset:  AdslOemDataAddr = 0xA3F711A8
dgasp: kerSysRegisterDyingGaspHandler: dsl0 registered
Username: mt_cwmp: session not established, (session error: Could not resolve host), will retry in 20 seconds
openrg uses obsolete (PF_INET,SOCK_PACKET)
mt_cwmp: session not established, (session error: Could not resolve host), will retry in 7 seconds
&lt;/pre&gt;&lt;/small&gt;}}
&lt;small&gt;
====cat /proc/version====
&lt;pre&gt;
/ # cat /proc/version
Linux version 2.6.21.5 #1 Sun Feb 19 16:54:26 IST 2012
&lt;/pre&gt;

====ps aux====
&lt;pre&gt;
/ # ps aux
  PID  Uid     VmSize    RSS   Stat Command
    1 admin    716800    240    S   /bin/init
    2 admin    0         0      SWN [ksoftirqd/0]
    3 admin    0         0      SW&lt; [events/0]
    4 admin    0         0      SW&lt; [khelper]
    5 admin    0         0      SW&lt; [kthread]
    6 admin    0         0      SW&lt; [kblockd/0]
    7 admin    0         0      SW&lt; [khubd]
    8 admin    0         0      SW  [pdflush]
    9 admin    0         0      SW  [pdflush]
   10 admin    0         0      SW&lt; [kswapd0]
   11 admin    0         0      SW&lt; [aio/0]
   12 admin    0         0      SW  [mtdblockd]
   15 admin    8925184   5764   R   /bin/openrg
   23 admin    0         0      RW  [bcmsw]
   24 admin    0         0      SW  [bcmsw_timer]
   39 admin    0         0      SW  [dsl0]
   42 admin    4743168   2028   S   /bin/smbd -F
   43 admin    2195456   1240   S   /bin/nmbd -F
  122 admin    765952    344    S   nas -P 0 -i wl0 -m 128 -g 120000 -w 6 -s cc
  123 admin    2883584   744    S   wps_monitor --wps_device_name Verizon --wps
  124 admin    589824    220    S   eapd -P 0 -nas wl0 br0 -wps wl0 br0
  203 admin    4743168   804    S   /bin/smbd -F
  204 admin    712704    396    S   /bin/sh
  207 admin    704512    308    R   ps aux
&lt;/pre&gt;

====ifconfig====
&lt;pre&gt;
/etc # ifconfig
bcmsw     Link encap:Ethernet  HWaddr CC:B2:55:41:45:6B
          UP BROADCAST NOTRAILERS RUNNING PROMISC MULTICAST  MTU:1500  Metric:1
          RX packets:0 errors:0 dropped:0 overruns:0 frame:0
          TX packets:81 errors:0 dropped:0 overruns:0 carrier:0
          collisions:0 txqueuelen:100
          RX bytes:0 (0.0 B)  TX bytes:7781 (7.5 KiB)
          Interrupt:40 Base address:0xda00

br0       Link encap:Ethernet  HWaddr CC:B2:55:41:45:68
          inet addr:192.168.1.1  Bcast:192.168.1.255  Mask:255.255.255.0
          UP BROADCAST NOTRAILERS RUNNING MULTICAST  MTU:1500  Metric:1
          RX packets:320 errors:0 dropped:0 overruns:0 frame:0
          TX packets:53 errors:0 dropped:0 overruns:0 carrier:0
          collisions:0 txqueuelen:100
          RX bytes:48130 (47.0 KiB)  TX bytes:5407 (5.2 KiB)

lo        Link encap:Local Loopback
          inet addr:127.0.0.1  Mask:255.0.0.0
          UP LOOPBACK NOTRAILERS RUNNING MULTICAST  MTU:16436  Metric:1
          RX packets:334 errors:0 dropped:0 overruns:0 frame:0
          TX packets:334 errors:0 dropped:0 overruns:0 carrier:0
          collisions:0 txqueuelen:0
          RX bytes:67975 (66.3 KiB)  TX bytes:67975 (66.3 KiB)

s_br0     Link encap:Ethernet  HWaddr 00:00:00:00:00:00
          UP BROADCAST RUNNING MULTICAST  MTU:1500  Metric:1
          RX packets:53 errors:0 dropped:0 overruns:0 frame:0
          TX packets:320 errors:0 dropped:0 overruns:0 carrier:0
          collisions:0 txqueuelen:0
          RX bytes:5407 (5.2 KiB)  TX bytes:48130 (47.0 KiB)

wl0       Link encap:Ethernet  HWaddr CC:B2:55:41:45:6A
          UP BROADCAST NOTRAILERS RUNNING PROMISC MULTICAST  MTU:1500  Metric:1
          RX packets:0 errors:0 dropped:0 overruns:0 frame:6788
          TX packets:0 errors:0 dropped:0 overruns:0 carrier:0
          collisions:0 txqueuelen:100
          RX bytes:0 (0.0 B)  TX bytes:0 (0.0 B)
          Interrupt:31
&lt;/pre&gt;

====wlctl ver====
&lt;pre&gt;
/ # wlctl ver
wl utility: 5.60.120.11.cpe4.06L03.8
wl0: Sep  8 2011 14:25:04 version 5.60.120.11.cpe4.06L03.8
&lt;/pre&gt;

====wlctl -i wl0 revinfo====
&lt;pre&gt;
/ # wlctl -i wl0 revinfo
vendorid 0x14e4
deviceid 0x4357
radiorev 0xb2056000
chipnum 0xa8d9
chiprev 0x1
chippackage 0xa
corerev 0x17
boardid 0xa8d8
boardvendor 0x14e4
boardrev P230
driverrev 0x53c780b
ucoderev 0x2560137
bus 0x1
phytype 0x4
phyrev 0x6
anarev 0x0
&lt;/pre&gt;

====cat /etc/smbpasswd====
&lt;pre&gt;
/etc # cat smbpasswd
admin:0:3411440efde3633bc2265b23734e0dac:4ef2e5cc4358d946ab9156348d1792f0:
[UX         ]:LCT-3E122F80:
home:101:37653a880f5e2682aad3b435b51404ee:af88970bcd2d838327538e0cedbc2270:
[UX         ]:LCT-3E122F80:
&lt;/pre&gt;

====cat /proc/cpuinfo====
&lt;pre&gt;
/proc # cat cpuinfo
system type             : 96328avng
processor               : 0
cpu model               : Broadcom4350 V7.5
BogoMIPS                : 318.46
wait instruction        : yes
microsecond timers      : yes
tlb_entries             : 32
extra interrupt vector  : no
hardware watchpoint     : no
ASEs implemented        :
VCED exceptions         : not available
VCEI exceptions         : not available
&lt;/pre&gt;

====cat /proc/mtd====
&lt;pre&gt;
/proc # cat mtd
dev:    size   erasesize  name
mtd0: 005b0000 00004000 &quot;mainfs&quot;
mtd1: 01000000 00010000 &quot;Verizon&quot;
&lt;/pre&gt;

====cat /proc/cmdline====
&lt;pre&gt;
/proc # cat cmdline
cramfs=0   slram=mainfs,0x00354000,+5963776 console=ttyS0,115200 mtdparts=spi1.0:-@0(Verizon)
&lt;/pre&gt;

====cat /proc/bcm963xx====
&lt;pre&gt;
/proc/bcm963xx # cat *
(00) GPIODirHi        0x00000000
(04) GPIODir          0x00000e7e
(08) GPIOioHi         0x0f186f00
(0C) GPIOio           0xffffbfef
(14) SpiSlaveCfg      0x00000809
(18) GPIOMode         0x001e0bff
(1C) PinMuxSel        0xffffffff
(24) PinMuxSelOther   0x55555555
(30) RoboSWLEDControl 0x00000000
(34) RoboSWLEDLSR     0x33332222
(3C) RoboswEphyCtrl   0x0800000f
&lt;/pre&gt;

====cat /proc/bus/usb/devices====
&lt;pre&gt;
/proc/bus/usb # cat devices

T:  Bus=02 Lev=00 Prnt=00 Port=00 Cnt=00 Dev#=  1 Spd=12  MxCh= 1
B:  Alloc=  0/900 us ( 0%), #Int=  0, #Iso=  0
D:  Ver= 1.10 Cls=09(hub  ) Sub=00 Prot=00 MxPS=64 #Cfgs=  1
P:  Vendor=0000 ProdID=0000 Rev= 2.06
S:  Manufacturer=Linux 2.6.21.5 ohci_hcd
S:  Product=OHCI Host Controller
S:  SerialNumber=0000:00:09.0
C:* #Ifs= 1 Cfg#= 1 Atr=e0 MxPwr=  0mA
I:* If#= 0 Alt= 0 #EPs= 1 Cls=09(hub  ) Sub=00 Prot=00 Driver=hub
E:  Ad=81(I) Atr=03(Int.) MxPS=   2 Ivl=255ms

T:  Bus=01 Lev=00 Prnt=00 Port=00 Cnt=00 Dev#=  1 Spd=480 MxCh= 1
B:  Alloc=  0/800 us ( 0%), #Int=  0, #Iso=  0
D:  Ver= 2.00 Cls=09(hub  ) Sub=00 Prot=01 MxPS=64 #Cfgs=  1
P:  Vendor=0000 ProdID=0000 Rev= 2.06
S:  Manufacturer=Linux 2.6.21.5 ehci_hcd
S:  Product=EHCI Host Controller
S:  SerialNumber=0000:00:0a.0
C:* #Ifs= 1 Cfg#= 1 Atr=e0 MxPwr=  0mA
I:* If#= 0 Alt= 0 #EPs= 1 Cls=09(hub  ) Sub=00 Prot=00 Driver=hub
E:  Ad=81(I) Atr=03(Int.) MxPS=   4 Ivl=256ms
&lt;/pre&gt;
&lt;!--
====cat /proc/bus/pci/devices====
&lt;pre&gt;
/proc/bus/pci # cat devices
0048    14e46300        31              10002600                   0                   0                       0                  0                0                       0                     100                       0                       0                   0                       0                       0                       0        ohci_hcd
0050    14e46300        32              10002500                   0                   0                       0                  0                0                       0                     100                       0                       0                   0                       0                       0                       0        ehci_hcd
0100    14e46328        0                      0                   0                   0                       0                  0                0                       0                       0                       0                       0                   0                       0                       0                       0        pcieport-driver
0200    14e4a8d8        1f              10f00004                   0                   0                       0                  0                0                       0                    4000                       0                       0                   0                       0                       0                       0        wl
&lt;/pre&gt;--&gt;
&lt;/small&gt;

==Images==
&lt;gallery caption=&quot;internal&quot;&gt;
File:D-Link_DSL-2750B_T1_board_top.JPG|board top
File:D-Link_DSL-2750B_T1_board_central.JPG|central board portion
File:D-Link_DSL-2750B_T1_BCM42335_RF.JPG|BCM43225 Wi-Fi IC
File:D-Link_DSL-2750B_T1_board_Flash_and_BCM6301.JPG|Flash + BCM6301
File:D-Link_DSL-2750B_T1_board_DSL.JPG|board, DSL section
File:D-Link_DSL-2750B_T1_board_power.JPG|board, power section
&lt;/gallery&gt;[[Has images::internal| ]]

__NOTOC__</text>
      <sha1>sj1ugkwttk9hmiwcgo85ei12milmzwr</sha1>
    </revision>
  </page>