<page>
    <title>D-Link DIR-865L</title>
    <ns>0</ns>
    <id>54914</id>
    <revision>
      <id>380141</id>
      <parentid>380111</parentid>
      <timestamp>2022-11-09T23:33:06Z</timestamp>
      <contributor>
        <username>Omega</username>
        <id>24</id>
      </contributor>
      <comment>fixed ;</comment>
      <origin>380141</origin>
      <model>wikitext</model>
      <format>text/x-wiki</format>
      <text bytes="30605" sha1="nqucfk6j6j31ox31e4ecio6642blmpc" xml:space="preserve">{{Wireless embedded system
|brand=D-Link
|model=DIR-865L
|revision=A1
|upc=790069379710
|asin=B008DWCRQW
|manuf_country=China
|is_manuf=No
|manuf=Alpha Networks
|manuf_model=WRG-AC01
|price=190
|est_release_date=07/2/2012
|fcc_date=06/15/2012
|fcc_id=KA2IR865LA1
|ic_id=4216A-IR865LA1
|pcb_id=8WRGAC01.2A1G
|type=wireless router
|pwr_v=12
|pwr_amp=3
|pwr_conn=barrel
|cpu1_brand=Broadcom
|cpu1_model=BCM4706;BCM4706KPBG, UG1236 P20, 231772 N1 W;
|fla1=16
|fla1_brand=Macronix
|fla1_model=MX25L12845EMI-10G
|ram1=256
|ram1_brand=Micron
|ram1_model=MT47H64M16HR-25E:H
|ram1_num=2
|expansion_if_types=Mini PCIe, USB 2.0
|expansion_minipcie_num=1
|expansion_usb_num=1
|serial=yes,, 4-pin header,, (115200 8N1)
|wi1_module=Alpha Networks WMC-AC01
|wi1_module_if=Mini PCIe (oversized)
|wi1_chip1_brand=Broadcom
|wi1_chip1_model=BCM4360;BCM4360KMLG, TT1235 P10, 228685 6 B W;
|wi1_802dot11_protocols=an+ac
|wi1_ant_conn=U.FL
|wi1_txchains=3
|wi1_rxchains=3
|wi1_sstreams=3
|wi2_chip1_brand=Broadcom
|wi2_chip1_model=BCM4331;BCM4331KMLG, TE1232 P21, 223553 3 W;
|wi2_802dot11_protocols=bgn
|wi2_ant_conn=U.FL
|wi2_txchains=3
|wi2_rxchains=3
|wi2_sstreams=3
|eth_cpu=true
|sw_brand=Broadcom
|sw_model=BCM53125
|lan_speed=1GbE
|lan_ports=4
|wan_speed=1GbE
|wan_ports=1
|flags=boot log
|stock_boot=CFE;6.30.39.2001;(r334376);
|stock_os=Linux;2.6.22;
|tp_firmware=FreshTomato, [http://www.linksysinfo.org/index.php?threads/new-tomato-firmware-for-d-link-dir-865l-ac1750-router.70230/  vineyard's custom Tomato version]
|802dot11_protocols=abgn+ac
|default_ssid=dlink-XXXX, dlink-media-XXXX
|default_ssid_regex=^dlink-[A-F0-9]{4}$,,, ^dlink-media-[A-F0-9]{4}$
|default_ip=192.168.0.1
|default_user=admin
|oui=90:94:E4
|oui_eth=90:94:E4
}}
{{TagLine|Wireless AC1750 Dual Band Cloud Router}}
:{{ProductPage|http://www.dlink.com/us/en/home-solutions/connect/routers/dir-865l-cloud-router-5700}} {{SupportPage|vendor=D-Link|model=DIR-865L}}

&quot;8WRGAC01.2A1G&quot; is silkscreened on the back of the main board.
:The main board is using ''TAICON'' electrolytic capacitors.
&quot;8WMCAC01.2A1G&quot; is silkscreened on the 802.11ac wireless module in the FCC photos.

The default SSID patterns for the device are '''dlink-XXXX''' and '''dlink-media-XXXX'''. '''XXXX''' 
:is the last two octets of the respective wireless interface's MAC address (upper case letters).

The power adapter shown in the FCC photos (and presumably the one included with the device) 
:is an '''Asian Power Devices''' WA-36C12R (100-240VAC ~ 50-60Hz, 1A Max. -&gt; 12VDC, 3A).

{{WiFiCert|WFA15518|07/20/2012}}

===Serial===
The default telnet credentials are '''Alphanetworks''' (user) 
:and ''wrgac01_dlob.hans_dir865'' (password).

====Pinout====
The pinout seems to be the standard current '''Alpha''' pinout.
&lt;pre&gt;
JP2
[RxD]     [3.3][GND][TxD]
&lt;/pre&gt;

====Info dump====
{{SCollapse|Info dump â€¢ &gt;&gt;
|&lt;small&gt;
;cat /proc/mtd
&lt;pre&gt;
# cat /proc/mtd
dev:    size   erasesize  name
mtd0: 0085b000 00010000 &quot;rootfs&quot;
mtd1: 00f00000 00010000 &quot;upgrade&quot;
mtd2: 00010000 00010000 &quot;devconf&quot;
mtd3: 00010000 00010000 &quot;devdata&quot;
mtd4: 00020000 00010000 &quot;langpack&quot;
mtd5: 01000000 00010000 &quot;flash&quot;
mtd6: 00030000 00010000 &quot;u-boot&quot;
mtd7: 00010000 00010000 &quot;nvram&quot;
mtd8: 00080000 00010000 &quot;mydlink&quot;&lt;/pre&gt;

;wl -i wifia0 revinfo
&lt;pre&gt;
# wl -i wifia0 revinfo
vendorid 0x14e4
deviceid 0x43a2
radiorev 0x32069000
chipnum 0x4360
chiprev 0x2
chippackage 0x1
corerev 0x28
boardid 0x621
boardvendor 0x14e4
boardrev P307
driverrev 0x61e277d
ucoderev 0x2f1006e
bus 0x1
phytype 0xb
phyrev 0x0
anarev 0x0&lt;/pre&gt;

;wl -i wifig0 revinfo
&lt;pre&gt;
# wl -i wifig0 revinfo
vendorid 0x14e4
deviceid 0x4332
radiorev 0x2059000
chipnum 0x4331
chiprev 0x2
chippackage 0x8
corerev 0x1d
boardid 0x617
boardvendor 0x14e4
boardrev P102
driverrev 0x61e277d
ucoderev 0x2f1006e
bus 0x1
phytype 0x7
phyrev 0x1
anarev 0x0&lt;/pre&gt;

;stock FW (I think) boot log
&lt;pre&gt;
SVN revision: 668
Decompressing...done


CFE version 6.30.39.2001 (r334376) based on BBP 1.0.37 for BCM947XX (32bit,SP,LE)
Build Date: Mon Jul 16 13:56:31 CST 2012 (michael_lee@Porsche)
Copyright (C) 2000-2008 Broadcom Corporation.

Init Arena
Init Devs.
Boot partition size = 327680(0x50000)
Found an ST compatible serial flash with 256 64KB blocks; total size 16MB
bcm_robo_enable_switch: EEE is disabled
et0: Broadcom BCM47XX 10/100/1000 Mbps Ethernet Controller 6.30.39.2001 (r334376)
CPU type 0x19749: 600MHz
Tot mem: 131072 KBytes

CFE mem:    0x80700000 - 0x807A57C0 (677824)
Data:       0x8073AA10 - 0x8073DDC0 (13232)
BSS:        0x8073DDC0 - 0x8073F7C0 (6656)
Heap:       0x8073F7C0 - 0x807A37C0 (409600)
Stack:      0x807A37C0 - 0x807A57C0 (8192)
Text:       0x80700000 - 0x8073AA08 (240136)

Board Name: WRGAC01
SVN revision: 668
We disable the arp for self.
We disable the arp for self.
Device eth0:  hwaddr 00-90-4C-0D-B0-18, ipaddr 192.168.0.1, mask 255.255.255.0
        gateway not set, nameserver not set
Loader:raw Filesys:tftp Dev:eth0 File:: Options:(null)
Loading: Failed.
Could not load :: Timeout occured
Dest=80001000, source =807a57c0, filename=flash1.trx
verify_seama: data=0x8073a4a0, size=-2139465792
SEAMA ==========================================
  magic      : 5ea3a417
  meta size  : 36 bytes
  meta data  : dev=/dev/mtdblock/1
  meta data  : type=firmware
  meta data  : 
  meta data  : 
  image size : 10203168 bytes
verify_seama: signature=[(null)], type=[firmware]
  checksum   : 473A291ABB7AEC4DA9B61E48D7DAF9BD
  digest     : 473A291ABB7AEC4DA9B61E48D7DAF9BD
  Selected !!!
================================================
seama check OK!!
insize = 2097152, out size =8388608
uncompressed size = 4624518
lzma decompress success !
Closing network.
Starting program at 0x80001000
Linux version 2.6.22 (joely@enzo) (gcc version 4.2.3) #2 Thu Jul 19 17:44:53 CST 2012
CPU revision is: 00019749
Found an ST compatible serial flash with 256 64KB blocks; total size 16MB
Determined physical RAM map:
 memory: 07fff000 @ 00000000 (usable)
 memory: 08000000 @ 87fff000 (usable)
Initrd not found or empty - disabling initrd
Zone PFN ranges:
  Normal          0 -&gt;   131072
  HighMem    131072 -&gt;   589823
early_node_map[2] active PFN ranges
    0:        0 -&gt;    32767
    0:   557055 -&gt;   589823
Built 1 zonelists.  Total pages: 65535
Kernel command line: root=/dev/mtdblock0 console=ttyS0,115200 noinitrd
Primary instruction cache 32kB, physically tagged, 4-way, linesize 32 bytes.
Primary data cache 32kB, 4-way, linesize 32 bytes.
Synthesized TLB refill handler (20 instructions).
Synthesized TLB load handler fastpath (32 instructions).
Synthesized TLB store handler fastpath (32 instructions).
Synthesized TLB modify handler fastpath (31 instructions).
PID hash table entries: 512 (order: 9, 2048 bytes)
CPU: BCM5300 rev 1 at 600 MHz
Using 300.000 MHz high precision timer.
Dentry cache hash table entries: 16384 (order: 4, 65536 bytes)
Inode-cache hash table entries: 8192 (order: 3, 32768 bytes)
Memory: 253664k/131068k available (3549k kernel code, 8184k reserved, 742k data, 224k init, 131072k highmem)
Mount-cache hash table entries: 512
NET: Registered protocol family 16
SCSI subsystem initialized
usbcore: registered new interface driver usbfs
usbcore: registered new interface driver hub
usbcore: registered new device driver usb
PCI: Initializing host
PCI: Reset RC
PCI: Initializing host
PCI: Reset RC
PCI: Fixing up bus 0
PCI/PCIe coreunit 0 is set to bus 1.
PCI: Fixing up bridge
PCI: Fixing up bridge
PCI: Enabling device 0000:01:00.1 (0004 -&gt; 0006)
PCI: Fixing up bus 1
PCI/PCIe coreunit 1 is set to bus 2.
PCI: Fixing up bridge
PCI: Fixing up bridge
PCI: Enabling device 0000:02:00.1 (0004 -&gt; 0006)
PCI: Fixing up bus 2
Time: MIPS clocksource has been installed.
NET: Registered protocol family 2
IP route cache hash table entries: 1024 (order: 0, 4096 bytes)
TCP established hash table entries: 4096 (order: 3, 32768 bytes)
TCP bind hash table entries: 4096 (order: 2, 16384 bytes)
TCP: Hash tables configured (established 4096 bind 4096)
TCP reno registered
highmem bounce pool size: 64 pages
VFS: Disk quotas dquot_6.5.1
Dquot-cache hash table entries: 1024 (order 0, 4096 bytes)
squashfs: version 3.2-r2 (2007/01/15) Phillip Lougher
fuse init (API version 7.8)
io scheduler noop registered (default)
HDLC line discipline: version $Revision: 1.1.1.1 $, maxframe=4096
N_HDLC line discipline registered.
Serial: 8250/16550 driver $Revision: 1.1.1.1 $ 4 ports, IRQ sharing disabled
serial8250: ttyS0 at MMIO 0x0 (irq = 8) is a 16550A
serial8250: ttyS1 at MMIO 0x0 (irq = 8) is a 16550A
RAMDISK driver initialized: 16 RAM disks of 4096K size 1024 blocksize
loop: module loaded
PPP generic driver version 2.4.2
PPP BSD Compression module registered
PPP MPPE Compression module registered
NET: Registered protocol family 24
PPTP driver version 0.7
pflash: found no supported devices
sflash: the flash image has SEAMA header, retry: 0
sflash: squashfs filesystem found at offset 1769536
Creating 9 MTD partitions on &quot;sflash&quot;:
0x001b0060-0x00a0b060 : &quot;rootfs&quot;
0x00050000-0x00f50000 : &quot;upgrade&quot;
0x00040000-0x00050000 : &quot;devconf&quot;
0x00030000-0x00040000 : &quot;devdata&quot;
0x00fd0000-0x00ff0000 : &quot;langpack&quot;
0x00000000-0x01000000 : &quot;flash&quot;
0x00000000-0x00030000 : &quot;u-boot&quot;
0x00ff0000-0x01000000 : &quot;nvram&quot;
0x00f50000-0x00fd0000 : &quot;mydlink&quot;
No NAND flash type found
nflash: found no supported devices
No NAND flash type found
brcmnand: found no supported devices
usbmon: debugfs is not available
ehci_hcd 0000:00:04.1: EHCI Host Controller
ehci_hcd 0000:00:04.1: new USB bus registered, assigned bus number 1
ehci_hcd 0000:00:04.1: EHCI Fastpath: New EHCI driver starting
ehci_hcd 0000:00:04.1: irq 6, io mem 0x18004000
ehci_hcd 0000:00:04.1: USB 0.0 started, EHCI 1.00, driver 10 Dec 2004
usb usb1: configuration #1 chosen from 1 choice
hub 1-0:1.0: USB hub found
hub 1-0:1.0: 2 ports detected
ohci_hcd 0000:00:04.0: OHCI Host Controller
ohci_hcd 0000:00:04.0: new USB bus registered, assigned bus number 2
ohci_hcd 0000:00:04.0: irq 6, io mem 0x18009000
usb usb2: configuration #1 chosen from 1 choice
hub 2-0:1.0: USB hub found
hub 2-0:1.0: 2 ports detected
Initializing USB Mass Storage driver...
usbcore: registered new interface driver usb-storage
USB Mass Storage support registered.
u32 classifier
nf_conntrack version 0.5.0 (2047 buckets, 16376 max)
xt_time: kernel timezone is -0000
BCM fast NAT: INIT
ip_tables: (C) 2000-2006 Netfilter Core Team
TCP cubic registered
NET: Registered protocol family 1
NET: Registered protocol family 10
ip6_tables: (C) 2000-2006 Netfilter Core Team
IPv6 over IPv4 tunneling driver
NET: Registered protocol family 17
Ebtables v2.0 registered
802.1Q VLAN Support v1.8 Ben Greear &lt;greearb@candelatech.com&gt;
All bugs added by David S. Miller &lt;davem@redhat.com&gt;
VFS: Mounted root (squashfs filesystem) readonly.
Freeing unused kernel memory: 224k freed
Failed to execute /init
init started: BusyBox v1.14.1 (2012-07-19 17:46:19 CST)
starting pid 670, tty '': '/etc/init.d/rcS'
Algorithmics/MIPS FPU Emulator v1.5
[/etc/init.d/S10init.sh]
[/etc/init.d/S11upboot.sh]
[/etc/init.d/S15udevd.sh]
[/etc/init.d/S16ipv6.sh]
[/etc/init.d/S19init.sh]
[/etc/init.d/S20init.sh]
  DEFNODE[/etc/defnodes/S11devdata.xml]
  DEFNODE[/etc/defnodes/S12flashspeed.php]
  DEFNODE[/etc/defnodes/S13dfs.php]
  DEFNODE[/etc/defnodes/S14setchlist.php]
  DEFNODE[/etc/defnodes/S20device.xml]
  DEFNODE[/etc/defnodes/S22timezone.php]
[/etc/scripts/setdate.sh] 01/01/2000 ...
Sat Jan  1 08:00:04 GMT 2000
  DEFNODE[/etc/defnodes/S30device.php]
  DEFNODE[/etc/defnodes/S30device.xml]
  DEFNODE[/etc/defnodes/S31diagnostic.xml]
  DEFNODE[/etc/defnodes/S31locale.php]
  DEFNODE[/etc/defnodes/S33wifi.php]
  DEFNODE[/etc/defnodes/S40device.xml]
  DEFNODE[/etc/defnodes/S40links.php]
  DEFNODE[/etc/defnodes/S90opendns.php]
  DEFNODE[/etc/defnodes/S90sessions.php]
  DEFNODE[/etc/defnodes/S90upnpigd.php]
  DEFNODE[/etc/defnodes/S90upnpwfa.php]
  DEFNODE[/etc/defnodes/S91upnpigd2.php]
SERVD: start service [LOGD]
[/etc/init.d/S20interfaces.sh]
/proc/sys/net/ipv6/conf/eth2/accept_dad: can't create
/proc/sys/net/ipv6/conf/eth2/disable_ipv6: can't create
SIOCGIFINDEX: No such device
SIOCGIFFLAGS: No such device
[/etc/init.d/S21usbmount.sh]
[/etc/init.d/S22mydlink.sh]
[/etc/init.d/S23udevd.sh]
[/etc/init.d/S45gpiod.sh]
Factory reset time : 5 secs
00: WPS Button using GPIO #14, input mode.
01: Factory Reset Button using GPIO #5, input mode.
02: Power_Status LED Green using GPIO #0, output mode.
03: Power_Status LED Orange using GPIO #1, output mode.
04: Internet LED Orange using GPIO #3, output mode.
05: Internet LED Green using GPIO #2, output mode.
06: USB  using GPIO #7, output mode.
et interface not found
[/etc/init.d/rcS] done!
SERVD: event [WANPORT.LINKDOWN] not found!
[/etc/init0.d/S21layout.sh]: start ...
SERVD: start service [LAYOUT]
[/etc/init0.d/S40event.sh]: start ...
ctf: module license 'Proprietary' taints kernel.
et_module_init: passivemode set to 0x0
et_module_init: et_txq_thresh set to 0x0
bcm_robo_enable_switch: EEE is disabled
SERVD: event [SEALPAC.LOAD/default]
SEAMA: '/dev/mtdblock/4' is not eth0: Broadcom BCM47XX 10/100/1000 Mbps Ethernet Controller 6.30.39.2001 (r334376)
a seama file !
[/etc/init0.d/S40gpioevent.sh]: start ...
eneth0.1: Setting MAC address to  90 94 e4 fc b6 05.
VLAN (eth0.1):  Underlying device (eth0) has same MAC, not checking promiscious mode.
eth0.2: Setting MAC address to  90 94 e4 fc b6 07.
device eth0 entered promiscuous mode
VLAN (eth0.2):  Setting underlying device (eth0) to promiscious mode.
[/etc/init0.d/S41autowan.sh]: start ...
eth0.1: dev_set_promiscuity(master, 1)
device eth0.1 entered promiscuous mode
br0: port 1(eth0.1) entering learning state
br0: topology change detected, propagating
br0: port 1(eth0.1) entering forwarding state
[/etc/init0.d/S41autowanv6.sh]: start ...
[/etc/init0.d/S41event.sh]: start ...
SERVD: start service [LOGD]
SERVD: service [LOGD] is already started.
SERVD: start service [PHYINF.ETH-1]
[/etc/init0.d/S41inf.sh]: start ...
SERVD: start service [PHYINF.ETH-2]
[/etc/init0.d/S41smart404.sh]: start ...
PHYINF.ETH-2: cfg[00:de:fa:1a:02:00] curr[00:00:00:00:00:00], restart the device !!!
SERVD: start service [PHYINF.ETH-3]
[/etc/init0.d/S42event.sh]: start ...
[/etc/init0.d/S42pthrough.sh]: start ...
[/etc/init0.d/S43mydlinkevent.sh]: start ...
[/etc/init0.d/S51wlan.sh]: start ...
SERVD: start service [BRIDGE]
BRIDGE: The device is not in the bridge mode.
SERVD: start service [LAN]
SERVD: start service [WAN]
PCI: Enabling device 0000:01:01.0 (0000 -&gt; 0002)
srom rev:11
eth1: Broadcom BCM43a2 802.11 Wireless Controller 6.30.39.2001 (r334376 WLTEST)
PCI: Enabling device 0000:02:01.0 (0000 -&gt; 0002)
sprom_read_pci: buf[0] = 0xffff, returning bad-crc
sprom_read_pci: buf[0] = 0xffff, returning bad-crc
sprom_read_pci: buf[0] = 0xffff, returning bad-crc
srom rev:0
eth2: Broadcom BCM4331 802.11 Wireless Controller 6.30.39.2001 (r334376 WLTEST)
SERVD: start service [DEVICE.PASSTHROUGH]
/proc/pthrough/ipv6: can't create
/proc/pthrough/pppoe: can't create
SERVD: start service [MYDLINK.LOG]
SERVD: start service [WIFI.PHYINF]
SERVD: service [WIFI.PHYINF] return error 108.
SERVD: start service [IPTABLES]
wlc_phy_cal_init_acphy: NOT Implemented
[/etc/init0.d/S60shareport.sh]: start ...
CONNTRACK_MAX=36000
CONNTRACK_MIN=36000
[/etc/init0.d/S65ddnsd.sh]: start ...
[/etc/init0.d/S65user.sh]: start ...
[/etc/init0.d/S80telnetd.sh]: start ...
Create /var/proc/alpha symbolic link...
Enable Fast Route
[/etc/init0.d/rcS] done!

Please press Enter to activate this console. SERVD: start service [IP6TABLES]
SERVD: start service [IPTABLES]
SERVD: service [IPTABLES] is already started.
SERVD: start service [IP6TABLES]
SERVD: service [IP6TABLES] is already started.
SERVD: start service [INET.LAN-1]
[/var/servd/INET.LAN-1_start.sh]: starting LAN-1...
SERVD: event [LAN-1.UP/default]
/proc/nf_accelerate_to_local: can't create
[/var/servd/INET.LAN-1_start.sh]: starting LAN-1 done !!!
SERVD: start service [INET.LAN-2]
[/var/servd/INET.LAN-2_start.sh]: starting LAN-2...
SERVD: event [LAN-2.UP/default]
[/var/servd/INET.LAN-2_start.sh]: starting LAN-2 done !!!
SERVD: start service [INET.LAN-4]
#!/bin/sh
# No inet profile!!
exit 9

SERVD: start service [INET.LAN-5]
#!/bin/sh
# No inet profile!!
exit 9

SERVD: start service [INET.LAN-6]
ifsetup: (LAN-6) not active.
SERVD: service [INET.LAN-6] return error 8.
SERVD: start service [IPTMACCTRL]
SERVD: start service [IPTURLCTRL]
SERVD: start service [ACCESSCTRL]
SERVD: start service [IPTPORTT]
SERVD: start service [IP6T.LAN-1]
SERVD: start service [IP6T.LAN-2]
SERVD: start service [IP6T.LAN-3]
SERVD: start service [IP6T.LAN-4]
SERVD: start service [IP6T.LAN-5]
SERVD: start service [IP6T.LAN-6]
SERVD: start service [IPTABLES]
SERVD: service [IPTABLES] is already started.
SERVD: start service [IP6TABLES]
SERVD: service [IP6TABLES] is already started.
SERVD: start service [INET.WAN-1]
[/var/servd/INET.WAN-1_start.sh]: starting WAN-1...
[/var/servd/INET.WAN-1_start.sh]: starting WAN-1 done !!!
SERVD: start service [INET.WAN-2]
ifsetup: (WAN-2) not active.
SERVD: service [INET.WAN-2] return error 8.
SERVD: start service [INET.WAN-3]
[/var/servd/INET.WAN-3_start.sh]: starting WAN-3...
WAN-3 a is link local interface.
SERVD: event [WAN-3.UP/default]
[/var/servd/INET.WAN-3_start.sh]: starting WAN-3 done !!!
SERVD: start service [INET.WAN-4]
ifsetup: (WAN-4) not active.
SERVD: service [INET.WAN-4] return error 8.
SERVD: start service [INET.WAN-5]
ifsetup: (WAN-5) not active.
SERVD: service [INET.WAN-5] return error 8.
SERVD: start service [IPTMASQ]
/proc/sys/net/ipv4/ip_personality_sport: can't create
/proc/sys/net/ipv4/ip_personality_enable: can't create
SERVD: start service [IPTVSVR]
SERVD: start service [IPTPFWD]
SERVD: start service [IPTPORTT]
SERVD: service [IPTPORTT] is already started.
SERVD: start service [IPTDMZ]
SERVD: start service [IPT.WAN-1]
SERVD: start service [IP6T.WAN-1]
SERVD: start service [IPT.WAN-2]
SERVD: start service [IP6T.WAN-2]
SERVD: start service [IPT.WAN-3]
SERVD: start service [IP6T.WAN-3]
SERVD: start service [IPT.WAN-4]
SERVD: start service [IP6T.WAN-4]
SERVD: start service [IPT.WAN-5]
SERVD: service [IPT.WAN-5] return error 108.
SERVD: start service [IP6T.WAN-5]
SERVD: service [IP6T.WAN-5] return error 108.
SERVD: stop service [IPT.LAN-1]
SERVD: service [IPT.LAN-1] is already stopped.
SERVD: start service [IPT.LAN-1]
/proc/fastnat/forskipsupport: can't create
SERVD: stop service [IPT.LAN-2]
SERVD: service [IPT.LAN-2] is already stopped.
SERVD: start service [IPT.LAN-2]
/proc/fastnat/forskipsupport: can't create
SERVD: stop service [IPT.LAN-3]
SERVD: service [IPT.LAN-3] is already stopped.
SERVD: start service [IPT.LAN-3]
SERVD: service [IPT.LAN-3] return error 108.
SERVD: stop service [IPT.LAN-4]
SERVD: service [IPT.LAN-4] is already stopped.
SERVD: start service [IPT.LAN-4]
SERVD: service [IPT.LAN-4] return error 108.
SERVD: stop service [IPT.LAN-5]
SERVD: service [IPT.LAN-5] is already stopped.
SERVD: start service [IPT.LAN-5]
SERVD: service [IPT.LAN-5] return error 108.
SERVD: stop service [IPT.LAN-6]
SERVD: service [IPT.LAN-6] is already stopped.
SERVD: start service [IPT.LAN-6]
SERVD: service [IPT.LAN-6] return error 108.
SERVD: start service [PHYINF.WIFI]
SERVD: start service [DEVICE.ACCOUNT]
Password for 'Admin' has been updated
SERVD: start service [SHAREPORT]&lt;/pre&gt;

;cat /proc/bus/pci/devices
&lt;pre&gt;0000    14e40800        8               18000000                       0                       0                       0                       0                       0                       0                    1000                       0                       0                       0                       0                       0                     800
0008    14e44715        4               18002000                       0                       0                       0                       0                       0                       0                    1000                       0                       0                       0                       0                       0                     800        et
0020    14e4471a        6               18009000                       0                       0                       0                       0                       0                       0                    1000                       0                       0                       0                       0                       0                     800        ohci_hcd
0021    14e4471a        6               18004000                       0                       0                       0                       0                       0                       0                    1000                       0                       0                       0                       0                       0                     800        ehci_hcd
0028    14e40820        3               18005000                       0                       0                       0                       0                       0                       0                    1000                       0                       0                       0                       0                       0                     800
0030    14e40820        5               1800e000                       0                       0                       0                       0                       0                       0                    1000                       0                       0                       0                       0                       0                     800
0038    14e4052e        e               18006000                       0                       0                       0                       0                       0                       0                    1000                       0                       0                       0                       0                       0                     800
0040    14e4080e        10              18007000                       0                       0                       0                       0                       0                       0                    1000                       0                       0                       0                       0                       0                     800
0048    14e40534        f               18008000                       0                       0                       0                       0                       0                       0                    1000                       0                       0                       0                       0                       0                     800
0100    14e45300        3                8000004                       0                       4                       0                       0                       0                       0                    4000                       0                 8000000                       0                       0                       0                       0
0101    14e40000        3                8004004                       0                       4                       0                       0                       0                       0                    4000                       0                 8000000                       0                       0                       0                       0
0108    14e443a2        3                8008004                       0                 8200004                       0                       0                       0                       0                    8000                       0                  200000                       0                       0                       0                       0        wl
0200    14e45300        5               40000004                       0                       4                       0                       0                       0                       0                    4000                       0                 8000000                       0                       0                       0                       0
0201    14e40000        5               40004004                       0                       4                       0                       0                       0                       0                    4000                       0                 8000000                       0                       0                       0                       0
0208    14e44331        5               40008004                       0                       0                       0                       0                       0                       0                    4000                       0                       0                       0                       0                       0                       0        wl&lt;/pre&gt;

;ps
&lt;pre&gt;# ps
  PID USER       VSZ STAT COMMAND
    1 root       748 S    init
    2 root         0 SW&lt;  [kthreadd]
    3 root         0 SW&lt;  [ksoftirqd/0]
    4 root         0 SW&lt;  [events/0]
    5 root         0 SW&lt;  [khelper]
   32 root         0 SW&lt;  [kblockd/0]
   33 root         0 SW&lt;  [ksuspend_usbd]
   36 root         0 SW&lt;  [khubd]
   68 root         0 SW   [pdflush]
   69 root         0 SW   [pdflush]
   70 root         0 SW&lt;  [kswapd0]
   71 root         0 SW&lt;  [aio/0]
  624 root         0 SW&lt;  [mtdblockd]
  695 root       904 S &lt;  udevd --daemon
  716 root      1684 S    xmldb -n wrgac01_dlob.hans_dir865 -t
  717 root       932 S    servd -d schedule_off
  850 root       868 S    logd -p notice
  852 root       832 S    klogd -p notice
  886 root       872 S    gpiod -w 0
  977 root         0 SW&lt;  [scsi_eh_0]
  979 root         0 SW&lt;  [usb-storage]
 1211 root      1096 S    /var/run/fakedns --port=63481 --address=/dlinkrouter/
 1265 root       872 S    arpmonitor -i br0
 1715 root       836 S    portt -c DNAT.PORTT
 1716 root       908 S    ddnsd
 1756 root       840 R    telnetd -l /usr/sbin/login -u Alphanetworks:wrgac01_d
 1824 root       848 S    /bin/sh /etc/scripts/cpuload.sh
 1844 root       864 S    -/bin/sh
 2353 root       992 S    udhcpc -i eth0.2 -H dlinkrouter -p /var/servd/WAN-1-u
 2716 root         0 SW&lt;  [sxuptp-wq]
 2717 root         0 SW   [sxuptp-ka]
 2731 root         0 SW   [jcpcore]
 2741 root      1076 S    /usr/sbin/jcpd -i br0
 2747 root      1060 S    /usr/sbin/hotplugd -D
 2748 root      1060 S    /usr/sbin/hotplugd -D
 2750 root      1060 S    /usr/sbin/hotplugd -D
 4342 root      1040 S    updatewifistats -s /etc/scripts/upwifistatshlper_G_ba
 4520 root      1040 S    updatewifistats -s /etc/scripts/upwifistatshlper_A_ba
 4550 root      1524 S    hostapd /var/topology.conf
 4684 root      2872 S    stunnel /var/stunnel.conf
 4709 root      1016 S    udhcpd /var/servd/LAN-1-udhcpd.conf
 4817 root      1016 S    udhcpd /var/servd/LAN-2-udhcpd.conf
 5132 root      1104 S    mldproxy -c /var/run/mldproxy.conf -s /etc/scripts/ml
 5147 root      1224 S    mDNSResponderPosix -b -i br0 -f /var/rendezvous.conf
 5242 root      1084 S    dnsmasq -C /var/servd/DNS.conf
 5324 root      5692 S    smbd -D
 5326 root      5468 S    nmbd -D
 5333 root      5692 S    smbd -D
 5482 root      1012 S    lld2d -c /var/lld2d.conf br0 wifig0 wifia0
 5525 root      4988 S    httpd -f /var/run/httpd.conf
 5552 root       860 S    nameresolv -n -l -i br0 -r dlinkrouter -r dlinkrouter
10020 root       956 S    /usr/sbin/login Alphanetworks wrgac01_dlob.hans_dir86
10542 root       848 S    sh -c /bin/sh
10543 root       868 S    /bin/sh
11870 root       744 S    sleep 1
11871 root       752 R    ps&lt;/pre&gt;

;lsmod
&lt;pre&gt;# lsmod
Module                  Size  Used by
nf_nat_pptp             3040  0
nf_conntrack_pptp       6736  1 nf_nat_pptp
nf_conntrack_proto_gre     4768  1 nf_conntrack_pptp
nf_nat_proto_gre        2256  1 nf_nat_pptp
nf_nat_rtsp             5680  0
nf_conntrack_rtsp      73280  1 nf_nat_rtsp
nf_nat_sip              5248  0
nf_conntrack_sip        9504  1 nf_nat_sip
jcp_cmd                 8000  0
jcp                    12064  1 jcp_cmd
sxuptp_driver           5520  0
sxuptp_devfilter        5792  0
sxuptp                 44304  3 jcp_cmd,sxuptp_driver,sxuptp_devfilter
wl                   3485488  0
igs                    20336  1 wl
emf                    24160  2 wl,igs
et                     68272  0
ctf                    17152  0
&lt;/pre&gt;&lt;/small&gt;}}

==Images==
&lt;gallery&gt;
Image:D-Link_DIR-865L_board_top.jpg|board top
Image:D-Link_DIR-865L_board_top_shields_off_wimodule_removed.jpg|board top, shields off, wireless module removed
Image:D-Link_DIR-865L_board_top_w_mosteverything_off.jpg|board top, most everything off
Image:D-Link_DIR-865L_bt_over_RF_shields_on.jpg|board top
Image:D-Link_DIR-865L_bt_under_SoC_shield.jpg|board top, under SoC shield
Image:D-Link_DIR-865L_bt_BCM4706.jpg|BCM4706 SoC
Image:D-Link_DIR-865L_bb_Flash.jpg|Flash
Image:D-Link_DIR-865L_bt_Micron_RAM_D9LHT.jpg|Micron RAM (FBGA code D9LHT)
Image:D-Link_DIR-865L_bt_BCM53125_GbE_switch.jpg|BCM53125 GbE Switch
Image:D-Link_DIR-865L_wireless_module_top_shield_off.jpg|802.11ac wireless module, shield off
Image:D-Link_DIR-865L_wireless_module_top_shield_off_slight_closeup.jpg|802.11ac  wireless module, shield off, partial closeup
Image:D-Link_DIR-865L_wireless_module_bottom.jpg|802.11ac wireless module, bottom
Image:D-Link_DIR-865L_bt_over_BCM4360_CI_HSoff.jpg|BCM4360, card in, heat spreader off
Image:D-Link_DIR-865L_bt_BCM4360.jpg|BCM4360 closeup
Image:D-Link_DIR-865L_bt_over_BCM4331.jpg|over the BCM4331, #1
Image:D-Link_DIR-865L_bt_over_BCM4331_two.jpg|over the BCM4331, #2
Image:D-Link_DIR-865L_bt_over_2p4GHzRF_shield_off.jpg|board top, 2.4GHz RF section, shield off
Image:D-Link_DIR-865L_bt_over_2p4GHzRF_absolutely_nothing.jpg|board top, 2.4GHz RF section, nothing
Image:D-Link_DIR-865L_bt_over_top_angled_LED_size.jpg|board top, angled, LED side
Image:D-Link_DIR-865L_bt_over_top_angled_rearR_power_side_view.jpg|board top, right rear, over top, power side view
Image:D-Link_DIR-865L_bt_over_top_angled_power_side_view.jpg|board top, over top, power side view
Image:D-Link_DIR-865L_bt_over_top_angled_RF_power_side_view.jpg|board top, right front, over top, power side view
Image:D-Link_DIR-865L_bb_under_2p4GHz_RF.jpg|board bottom, 2.4GHz RF, shield off
Image:D-Link_DIR-865L_bb_under_2p4GHz_RF_partial_closeup.jpg|board bottom, 2.4GHz RF, partial closeup
Image:D-Link_DIR-865L_board_bottom.jpg|board bottom
Image:D-Link_DIR-865L_board_bottom_w_shield_off.jpg|board bottom, shield off
Image:D-Link_DIR-865L_bb_ALPHA_PN_and_Flash.jpg|ALPHA board P/N
&lt;/gallery&gt;[[Has images::internal| ]]

__NOTOC__</text>
      <sha1>nqucfk6j6j31ox31e4ecio6642blmpc</sha1>
    </revision>
  </page>