<page>
    <title>D-Link DVA-G3810BN/TL</title>
    <ns>0</ns>
    <id>57435</id>
    <revision>
      <id>294069</id>
      <parentid>294068</parentid>
      <timestamp>2019-07-05T04:43:35Z</timestamp>
      <contributor>
        <username>imported&gt;M86</username>
        <id>0</id>
      </contributor>
      <minor/>
      <comment>Text replacement - &quot;speed=10/100&quot; to &quot;speed=100M&quot;</comment>
      <origin>294069</origin>
      <model>wikitext</model>
      <format>text/x-wiki</format>
      <text bytes="29958" sha1="r15jot7ir7wmk9zch2odw6huwsuryre" xml:space="preserve">{{Wireless embedded system
|brand=D-Link
|model=DVA-G3810BN/TL
|revision=A1
|fcc_date=10/03/2007
|is_manuf=No
|manuf=Cameo
|type=wireless router,dsl modem,analog phone gateway
|fcc_id=KA2VAG3810BNA1
|ic_id=4216A-VAG3810BN
|us_id=3P7DL01BDVAG3810B
|pwr_v=12
|pwr_amp=2.1
|pwr_conn=barrel
|cpu1_brand=Broadcom
|cpu1_model=BCM6358
|cpu1_cspeed=300
|fla1=8
|fla1_brand=Spansion
|fla1_model=S29GL064A90TFIR3
|ram1=32
|ram1_brand=PSC
|ram1_model=A3S56D40ETP-G5
|expansion_if_types=Mini PCI,USB 2.0
|expansion_minipci_num=1
|expansion_usb_num=1
|serial=yes,, internal,, 6-pin header,, populated,, 3.3V TTL,, (115200,8,N,1),, J4
|wi1_module=Cameo WLG-1308
|wi1_module_if=Mini PCI
|wi1_chip1_brand=Broadcom
|wi1_chip1_model=BCM4318
|wi1_802dot11_protocols=bg
|wi1_ant_conn=U.FL
|eth_cpu=true
|sw_brand=Broadcom
|sw_model=BCM5325F
|lan_speed=100M
|lan_ports=4
|wan_speed=100M
|wan_ports=1
|flags=ADSL2+,HomePNA (coax)
|stock_boot=CFE;1.0.37-12.1;BCM96358;
|stock_os=Linux;2.6.16.14;OpenRG;
|802dot11_protocols=bg
|default_ssid=telusXXX
|default_ssid_regex=^telus[A-F0-9]{3}$
|default_ip=192.168.1.254
|default_user=admin
|default_pass=telus
|oui_eth=00:26:5A
}}
The FCC ID is strictly for the '''Cameo''' wireless module.
:&quot;21514WLG13081A1&quot; and &quot;WLG-1308&quot; is silkscreened on the wireless module's board in the FCC photos.

[http://openwrt.org/toh/d-link/dva-g3810bn-tl On the OpenWrt wiki]
:BCM6358KFBG SoC
:'''Coppergate''' CG3110 chipset on-board for HomePNA support (CG3111 + CG3112)
:'''Silicon Labs''' Si3215 on-board for VoIP support

The default SSID format appears to be '''telusXXX''', where '''XXX''' is the last 3 digits of the MAC address on the unit's label (upper case letters).
:It would appear the BSSID is randomly generated.

==Serial==
===Pinout===
The pinout is per the '''OpenWrt''' Wiki..
&lt;pre&gt;
&lt;---
    to the wireless module

(GND) (RxD)
(GND) (3.3)
(GND) (TxD)

--&gt; to BCM6358
&lt;/pre&gt;
===Info derived from===
{{SCollapse|boot log
|&lt;pre&gt;


CFE version 1.0.37-12.1 for BCM96358 (32bit,SP,BE)
Build Date: Mon Sep 17 16:40:05 PDT 2007 (root@pclinux-lkaplan)
Copyright (C) 2000-2006 Broadcom Corporation.

Boot Address 0xbe000000

Initializing Arena.
Initializing Devices.
Parallel flash device: name AM29LV320MT, id 0x2201, size 8192KB
Auto-negotiation timed-out
10 MB Half-Duplex (assumed)
CPU type 0x2A010: 300MHz, Bus: 133MHz, Ref: 64MHz
CPU running TP0
Total memory: 33554432 bytes (32MB)

Total memory used by CFE:  0x80401000 - 0x80527F40 (1208128)
Initialized Data:          0x8041D720 - 0x8041F760 (8256)
BSS Area:                  0x8041F760 - 0x80425F40 (26592)
Local Heap:                0x80425F40 - 0x80525F40 (1048576)
Stack Area:                0x80525F40 - 0x80527F40 (8192)
Text (code) segment:       0x80401000 - 0x8041D718 (116504)
Boot area (physical):      0x00528000 - 0x00568000
Relocation Factor:         I:00000000 - D:00000000

Board IP address                  : 192.168.1.1
Host IP address                   : 192.168.1.10
Gateway IP address                :
Run from flash/host (f/h)         : f
Default host run file name        : vmlinux
Default host flash file name      : bcm963xx_fs_kernel
Boot delay (0-9 seconds)          : 1
Board Id (0-9)                    : 96358VW
Number of MAC Addresses (1-32)    : 11
Base MAC Address                  : 02:10:18:01:00:01
PSI Size (1-64) KBytes            : 24
Main Thread Number [0|1]          : 0

*** Press any key to stop auto run (1 seconds) ***
Auto run second count down: 0
Booting from only image (0xbe010000) ...
Code Address: 0x80010000, Entry Address: 0x80010000
Decompression OK!
Entry at 0x80010000
Closing network.
Starting program at 0x80010000
Uncompressing Linux............................................................................................................................................................................................................................................................Ok
Booting the kernel
[21474536.480000] Linux version 2.6.16.14 #1 Mon Dec 6 12:34:55 IST 2010
[21474536.480000] 96358VW prom init
[21474536.480000] CPU revision is: 0002a010
[21474536.480000] mpi: Detected 5 vdc 16-bit PCMCIA card
[21474536.480000] Determined physical RAM map:
[21474536.480000]  memory: 01f00000 @ 00000000 (usable)
[21474536.480000] Reserved 256k KLOG memory starting from Physical 0x01ec0000
[21474536.480000] Built 1 zonelists
[21474536.480000] Kernel command line:
[21474536.480000] brcm mips: enabling icache and dcache...
[21474536.480000] Primary instruction cache 32kB, physically tagged, 2-way, linesize 16 bytes.
[21474536.480000] Primary data cache 16kB, 2-way, linesize 16 bytes.
[21474536.480000] Synthesized TLB refill handler (21 instructions).
[21474536.480000] Synthesized TLB load handler fastpath (33 instructions).
[21474536.480000] Synthesized TLB store handler fastpath (33 instructions).
[21474536.480000] Synthesized TLB modify handler fastpath (32 instructions).
[21474536.480000] PID hash table entries: 128 (order: 7, 2048 bytes)
[21474536.480000] Using 150.000 MHz high precision timer.
[21474536.485000] Dentry cache hash table entries: 4096 (order: 2, 16384 bytes)
[21474536.490000] Inode-cache hash table entries: 2048 (order: 1, 8192 bytes)
[21474536.500000] Memory: 23024k/31744k available (1986k kernel code, 8720k reserved, 317k data, 108k init, 0k highmem)
[21474536.610000] Mount-cache hash table entries: 512
[21474536.615000] Checking for 'wait' instruction...  available.
[21474536.690000] NET: Registered protocol family 16
[21474536.695000] SCSI subsystem initialized
[21474536.700000] usbcore: registered new driver usbfs
[21474536.705000] usbcore: registered new driver hub
[21474536.730000] NTFS driver 2.1.26 [Flags: R/O].
[21474536.735000] io scheduler noop registered
[21474536.740000] io scheduler anticipatory registered (default)
[21474536.745000] io scheduler deadline registered
[21474536.750000] io scheduler cfq registered
[21474537.310000]
[21474537.310000] Random: 0x9473c980
[21474537.615000] loop: loaded (max 8 devices)
[21474537.620000] Initializing USB Mass Storage driver...
[21474537.625000] usbcore: registered new driver usb-storage
[21474537.630000] USB Mass Storage support registered.
[21474537.635000] u32 classifier
[21474537.640000]     OLD policer on
[21474537.640000] NET: Registered protocol family 2
[21474537.695000] IP route cache hash table entries: 256 (order: -2, 1024 bytes)
[21474537.700000] TCP established hash table entries: 1024 (order: 0, 4096 bytes)
[21474537.705000] TCP bind hash table entries: 1024 (order: 0, 4096 bytes)
[21474537.710000] TCP: Hash tables configured (established 1024 bind 1024)
[21474537.715000] TCP reno registered
[21474537.720000] IPv4 over IPv4 tunneling driver
[21474537.725000] GRE over IPv4 tunneling driver
[21474537.730000] NET: Registered protocol family 1
[21474537.735000] NET: Registered protocol family 17
[21474537.740000] NET: Registered protocol family 8
[21474537.745000] NET: Registered protocol family 20
[21474537.750000] 802.1Q VLAN Support v1.8 Ben Greear &lt;greearb@candelatech.com&gt;
[21474537.755000] All bugs added by David S. Miller &lt;davem@redhat.com&gt;
[21474537.760000] brcmboard: brcm_board_init entry
[21474537.760000] bcm963xx_flash: Found 1 x16 devices at 0x0 in 16-bit bank
[21474537.765000]  Amd/Fujitsu Extended Query Table at 0x0040
[21474537.770000] bcm963xx_flash: Swapping erase regions for broken CFI table.
[21474537.775000] number of CFI chips: 1
[21474537.780000] cfi_cmdset_0002: Disabling erase-suspend-program due to code brokenness.
[21474537.785000] Creating 1 MTD partitions on &quot;bcm963xx_flash&quot;:
[21474537.790000] 0x00000000-0x00800000 : &quot;openrg&quot;
[21474537.795000] bcm963xx_flash: detected at 0x1e000000 size 8388608 bytes
[21474537.800000] bcm963xx_serial driver v2.0
[21474537.805000] Freeing unused kernel memory: 2105324k freed
[21474540.490000] Algorithmics/MIPS FPU Emulator v1.5
[21474541.545000] insmod: add-symbol-file build/debug/rg_klog.o 0xc0003000 -s .data 0xc0003350 -s .bss 0xc00034c0
[21474541.640000] klog loaded
[21474541.660000] insmod: add-symbol-file build/debug/rg_klog_ram_be.o 0xc0005000 -s .data 0xc0005760 -s .bss 0xc00058c0
[21474541.720000] klog: Using RAM buffer at address 0xa1ec0000 size 0x40000
[21474541.725000] klog: Invalid magic or checksum, reseting all information.
[21474536.480000] Linux version 2.6.16.14 #1 Mon Dec 6 12:34:55 IST 2010
[21474536.480000] 96358VW prom init
[21474536.480000] CPU revision is: 0002a010
[21474536.480000] mpi: Detected 5 vdc 16-bit PCMCIA card
[21474536.480000] Determined physical RAM map:
[21474536.480000]  memory: 01f00000 @ 00000000 (usable)
[21474536.480000] Reserved 256k KLOG memory starting from Physical 0x01ec0000
[21474536.480000] Built 1 zonelists
[21474536.480000] Kernel command line:
[21474536.480000] brcm mips: enabling icache and dcache...
[21474536.480000] Primary instruction cache 32kB, physically tagged, 2-way, linesize 16 bytes.
[21474536.480000] Primary data cache 16kB, 2-way, linesize 16 bytes.
[21474536.480000] Synthesized TLB refill handler (21 instructions).
[21474536.480000] Synthesized TLB load handler fastpath (33 instructions).
[21474536.480000] Synthesized TLB store handler fastpath (33 instructions).
[21474536.480000] Synthesized TLB modify handler fastpath (32 instructions).
[21474536.480000] PID hash table entries: 128 (order: 7, 2048 bytes)
[21474536.480000] Using 150.000 MHz high precision timer.
[21474536.485000] Dentry cache hash table entries: 4096 (order: 2, 16384 bytes)
[21474536.490000] Inode-cache hash table entries: 2048 (order: 1, 8192 bytes)
[21474536.500000] Memory: 23024k/31744k available (1986k kernel code, 8720k reserved, 317k data, 108k init, 0k highmem)
[21474536.610000] Mount-cache hash table entries: 512
[21474536.615000] Checking for 'wait' instruction...  available.
[21474536.690000] NET: Registered protocol family 16
[21474536.695000] SCSI subsystem initialized
[21474536.700000] usbcore: registered new driver usbfs
[21474536.705000] usbcore: registered new driver hub
[21474536.730000] NTFS driver 2.1.26 [Flags: R/O].
[21474536.735000] io scheduler noop registered
[21474536.740000] io scheduler anticipatory registered (default)
[21474536.745000] io scheduler deadline registered
[21474536.750000] io scheduler cfq registered
[21474537.310000]
[21474537.310000] Random: 0x9473c980
[21474537.615000] loop: loaded (max 8 devices)
[21474537.620000] Initializing USB Mass Storage driver...
[21474537.625000] usbcore: registered new driver usb-storage
[21474537.630000] USB Mass Storage support registered.
[21474537.635000] u32 classifier
[21474537.640000]     OLD policer on
[21474537.640000] NET: Registered protocol family 2
[21474537.695000] IP route cache hash table entries: 256 (order: -2, 1024 bytes)
[21474537.700000] TCP established hash table entries: 1024 (order: 0, 4096 bytes)
[21474537.705000] TCP bind hash table entries: 1024 (order: 0, 4096 bytes)
[21474537.710000] TCP: Hash tables configured (established 1024 bind 1024)
[21474537.715000] TCP reno registered
[21474537.720000] IPv4 over IPv4 tunneling driver
[21474537.725000] GRE over IPv4 tunneling driver
[21474537.730000] NET: Registered protocol family 1
[21474537.735000] NET: Registered protocol family 17
[21474537.740000] NET: Registered protocol family 8
[21474537.745000] NET: Registered protocol family 20
[21474537.750000] 802.1Q VLAN Support v1.8 Ben Greear &lt;greearb@candelatech.com&gt;
[21474537.755000] All bugs added by David S. Miller &lt;davem@redhat.com&gt;
[21474537.760000] brcmboard: brcm_board_init entry
[21474537.760000] bcm963xx_flash: Found 1 x16 devices at 0x0 in 16-bit bank
[21474537.765000]  Amd/Fujitsu Extended Query Table at 0x0040
[21474537.770000] bcm963xx_flash: Swapping erase regions for broken CFI table.
[21474537.775000] number of CFI chips: 1
[21474537.780000] cfi_cmdset_0002: Disabling erase-suspend-program due to code brokenness.
[21474537.785000] Creating 1 MTD partitions on &quot;bcm963xx_flash&quot;:
[21474537.790000] 0x00000000-0x00800000 : &quot;openrg&quot;
[21474537.795000] bcm963xx_flash: detected at 0x1e000000 size 8388608 bytes
[21474537.800000] bcm963xx_serial driver v2.0
[21474537.805000] Freeing unused kernel memory: 2105324k freed
[21474540.490000] Algorithmics/MIPS FPU Emulator v1.5
[21474541.545000] insmod: add-symbol-file build/debug/rg_klog.o 0xc0003000 -s .data 0xc0003350 -s .bss 0xc00034c0
[21474541.640000] klog loaded
[21474541.660000] insmod: add-symbol-file build/debug/rg_klog_ram_be.o 0xc0005000 -s .data 0xc0005760 -s .bss 0xc00058c0
[21474541.720000] klog: Using RAM buffer at address 0xa1ec0000 size 0x40000
[21474541.725000] klog: Invalid magic or checksum, reseting all information.
[21474541.735000] klog initialization succeeded
[21474541.735000] klog RAM store initialization succeeded.
[21474541.765000] insmod: add-symbol-file build/debug/be_pppoa_mod.o 0xc0000000 -s .data 0xc0000ee0 -s .bss 0xc0001020
[21474542.310000] insmod: add-symbol-file build/debug/one_module.o 0xc0088000 -s .main_flow 0xc00c69b0 -s .data 0xc00d3f00 -s .bss 0xc00d5b20
[21474542.515000] Loading license 12756d10c06ed9d96dd9896254d3c50ee0c276679b883cbb450fbff356416a5ef3ee2aed6da460685201b6f9b2c70994aab0835ff106a7e134f77e8507596535da8aa90b67ac8a789377fecc7c4e66932b782a4032b13f5995ce075b47fe22fd56effe2c70c3e94e039f.Dlink
[21474542.520000] loading license key: Dlink
[21474542.525000] loading license key: Dlink
[21474542.555000] insmod: add-symbol-file build/debug/igmp_proxy_mod.o 0xc000c000 -s .data 0xc000d830 -s .bss 0xc000d9a0
Searching for flash-layout...
(    2.420000) Can't find flash layout section. Use default

Press ESC to enter BOOT MENU mode.
MAPS:
00400000-00740000 r-xp 00000000 00:07 909552     /mnt/cramfs/bin/openrg
10000000-10075000 rw-p 00340000 00:07 909552     /mnt/cramfs/bin/openrg
10075000-10174000 rwxp 10075000 00:00 0          [heap]
2aaa8000-2aaad000 r-xp 00000000 00:07 3599648    /mnt/cramfs/lib/ld-uClibc-0.9.28.so
2aaad000-2aaae000 rw-p 2aaad000 00:00 0
2aaec000-2aaed000 rw-p 00004000 00:07 3599648    /mnt/cramfs/lib/ld-uClibc-0.9.28.so
2aaed000-2aafd000 r-xp 00000000 00:07 4051332    /mnt/cramfs/lib/libopenrg.so
2aafd000-2ab3c000 ---p 2aafd000 00:00 0
2ab3c000-2ab3d000 rw-p 0000f000 00:07 4051332    /mnt/cramfs/lib/libopenrg.so
2ab3d000-2ab76000 r-xp 00000000 00:07 3947716    /mnt/cramfs/lib/libjutil.so
2ab76000-2abb5000 ---p 2ab76000 00:00 0
2abb5000-2abba000 rw-p 00038000 00:07 3947716    /mnt/cramfs/lib/libjutil.so
2abba000-2abc0000 rw-p 2abba000 00:00 0
2abc0000-2abf8000 r-xp 00000000 00:07 4189668    /mnt/cramfs/lib/libssl.so
2abf8000-2ac37000 ---p 2abf8000 00:00 0
2ac37000-2ac3b000 rw-p 00037000 00:07 4189668    /mnt/cramfs/lib/libssl.so
2ac3b000-2ad36000 r-xp 00000000 00:07 3613944    /mnt/cramfs/lib/libcrypto.so
2ad36000-2ad75000 ---p 2ad36000 00:00 0
2ad75000-2ad87000 rw-p 000fa000 00:07 3613944    /mnt/cramfs/lib/libcrypto.so
2ad87000-2ad8b000 rw-p 2ad87000 00:00 0
2ad8b000-2ad8d000 r-xp 00000000 00:07 3944324    /mnt/cramfs/lib/libdl-0.9.28.so
2ad8d000-2adcc000 ---p 2ad8d000 00:00 0
2adcc000-2adcd000 rw-p 00001000 00:07 3944324    /mnt/cramfs/lib/libdl-0.9.28.so
2adcd000-2addd000 r-xp 00000000 00:07 4094816    /mnt/cramfs/lib/librg_config.so
2addd000-2ae1d000 ---p 2addd000 00:00 0
2ae1d000-2ae1f000 rw-p 00010000 00:07 4094816    /mnt/cramfs/lib/librg_config.so
2ae1f000-2ae2e000 r-xp 00000000 00:07 4028548    /mnt/cramfs/lib/libm-0.9.28.so
2ae2e000-2ae6d000 ---p 2ae2e000 00:00 0
2ae6d000-2ae6e000 rw-p 0000e000 00:07 4028548    /mnt/cramfs/lib/libm-0.9.28.so
2ae6e000-2ae6f000 r-xp 00000000 00:07 4354708    /mnt/cramfs/lib/libutil-0.9.28.so
2ae6f000-2aeae000 ---p 2ae6f000 00:00 0
2aeae000-2aeaf000 rw-p 00000000 00:07 4354708    /mnt/cramfs/lib/libutil-0.9.28.so
2aeaf000-2aeb1000 r-xp 00000000 00:07 4356568    /mnt/cramfs/lib/libwl.so
2aeb1000-2aef0000 ---p 2aeb1000 00:00 0
2aef0000-2aef1000 rw-p 00001000 00:07 4356568    /mnt/cramfs/lib/libwl.so
2aef1000-2af2f000 r-xp 00000000 00:07 4268516    /mnt/cramfs/lib/libuClibc-0.9.28.so
2af2f000-2af6e000 ---p 2af2f000 00:00 0
2af6e000-2af71000 rw-p 0003d000 00:07 4268516    /mnt/cramfs/lib/libuClibc-0.9.28.so
2af71000-2af74000 rw-p 2af71000 00:00 0
7fa2a000-7fa3f000 rwxp 7fa2a000 00:00 0          [stack]
[21474548.190000] insmod: add-symbol-file build/debug/rg_klog_chardev.o 0xc0009000 -s .data 0xc00093a0 -s .bss 0xc0009500
[21474548.245000] klog chardev initialized.
[21474548.265000] insmod: add-symbol-file build/debug/log_chardev.o 0xc0007000 -s .data 0xc0007830 -s .bss 0xc0007980
[21474548.340000] insmod: add-symbol-file build/debug/tcp_mss.o 0xc0012000 -s .data 0xc0012560 -s .bss 0xc00126c0
[21474548.420000] insmod: add-symbol-file build/debug/rg_dhcp_pktfil.o 0xc000f000 -s .data 0xc000fe50 -s .bss 0xc000ffa0
[21474548.495000] insmod: add-symbol-file build/debug/rg_ipv4.o 0xc0016000 -s .data 0xc0016200 -s .bss 0xc0016360
[21474548.550000] IPV4 device driver registered
[21474548.585000] insmod: add-symbol-file build/debug/pppoe_relay.o 0xc001e000 -s .data 0xc0020be0 -s .bss 0xc0020d00
[21474548.665000] insmod: add-symbol-file build/debug/rg_pppoe_relay.o 0xc0014000 -s .data 0xc00146e0 -s .bss 0xc0014840
[21474548.780000] insmod: add-symbol-file build/debug/bcm963xx_eth_mod.o 0xc0041000 -s .data 0xc0045f50 -s .bss 0xc0046100
[21474548.840000] Broadcom BCM6358A1 Ethernet Network Device v0.3 Dec  6 2010 12:18:33
[21474548.850000] Config Internal PHY Through MDIO
[21474549.885000] BCM63xx_ENET: Auto-negotiation timed-out
[21474549.890000] BCM63xx_ENET: 10 MB Half-Duplex (assumed)
[21474549.940000] bcm0: MAC Address: 00:10:18:63:00:00
[21474549.945000] Broadcom BCM6358A1 Ethernet Network Device v0.3 Dec  6 2010 12:18:33
[21474549.955000] Config Ethernet Switch Through MDIO Pseudo PHY Interface
[21474550.005000] bcm1: MAC Address: 00:10:18:63:00:01
[21474550.110000] insmod: add-symbol-file build/debug/bcm963xx_atmapi_mod.o 0xc0062000 -s .data 0xc0070c30 -s .bss 0xc0071060
[21474550.895000] insmod: add-symbol-file build/debug/bcm963xx_adsl_mod.o 0xc01a2000 -s .data 0xc0221b30 -s .bss 0xc02223e0
[21474550.970000] adsl: adsl_init entry
[21474551.010000] insmod: add-symbol-file build/debug/bcm963xx_atm_mod.o 0xc0018000 -s .data 0xc001af40 -s .bss 0xc001b0a0
[21474551.085000] BcmAdsl_Initialize=0xC01AEE88, g_pFnNotifyCallback=0xC0221C34
[21474551.090000] AnnexCParam=0x00000000 AnnexAParam=0x00000980 adsl2=0x00000001
[21474551.165000] pSdramPHY=0xA1FFFFF8, 0xF00FF04F 0xF00FF00F
[21474551.200000] AdslCoreHwReset:  AdslOemDataAddr = 0xA1FEEACC
[21474551.205000] AnnexCParam=0x00000000 AnnexAParam=0x00000980 adsl2=0x00000001
[21474551.215000] ATM proc init !!!
[21474551.220000] AdslCoreEcUpdTmr: timeMs=-285260 ecUpdMask=0x40000
[21474551.230000] blaadd: blaa_detect entry
[21474552.385000] insmod: add-symbol-file build/debug/endpointdd_mod.o 0xc0339000 -s .data 0xc03b3020 -s .bss 0xc0414340
[21474552.560000] Endpoint: endpoint_init entry
[21474552.565000] BOS: Enter bosInit
[21474552.570000] Enter bosAppInit
[21474552.575000] Exit bosAppInit
[21474552.575000] BOS: Exit bosInit
[21474552.580000] Endpoint: endpoint_init COMPLETED
[21474552.660000] insmod: add-symbol-file build/debug/slic_control.o 0xc0038000 -s .data 0xc00381c0 -s .bss 0xc0038320
[21474552.775000] insmod: add-symbol-file build/debug/ehci-hcd_mod.o 0xc0055000 -s .data 0xc005c5a0 -s .bss 0xc005c7a0
[21474552.880000] PCI: Enabling device 0000:00:0a.0 (0000 -&gt; 0002)
[21474552.885000] ehci_hcd 0000:00:0a.0: EHCI Host Controller
[21474552.890000] ehci_init: 1
[21474552.895000] ehci_init: 2
[21474552.895000] ehci_init: 3
[21474552.900000] ehci_init: 4
[21474552.975000] ehci_hcd 0000:00:0a.0: new USB bus registered, assigned bus number 1
[21474552.980000] ehci_hcd 0000:00:0a.0: irq 18, io mem 0xfffe1300
[21474552.985000] ehci_hcd 0000:00:0a.0: USB f.f started, EHCI 1.00, driver 10 Dec 2004
[21474553.035000] usb usb1: configuration #1 chosen from 1 choice
[21474553.085000] hub 1-0:1.0: USB hub found
[21474553.085000] hub 1-0:1.0: 2 ports detected
[21474553.240000] hub 1-0:1.0: over-current change on port 1
[21474553.285000] insmod: add-symbol-file build/debug/ohci-hcd_mod.o 0xc003c000 -s .data 0xc003fbb0 -s .bss 0xc003fdc0
[21474553.390000] PCI: Enabling device 0000:00:09.0 (0000 -&gt; 0002)
[21474553.395000] ohci_hcd 0000:00:09.0: OHCI Host Controller
[21474553.445000] ohci_hcd 0000:00:09.0: new USB bus registered, assigned bus number 2
[21474553.450000] ohci_hcd 0000:00:09.0: irq 13, io mem 0xfffe1400
[21474553.555000] usb usb2: configuration #1 chosen from 1 choice
[21474553.600000] hub 2-0:1.0: USB hub found
[21474553.605000] hub 2-0:1.0: 2 ports detected
[21474554.825000] insmod: add-symbol-file build/debug/wl.o 0xc022c000 -s .data 0xc02ff440 -s .bss 0xc0306a00
[21474554.950000] PCI: Enabling device 0000:00:01.0 (0004 -&gt; 0006)
[21474555.025000] wl0: Broadcom BCM4318 802.11 Wireless Controller 4.150.10.15.cpe2.2b
[21474555.060000] insmod: add-symbol-file build/debug/rtp.o 0xc004f000 -s .data 0xc0050eb0 -s .bss 0xc0051000
[21474555.155000] insmod: add-symbol-file build/debug/phone_mod.o 0xc005e000 -s .data 0xc005f570 -s .bss 0xc005f760
[21474555.235000] insmod: add-symbol-file build/debug/jtimer.o 0xc004a000 -s .data 0xc004a490 -s .bss 0xc004a5e0
[21474555.330000] insmod: add-symbol-file build/debug/bcm963xx_jdsp_mod.o 0xc010d000 -s .data 0xc010f5f0 -s .bss 0xc010f860
[21474555.390000] kernel::endpoint_open
[21474555.390000] kernel::endpoint_open COMPLETED
[21474555.395000] Enter bosStartApp
[21474555.400000]
[21474555.400000]
[21474555.400000] bosAppRootTask() - Is it morning already? Spawning app task (epoch #0)...
[21474555.400000]
[21474555.405000] Enter TaskCreate aoAP
[21474555.405000] TaskCreate - spawn new task aoAP
[21474555.410000] Exit TaskCreate
[21474555.415000] AppResetDetectionEnable() - Enabled reset detection.
[21474555.420000] Exit bosStartApp
[21474555.435000] PLL init completed. PLL registers set to:
[21474555.440000] PCM-&gt;pcm_pll_ctrl1       = 0x00020001
[21474555.445000] PCM-&gt;pcm_pll_ctrl2       = 0x0008492B
[21474555.450000] PCM-&gt;pcm_pll_ctrl3       = 0x00001E1C
[21474555.465000] Set up PCM registers
[21474555.465000] Channel 0 assigned to timeslot 0
[21474555.470000] Channel 1 assigned to timeslot 1
[21474555.475000] Channel 2 assigned to timeslot 2
[21474555.480000] Tx Desc (0xA1D1F000): chan 0, buf 0, sts 0xe000, len 1280, bufp 0x1c87000
[21474555.485000] Tx Desc (0xA1D1F008): chan 0, buf 1, sts 0x7000, len 1280, bufp 0x1c87510
[21474555.490000] Rx Desc (0xA1280000): chan 0, buf 0, sts 0x8000, len 1280, bufp 0x1809000
[21474555.495000] Rx Desc (0xA1280008): chan 0, buf 1, sts 0x9000, len 1280, bufp 0x1809510
[21474555.500000] initIudma: chan 0, descBase 0xa1280000, descBaseIudma 0x1280000
[21474555.505000] initIudma: chan 1, descBase 0xa1d1f000, descBaseIudma 0x1d1f000
[21474555.610000] PCM ENABLE INFO: DMA0 IRQ STATUS 0x00000000
[21474555.615000] PCM ENABLE INFO: DMA0 IRQ MASK   0x00000005
[21474555.620000] PCM ENABLE INFO: DMA1 IRQ STATUS 0x00000000
[21474555.625000] PCM ENABLE INFO: DMA1 IRQ MASK   0x00000005
[21474555.630000] PCM ENABLE INFO: PCM  IRQ MASK    0x00000003
[21474555.635000] PCM ENABLE INFO: PCM  IRQ PENDING 0x00000007
[21474555.640000] Enter TaskCreate CMT_EXCEPTION_IST
[21474555.645000] TaskCreate - spawn new task CMT_EXCEPTION_IST
[21474555.650000] Exit TaskCreate
[21474555.655000] regStatus (reg 12 sel 0)    = 0x10008501
[21474555.660000] regStatus (reg 12 sel 7)    = 0x00000101
[21474555.665000] regCause  (reg 13 sel 0)    = 0x00000000
[21474555.670000] regCause  (reg 13 sel 7)    = 0x00808800
[21474555.675000] regCMT    (reg 22 sel 0)    = 0xe31e1006
[21474555.680000] regCMT    (reg 22 sel 1)    = 0x10008001
[21474555.685000] DSP load address = 0x81F00000
[21474555.700000] Kicking off secondary thread processor at entry point 0x81F00000...
[21474555.705000] Secondary thread processor entry point at 0x81f00000
[21474555.720000] Thread processor handshake. Secondary app initialized properly.
[21474555.725000] Enter TaskCreate HTSK
[21474555.730000] TaskCreate - spawn new task HTSK
[21474555.735000] Exit TaskCreate
[21474555.740000] SUCCESS: Took semaphore
[21474555.740000] SUCCESS: Gave semaphore
[21474555.745000] INFO: MSPI POLLING MODE
[21474555.750000] INFO: IRQ MASK 0xa0000624
[21474555.755000] INFO: IRQ STATUS 0x40400000
[21474555.755000] INFO: BLOCK ENABLES 0x3e0320
[21474555.760000] MSPI INITIALIZED
[21474555.765000] slicConfigure() reading 0 from slic 0 devId 2
[21474555.790000] slicConfigure() reading 3 from slic 0 devId 2
[21474555.815000] Read Si3215 Revision H on slic 0
[21474555.835000] Direct read/write test passed on slic 0
[21474555.840000] Indirect read/write test passed on slic 0
[21474555.865000] Entering SLIC DC Power Calibration check ......Passed
[21474555.870000] Entering SLIC Calibration check................Passed
[21474556.230000] Entering Manual Calibration check................Passed 1 ... Passed 2
[21474557.275000] slicConfigure: Setting CODEC on slic 0 to linear 16-bit mode
[21474557.280000] SLIC 0 PCM settings: txCountLow 1, txCountHi 0
[21474557.285000] SLIC 0 PCM settings: rxCountLow 1, rxCountHi 0
[21474557.310000] boardHalInit6358: Initialization complete.
[21474557.315000] boardHalInit completed
[21474557.315000] Enter TaskCreate HRTBEAT
[21474557.320000] TaskCreate - spawn new task HRTBEAT
[21474557.325000] Exit TaskCreate
[21474557.330000] HEARTBEAT: Initialized!
[21474557.335000] bosMsgQCreate: Created message queue VRGEVQ at address 0x0
[21474557.340000] Enter TaskCreate VRGEVPR
[21474557.345000] TaskCreate - spawn new task VRGEVPR
[21474557.350000] Exit TaskCreate
[21474557.350000] Enter TaskCreate HCAS
[21474557.355000] TaskCreate - spawn new task HCAS
[21474557.360000] Exit TaskCreate
*** gStartRxDesc[0] = 0xA1280000
*** gBufferSizeBytes = 1280
*** gStartTxDesc[0] = 0xA1D1F000
hal6358PcmInit 260 nextTxDesc = 0xA1D1F000
hal6358PcmInit 260 nextTxDesc = 0xA1D1F008
hal6358PcmInit 264 Ownership for TX desc not set. Use this buffer.
PERF-&gt;IrqMask   = 0xA0000624
PERF-&gt;IrqMask1  = 0x00800000
[21474557.415000] Default value for provItemId '209' did not exist
[21474557.490000]
[21474557.490000] ENDPT: hdspVhdOpen Secondary Connection VHD success. DSP 0, VHD (0x50) of type: 0x0
[21474557.660000]
[21474557.660000] ENDPT: hdspVhdOpen Secondary Connection VHD success. DSP 0, VHD (0x51) of type: 0x0
[21474557.830000]
[21474557.830000] ENDPT: hdspVhdOpen Secondary Connection VHD success. DSP 0, VHD (0x52) of type: 0x3
[21474558.000000]
[21474558.000000] ENDPT: hdspVhdOpen Secondary Connection VHD success. DSP 0, VHD (0x53) of type: 0x3
[21474558.230000]
[21474558.230000] ENDPT: hdspVhdOpen Line VHD success. DSP 0, VHD (0x54) of type: 0x7
[21474558.260000] Default value for provItemId '204' did not exist
[21474558.265000] boardHalCasGetDriver: chan = 0
[21474558.270000] Default value for provItemId '41' did not exist
[21474558.275000] Default value for provItemId '207' did not exist
[21474558.280000] Default value for provItemId '208' did not exist
[21474558.285000] Default value for provItemId '57' did not exist
[21474558.290000] Default value for provItemId '206' did not exist
[21474558.320000] ENDPT: Initialization completed successfully for endpt 0
[21474558.320000]
[21474558.325000] boardHalCasGetDriver: chan = 0
[21474558.330000] Capabilities:
[21474558.335000]       G.711:          TRUE
[21474558.335000]       G.729A:         TRUE
[21474558.340000]       G.729:          FALSE
[21474558.345000]       G.729E:         FALSE
[21474558.350000]       G.729B:         TRUE
[21474558.350000]       G.723.1:        TRUE
[21474558.355000]       G.728:          FALSE
[21474558.360000]       G.726:          TRUE
[21474558.365000]       BV16:           TRUE
[21474558.365000]       BV32:           FALSE
[21474558.370000]       iLBC:           TRUE
[21474558.375000]       T.38:           TRUE
[21474558.380000]       Distributed:    TRUE
[21474558.380000]       Wideband:       FALSE
[21474558.385000]       ICP:            TRUE
[21474558.390000]       GPLC:           TRUE
[21474558.395000]       BVC:            TRUE
[21474558.395000]
[21474558.400000]       Frame rate:           10 ms
[21474558.405000]
[21474558.405000]       Max endpts:           2
[21474558.410000]       Max full connections: 2
[21474558.410000]       Max lite connections: 2
[21474558.420000] Endpoint Event task started...
[21474558.420000] Endpoint Packet task started
[21474558.425000] voice-write task started...
[21474558.455000] insmod: add-symbol-file build/debug/btn.o 0xc0036000 -s .data 0xc0036690 -s .bss 0xc0036800
[21474558.540000] insmod: add-symbol-file build/debug/qos_ingress.o 0xc0053000 -s .data 0xc0053240 -s .bss 0xc00533a0
[21474558.635000] insmod: add-symbol-file build/debug/bcm53xx_mod.o 0xc0078000 -s .data 0xc007a480 -s .bss 0xc007a5e0
[21474558.720000] Freeing CRAMFS/MODFS memory: 1280k freed
Using Asterisk version 1.2.4
[21474563.010000] bcm53xx: MII port status overwritten to: connected, 100Mbit, full-duplex
[21474563.495000] AnnexCParam=0x00000000 AnnexAParam=0x00000980 adsl2=0x00000000
[21474563.700000] device bcm1 entered promiscuous mode
[21474564.115000] device wl0 entered promiscuous mode
[21474565.140000] device wl0 left promiscuous mode
[21474565.210000] device wl0 entered promiscuous mode
(    0.000000) HPNA (cg0): Loading firmware
(    0.890000) HPNA (cg0): Loading firmware /etc/coax_12-28Mhz_downloadable_cg.bin
(    4.630000) HPNA (cg0): Setting MAC address 00:c5:d9:5d:00:39
(    5.540000) HPNA (cg0): Activating the firmware
(    6.190000) HPNA (cg0): Firmware activated successfully
[21474573.145000] device bcm1 left promiscuous mode
[21474573.170000] device bcm1 entered promiscuous mode
(    0.000000) HPNA (cg0): Loading firmware
Username: (    8.900000) HPNA (cg0): Loading firmware /etc/coax_12-28Mhz_downloadable_cg.bin
(   11.190000) HPNA (cg0): Setting MAC address 00:c5:d9:5d:00:39
(   11.740000) HPNA (cg0): Activating the firmware
(   12.320000) HPNA (cg0): Firmware activated successfully
&lt;/pre&gt;}}</text>
      <sha1>r15jot7ir7wmk9zch2odw6huwsuryre</sha1>
    </revision>
  </page>