<page>
    <title>D-Link DIR-815 rev A1</title>
    <ns>0</ns>
    <id>47401</id>
    <revision>
      <id>222562</id>
      <parentid>222561</parentid>
      <timestamp>2019-07-05T04:40:15Z</timestamp>
      <contributor>
        <username>imported&gt;M86</username>
        <id>0</id>
      </contributor>
      <minor/>
      <comment>Text replacement - &quot;speed=10/100&quot; to &quot;speed=100M&quot;</comment>
      <origin>222562</origin>
      <model>wikitext</model>
      <format>text/x-wiki</format>
      <text bytes="28052" sha1="kf3hn8xiob8lxce42dykvjgp7ex0min" xml:space="preserve">{{Wireless embedded system
|brand=D-Link
|model=DIR-815
|revision=A1
|upc=790069336119
|ean=
|asin=B0042X3F76
|price=
|est_release_date=
|fcc_date=07/06/2010
|manuf_country=China
|is_manuf=No
|manuf=Alpha Networks
|manuf_model=WRG-ND08
|manuf_rev=
|availability=
|type=wireless router
|fcc_id=KA2IR815A1
|ic_id=4216A-IR815A1
|us_id=
|pwr_v=5
|pwr_amp=2.5
|pwr_conn=barrel
|pwr_barrel_outer=5
|pwr_barrel_inner=2
|pwr_barrel_len=10
|pwr_vac=
|pwr_ac_hz=
|pwr_pol=
|pwr_poe=
|cpu1_brand=Ralink
|cpu1_model=RT3662
|cpu1_cspeed=
|cpu2_brand=
|cpu2_model=
|cpu2_cspeed=
|fla1=4
|fla1_brand=Macronix
|fla1_model=MX29LV320DBTI-70G
|fla1_num=
|fla2=
|fla2_brand=
|fla2_model=
|fla2_num=
|ram1=32
|ram1_brand=ESMT
|ram1_model=M12L2561616A-6T
|ram1_num=
|ram2=
|ram2_brand=
|ram2_model=
|ram2_num=
|expansion_if_types=
|expansion_pcmcia_num=
|expansion_expresscard_num=
|expansion_minipci_num=
|expansion_minipcie_num=
|expansion_usb_num=
|jtag=
|serial=
|wi1_module=
|wi1_module_if=
|wi1_chip1_brand=Ralink
|wi1_chip1_model=RT3662
|wi1_chip2_brand=
|wi1_chip2_model=
|wi1_chip3_brand=
|wi1_chip3_model=
|wi1_802dot11_protocols=an
|wi1_ant_conn=U.FL
|wi1_txchains=2
|wi1_rxchains=2
|wi1_sstreams=2
|wi2_module=
|wi2_module_if=
|wi2_chip1_brand=Ralink
|wi2_chip1_model=RT3092
|wi2_chip2_brand=
|wi2_chip2_model=
|wi2_chip3_brand=
|wi2_chip3_model=
|wi2_802dot11_protocols=bgn
|wi2_ant_conn=U.FL
|wi2_txchains=2
|wi2_rxchains=2
|wi2_sstreams=2
|eth_none=
|eth_cpu=true
|eth_chip1_brand=
|eth_chip1_model=
|eth_chip2_brand=
|eth_chip2_model=
|eth_chip3_brand=
|eth_chip3_model=
|sw_cpu=
|sw_brand=IC+
|sw_model=IP175D
|lan_speed=100M
|lan_ports=4
|wan_ports=1
|addl_chips=
|flags=boot log
|stock_boot=U-Boot;3.3;Ralink;
|stock_os=Linux;2.6.33.2;
|tp_firmware=
|802dot11_protocols=abgn
|default_ssid=dlink,dlink_media
|default_ssid_regex=^dlink$,,,^dlink_media$
|default_ip=192.168.0.1
|default_user=admin
|default_pass=
|oui=14:D6:4D, 1C:7E:E5, 34:08:04, 5C:D9:98
|oui_eth=14:D6:4D, 1C:7E:E5, 34:08:04, 5C:D9:98
}}
''Wireless N Dual Band Router''&lt;br&gt;
Simultaneous Dual-Band&lt;br&gt;
10/100 Ethernet&lt;br&gt;
{{SupportPage|vendor=D-Link|model=DIR-815}}

&quot;8WRGND08.1A1G&quot; is silkscreened on the board.

The default SSIDs for the router are '''dlink''' (2.4GHz) and '''dlink_media''' (5GHz).

'''Note:''' Telnet is enabled by default on (at least) FW v1.00. Credentials are '''Alphanetworks''':wrgnd08_dlob_dir815.

The power adapter included with the router is a '''Global Yeou Diann Electric Industrial''' AMS3-0502500SU. ID/OD/Len measurements are approximate.

==Images==
&lt;gallery&gt;
File:D-Link DIR-815 A1 board top.jpg|board top
File:D-Link DIR-815 A1 board bot.jpg|board bottom
File:D-Link DIR-815 A1 label.jpg|label
&lt;/gallery&gt;[[Has images::internal| ]][[Has images::label| ]]

==Serial==
===Pinout===
TX and RX pins are clearly marked on the board @ '''JP1'''. GND is right above the TX pin.

===Derived info from FW v1.00 (built @ 2010-08-06)===
{{SCollapse|boot log
|&lt;pre&gt;


U-Boot 1.1.3 (Jul 16 2010 - 11:25:10) (ALPHA)
SVN revision: 359
Target board: WRG-ND08

Board: Ralink APSoC DRAM:  32 MB
Flash: Bank 0, ID:000322a8, Size 4194304 (0x00400000)
============================================
Ralink UBoot Version: 3.3
--------------------------------------------
ASIC 3883_MP (MAC to MAC 100F MII Mode)
DRAM component: 256 Mbits SDR
DRAM bus: 16 bit
Total memory: 32 MBytes
Flash component: NOR Flash
Date:Jul 16 2010  Time:11:25:10
============================================
icache: sets:512, ways:4, linesz:32 ,total:65536
dcache: sets:256, ways:4, linesz:32 ,total:32768

 GPIO pin 24 reset to switch

Please choose the operation:
   1: Load system code to SDRAM via TFTP.
   2: Load system code then write to Flash via TFTP.
   3: Boot system code via Flash (default).
   4: Entr boot command line interface.
   7: Load Boot Loader code then write to Flash via Serial.
   9: Load Boot Loader code then write to Flash via TFTP.                     0

3: System Boot system code via Flash.
## Booting image at bc050000 ...
We have SEAMA, Image Size = 3780640
Verifying Checksum ...
Uncompressing SEAMA linux.lzma ... OK
## Transferring control to Linux (at address bc05000c) ...
## Giving linux memsize in MB, 32

Starting kernel ...


LINUX started...

 THIS IS ASIC
Linux version 2.6.33.2 (joely@enzo) (gcc version 4.3.3 (GCC) ) #1 Tue Aug 3 21:2                                    2:10 CST 2010
The CPU speed set to 500 MHz
bootconsole [early0] enabled
CPU revision is: 0001974c (MIPS 74Kc)
Determined physical RAM map:
 memory: 02000000 @ 00000000 (usable)
Zone PFN ranges:
  DMA      0x00000000 -&gt; 0x00001000
  Normal   0x00001000 -&gt; 0x00002000
Movable zone start PFN for each node
early_node_map[1] active PFN ranges
    0: 0x00000000 -&gt; 0x00002000
Built 1 zonelists in Zone order, mobility grouping on.  Total pages: 8128
Kernel command line: console=ttyS1,57600n8 root=/dev/mtdblock1 noinitrd
PID hash table entries: 128 (order: -3, 512 bytes)
Dentry cache hash table entries: 4096 (order: 2, 16384 bytes)
Inode-cache hash table entries: 2048 (order: 1, 8192 bytes)
Primary instruction cache 64kB, VIPT, 4-way, linesize 32 bytes.
Primary data cache 32kB, 4-way, PIPT, no aliases, linesize 32 bytes
Writing ErrCtl register=00000ef0
Readback ErrCtl register=00000ef0
Memory: 28944k/32768k available (2638k kernel code, 3824k reserved, 622k data, 1                                    56k init, 0k highmem)
SLUB: Genslabs=7, HWalign=32, Order=0-3, MinObjects=0, CPUs=1, Nodes=1
Hierarchical RCU implementation.
NR_IRQS:128
setup_irq 6
CPU frequency 500.00 MHz
[debug] (r4k_clockevent_init line: 172)
[debug] 128 ee6b280 (r4k_clockevent_init line: 176)
[debug] (r4k_clockevent_init line: 185)
[debug] irq: 5 , 800091ec , (r4k_clockevent_init line: 195)
4,[debug] (r4k_clockevent_init line: 217)
5,[debug] (r4k_clockevent_init line: 222)
setup_irq 5
[debug] (r4k_clockevent_init line: 228)
If the above line no &quot;setup_irq 5&quot;, mean irq for timer is not installed
Calibrating delay loop... 249.34 BogoMIPS (lpj=498688)
Mount-cache hash table entries: 512
NET: Registered protocol family 16
registering PCI controller with io_map_base unset
bio: create slab &lt;bio-0&gt; at 0
pci 0000:00:00.0: BAR 8: assigned [mem 0x20000000-0x200fffff]
pci 0000:00:00.0: BAR 1: assigned [mem 0x20100000-0x2010ffff]
pci 0000:00:00.0: BAR 1: set to [mem 0x20100000-0x2010ffff] (PCI address [0x20100000-0x2010ffff]
pci 0000:01:00.0: BAR 0: assigned [mem 0x20000000-0x2000ffff]
pci 0000:01:00.0: BAR 0: set to [mem 0x20000000-0x2000ffff] (PCI address [0x20000000-0x2000ffff]
pci 0000:00:00.0: PCI bridge to [bus 01-01]
pci 0000:00:00.0:   bridge window [io  disabled]
pci 0000:00:00.0:   bridge window [mem 0x20000000-0x200fffff]
pci 0000:00:00.0:   bridge window [mem pref disabled]
bus=1, slot = 0x0
cfg80211: Calling CRDA to update world regulatory domain
Switching to clocksource MIPS
NET: Registered protocol family 2
IP route cache hash table entries: 1024 (order: 0, 4096 bytes)
TCP established hash table entries: 1024 (order: 1, 8192 bytes)
TCP bind hash table entries: 1024 (order: 0, 4096 bytes)
TCP: Hash tables configured (established 1024 bind 1024)
TCP reno registered
UDP hash table entries: 256 (order: 0, 4096 bytes)
UDP-Lite hash table entries: 256 (order: 0, 4096 bytes)
NET: Registered protocol family 1
RPC: Registered udp transport module.
RPC: Registered tcp transport module.
RPC: Registered tcp NFSv4.1 backchannel transport module.
Load RT2880 Timer Module(Wdg/Soft)
squashfs: version 4.0 (2009/01/31) Phillip Lougher
alg: No test for lzma (lzma-generic)
alg: No test for stdrng (krng)
io scheduler noop registered
io scheduler cfq registered (default)
pcieport 0000:00:00.0: device [1814:0802] has invalid IRQ; check vendor BIOS
Ralink gpio driver initialized
rt3883_access_init: rt3883 access driver initialization.
HDLC line discipline maxframe=4096
N_HDLC line discipline registered.
Serial: 8250/16550 driver, 2 ports, IRQ sharing disabled
serial8250.0: ttyS0 at I/O 0xb0000500 (irq = 37) is a 16550A
console [ttyS1] enabled, bootconsole disabled12) is a 16550A
console [ttyS1] enabled, bootconsole disabled
elbox physmap platform flash device: 00400000 at 1c000000
elbox-flash.0: Found 1 x16 devices at 0x0 in 16-bit bank
 Amd/Fujitsu Extended Query Table at 0x0040
number of CFI chips: 1
elbox-flash.0: the flash image has SEAMA header
elbox-flash.0: squashfs filesystem found at offset 1507392
Creating 8 MTD partitions on &quot;elbox-flash.0&quot;:
0x000000170060-0x0000003eb060 : &quot;rootfs&quot;
0x000000050000-0x0000003f0000 : &quot;upgrade&quot;
0x000000040000-0x000000050000 : &quot;devconf&quot;
0x000000030000-0x000000040000 : &quot;devdata&quot;
0x0000003f0000-0x000000400000 : &quot;langpack&quot;
0x000000000000-0x000000400000 : &quot;flash&quot;
0x000000000000-0x000000030000 : &quot;u-boot&quot;
0x000000030000-0x000000038000 : &quot;boot env&quot;
Ralink APSoC Ethernet Driver Initilization. v2.0  256 rx/tx descriptors allocated, mtu = 1500!
eth2: set mac address

 GMAC2 100 phy
PPP generic driver version 2.4.2
PPP MPPE Compression module registered
NET: Registered protocol family 24
skb rate limit initialization.
GACT probability NOT on
u32 classifier
    Actions configured
nf_conntrack version 0.5.0 (452 buckets, 1808 max)
xt_time: kernel timezone is -0000
ip_tables: (C) 2000-2006 Netfilter Core Team
TCP cubic registered
NET: Registered protocol family 10
ip6_tables: (C) 2000-2006 Netfilter Core Team
IPv6 over IPv4 tunneling driver
NET: Registered protocol family 17
VFS: Mounted root (squashfs filesystem) readonly on device 31:1.
Freeing unused kernel memory: 156k freed
init started: BusyBox v1.14.1 (2010-08-03 21:22:18 CST)
starting pid 29, tty '': '/etc/init.d/rcS'
Algorithmics/MIPS FPU Emulator v1.5
[/etc/init.d/S10init.sh]
mount: mounting usbfs on /proc/bus/usb failed: No such file or directory
[/etc/init.d/S15udevd.sh]
error initializing netlink socket
[/etc/init.d/S16ipv6.sh]
[/etc/init.d/S19devfs.sh]
[/etc/init.d/S19init.sh]
[/etc/init.d/S20init.sh]
DEVCONF: no config data available (ret=-1) !
!!!!!!!!!!!!!!!!!!!!!!!!!!!!!!!!!!!!!!!!!!
!!     Uable to read device config.     !!
!! Setting is reset to factory default. !!
!!!!!!!!!!!!!!!!!!!!!!!!!!!!!!!!!!!!!!!!!!
  DEFNODE[/etc/defnodes/S10phyinf.php]
  DEFNODE[/etc/defnodes/S11devdata.xml]
  DEFNODE[/etc/defnodes/S12flashspeed.php]
  DEFNODE[/etc/defnodes/S14setchlist.php]
  DEFNODE[/etc/defnodes/S20device.xml]
  DEFNODE[/etc/defnodes/S22timezone.php]
[/etc/scripts/setdate.sh] 01/01/2000 ...
Sat Jan  1 08:00:07 GMT 2000
  DEFNODE[/etc/defnodes/S30device.php]
  DEFNODE[/etc/defnodes/S30device.xml]
  DEFNODE[/etc/defnodes/S31diagnostic.xml]
  DEFNODE[/etc/defnodes/S31locale.php]
  DEFNODE[/etc/defnodes/S32layout.php]
  DEFNODE[/etc/defnodes/S33wifi.php]
  DEFNODE[/etc/defnodes/S40device.xml]
  DEFNODE[/etc/defnodes/S90sessions.php]
  DEFNODE[/etc/defnodes/S90upnpigd.php]
  DEFNODE[/etc/defnodes/S90upnpwfa.php]
SERVD: start service [LOGD]
[/etc/init.d/S20interfaces.sh]
eth2: set mac address
eth3: set mac2 address
GDMA2_MAC_ADRH -- : 0x0000000c
GDMA2_MAC_ADRL -- : 0x4328822a
eth3: ===&gt; VirtualIF_open
vconfig: can't open '/proc/net/vlan/config': No such file or directory
[/etc/init.d/S23udevd.sh]
[/etc/init.d/S45gpiod.sh]
Factory reset time : 5 secs
[/etc/init.d/S45rtstad.sh]
rtstad: not found
[/etc/init.d/rcS] done!
[/etc/init0.d/S21layout.sh]: start ...
SERVD: start service [LAYOUT]
[/etc/init0.d/S40event.sh]: start ...
eth2: set mac address
RTNETLINK answers: Device or resource busy
eth3: set mac2 address
GDMA2_MAC_ADRH -- : 0x00005cd9
GDMA2_MAC_ADRL -- : 0x98e492f1
eth3: ===&gt; VirtualIF_open
SERVD: event [SEALPAC.LOAD/default]
device eth2 entered promiscuous mode
br0: port 1(eth2) entering forwarding state
Unable to open socket file : /var/gpio_ctrl
SERVD: start service [LOGD]
SERVD: service [LOGD] is already started.
SERVD: start service [PHYINF.ETH-1]
[/etc/init0.d/S40gpioevent.sh]: start ...
SERVD: start service [PHYINF.ETH-2]
SEAMA: '/dev/mtdblock/5' is not a seama file !
[/etc/init0.d/S41autowan.sh]: start ...
[/etc/init0.d/S41inf.sh]: start ...
[/etc/init0.d/S42pthrough.sh]: start ...
[/etc/init0.d/S51wlan.sh]: start ...
[/etc/init0.d/S52wlan.sh]: start ...
00: WPSLED Blue LED using GPIO #0, output mode.
01: INET Green LED using GPIO #28, output mode.
02: INET Amber LED using GPIO #27, output mode.
03: STATUS Green LED using GPIO #29, output mode.
04: STATUS Amber LED using GPIO #30, output mode.
05: WPS button using GPIO #26, input mode.
06: FRESET button using GPIO #25, input mode.
SERVD: event [WANPORT.LINKDOWN] not found!
SERVD: start service [BRIDGE]
rt2860v2_ap: module license 'unspecified' taints kernel.
Disabling lock debugging due to kernel taint


=== pAd = c02ef000, size = 438592 ===

&lt;-- RTMPAllocAdapterBlock, Status=0
init_blockch_proc
proc entry for blocked dfs channel is created
BRIDGE: The device is not in the bridge mode.
SERVD: start service [LAN]
SERVD: start service [WAN]
SERVD: start service [DEVICE.PASSTHROUGH]
SERVD: start service [WIFI.PHYINF]
RX DESC a1972000  size = 2048
&lt;-- RTMPAllocTxRxRingMemory, Status=0
1. Phy Mode = 8
2. Phy Mode = 8
3. Phy Mode = 8
RtmpOSFileOpen(): Error 2 opening /var/dfs_blocked.txt
Can't read dfs file from kernel
RTMPSetPhyMode: channel is out of range, use first channel=0
MCS Set = ff ff 00 00 00
SYNC - BBP R4 to 20MHz.l
SERVD: start service [IPTABLES]
Network interface reset count v1.0
Main bssid = 5c:d9:98:e4:92:f0
&lt;==== rt28xx_init, Status=0
0x1300 = 00064380
ERROR!!! RTMPCancelTimer failed, Timer hasn't been initialize!
RtmpOSNetDevDetach(): RtmpOSNetDeviceDetach(), dev-&gt;name=ra0!
delete_blockch_proc
[/etc/init0.d/S65ddnsd.sh]: start ...
[/etc/init0.d/S80telnetd.sh]: start ...
[/etc/init0.d/rcS] done!

Please press Enter to activate this console. SERVD: start service [IP6TABLES]
SERVD: start service [IPTABLES]
SERVD: service [IPTABLES] is already started.
SERVD: start service [IP6TABLES]
SERVD: service [IP6TABLES] is already started.
SERVD: start service [INET.LAN-1]
[/var/servd/INET.LAN-1_start.sh]: starting LAN-1...
SERVD: event [LAN-1.UP/default]
[/var/servd/INET.LAN-1_start.sh]: starting LAN-1 done !!!
SERVD: start service [INET.LAN-2]
ifsetup: (LAN-2) not active.
SERVD: service [INET.LAN-2] return error 8.
SERVD: start service [INET.LAN-3]
[/var/servd/INET.LAN-3_start.sh]: starting LAN-3...
SERVD: event [LAN-3.UP/default]
[/var/servd/INET.LAN-3_start.sh]: starting LAN-3 done !!!
SERVD: start service [INET.LAN-4]
[/var/servd/INET.LAN-4_start.sh]: starting LAN-4...
[/var/servd/INET.LAN-4_start.sh]: starting LAN-4 done !!!
SERVD: start service [IPTMACCTRL]
SERVD: start service [IPTURLCTRL]
SERVD: start service [IPTPORTT]
SERVD: start service [IP6T.LAN-1]
SERVD: start service [IP6T.LAN-2]
SERVD: start service [IP6T.LAN-3]
SERVD: start service [IP6T.LAN-4]
SERVD: start service [IPTABLES]
SERVD: service [IPTABLES] is already started.
SERVD: start service [IP6TABLES]
SERVD: service [IP6TABLES] is already started.
SERVD: start service [INET.WAN-1]
[/var/servd/INET.WAN-1_start.sh]: starting WAN-1...
[/var/servd/INET.WAN-1_start.sh]: starting WAN-1 done !!!
SERVD: start service [INET.WAN-2]
ifsetup: (WAN-2) not active.
SERVD: service [INET.WAN-2] return error 8.
SERVD: start service [INET.WAN-3]
[/var/servd/INET.WAN-3_start.sh]: starting WAN-3...
SERVD: event [WAN-3.UP/default]
[/var/servd/INET.WAN-3_start.sh]: starting WAN-3 done !!!
SERVD: start service [INET.WAN-4]
[/var/servd/INET.WAN-4_start.sh]: starting WAN-4...
[/var/servd/INET.WAN-4_start.sh]: starting WAN-4 done !!!
SERVD: start service [IPTMASQ]
/proc/sys/net/ipv4/ip_personality_sport: can't create
/proc/sys/net/ipv4/ip_personality_enable: can't create
SERVD: start service [IPTVSVR]
SERVD: start service [IPTPFWD]
SERVD: start service [IPTPORTT]
SERVD: service [IPTPORTT] is already started.
SERVD: start service [IPTDMZ]
IPTDMZ: cnt= 1
SERVD: start service [IPT.WAN-1]
SERVD: start service [IP6T.WAN-1]
SERVD: start service [IPT.WAN-2]
SERVD: start service [IP6T.WAN-2]
SERVD: start service [IPT.WAN-3]
SERVD: start service [IP6T.WAN-3]
SERVD: start service [IPT.WAN-4]
SERVD: start service [IP6T.WAN-4]
SERVD: stop service [IPT.LAN-1]
SERVD: service [IPT.LAN-1] is already stopped.
SERVD: start service [IPT.LAN-1]
/proc/fastnat/forskipsupport: can't create
SERVD: stop service [IPT.LAN-2]
SERVD: service [IPT.LAN-2] is already stopped.
SERVD: start service [IPT.LAN-2]
/proc/fastnat/forskipsupport: can't create
SERVD: stop service [IPT.LAN-3]
SERVD: service [IPT.LAN-3] is already stopped.
SERVD: start service [IPT.LAN-3]
SERVD: service [IPT.LAN-3] return error 108.
SERVD: stop service [IPT.LAN-4]
SERVD: service [IPT.LAN-4] is already stopped.
SERVD: start service [IPT.LAN-4]
SERVD: service [IPT.LAN-4] return error 108.
SERVD: start service [PHYINF.WLAN-1]


=== pAd = c1172000, size = 328376 ===

&lt;-- RTMPAllocAdapterBlock, Status=0
pAd-&gt;CSRBaseAddress =0xc1160000, csr_addr=0xc1160000!
SERVD: event [WPS.NONE/default]
SERVD: start service [PHYINF.WLAN-2]


=== pAd = c1429000, size = 438592 ===

&lt;-- RTMPAllocAdapterBlock, Status=0
init_blockch_proc
proc entry for blocked dfs channel is created
SERVD: event [WPS.NONE/default]
SERVD: stop service [INFSVCS.LAN-1]
SERVD: service [INFSVCS.LAN-1] is already stopped.
SERVD: start service [INFSVCS.LAN-1]
SERVD: event [LAN-1.CONNECTED] not found!
SERVD: event [INFSVCS.LAN-1.UP/default]
SERVD: event [STATUS.READY/default]
SERVD: stop service [INFSVCS.LAN-3]
SERVD: service [INFSVCS.LAN-3] is already stopped.
SERVD: start service [INFSVCS.LAN-3]
SERVD: event [LAN-3.CONNECTED] not found!
SERVD: event [INFSVCS.LAN-3.UP] not found!
SERVD: stop service [INFSVCS.WAN-3]
SERVD: service [INFSVCS.WAN-3] is already stopped.
SERVD: start service [INFSVCS.WAN-3]
SERVD: event [WAN-3.CONNECTED] not found!
SERVD: event [UPDATERESOLV/default]
SERVD: event [INFSVCS.WAN-3.UP] not found!
SERVD: event [UPNP.IGD.NOTIFY.WANIPCONN1] not found!
SERVD: stop service [HOSTAPD]
SERVD: service [HOSTAPD] is already stopped.
SERVD: start service [HOSTAPD]
Reading topology file /var/topology.conf ...
ralink_init: Initiating ralink_wireless_eveRX DESC a0ca6000  size = 2048
nt_init...
&lt;-- RTMPAllocTxRxRingMemory, Status=0
1. Phy Mode = 9
2. Phy Mode = 9
3. Phy Mode = 9
RTMPSetPhyMode: channel is out of range, use first channel=0
MCS Set = ff ff 00 00 00
SYNC - BBP R4 to 20MHz.l
Main bssid = 5c:d9:98:e4:92:f0
&lt;==== rt28xx_init, Status=0
0x1300 = 00064380
device rai0 entered promiscuous mode
br0: port 2(rai0) entering forwarding state
device ra0 entered promiscuous mode
device ra0 left promiscuous mode
ralink_initRX DESC a0b1c000  size = 2048
: Initiating ralink_wireless_event_init...
&lt;-- RTMPAllocTxRxRingMemory, Status=0
br_add_interface: Invalid argument
1. Phy Mode = 8
2. Phy Mode = 8
3. Phy Mode = 8
RTMPSetPhyMode: channel is out of range, use first channel=0
MCS Set = ff ff 00 00 00
SYNC - BBP R4 to 20MHz.l
Main bssid = 5c:d9:98:e4:92:f0
&lt;==== rt28xx_init, Status=0
0x1300 = 00064380
br0: port 2(rai0) multicast bandwidth 900kbps
Using interface rai0 with hwaddr 5c:d9:98:e4:92:f0 and ssid 'dlink'
Using interface ra0 with hwaddr 5c:d9:98:e4:92:f0 and ssid 'dlink_media'
can't find port ra0 in bridge br0
SERVD: start service [ENLAN]
[/var/servd/ENLAN_start.sh]: TODO ...................
[/var/servd/ENLAN_start.sh]: TODO ...................
SERVD: start service [HTTP.LAN-1]
SERVD: start service [UPNP.LAN-1]
SERVD: event [UPNP.ALIVE.LAN-1/default]
SERVD: start service [NEAP.LAN-1]
SERVD: start service [NAMERESOLV.LAN-1]
SERVD: start service [DHCPS4.LAN-1]
SERVD: start service [DNS4.LAN-1]
SERVD: stop service [LLD2]
SERVD: service [LLD2] is already stopped.
SERVD: start service [LLD2]
SERVD: start service [ENLAN]
SERVD: service [ENLAN] is already started.
SERVD: start service [NAMERESOLV.LAN-3]
SERVD: stop service [IPTDEFCHAIN]
SERVD: service [IPTDEFCHAIN] is already stopped.
SERVD: start service [IPTDEFCHAIN]
SERVD: stop service [IP6TDEFCHAIN]
SERVD: service [IP6TDEFCHAIN] is already stopped.
SERVD: start service [IP6TDEFCHAIN]
SERVD: stop service [ROUTE.STATIC]
SERVD: service [ROUTE.STATIC] is already stopped.
SERVD: start service [ROUTE.STATIC]
SERVD: stop service [ROUTE.DESTNET]
SERVD: service [ROUTE.DESTNET] is already stopped.
SERVD: start service [ROUTE.DESTNET]
SERVD: stop service [ROUTE.DOMAIN]
SERVD: service [ROUTE.DOMAIN] is already stopped.
SERVD: start service [ROUTE.DOMAIN]
SERVD: stop service [ROUTE.IPUNNUMBERED]
SERVD: service [ROUTE.IPUNNUMBERED] is already stopped.
SERVD: start service [ROUTE.IPUNNUMBERED]
SERVD: stop service [MULTICAST]
SERVD: service [MULTICAST] is already stopped.
SERVD: start service [MULTICAST]
SERVD: stop service [QOS]
SERVD: service [QOS] is already stopped.
SERVD: start service [QOS]
echo QOS is disabled.
Interface is wanif=eth3 lanif=br0 ... OK
Start QOS system ...
QOS= UPSTREAM=102400 DOWNSTREAM=102400
SERVD: start service [DEVICE.TIME]
NTP is disabled ...
SERVD: stop service [HTTP]
SERVD: service [HTTP] is already stopped.
SERVD: start service [HTTP]
SERVD: event [HTTP.UP] not found!
SERVD: stop service [DNS]
SERVD: service [DNS] is already stopped.
SERVD: start service [DNS]
killall: dnsmasq: no process killed
&lt;/pre&gt;}}
====cat /proc/version====
&lt;pre&gt;
# cat /proc/version
Linux version 2.6.33.2 (joely@enzo) (gcc version 4.3.3 (GCC) ) #1 Tue Aug 3 21:22:10 CST 2010
&lt;/pre&gt;
====cat /proc/cpuinfo====
&lt;pre&gt;
# cat /proc/cpuinfo
system type             : Ralink SoC
processor               : 0
cpu model               : MIPS 74Kc V4.12
BogoMIPS                : 249.34
wait instruction        : yes
microsecond timers      : yes
tlb_entries             : 32
extra interrupt vector  : yes
hardware watchpoint     : yes, count: 4, address/irw mask: [0x0ff8, 0x08cc, 0x0ff8, 0x0a23]
ASEs implemented        : mips16 dsp
shadow register sets    : 1
core                    : 0
VCED exceptions         : not available
VCEI exceptions         : not available

&lt;/pre&gt;
====lsmod====
&lt;pre&gt;
# lsmod
Module                  Size  Used by
rt2860v2_ap           923001  1
RT3090_ap_net          24888  1
RT3090_ap             723872  1 RT3090_ap_net
RT3090_ap_util         18262  2 RT3090_ap_net,RT3090_ap
ifresetcnt              1152  0
&lt;/pre&gt;
====cat /proc/cmdline====
&lt;pre&gt;
# cat /proc/cmdline
console=ttyS1,57600n8 root=/dev/mtdblock1 noinitrd
&lt;/pre&gt;
====cat /proc/mtd====
&lt;pre&gt;
# cat /proc/mtd
dev:    size   erasesize  name
mtd0: 00400000 00010000 &quot;elbox-flash.0&quot;
mtd1: 0027b000 00010000 &quot;rootfs&quot;
mtd2: 003a0000 00010000 &quot;upgrade&quot;
mtd3: 00010000 00010000 &quot;devconf&quot;
mtd4: 00010000 00010000 &quot;devdata&quot;
mtd5: 00010000 00010000 &quot;langpack&quot;
mtd6: 00400000 00010000 &quot;flash&quot;
mtd7: 00030000 00010000 &quot;u-boot&quot;
mtd8: 00008000 00010000 &quot;boot env&quot;
&lt;/pre&gt;
====cat /proc/rt3883/gmac====
&lt;pre&gt;
# cat /proc/rt3883/gmac


FE_INT_ENABLE  : 0x00000f04
DLY_INT_CFG     : 0x00000000
TX_BASE_PTR0   : 0x00c00000
TX_CTX_IDX0    : 0x00000092
TX_DTX_IDX0    : 0x00000092
TX_BASE_PTR1(0xb0100120)   : 0x00000000
TX_CTX_IDX1(0xb0100128)    : 0x00000000
TX_DTX_IDX1(0xb010012c)    : 0x00000000
TX_BASE_PTR2(0xb0100140)   : 0x00000000
TX_CTX_IDX2(0xb0100148)    : 0x00000000
TX_DTX_IDX2(0xb010014c)    : 0x00000000
TX_BASE_PTR3(0xb0100150)   : 0x00000000
TX_CTX_IDX3(0xb0100158)    : 0x00000000
TX_DTX_IDX3(0xb010015c)    : 0x00000000
RX_BASE_PTR0   : 0x00c01000
RX_MAX_CNT0    : 0x00000100
RX_CALC_IDX0   : 0x000000ff
RX_DRX_IDX0    : 0x00000000
GDMA1_FWD_CFG  : 0xc0710000
PDMA_GLO_CFG   : 0x00000045
PDMA_RST_CFG   : 0x00000000
FE_RST_GL      : 0x00000000

MDIO_CFG(0xb0100004)     : 0x1f01bc75
CDMA_OQ_STA(0xb010008c)     : 0x00000000
GDMA1_OQ_STA(0xb0100090)     : 0x00000000
PPE_OQ_STA(0xb0100094)     : 0x00000000
PSE_IQ_STA(0xb0100098)     : 0x00000000
GDMA1_SCH_CFG(0xb0100024)  : 0x00003210
GDMA2_SCH_CFG(0xb0100064)  : 0x00003210
CDMA_FC_CFG(0xb0100044)  : 0x1c080808
GDMA1_FC_CFG(0xb0100048)  : 0x1c080808
FE_GLO_CFG(0xb0100008)  : 0x81007d80
GDMA1_SHPR_CFG(0xb0100028)  : 0x00000000
GDMA2_SHPR_CFG(0xb0100068)  : 0x00000000
PDMA_FC_CFG(0xb01001f0)  : 0x3f3f3f3f
PDMA_SCH_CFG(0xb0100108)  : 0x00000000

-----
RX Counters:
GDMA_RX_GBCNT0(0xb0100720)     : 0x00000000
GDMA_RX_GPCNT0(0xb0100724)     : 0x00000000
GDMA_RX_OERCNT0(0xb0100728)    : 0x00000000
GDMA_RX_FERCNT0(0xb010072c)     : 0x00000000
GDMA_RX_SERCNT0(0xb0100730)     : 0x00000000
GDMA_RX_LERCNT0(0xb0100734)     : 0x00000000
GDMA_RX_CERCNT0(0xb0100738)     : 0x00000000

GDMA_RX_FCCNT1(0xb010073c)     : 0x00000000


&lt;/pre&gt;
====ps====
&lt;pre&gt;
# ps
  PID USER       VSZ STAT COMMAND
    1 0          600 S    init
    2 0            0 SW   [kthreadd]
    3 0            0 SW   [ksoftirqd/0]
    4 0            0 SW   [events/0]
    5 0            0 SW   [khelper]
    6 0            0 SW   [async/mgr]
    7 0            0 SW   [sync_supers]
    8 0            0 SW   [bdi-default]
    9 0            0 SW   [kblockd/0]
   10 0            0 SW   [cfg80211]
   11 0            0 SW   [rpciod/0]
   12 0            0 SW   [kswapd0]
   13 0            0 SW   [aio/0]
   14 0            0 SW   [nfsiod]
   15 0            0 SW   [crypto/0]
   21 0            0 SW   [mtdblockd]
   28 0            0 SW   [unlzma/0]
   70 0         1248 S    xmldb -n wrgnd08_dlob_dir815 -t
   71 0          884 S    servd -d schedule_off
  182 0          852 S    logd -p notice
  183 0          828 S    klogd -p notice
  196 0          848 S    gpiod
  517 0          836 S    portt -c DNAT.PORTT
  549 0          860 S    ddnsd
  565 0          832 S    telnetd -l /usr/sbin/login -u Alphanetworks:wrgnd08_d
  575 0          712 S    -/bin/sh
  882 0          988 S    udhcpc -i eth3 -H dlinkrouter -p /var/servd/WAN-1-udh
 1123 0          848 S    updatewifistats -i rai0 -x /phyinf:3 -r /runtime/phyi
 1152 0          848 S    updatewifistats -i ra0 -x /phyinf:4 -r /runtime/phyin
 1276 0         1420 S    hostapd /var/topology.conf
 1278 0            0 SW   [RtmpCmdQTask]
 1282 0            0 SW   [RtmpCmdQTask]
 1347 0          852 S    neaps -i br0 -c /var/run/neaps.conf
 1362 0          828 S    netbios -i br0 -r dlinkrouter
 1363 0          844 S    llmnresp -i br0 -r dlinkrouter
 1402 0         1012 S    udhcpd /var/servd/LAN-1-udhcpd.conf
 1450 0          960 S    lld2d -c /var/lld2d.conf br0 rai0
 1569 0         1504 S    httpd -f /var/run/httpd.conf
 1583 0          984 S    dnsmasq -C /var/servd/DNS.conf
 1724 0          600 R    ps
&lt;/pre&gt;
====cat /proc/meminfo====
&lt;pre&gt;
# cat /proc/meminfo
MemTotal:          29100 kB
MemFree:            4368 kB
Buffers:            2408 kB
Cached:             8760 kB
SwapCached:            0 kB
Active:             6892 kB
Inactive:           6048 kB
Active(anon):       1772 kB
Inactive(anon):        0 kB
Active(file):       5120 kB
Inactive(file):     6048 kB
Unevictable:           0 kB
Mlocked:               0 kB
SwapTotal:             0 kB
SwapFree:              0 kB
Dirty:                 0 kB
Writeback:             0 kB
AnonPages:          1788 kB
Mapped:             1360 kB
Shmem:                 0 kB
Slab:               8332 kB
SReclaimable:       1168 kB
SUnreclaim:         7164 kB
KernelStack:         312 kB
PageTables:          240 kB
NFS_Unstable:          0 kB
Bounce:                0 kB
WritebackTmp:          0 kB
CommitLimit:       14548 kB
Committed_AS:       3916 kB
VmallocTotal:    1048372 kB
VmallocUsed:        2632 kB
VmallocChunk:    1026332 kB
&lt;/pre&gt;
====cat /proc/bus/pci/devices====
&lt;pre&gt;
# cat /proc/bus/pci/devices
0000    18140802        0                      0                20100000                       0                       0                       0                       0                       0                 2000000                   10000                    0                       0                       0                       0                       0        pcieport
0100    18143091        10              20000000                       0                       0                       0                       0                       0                       0                   10000                       0                    0                       0                       0                       0                       0        rt2860
#
&lt;/pre&gt;</text>
      <sha1>kf3hn8xiob8lxce42dykvjgp7ex0min</sha1>
    </revision>
  </page>