<page>
    <title>Fonera FON2200</title>
    <ns>0</ns>
    <id>53262</id>
    <revision>
      <id>271517</id>
      <parentid>271516</parentid>
      <timestamp>2019-07-05T04:42:20Z</timestamp>
      <contributor>
        <username>imported&gt;M86</username>
        <id>0</id>
      </contributor>
      <minor/>
      <comment>Text replacement - &quot;speed=10/100&quot; to &quot;speed=100M&quot;</comment>
      <origin>271517</origin>
      <model>wikitext</model>
      <format>text/x-wiki</format>
      <text bytes="7987" sha1="2ydmiiflccbjl9jnq039lbcz1h4xxo0" xml:space="preserve">{{Wireless embedded system
|brand=Fon Wireless
|model=FON2200
|revision=A
|asin=B0016C8SC8
|fcc_date=02/09/2007
|manuf_country=China
|is_manuf=No
|manuf=Delta Networks
|manuf_model=
|manuf_rev=
|availability=
|type=access point
|fcc_id=UVA-FON2200
|ic_id=3857A-FON2200
|pcb_id=2976282800
|pwr_v=7.5
|pwr_amp=1
|pwr_conn=barrel
|cpu1_brand=Atheros
|cpu1_model=AR2315A
|cpu1_cspeed=183
|fla1=8
|fla1_brand=Macronix
|fla1_model=MX25L6405MC-20G
|ram1=16
|ram1_brand=Hynix
|ram1_model=HY57V281620ETP-H
|expansion_if_types=
|expansion_usb_num=
|jtag=yes
|serial=yes,, 3.3V TTL
|wi1_chip1_brand=Atheros
|wi1_chip1_model=AR2315A
|wi1_802dot11_protocols=bg
|wi1_ant_conn=RP-SMA
|eth_cpu=true
|eth_chip2_brand=Realtek
|eth_chip2_model=RTL8201CP
|lan_speed=100M
|lan_ports=1
|addl_chips=
|flags=bootlog
|stock_boot=RedBoot;
|stock_os=Linux;2.4.32;
|tp_firmware=OpenWrt,DD-WRT
|802dot11_protocols=bg
|default_ssid=FON_AP,MyPlace
|default_ssid_regex=^FON_AP$,,,^MyPlace$
|default_ip=
|default_user=
|default_pass=
|oui=00:18:84
|oui_eth=00:18:84
}}
{{TagLine|La Fonera Wireless Router}}
{{see also|Fonera FON2100}}

*&quot;2976282800&quot; is silkscreened on the board in the FCC photos.
*&quot;2976282802&quot; is a version with ST 25P64V6P flash chip.

Per the FCC manual, the device uses two SSIDs..
*FON_AP (public)
*MyPlace (private)

{{TechInfoDepot|LaFonera_2200}}
*[http://wiki.openwrt.org/toh/fon/fonera On the '''OpenWrt''' wiki]
*[http://stefans.datenbruch.de/lafonera/ Hacking the ''La Fonera'']
*[https://www.dd-wrt.com/phpBB2/viewtopic.php?t=38820 ''Flashing the Fonera FON2200 (the easy way)'' on '''DD-WRT''' forums]

Notes:
:- Linux version 2.4.32 (iurgi@ropero) (gcc version 3.4.6
::(OpenWrt-2.0)) #8 lun ene 8 12:33:21 UTC 2007
:- Processor id: 00019064 [[MIPS_4KEc]]

===Bootlog===
{{SCollapse|bootlog
|&lt;small&gt;&lt;pre&gt;
Ethernet eth0: MAC address 00:18:84:80:10:b8
IP: 192.168.1.1/255.255.255.0, Gateway: 0.0.0.0
Default server: 192.168.1.254

RedBoot(tm) bootstrap and debug environment [ROMRAM]
Non-certified release, version V1.00 - built 10:37:27, Dec 12 2006

Copyright (C) 2000, 2001, 2002, 2003, 2004 Red Hat, Inc.

Board: FON1 
RAM: 0x80000000-0x81000000, [0x80040aa0-0x80fe1000] available
FLASH: 0xa8000000 - 0xa87f0000, 128 blocks of 0x00010000 bytes each.

Executing boot script in 2.000 seconds - enter ^C to abort
RedBoot&gt; fis load -l vmlinux.bin.l7
Image loaded from 0x80041000-0x801ba000
RedBoot&gt; exec
Now booting linux kernel:
 Base address 0x80030000 Entry 0x80190040
 Cmdline : 
CPU revision is: 00019064
Primary instruction cache 16kB, physically tagged, 4-way, linesize 16 bytes.
Primary data cache 16kB, 4-way, linesize 16 bytes.
Linux version 2.4.32 (iurgi@ropero) (gcc version 3.4.6 (OpenWrt-2.0)) 
 #8 lun ene 8 12:33:21 UTC 2007
Determined physical RAM map:
 memory: 01000000 @ 00000000 (usable)
On node 0 totalpages: 4096
zone(0): 4096 pages.
zone(1): 0 pages.
zone(2): 0 pages.
Kernel command line: console=ttyS0,9600 rootfstype=squashfs,jffs2  
Using 92.000 MHz high precision timer.
Calibrating delay loop... 183.50 BogoMIPS
Memory: 14188k/16384k available (1327k kernel code, 2196k reserved, 92k data, 68k init, 0k highmem)
Dentry cache hash table entries: 2048 (order: 2, 16384 bytes)
Inode cache hash table entries: 1024 (order: 1, 8192 bytes)
Mount cache hash table entries: 512 (order: 0, 4096 bytes)
Buffer cache hash table entries: 1024 (order: 0, 4096 bytes)
Page-cache hash table entries: 4096 (order: 2, 16384 bytes)
Checking for 'wait' instruction...  available.
POSIX conformance testing by UNIFIX
Linux NET4.0 for Linux 2.4
Based upon Swansea University Computer Society NET3.039
Initializing RT netlink socket
Starting kswapd
devfs: v1.12c (20020818) Richard Gooch (rgooch@atnf.csiro.au)
devfs: boot_options: 0x1
JFFS2 version 2.1. (C) 2001 Red Hat, Inc., designed by Axis Communications AB.
squashfs: version 3.0 (2006/03/15) Phillip Lougher
pty: 256 Unix98 ptys configured
Serial driver version 5.05c (2001-07-08) with no serial options enabled
ttyS00 at 0xb1100003 (irq = 37) is a 16550A
eth0: Dropping NETIF_F_SG since no checksum feature.
eth0: Atheros AR2313: 00:18:84:80:10:b8, irq 4
MTD driver for SPI flash.
spiflash: Probing for Serial flash ...
spiflash: Found SPI serial Flash.
8388608: size

Creating 8 MTD partitions on &quot;spiflash&quot;:
0x00000000-0x00030000 : &quot;RedBoot&quot;
0x00030000-0x00720000 : &quot;rootfs&quot;
0x001b0000-0x00720000 : &quot;rootfs1&quot;
0x00720000-0x00730000 : &quot;config&quot;
0x00730000-0x007e0000 : &quot;vmlinux.bin.l7&quot;
0x007e0000-0x007ef000 : &quot;FIS directory&quot;
mtd: partition &quot;FIS directory&quot; doesn't end on an erase block -- force read-only
0x007ef000-0x007f0000 : &quot;RedBoot config&quot;
mtd: partition &quot;RedBoot config&quot; doesn't start on an erase block boundary -- force read-only
0x007f0000-0x00800000 : &quot;board_config&quot;

Initializing Cryptographic API
NET4: Linux TCP/IP 1.0 for NET4.0
IP Protocols: ICMP, UDP, TCP, IGMP
IP: routing cache hash table of 512 buckets, 4Kbytes
TCP: Hash tables configured (established 1024 bind 2048)
ip_conntrack version 2.1 (5953 buckets, 5953 max) - 328 bytes per conntrack
ip_tables: (C) 2000-2002 Netfilter core team
NET4: Unix domain sockets 1.0/SMP for Linux NET4.0.
NET4: Ethernet Bridge 008 for NET4.0
802.1Q VLAN Support v1.8 Ben Greear &lt;greearb@candelatech.com&gt;
All bugs added by David S. Miller &lt;davem@redhat.com&gt;
VFS: Mounted root (squashfs filesystem) readonly.
Mounted devfs on /dev
Freeing unused kernel memory: 68k freed
init started:  BusyBox v1.1.3 (2006.11.27-12:40+0000) multi-call binary
Algorithmics/MIPS FPU Emulator v1.5

Please press Enter to activate this console. jffs2_scan_inode_node(): 
Data CRC failed on node at 0x00475538: Read 0xb0fefdc8, calculated 0xb6566a11
Registering mini_fo version $Id$
mini_fo: using base directory: /
mini_fo: using storage directory: /jffs
jffs2.bbc: SIZE compression mode activated.
wlan: 0.8.4.2 (0.9.0)
ath_hal: 0.9.17.1 (AR5212, AR5312, RF5112, RF2316, RF2317, TX_DESC_SWAP)
wlan: mac acl policy registered
ath_rate_sample: 1.2 (0.9.0)
ath_ahb: 0.9.4.5 (0.9.0)
ath_pci: switching rfkill capability off
wifi0: 11b rates: 1Mbps 2Mbps 5.5Mbps 11Mbps
wifi0: 11g rates: 1Mbps 2Mbps 5.5Mbps 11Mbps 
 6Mbps 9Mbps 12Mbps 18Mbps 24Mbps 36Mbps 48Mbps 54Mbps
wifi0: H/W encryption support: WEP AES AES_CCM TKIP
wifi0: mac 11.0 phy 4.8 radio 7.0
wifi0: Use hw queue 1 for WME_AC_BE traffic
wifi0: Use hw queue 0 for WME_AC_BK traffic
wifi0: Use hw queue 2 for WME_AC_VI traffic
wifi0: Use hw queue 3 for WME_AC_VO traffic
wifi0: Use hw queue 8 for CAB traffic
wifi0: Use hw queue 9 for beacons
wifi0: Atheros 2315 WiSoC: mem=0xb0000000, irq=3
Universal TUN/TAP device driver 1.5 (C)1999-2002 Maxim Krasnyansky
device eth0 entered promiscuous mode
IPP2P v0.8.1_rc1 loading
&lt;/pre&gt;&lt;/small&gt;}}

===Processes===
{{SCollapse|processes
|&lt;small&gt;&lt;pre&gt;
  PID  Uid     VmSize Stat Command
    1 root        396 S   init       
    2 root            SW  [keventd]
    3 root            SWN [ksoftirqd_CPU0]
    4 root            SW  [kswapd]
    5 root            SW  [bdflush]
    6 root            SW  [kupdated]
    8 root            SW  [mtdblockd]
   16 root        444 S   /bin/sh /etc/init.d/rcS 
   17 root        380 S   logger -s -p 6 -t  
   19 root        532 S   /bin/ash --login 
   20 root        396 S   syslogd -C 16 
   22 root        360 S   klogd 
   49 root            SWN [jffs2_gcd_mtd2]
  113 root        284 S   lock /var/run/network-connection 
  115 root        284 S   lock /var/run/restart-services 
  221 root        448 S   hostapd -B /tmp/hostapd.conf 
  255 nobody      436 S   dnsmasq -C /etc/dnsmasq.conf --dhcp-range=192.168.10.
  261 root        388 S   udhcpc -i eth0 -R 
  398 root        420 S   httpd -p 80 -h /www -r OpenWrt 
  488 root        428 S   crond -c /etc/crontabs 
  506 root        424 S   /usr/sbin/httpd -R /cgi-bin/splash.sh -H 192.168.10.1
  507 root        328 S   watchdog -t 5 /dev/misc/watchdog 
  508 root        328 D   watchdog -t 5 /dev/misc/watchdog 
  509 root        276 S   lock -w /var/run/network-connection 
&lt;/pre&gt;&lt;/small&gt;}}</text>
      <sha1>2ydmiiflccbjl9jnq039lbcz1h4xxo0</sha1>
    </revision>
  </page>