<page>
    <title>Iomega StorCenter px6-300d</title>
    <ns>0</ns>
    <id>71738</id>
    <revision>
      <id>354528</id>
      <parentid>354527</parentid>
      <timestamp>2019-07-05T01:02:31Z</timestamp>
      <contributor>
        <username>imported&gt;M86</username>
        <id>0</id>
      </contributor>
      <minor/>
      <comment>Text replacement - &quot;speed=10/100/1000&quot; to &quot;speed=1G&quot;</comment>
      <origin>354528</origin>
      <model>wikitext</model>
      <format>text/x-wiki</format>
      <text bytes="50797" sha1="ihtetx7th233wb8pbkeamei1qiqvp47" xml:space="preserve">{{Wired embedded system
|brand=Iomega
|model=StorCenter px6-300d
|revision=(70BG9000NA)
|asin=B004Z02XW4,B00DW1WWS2
|est_release_date=06/12/2013
|manuf_country=
|is_manuf=No
|availability=now
|type=NAS
|pwr_v=100-240
|pwr_amp=0.5
|pwr_conn=AC
|pwr_vac=true
|pwr_ac_hz=50/60
|cpu1_brand=Intel Atom
|cpu1_model=D525
|cpu1_cspeed=1.8 GHz
|cpu1_cores=2
|fla1=1 GiB
|fla1_brand=Samsung
|fla1_model=K9K8G08U00-SCB0
|ram1=2 GiB
|ram1_brand=
|ram1_model=
|expansion_if_types=USB 2.0, USB 3.0, eSATA
|expansion_usb_num=3
|expansion_sata_num=6
|serial=yes,, (115200,8,N,1)
|eth_chip1_brand=Realtek
|eth_chip1_model=RTL8111E
|eth_chip2_brand=Realtek
|eth_chip2_model=RTL8111E
|lan_speed=1G
|lan_ports=2
|addl_chips=USB 3.0 Host Controller;Fresco Logic;FL1000G;;1;
|stock_boot=Grub;0.9;
|stock_os=Linux;3.8.13;
|tp_firmware=Debian
|default_ip=
|default_user=
|default_pass=
|oui_eth=
}}
{{TagLine|Iomega (Lenovo EMC) Network Storage 6 Bay}}

*[http://shop.lenovo.com/us/en/servers/network-storage/lenovoemc/px6-300d/ px6-3006] is a 6 bay hot-swap NAS from [[Lenovo]] (formerly Iomega)
:Ports: 2x GbE (RJ45), 1x USB 3.0, 2x USB 2.0
:P/N: 70BG9000NA

==Images==
&lt;gallery&gt;
File:px6-300d_front.jpg|Front PCB
File:px6-300d_back.jpg|Back of the PCB:
File:px6-300d_inside.jpg|Bays and Sata connectors
&lt;/gallery&gt;[[Has images:internal| ]]

===Serial===
{{SCollapse|Full Debian boot log
|&lt;small&gt;&lt;pre&gt;
Linux version 4.9.0-1-amd64 (debian-kernel@lists.debian.org) 
 (gcc version 6.3.0 20170124 (Debian 6.3.0-5) ) #1 SMP Debian 4.9.6-3 (2017-01-28)
Command line: BOOT_IMAGE=/boot/vmlinuz-4.9.0-1-amd64 root=/dev/sdb1 ro console=ttyS0,115200
x86/fpu: Legacy x87 FPU detected.
x86/fpu: Using 'eager' FPU context switches.
e820: BIOS-provided physical RAM map:
BIOS-e820: [mem 0x0000000000000000-0x000000000009b3ff] usable
BIOS-e820: [mem 0x000000000009b400-0x000000000009ffff] reserved
BIOS-e820: [mem 0x00000000000e4000-0x00000000000fffff] reserved
BIOS-e820: [mem 0x0000000000100000-0x000000007f68ffff] usable
BIOS-e820: [mem 0x000000007f690000-0x000000007f69dfff] ACPI data
BIOS-e820: [mem 0x000000007f69e000-0x000000007f6dffff] ACPI NVS
BIOS-e820: [mem 0x000000007f6e0000-0x000000007fffffff] reserved
BIOS-e820: [mem 0x00000000fee00000-0x00000000fee00fff] reserved
BIOS-e820: [mem 0x00000000ffb00000-0x00000000ffffffff] reserved
NX (Execute Disable) protection: active
SMBIOS 2.6 present.
DMI: Iomega Corporation StorCenter Pro xxxx/StorCenter Pro xxxx, BIOS 0122 03/26/2013
e820: update [mem 0x00000000-0x00000fff] usable ==&gt; reserved
e820: remove [mem 0x000a0000-0x000fffff] usable
e820: last_pfn = 0x7f690 max_arch_pfn = 0x400000000
MTRR default type: uncachable
MTRR fixed ranges enabled:
  00000-9FFFF write-back
  A0000-BFFFF uncachable
  C0000-CFFFF write-protect
  D0000-DFFFF uncachable
  E0000-EFFFF write-through
  F0000-FFFFF write-protect
MTRR variable ranges enabled:
  0 base 000000000 mask F80000000 write-back
  1 base 07F700000 mask FFFF00000 uncachable
  2 base 07F800000 mask FFF800000 uncachable
  3 disabled
  4 disabled
  5 disabled
  6 disabled
  7 disabled
x86/PAT: Configuration [0-7]: WB  WC  UC- UC  WB  WC  UC- WT  
found SMP MP-table at [mem 0x000ff780-0x000ff78f] mapped at [ffff96d5000ff780]
Base memory trampoline at [ffff96d500095000] 95000 size 24576
BRK [0x0e94c000, 0x0e94cfff] PGTABLE
BRK [0x0e94d000, 0x0e94dfff] PGTABLE
BRK [0x0e94e000, 0x0e94efff] PGTABLE
BRK [0x0e94f000, 0x0e94ffff] PGTABLE
BRK [0x0e950000, 0x0e950fff] PGTABLE
BRK [0x0e951000, 0x0e951fff] PGTABLE
RAMDISK: [mem 0x35d69000-0x36eabfff]
ACPI: Early table checksum verification disabled
ACPI: RSDP 0x00000000000F9F50 000014 (v00 ACPIAM)
ACPI: RSDT 0x000000007F690000 000044 (v01 \xffffffff\xffffffff\xffffffff\xffffffff\xffffffff\xffffffff \xffffffff\xffffffff\xffffffff\xffffffff\xffffffff\xffffffff\xffffffff\xffffffff 20130326 MSFT 00000097)
ACPI: FACP 0x000000007F690200 000084 (v01 032613 FACP1558 20130326 MSFT 00000097)
ACPI: DSDT 0x000000007F690610 00584B (v01 00212  00212004 00000004 INTL 20051117)
ACPI: FACS 0x000000007F69E000 000040
ACPI: APIC 0x000000007F690390 00006C (v01 032613 APIC1558 20130326 MSFT 00000097)
ACPI: SPCR 0x000000007F690400 000050 (v01 032613 SPCR1558 20130326 MSFT 00000097)
ACPI: MCFG 0x000000007F690450 00003C (v01 032613 OEMMCFG  20130326 MSFT 00000097)
ACPI: SLIC 0x000000007F690490 000176 (v01 \xffffffff\xffffffff\xffffffff\xffffffff\xffffffff\xffffffff \xffffffff\xffffffff\xffffffff\xffffffff\xffffffff\xffffffff\xffffffff\xffffffff 20130326 MSFT 00000097)
ACPI: OEMB 0x000000007F69E040 000076 (v01 032613 OEMB1558 20130326 MSFT 00000097)
ACPI: HPET 0x000000007F69A610 000038 (v01 032613 OEMHPET  20130326 MSFT 00000097)
ACPI: GSCI 0x000000007F69E0C0 002024 (v01 032613 GMCHSCI  20130326 MSFT 00000097)
ACPI: Local APIC address 0xfee00000
No NUMA configuration found
Faking a node at [mem 0x0000000000000000-0x000000007f68ffff]
NODE_DATA(0) allocated [mem 0x7f68b000-0x7f68ffff]
Zone ranges:
  DMA      [mem 0x0000000000001000-0x0000000000ffffff]
  DMA32    [mem 0x0000000001000000-0x000000007f68ffff]
  Normal   empty
  Device   empty
Movable zone start for each node
Early memory node ranges
  node   0: [mem 0x0000000000001000-0x000000000009afff]
  node   0: [mem 0x0000000000100000-0x000000007f68ffff]
Initmem setup node 0 [mem 0x0000000000001000-0x000000007f68ffff]
On node 0 totalpages: 521770
  DMA zone: 64 pages used for memmap
  DMA zone: 21 pages reserved
  DMA zone: 3994 pages, LIFO batch:0
  DMA32 zone: 8091 pages used for memmap
  DMA32 zone: 517776 pages, LIFO batch:31
Reserving Intel graphics memory at 0x000000007f800000-0x000000007fffffff
ACPI: PM-Timer IO Port: 0x808
ACPI: Local APIC address 0xfee00000
IOAPIC[0]: apic_id 4, version 32, address 0xfec00000, GSI 0-23
ACPI: INT_SRC_OVR (bus 0 bus_irq 0 global_irq 2 dfl dfl)
ACPI: INT_SRC_OVR (bus 0 bus_irq 9 global_irq 9 high level)
ACPI: IRQ0 used by override.
ACPI: IRQ9 used by override.
Using ACPI (MADT) for SMP configuration information
ACPI: HPET id: 0x8086a301 base: 0xfed00000
smpboot: Allowing 4 CPUs, 0 hotplug CPUs
PM: Registered nosave memory: [mem 0x00000000-0x00000fff]
PM: Registered nosave memory: [mem 0x0009b000-0x0009bfff]
PM: Registered nosave memory: [mem 0x0009c000-0x0009ffff]
PM: Registered nosave memory: [mem 0x000a0000-0x000e3fff]
PM: Registered nosave memory: [mem 0x000e4000-0x000fffff]
e820: [mem 0x80000000-0xfedfffff] available for PCI devices
Booting paravirtualized kernel on bare hardware
clocksource: refined-jiffies: mask: 0xffffffff max_cycles: 0xffffffff, max_idle_ns: 7645519600211568 ns
setup_percpu: NR_CPUS:512 nr_cpumask_bits:512 nr_cpu_ids:4 nr_node_ids:1
percpu: Embedded 35 pages/cpu @ffff96d57f400000 s103768 r8192 d31400 u524288
pcpu-alloc: s103768 r8192 d31400 u524288 alloc=1*2097152
pcpu-alloc: [0] 0 1 2 3 
Built 1 zonelists in Node order, mobility grouping on.  Total pages: 513594
Policy zone: DMA32
Kernel command line: BOOT_IMAGE=/boot/vmlinuz-4.9.0-1-amd64 root=/dev/sdb1 ro console=ttyS0,115200
PID hash table entries: 4096 (order: 3, 32768 bytes)
Calgary: detecting Calgary via BIOS EBDA area
Calgary: Unable to locate Rio Grande table in EBDA - bailing!
Memory: 2020200K/2087080K available (6146K kernel code, 1134K rwdata, 2844K rodata, 1392K init, 812K bss, 66880K reserved, 0K cma-reserved)
Hierarchical RCU implementation.
 Build-time adjustment of leaf fanout to 64.
 RCU restricting CPUs from NR_CPUS=512 to nr_cpu_ids=4.
RCU: Adjusting geometry for rcu_fanout_leaf=64, nr_cpu_ids=4
NR_IRQS:33024 nr_irqs:456 16
Console: colour VGA+ 80x25
console [ttyS0] enabled
clocksource: hpet: mask: 0xffffffff max_cycles: 0xffffffff, max_idle_ns: 133484882848 ns
hpet clockevent registered
tsc: Fast TSC calibration using PIT
tsc: Detected 1795.505 MHz processor
Calibrating delay loop (skipped), value calculated using timer frequency.. 3591.01 BogoMIPS (lpj=7182020)
pid_max: default: 32768 minimum: 301
ACPI: Core revision 20160831
ACPI: 1 ACPI AML tables successfully acquired and loaded
Security Framework initialized
Yama: disabled by default; enable with sysctl kernel.yama.*
AppArmor: AppArmor disabled by boot time parameter
Dentry cache hash table entries: 262144 (order: 9, 2097152 bytes)
Inode-cache hash table entries: 131072 (order: 8, 1048576 bytes)
Mount-cache hash table entries: 4096 (order: 3, 32768 bytes)
Mountpoint-cache hash table entries: 4096 (order: 3, 32768 bytes)
CPU: Physical Processor ID: 0
CPU: Processor Core ID: 0
mce: CPU supports 5 MCE banks
CPU0: Thermal monitoring enabled (TM1)
process: using mwait in idle threads
Last level iTLB entries: 4KB 32, 2MB 0, 4MB 0
Last level dTLB entries: 4KB 64, 2MB 0, 4MB 8, 1GB 0
Freeing SMP alternatives memory: 24K (ffffffffbea79000 - ffffffffbea7f000)
ftrace: allocating 24999 entries in 98 pages
smpboot: Max logical packages: 2
..TIMER: vector=0x30 apic1=0 pin1=2 apic2=-1 pin2=-1
APIC calibration not consistent with PM-Timer: 139ms instead of 100ms
APIC delta adjusted to PM-Timer: 1246873 (1745603)
smpboot: CPU0: Intel(R) Atom(TM) CPU D525   @ 1.80GHz (family: 0x6, model: 0x1c, stepping: 0xa)
Performance Events: PEBS fmt0+, Atom events, 8-deep LBR, Intel PMU driver.
... version:                3
... bit width:              40
... generic registers:      2
... value mask:             000000ffffffffff
... max period:             000000007fffffff
... fixed-purpose events:   3
... event mask:             0000000700000003
NMI watchdog: enabled on all CPUs, permanently consumes one hw-PMU counter.
x86: Booting SMP configuration:
.... node  #0, CPUs:      #1
Disabled fast string operations
 #2
Disabled fast string operations
 #3
Disabled fast string operations
x86: Booted up 1 node, 4 CPUs
smpboot: Total of 4 processors activated (14364.03 BogoMIPS)
devtmpfs: initialized
x86/mm: Memory block size: 128MB
PM: Registering ACPI NVS region [mem 0x7f69e000-0x7f6dffff] (270336 bytes)
clocksource: jiffies: mask: 0xffffffff max_cycles: 0xffffffff, max_idle_ns: 7645041785100000 ns
pinctrl core: initialized pinctrl subsystem
NET: Registered protocol family 16
cpuidle: using governor ladder
cpuidle: using governor menu
ACPI: bus type PCI registered
acpiphp: ACPI Hot Plug PCI Controller Driver version: 0.5
PCI: MMCONFIG for domain 0000 [bus 00-ff] at [mem 0xe0000000-0xefffffff] (base 0xe0000000)
PCI: not using MMCONFIG
PCI: Using configuration type 1 for base access
HugeTLB registered 2 MB page size, pre-allocated 0 pages
ACPI: Added _OSI(Module Device)
ACPI: Added _OSI(Processor Device)
ACPI: Added _OSI(3.0 _SCP Extensions)
ACPI: Added _OSI(Processor Aggregator Device)
ACPI: Executed 1 blocks of module-level executable AML code
ACPI: Interpreter enabled
ACPI: (supports S0 S1 S3 S4 S5)
ACPI: Using IOAPIC for interrupt routing
PCI: MMCONFIG for domain 0000 [bus 00-ff] at [mem 0xe0000000-0xefffffff] (base 0xe0000000)
PCI: MMCONFIG at [mem 0xe0000000-0xefffffff] reserved in ACPI motherboard resources
PCI: Using host bridge windows from ACPI; if necessary, use &quot;pci=nocrs&quot; and report a bug
ACPI: PCI Root Bridge [PCI0] (domain 0000 [bus 00-ff])
acpi PNP0A08:00: _OSC: OS supports [ExtendedConfig ASPM ClockPM Segments MSI]
acpi PNP0A08:00: _OSC: OS now controls [PCIeHotplug PME AER PCIeCapability]
PCI host bridge to bus 0000:00
pci_bus 0000:00: root bus resource [io  0x0000-0x0cf7 window]
pci_bus 0000:00: root bus resource [io  0x0d00-0xffff window]
pci_bus 0000:00: root bus resource [mem 0x000a0000-0x000bffff window]
pci_bus 0000:00: root bus resource [mem 0x000d0000-0x000dffff window]
pci_bus 0000:00: root bus resource [mem 0x7f700000-0xdfffffff window]
pci_bus 0000:00: root bus resource [mem 0xf0000000-0xfed8ffff window]
pci_bus 0000:00: root bus resource [bus 00-ff]
pci 0000:00:00.0: [8086:a000] type 00 class 0x060000
pci 0000:00:02.0: [8086:a001] type 00 class 0x030000
pci 0000:00:02.0: reg 0x10: [mem 0xfea80000-0xfeafffff]
pci 0000:00:02.0: reg 0x14: [io  0xcc00-0xcc07]
pci 0000:00:02.0: reg 0x18: [mem 0xd0000000-0xdfffffff pref]
pci 0000:00:02.0: reg 0x1c: [mem 0xfe900000-0xfe9fffff]
pci 0000:00:02.1: [8086:a002] type 00 class 0x038000
pci 0000:00:02.1: reg 0x10: [mem 0xfe880000-0xfe8fffff]
pci 0000:00:1a.0: [8086:2937] type 00 class 0x0c0300
pci 0000:00:1a.0: reg 0x20: [io  0xc880-0xc89f]
pci 0000:00:1a.0: System wakeup disabled by ACPI
pci 0000:00:1a.1: [8086:2938] type 00 class 0x0c0300
pci 0000:00:1a.1: reg 0x20: [io  0xc800-0xc81f]
pci 0000:00:1a.1: System wakeup disabled by ACPI
pci 0000:00:1a.2: [8086:2939] type 00 class 0x0c0300
pci 0000:00:1a.2: reg 0x20: [io  0xc480-0xc49f]
pci 0000:00:1a.2: System wakeup disabled by ACPI
pci 0000:00:1a.7: [8086:293c] type 00 class 0x0c0320
pci 0000:00:1a.7: reg 0x10: [mem 0xfea7bc00-0xfea7bfff]
pci 0000:00:1a.7: PME# supported from D0 D3hot D3cold
pci 0000:00:1a.7: System wakeup disabled by ACPI
pci 0000:00:1b.0: [8086:293e] type 00 class 0x040300
pci 0000:00:1b.0: reg 0x10: [mem 0xfea74000-0xfea77fff 64bit]
pci 0000:00:1b.0: PME# supported from D0 D3hot D3cold
pci 0000:00:1c.0: [8086:2940] type 01 class 0x060400
pci 0000:00:1c.0: PME# supported from D0 D3hot D3cold
pci 0000:00:1c.0: System wakeup disabled by ACPI
pci 0000:00:1c.3: [8086:2946] type 01 class 0x060400
pci 0000:00:1c.3: PME# supported from D0 D3hot D3cold
pci 0000:00:1c.3: System wakeup disabled by ACPI
pci 0000:00:1c.4: [8086:2948] type 01 class 0x060400
pci 0000:00:1c.4: PME# supported from D0 D3hot D3cold
pci 0000:00:1c.4: System wakeup disabled by ACPI
pci 0000:00:1c.5: [8086:294a] type 01 class 0x060400
pci 0000:00:1c.5: PME# supported from D0 D3hot D3cold
pci 0000:00:1c.5: System wakeup disabled by ACPI
pci 0000:00:1d.0: [8086:2934] type 00 class 0x0c0300
pci 0000:00:1d.0: reg 0x20: [io  0xc400-0xc41f]
pci 0000:00:1d.0: System wakeup disabled by ACPI
pci 0000:00:1d.1: [8086:2935] type 00 class 0x0c0300
pci 0000:00:1d.1: reg 0x20: [io  0xc080-0xc09f]
pci 0000:00:1d.1: System wakeup disabled by ACPI
pci 0000:00:1d.2: [8086:2936] type 00 class 0x0c0300
pci 0000:00:1d.2: reg 0x20: [io  0xc000-0xc01f]
pci 0000:00:1d.2: System wakeup disabled by ACPI
pci 0000:00:1d.7: [8086:293a] type 00 class 0x0c0320
pci 0000:00:1d.7: reg 0x10: [mem 0xfea7b800-0xfea7bbff]
pci 0000:00:1d.7: PME# supported from D0 D3hot D3cold
pci 0000:00:1d.7: System wakeup disabled by ACPI
pci 0000:00:1e.0: [8086:244e] type 01 class 0x060401
pci 0000:00:1e.0: System wakeup disabled by ACPI
pci 0000:00:1f.0: [8086:2916] type 00 class 0x060100
pci 0000:00:1f.0: quirk: [io  0x0800-0x087f] claimed by ICH6 ACPI/GPIO/TCO
pci 0000:00:1f.0: quirk: [io  0x0480-0x04bf] claimed by ICH6 GPIO
pci 0000:00:1f.0: ICH7 LPC Generic IO decode 1 PIO at 0a00 (mask 00ff)
pci 0000:00:1f.2: [8086:2922] type 00 class 0x010601
pci 0000:00:1f.2: reg 0x10: [io  0xbc00-0xbc07]
pci 0000:00:1f.2: reg 0x14: [io  0xb880-0xb883]
pci 0000:00:1f.2: reg 0x18: [io  0xb800-0xb807]
pci 0000:00:1f.2: reg 0x1c: [io  0xb480-0xb483]
pci 0000:00:1f.2: reg 0x20: [io  0xb400-0xb41f]
pci 0000:00:1f.2: reg 0x24: [mem 0xfea7b000-0xfea7b7ff]
pci 0000:00:1f.2: PME# supported from D3hot
pci 0000:00:1f.3: [8086:2930] type 00 class 0x0c0500
pci 0000:00:1f.3: reg 0x10: [mem 0xfea7ac00-0xfea7acff 64bit]
pci 0000:00:1f.3: reg 0x20: [io  0x0400-0x041f]
pci 0000:00:1c.0: PCI bridge to [bus 01]
pci 0000:02:00.0: [1b73:1000] type 00 class 0x0c0330
pci 0000:02:00.0: reg 0x10: [mem 0xfebf0000-0xfebfffff]
pci 0000:02:00.0: PME# supported from D0 D3hot D3cold
pci 0000:00:1c.3: PCI bridge to [bus 02]
pci 0000:00:1c.3:   bridge window [mem 0xfeb00000-0xfebfffff]
pci 0000:03:00.0: [10ec:8168] type 00 class 0x020000
pci 0000:03:00.0: reg 0x10: [io  0xd800-0xd8ff]
pci 0000:03:00.0: reg 0x18: [mem 0xfdeff000-0xfdefffff 64bit pref]
pci 0000:03:00.0: reg 0x20: [mem 0xfdef8000-0xfdefbfff 64bit pref]
pci 0000:03:00.0: supports D1 D2
pci 0000:03:00.0: PME# supported from D0 D1 D2 D3hot D3cold
pci 0000:00:1c.4: PCI bridge to [bus 03]
pci 0000:00:1c.4:   bridge window [io  0xd000-0xdfff]
pci 0000:00:1c.4:   bridge window [mem 0xfde00000-0xfdefffff 64bit pref]
pci 0000:04:00.0: [10ec:8168] type 00 class 0x020000
pci 0000:04:00.0: reg 0x10: [io  0xe800-0xe8ff]
pci 0000:04:00.0: reg 0x18: [mem 0xfdfff000-0xfdffffff 64bit pref]
pci 0000:04:00.0: reg 0x20: [mem 0xfdff8000-0xfdffbfff 64bit pref]
pci 0000:04:00.0: supports D1 D2
pci 0000:04:00.0: PME# supported from D0 D1 D2 D3hot D3cold
pci 0000:00:1c.5: PCI bridge to [bus 04]
pci 0000:00:1c.5:   bridge window [io  0xe000-0xefff]
pci 0000:00:1c.5:   bridge window [mem 0xfdf00000-0xfdffffff 64bit pref]
pci 0000:00:1e.0: PCI bridge to [bus 05] (subtractive decode)
pci 0000:00:1e.0:   bridge window [io  0x0000-0x0cf7 window] (subtractive decode)
pci 0000:00:1e.0:   bridge window [io  0x0d00-0xffff window] (subtractive decode)
pci 0000:00:1e.0:   bridge window [mem 0x000a0000-0x000bffff window] (subtractive decode)
pci 0000:00:1e.0:   bridge window [mem 0x000d0000-0x000dffff window] (subtractive decode)
pci 0000:00:1e.0:   bridge window [mem 0x7f700000-0xdfffffff window] (subtractive decode)
pci 0000:00:1e.0:   bridge window [mem 0xf0000000-0xfed8ffff window] (subtractive decode)
ACPI: PCI Interrupt Link [LNKA] (IRQs 3 4 6 7 10 *11 12 14 15)
ACPI: PCI Interrupt Link [LNKB] (IRQs *5)
ACPI: PCI Interrupt Link [LNKC] (IRQs 3 4 6 7 10 11 12 *14 15)
ACPI: PCI Interrupt Link [LNKD] (IRQs 3 4 6 7 *10 11 12 14 15)
ACPI: PCI Interrupt Link [LNKE] (IRQs 3 4 6 7 10 11 12 14 15) *0, disabled.
ACPI: PCI Interrupt Link [LNKF] (IRQs 3 4 6 7 10 11 12 14 *15)
ACPI: PCI Interrupt Link [LNKG] (IRQs *3 4 6 7 10 11 12 14 15)
ACPI: PCI Interrupt Link [LNKH] (IRQs 3 4 6 *7 10 11 12 14 15)
ACPI: Enabled 9 GPEs in block 00 to 3F
vgaarb: setting as boot device: PCI:0000:00:02.0
vgaarb: device added: PCI:0000:00:02.0,decodes=io+mem,owns=io+mem,locks=none
vgaarb: loaded
vgaarb: bridge control possible 0000:00:02.0
PCI: Using ACPI for IRQ routing
PCI: pci_cache_line_size set to 64 bytes
Expanded resource reserved due to conflict with PCI Bus 0000:00
e820: reserve RAM buffer [mem 0x0009b400-0x0009ffff]
e820: reserve RAM buffer [mem 0x7f690000-0x7fffffff]
HPET: 4 timers in total, 0 timers will be used for per-cpu timer
hpet0: at MMIO 0xfed00000, IRQs 2, 8, 0, 0
hpet0: 4 comparators, 64-bit 14.318180 MHz counter
clocksource: Switched to clocksource hpet
VFS: Disk quotas dquot_6.6.0
VFS: Dquot-cache hash table entries: 512 (order 0, 4096 bytes)
pnp: PnP ACPI init
system 00:00: [mem 0xfed14000-0xfed19fff] has been reserved
system 00:00: [mem 0xfed90000-0xfed93fff] has been reserved
system 00:00: Plug and Play ACPI device, IDs PNP0c01 (active)
pnp 00:01: Plug and Play ACPI device, IDs PNP0b00 (active)
pnp 00:02: [dma 0 disabled]
pnp 00:02: Plug and Play ACPI device, IDs PNP0501 (active)
system 00:03: [io  0x0a00-0x0adf] has been reserved
system 00:03: [io  0x0ae0-0x0aef] has been reserved
system 00:03: Plug and Play ACPI device, IDs PNP0c02 (active)
system 00:04: [io  0x04d0-0x04d1] has been reserved
system 00:04: [io  0x0800-0x087f] has been reserved
system 00:04: [io  0x0480-0x04ff] could not be reserved
system 00:04: [mem 0xfed1c000-0xfed1ffff] has been reserved
system 00:04: [mem 0xfed20000-0xfed3ffff] has been reserved
system 00:04: [mem 0xfed40000-0xfed8ffff] has been reserved
system 00:04: Plug and Play ACPI device, IDs PNP0c02 (active)
system 00:05: [mem 0xffc00000-0xffefffff] has been reserved
system 00:05: Plug and Play ACPI device, IDs PNP0c02 (active)
system 00:06: [mem 0xfec00000-0xfec00fff] could not be reserved
system 00:06: [mem 0xfee00000-0xfee00fff] has been reserved
system 00:06: Plug and Play ACPI device, IDs PNP0c02 (active)
system 00:07: [mem 0xe0000000-0xefffffff] has been reserved
system 00:07: Plug and Play ACPI device, IDs PNP0c02 (active)
system 00:08: [mem 0x00000000-0x0009ffff] could not be reserved
system 00:08: [mem 0x000c0000-0x000cffff] could not be reserved
system 00:08: [mem 0x000e0000-0x000fffff] could not be reserved
system 00:08: [mem 0x00100000-0x7f6fffff] could not be reserved
system 00:08: [mem 0xfed90000-0xffffffff] could not be reserved
system 00:08: Plug and Play ACPI device, IDs PNP0c01 (active)
pnp: PnP ACPI: found 9 devices
clocksource: acpi_pm: mask: 0xffffff max_cycles: 0xffffff, max_idle_ns: 2085701024 ns
pci 0000:00:1c.0: bridge window [io  0x1000-0x0fff] to [bus 01] add_size 1000
pci 0000:00:1c.0: bridge window [mem 0x00100000-0x000fffff 64bit pref] to [bus 01] add_size 200000 add_align 100000
pci 0000:00:1c.0: bridge window [mem 0x00100000-0x000fffff] to [bus 01] add_size 200000 add_align 100000
pci 0000:00:1c.3: bridge window [io  0x1000-0x0fff] to [bus 02] add_size 1000
pci 0000:00:1c.3: bridge window [mem 0x00100000-0x000fffff 64bit pref] to [bus 02] add_size 200000 add_align 100000
pci 0000:00:1c.4: bridge window [mem 0x00100000-0x000fffff] to [bus 03] add_size 400000 add_align 100000
pci 0000:00:1c.5: bridge window [mem 0x00100000-0x000fffff] to [bus 04] add_size 400000 add_align 100000
pci 0000:00:1c.0: res[14]=[mem 0x00100000-0x000fffff] res_to_dev_res add_size 200000 min_align 100000
pci 0000:00:1c.0: res[14]=[mem 0x00100000-0x002fffff] res_to_dev_res add_size 200000 min_align 100000
pci 0000:00:1c.0: res[15]=[mem 0x00100000-0x000fffff 64bit pref] res_to_dev_res add_size 200000 min_align 100000
pci 0000:00:1c.0: res[15]=[mem 0x00100000-0x002fffff 64bit pref] res_to_dev_res add_size 200000 min_align 100000
pci 0000:00:1c.3: res[15]=[mem 0x00100000-0x000fffff 64bit pref] res_to_dev_res add_size 200000 min_align 100000
pci 0000:00:1c.3: res[15]=[mem 0x00100000-0x002fffff 64bit pref] res_to_dev_res add_size 200000 min_align 100000
pci 0000:00:1c.4: res[14]=[mem 0x00100000-0x000fffff] res_to_dev_res add_size 400000 min_align 100000
pci 0000:00:1c.4: res[14]=[mem 0x00100000-0x004fffff] res_to_dev_res add_size 400000 min_align 100000
pci 0000:00:1c.5: res[14]=[mem 0x00100000-0x000fffff] res_to_dev_res add_size 400000 min_align 100000
pci 0000:00:1c.5: res[14]=[mem 0x00100000-0x004fffff] res_to_dev_res add_size 400000 min_align 100000
pci 0000:00:1c.0: res[13]=[io  0x1000-0x0fff] res_to_dev_res add_size 1000 min_align 1000
pci 0000:00:1c.0: res[13]=[io  0x1000-0x1fff] res_to_dev_res add_size 1000 min_align 1000
pci 0000:00:1c.3: res[13]=[io  0x1000-0x0fff] res_to_dev_res add_size 1000 min_align 1000
pci 0000:00:1c.3: res[13]=[io  0x1000-0x1fff] res_to_dev_res add_size 1000 min_align 1000
pci 0000:00:1c.0: BAR 14: assigned [mem 0x80000000-0x801fffff]
pci 0000:00:1c.0: BAR 15: assigned [mem 0x80200000-0x803fffff 64bit pref]
pci 0000:00:1c.3: BAR 15: assigned [mem 0x80400000-0x805fffff 64bit pref]
pci 0000:00:1c.4: BAR 14: assigned [mem 0x80600000-0x809fffff]
pci 0000:00:1c.5: BAR 14: assigned [mem 0x80a00000-0x80dfffff]
pci 0000:00:1c.0: BAR 13: assigned [io  0x1000-0x1fff]
pci 0000:00:1c.3: BAR 13: assigned [io  0x2000-0x2fff]
pci 0000:00:1c.0: PCI bridge to [bus 01]
pci 0000:00:1c.0:   bridge window [io  0x1000-0x1fff]
pci 0000:00:1c.0:   bridge window [mem 0x80000000-0x801fffff]
pci 0000:00:1c.0:   bridge window [mem 0x80200000-0x803fffff 64bit pref]
pci 0000:00:1c.3: PCI bridge to [bus 02]
pci 0000:00:1c.3:   bridge window [io  0x2000-0x2fff]
pci 0000:00:1c.3:   bridge window [mem 0xfeb00000-0xfebfffff]
pci 0000:00:1c.3:   bridge window [mem 0x80400000-0x805fffff 64bit pref]
pci 0000:00:1c.4: PCI bridge to [bus 03]
pci 0000:00:1c.4:   bridge window [io  0xd000-0xdfff]
pci 0000:00:1c.4:   bridge window [mem 0x80600000-0x809fffff]
pci 0000:00:1c.4:   bridge window [mem 0xfde00000-0xfdefffff 64bit pref]
pci 0000:00:1c.5: PCI bridge to [bus 04]
pci 0000:00:1c.5:   bridge window [io  0xe000-0xefff]
pci 0000:00:1c.5:   bridge window [mem 0x80a00000-0x80dfffff]
pci 0000:00:1c.5:   bridge window [mem 0xfdf00000-0xfdffffff 64bit pref]
pci 0000:00:1e.0: PCI bridge to [bus 05]
pci_bus 0000:00: resource 4 [io  0x0000-0x0cf7 window]
pci_bus 0000:00: resource 5 [io  0x0d00-0xffff window]
pci_bus 0000:00: resource 6 [mem 0x000a0000-0x000bffff window]
pci_bus 0000:00: resource 7 [mem 0x000d0000-0x000dffff window]
pci_bus 0000:00: resource 8 [mem 0x7f700000-0xdfffffff window]
pci_bus 0000:00: resource 9 [mem 0xf0000000-0xfed8ffff window]
pci_bus 0000:01: resource 0 [io  0x1000-0x1fff]
pci_bus 0000:01: resource 1 [mem 0x80000000-0x801fffff]
pci_bus 0000:01: resource 2 [mem 0x80200000-0x803fffff 64bit pref]
pci_bus 0000:02: resource 0 [io  0x2000-0x2fff]
pci_bus 0000:02: resource 1 [mem 0xfeb00000-0xfebfffff]
pci_bus 0000:02: resource 2 [mem 0x80400000-0x805fffff 64bit pref]
pci_bus 0000:03: resource 0 [io  0xd000-0xdfff]
pci_bus 0000:03: resource 1 [mem 0x80600000-0x809fffff]
pci_bus 0000:03: resource 2 [mem 0xfde00000-0xfdefffff 64bit pref]
pci_bus 0000:04: resource 0 [io  0xe000-0xefff]
pci_bus 0000:04: resource 1 [mem 0x80a00000-0x80dfffff]
pci_bus 0000:04: resource 2 [mem 0xfdf00000-0xfdffffff 64bit pref]
pci_bus 0000:05: resource 4 [io  0x0000-0x0cf7 window]
pci_bus 0000:05: resource 5 [io  0x0d00-0xffff window]
pci_bus 0000:05: resource 6 [mem 0x000a0000-0x000bffff window]
pci_bus 0000:05: resource 7 [mem 0x000d0000-0x000dffff window]
pci_bus 0000:05: resource 8 [mem 0x7f700000-0xdfffffff window]
pci_bus 0000:05: resource 9 [mem 0xf0000000-0xfed8ffff window]
NET: Registered protocol family 2
TCP established hash table entries: 16384 (order: 5, 131072 bytes)
TCP bind hash table entries: 16384 (order: 6, 262144 bytes)
TCP: Hash tables configured (established 16384 bind 16384)
UDP hash table entries: 1024 (order: 3, 32768 bytes)
UDP-Lite hash table entries: 1024 (order: 3, 32768 bytes)
NET: Registered protocol family 1
pci 0000:00:02.0: Video device with shadowed ROM at [mem 0x000c0000-0x000dffff]
pci 0000:00:1c.3: enabling device (0106 -&gt; 0107)
PCI: CLS 32 bytes, default 64
Unpacking initramfs...
Freeing initrd memory: 17676K (ffff96d535d69000 - ffff96d536eac000)
futex hash table entries: 1024 (order: 4, 65536 bytes)
audit: initializing netlink subsys (disabled)
audit: type=2000 audit(1487038108.272:1): initialized
Initialise system trusted keyrings
workingset: timestamp_bits=40 max_order=19 bucket_order=0
zbud: loaded
Key type asymmetric registered
Asymmetric key parser 'x509' registered
Block layer SCSI generic (bsg) driver version 0.4 loaded (major 251)
io scheduler noop registered
io scheduler deadline registered
io scheduler cfq registered (default)
pcieport 0000:00:1c.0: enabling device (0104 -&gt; 0107)
pcieport 0000:00:1c.0: Signaling PME through PCIe PME interrupt
pcie_pme 0000:00:1c.0:pcie001: service driver pcie_pme loaded
pcieport 0000:00:1c.3: Signaling PME through PCIe PME interrupt
pci 0000:02:00.0: Signaling PME through PCIe PME interrupt
pcie_pme 0000:00:1c.3:pcie001: service driver pcie_pme loaded
pcieport 0000:00:1c.4: Signaling PME through PCIe PME interrupt
pci 0000:03:00.0: Signaling PME through PCIe PME interrupt
pcie_pme 0000:00:1c.4:pcie001: service driver pcie_pme loaded
pcieport 0000:00:1c.5: Signaling PME through PCIe PME interrupt
pci 0000:04:00.0: Signaling PME through PCIe PME interrupt
pcie_pme 0000:00:1c.5:pcie001: service driver pcie_pme loaded
pci_hotplug: PCI Hot Plug PCI Core version: 0.5
pciehp 0000:00:1c.0:pcie004: Slot #0 AttnBtn- PwrCtrl- MRL- AttnInd- PwrInd- HotPlug+ Surprise+ Interlock- NoCompl- LLActRep+
pciehp 0000:00:1c.0:pcie004: service driver pciehp loaded
pciehp 0000:00:1c.3:pcie004: Slot #0 AttnBtn- PwrCtrl- MRL- AttnInd- PwrInd- HotPlug+ Surprise+ Interlock- NoCompl- LLActRep+
pciehp 0000:00:1c.3:pcie004: service driver pciehp loaded
pciehp 0000:00:1c.4:pcie004: Slot #0 AttnBtn- PwrCtrl- MRL- AttnInd- PwrInd- HotPlug+ Surprise+ Interlock- NoCompl- LLActRep+
pciehp 0000:00:1c.4:pcie004: service driver pciehp loaded
pciehp 0000:00:1c.5:pcie004: Slot #0 AttnBtn- PwrCtrl- MRL- AttnInd- PwrInd- HotPlug+ Surprise+ Interlock- NoCompl- LLActRep+
pciehp 0000:00:1c.5:pcie004: service driver pciehp loaded
pciehp: PCI Express Hot Plug Controller Driver version: 0.4
intel_idle: MWAIT substates: 0x10
intel_idle: v0.4.1 model 0x1C
intel_idle: lapic_timer_reliable_states 0x2
GHES: HEST is not enabled!
Serial: 8250/16550 driver, 4 ports, IRQ sharing enabled
00:02: ttyS0 at I/O 0x3f8 (irq = 4, base_baud = 115200) is a 16550A
Linux agpgart interface v0.103
AMD IOMMUv2 driver by Joerg Roedel &lt;jroedel@suse.de&gt;
AMD IOMMUv2 functionality not available on this system
i8042: PNP: No PS/2 controller found. Probing ports directly.
serio: i8042 KBD port at 0x60,0x64 irq 1
serio: i8042 AUX port at 0x60,0x64 irq 12
mousedev: PS/2 mouse device common for all mice
rtc_cmos 00:01: RTC can wake from S4
rtc_cmos 00:01: rtc core: registered rtc_cmos as rtc0
rtc_cmos 00:01: alarms up to one month, y3k, 114 bytes nvram, hpet irqs
ledtrig-cpu: registered to indicate activity on CPUs
NET: Registered protocol family 10
mip6: Mobile IPv6
NET: Registered protocol family 17
mpls_gso: MPLS GSO support
microcode: sig=0x106ca, pf=0x8, revision=0x107
microcode: Microcode Update Driver: v2.01 &lt;tigran@aivazian.fsnet.co.uk&gt;, Peter Oruba
registered taskstats version 1
Loading compiled-in X.509 certificates
alg: No test for pkcs1pad(rsa,sha256) (pkcs1pad(rsa-generic,sha256))
Loaded X.509 cert 'Debian Project: Ben Hutchings: 008a018dca80932630'
zswap: loaded using pool lzo/zbud
rtc_cmos 00:01: setting system clock to 2017-02-14 02:08:30 UTC (1487038110)
PM: Hibernation image not present or could not be loaded.
Freeing unused kernel memory: 1392K (ffffffffbe91d000 - ffffffffbea79000)
Write protecting the kernel read-only data: 12288k
Freeing unused kernel memory: 2028K (ffff96d50e005000 - ffff96d50e200000)
Freeing unused kernel memory: 1252K (ffff96d50e4c7000 - ffff96d50e600000)
x86/mm: Checked W+X mappings: passed, no W+X pages found.
random: systemd-udevd: uninitialized urandom read (16 bytes read)
random: udevadm: uninitialized urandom read (16 bytes read)
random: udevadm: uninitialized urandom read (16 bytes read)
random: udevadm: uninitialized urandom read (16 bytes read)
random: udevadm: uninitialized urandom read (16 bytes read)
random: udevadm: uninitialized urandom read (16 bytes read)
random: udevadm: uninitialized urandom read (16 bytes read)
random: udevadm: uninitialized urandom read (16 bytes read)
random: udevadm: uninitialized urandom read (16 bytes read)
random: udevadm: uninitialized urandom read (16 bytes read)
FUJITSU Extended Socket Network Device Driver - version 1.1 - Copyright (c) 2015 FUJITSU LIMITED
ACPI: bus type USB registered
r8169 Gigabit Ethernet driver 2.3LK-NAPI loaded
usbcore: registered new interface driver usbfs
usbcore: registered new interface driver hub
usbcore: registered new device driver usb
r8169 0000:03:00.0 eth0: RTL8168e/8111e at 0xffffbe8440331000, 00:d0:b8:1e:d8:db, XID 0c200000 IRQ 28
r8169 0000:03:00.0 eth0: jumbo features [frames: 9200 bytes, tx checksumming: ko]
ehci_hcd: USB 2.0 'Enhanced' Host Controller (EHCI) Driver
i801_smbus 0000:00:1f.3: SMBus using PCI interrupt
ehci-pci: EHCI PCI platform driver
uhci_hcd: USB Universal Host Controller Interface driver
uhci_hcd 0000:00:1a.0: UHCI Host Controller
uhci_hcd 0000:00:1a.0: new USB bus registered, assigned bus number 1
uhci_hcd 0000:00:1a.0: detected 2 ports
uhci_hcd 0000:00:1a.0: irq 16, io base 0x0000c880
SCSI subsystem initialized
r8169 Gigabit Ethernet driver 2.3LK-NAPI loaded
r8169 0000:04:00.0 eth1: RTL8168e/8111e at 0xffffbe8440339000, 00:d0:b8:1e:d8:dc, XID 0c200000 IRQ 29
r8169 0000:04:00.0 eth1: jumbo features [frames: 9200 bytes, tx checksumming: ko]
usb usb1: New USB device found, idVendor=1d6b, idProduct=0001
usb usb1: New USB device strings: Mfr=3, Product=2, SerialNumber=1
usb usb1: Product: UHCI Host Controller
usb usb1: Manufacturer: Linux 4.9.0-1-amd64 uhci_hcd
usb usb1: SerialNumber: 0000:00:1a.0
hub 1-0:1.0: USB hub found
hub 1-0:1.0: 2 ports detected
uhci_hcd 0000:00:1a.1: UHCI Host Controller
uhci_hcd 0000:00:1a.1: new USB bus registered, assigned bus number 2
uhci_hcd 0000:00:1a.1: detected 2 ports
uhci_hcd 0000:00:1a.1: irq 21, io base 0x0000c800
usb usb2: New USB device found, idVendor=1d6b, idProduct=0001
usb usb2: New USB device strings: Mfr=3, Product=2, SerialNumber=1
usb usb2: Product: UHCI Host Controller
usb usb2: Manufacturer: Linux 4.9.0-1-amd64 uhci_hcd
usb usb2: SerialNumber: 0000:00:1a.1
hub 2-0:1.0: USB hub found
hub 2-0:1.0: 2 ports detected
uhci_hcd 0000:00:1a.2: UHCI Host Controller
uhci_hcd 0000:00:1a.2: new USB bus registered, assigned bus number 3
uhci_hcd 0000:00:1a.2: detected 2 ports
uhci_hcd 0000:00:1a.2: irq 19, io base 0x0000c480
usb usb3: New USB device found, idVendor=1d6b, idProduct=0001
usb usb3: New USB device strings: Mfr=3, Product=2, SerialNumber=1
usb usb3: Product: UHCI Host Controller
usb usb3: Manufacturer: Linux 4.9.0-1-amd64 uhci_hcd
usb usb3: SerialNumber: 0000:00:1a.2
hub 3-0:1.0: USB hub found
hub 3-0:1.0: 2 ports detected
uhci_hcd 0000:00:1d.0: UHCI Host Controller
uhci_hcd 0000:00:1d.0: new USB bus registered, assigned bus number 4
uhci_hcd 0000:00:1d.0: detected 2 ports
uhci_hcd 0000:00:1d.0: irq 23, io base 0x0000c400
usb usb4: New USB device found, idVendor=1d6b, idProduct=0001
usb usb4: New USB device strings: Mfr=3, Product=2, SerialNumber=1
usb usb4: Product: UHCI Host Controller
usb usb4: Manufacturer: Linux 4.9.0-1-amd64 uhci_hcd
usb usb4: SerialNumber: 0000:00:1d.0
hub 4-0:1.0: USB hub found
hub 4-0:1.0: 2 ports detected
uhci_hcd 0000:00:1d.1: UHCI Host Controller
uhci_hcd 0000:00:1d.1: new USB bus registered, assigned bus number 5
uhci_hcd 0000:00:1d.1: detected 2 ports
uhci_hcd 0000:00:1d.1: irq 19, io base 0x0000c080
usb usb5: New USB device found, idVendor=1d6b, idProduct=0001
usb usb5: New USB device strings: Mfr=3, Product=2, SerialNumber=1
usb usb5: Product: UHCI Host Controller
usb usb5: Manufacturer: Linux 4.9.0-1-amd64 uhci_hcd
usb usb5: SerialNumber: 0000:00:1d.1
hub 5-0:1.0: USB hub found
hub 5-0:1.0: 2 ports detected
uhci_hcd 0000:00:1d.2: UHCI Host Controller
uhci_hcd 0000:00:1d.2: new USB bus registered, assigned bus number 6
uhci_hcd 0000:00:1d.2: detected 2 ports
uhci_hcd 0000:00:1d.2: irq 18, io base 0x0000c000
usb usb6: New USB device found, idVendor=1d6b, idProduct=0001
usb usb6: New USB device strings: Mfr=3, Product=2, SerialNumber=1
usb usb6: Product: UHCI Host Controller
usb usb6: Manufacturer: Linux 4.9.0-1-amd64 uhci_hcd
usb usb6: SerialNumber: 0000:00:1d.2
hub 6-0:1.0: USB hub found
hub 6-0:1.0: 2 ports detected
tsc: Refined TSC clocksource calibration: 1795.499 MHz
clocksource: tsc: mask: 0xffffffffffffffff max_cycles: 0x19e18da41a2, max_idle_ns: 440795250832 ns
r8169 0000:03:00.0 enp3s0: renamed from eth0
libata version 3.00 loaded.
xhci_hcd 0000:02:00.0: xHCI Host Controller
xhci_hcd 0000:02:00.0: new USB bus registered, assigned bus number 7
ahci 0000:00:1f.2: version 3.0
ahci 0000:00:1f.2: SSS flag set, parallel bus scan disabled
ahci 0000:00:1f.2: AHCI 0001.0200 32 slots 6 ports 3 Gbps 0x3f impl SATA mode
ahci 0000:00:1f.2: flags: 64bit ncq sntf stag pm led clo pio slum part ccc ems sxs 
xhci_hcd 0000:02:00.0: hcc params 0x200071b9 hci version 0x96 quirks 0x000a0440
usb usb7: New USB device found, idVendor=1d6b, idProduct=0002
usb usb7: New USB device strings: Mfr=3, Product=2, SerialNumber=1
usb usb7: Product: xHCI Host Controller
usb usb7: Manufacturer: Linux 4.9.0-1-amd64 xhci-hcd
usb usb7: SerialNumber: 0000:02:00.0
hub 7-0:1.0: USB hub found
hub 7-0:1.0: 1 port detected
xhci_hcd 0000:02:00.0: xHCI Host Controller
xhci_hcd 0000:02:00.0: new USB bus registered, assigned bus number 8
usb usb8: We don't know the algorithms for LPM for this host, disabling LPM.
usb usb8: New USB device found, idVendor=1d6b, idProduct=0003
usb usb8: New USB device strings: Mfr=3, Product=2, SerialNumber=1
usb usb8: Product: xHCI Host Controller
usb usb8: Manufacturer: Linux 4.9.0-1-amd64 xhci-hcd
usb usb8: SerialNumber: 0000:02:00.0
hub 8-0:1.0: USB hub found
hub 8-0:1.0: 1 port detected
scsi host0: ahci
scsi host1: ahci
scsi host2: ahci
scsi host3: ahci
scsi host4: ahci
scsi host5: ahci
ata1: SATA max UDMA/133 abar m2048@0xfea7b000 port 0xfea7b100 irq 30
ata2: SATA max UDMA/133 abar m2048@0xfea7b000 port 0xfea7b180 irq 30
ata3: SATA max UDMA/133 abar m2048@0xfea7b000 port 0xfea7b200 irq 30
ata4: SATA max UDMA/133 abar m2048@0xfea7b000 port 0xfea7b280 irq 30
ata5: SATA max UDMA/133 abar m2048@0xfea7b000 port 0xfea7b300 irq 30
ata6: SATA max UDMA/133 abar m2048@0xfea7b000 port 0xfea7b380 irq 30
usb 4-1: new full-speed USB device number 2 using uhci_hcd
usb 6-1: new full-speed USB device number 2 using uhci_hcd
usb 6-1: not running at top speed; connect to a high speed hub
usb 4-1: not running at top speed; connect to a high speed hub
usb 4-1: New USB device found, idVendor=090c, idProduct=1000
usb 4-1: New USB device strings: Mfr=1, Product=2, SerialNumber=3
usb 4-1: Product: USB DISK
usb 4-1: Manufacturer: SMI Corporation
usb 4-1: SerialNumber: AA04012700008612
usb 6-1: New USB device found, idVendor=13fe, idProduct=1d00
usb 6-1: New USB device strings: Mfr=1, Product=2, SerialNumber=3
usb 6-1: Product: DataTraveler 2.0
usb 6-1: Manufacturer: Kingston
usb 6-1: SerialNumber: 5B7B079F017D
ata1: SATA link down (SStatus 0 SControl 300)
usb-storage 6-1:1.0: USB Mass Storage device detected
scsi host6: usb-storage 6-1:1.0
usb-storage 4-1:1.0: USB Mass Storage device detected
scsi host7: usb-storage 4-1:1.0
usbcore: registered new interface driver usb-storage
usbcore: registered new interface driver uas
r8169 0000:04:00.0 enp4s0: renamed from eth1
ehci-pci 0000:00:1a.7: EHCI Host Controller
ehci-pci 0000:00:1a.7: new USB bus registered, assigned bus number 9
ehci-pci 0000:00:1a.7: debug port 1
ehci-pci 0000:00:1a.7: cache line size of 32 is not supported
ehci-pci 0000:00:1a.7: irq 18, io mem 0xfea7bc00
ehci-pci 0000:00:1a.7: USB 2.0 started, EHCI 1.00
usb usb9: New USB device found, idVendor=1d6b, idProduct=0002
usb usb9: New USB device strings: Mfr=3, Product=2, SerialNumber=1
usb usb9: Product: EHCI Host Controller
usb usb9: Manufacturer: Linux 4.9.0-1-amd64 ehci_hcd
usb usb9: SerialNumber: 0000:00:1a.7
hub 9-0:1.0: USB hub found
hub 9-0:1.0: 6 ports detected
ata2: SATA link down (SStatus 0 SControl 300)
hub 1-0:1.0: USB hub found
hub 1-0:1.0: 2 ports detected
hub 2-0:1.0: USB hub found
hub 2-0:1.0: 2 ports detected
hub 3-0:1.0: USB hub found
hub 3-0:1.0: 2 ports detected
usb 4-1: USB disconnect, device number 2
usb 6-1: USB disconnect, device number 2
ehci-pci 0000:00:1d.7: EHCI Host Controller
ehci-pci 0000:00:1d.7: new USB bus registered, assigned bus number 10
ehci-pci 0000:00:1d.7: debug port 1
ehci-pci 0000:00:1d.7: cache line size of 32 is not supported
ehci-pci 0000:00:1d.7: irq 23, io mem 0xfea7b800
clocksource: Switched to clocksource tsc
ehci-pci 0000:00:1d.7: USB 2.0 started, EHCI 1.00
usb usb10: New USB device found, idVendor=1d6b, idProduct=0002
usb usb10: New USB device strings: Mfr=3, Product=2, SerialNumber=1
usb usb10: Product: EHCI Host Controller
usb usb10: Manufacturer: Linux 4.9.0-1-amd64 ehci_hcd
usb usb10: SerialNumber: 0000:00:1d.7
hub 10-0:1.0: USB hub found
hub 10-0:1.0: 6 ports detected
hub 4-0:1.0: USB hub found
hub 4-0:1.0: 2 ports detected
hub 5-0:1.0: USB hub found
hub 5-0:1.0: 2 ports detected
hub 6-0:1.0: USB hub found
hub 6-0:1.0: 2 ports detected
ata3: SATA link down (SStatus 0 SControl 300)
usb 10-1: new high-speed USB device number 2 using ehci-pci
ata4: SATA link down (SStatus 0 SControl 300)
usb 10-1: New USB device found, idVendor=090c, idProduct=1000
usb 10-1: New USB device strings: Mfr=1, Product=2, SerialNumber=3
usb 10-1: Product: USB DISK
usb 10-1: Manufacturer: SMI Corporation
usb 10-1: SerialNumber: AA04012700008612
usb-storage 10-1:1.0: USB Mass Storage device detected
scsi host6: usb-storage 10-1:1.0
usb 10-5: new high-speed USB device number 3 using ehci-pci
ata5: SATA link down (SStatus 0 SControl 300)
usb 10-5: New USB device found, idVendor=13fe, idProduct=1d00
usb 10-5: New USB device strings: Mfr=1, Product=2, SerialNumber=3
usb 10-5: Product: DataTraveler 2.0
usb 10-5: Manufacturer: Kingston
usb 10-5: SerialNumber: 5B7B079F017D
usb-storage 10-5:1.0: USB Mass Storage device detected
scsi host7: usb-storage 10-5:1.0
ata6: SATA link down (SStatus 0 SControl 300)
scsi 6:0:0:0: Direct-Access     SMI      USB DISK         0100 PQ: 0 ANSI: 0 CCS
sd 6:0:0:0: [sda] 1957888 512-byte logical blocks: (1.00 GB/956 MiB)
sd 6:0:0:0: [sda] Write Protect is off
sd 6:0:0:0: [sda] Mode Sense: 43 00 00 00
sd 6:0:0:0: [sda] No Caching mode page found
sd 6:0:0:0: [sda] Assuming drive cache: write through
 sda: sda1
sd 6:0:0:0: [sda] Attached SCSI removable disk
random: fast init done
scsi 7:0:0:0: Direct-Access     Kingston DataTraveler 2.0 PMAP PQ: 0 ANSI: 0 CCS
sd 7:0:0:0: [sdb] 3903488 512-byte logical blocks: (2.00 GB/1.86 GiB)
sd 7:0:0:0: [sdb] Write Protect is off
sd 7:0:0:0: [sdb] Mode Sense: 23 00 00 00
sd 7:0:0:0: [sdb] No Caching mode page found
sd 7:0:0:0: [sdb] Assuming drive cache: write through
 sdb: sdb1
sd 7:0:0:0: [sdb] Attached SCSI removable disk
EXT4-fs (sdb1): mounted filesystem with ordered data mode. Opts: (null)
ip_tables: (C) 2000-2006 Netfilter Core Team
systemd[1]: systemd 232 running in system mode. (+PAM +AUDIT +SELINUX +IMA +APPARMOR +SMACK +SYSVINIT +UTMP +LIBCRYPTSETUP +GCRYPT +GNUTLS +ACL +XZ +LZ4 +SECCOMP +BLKID +ELFUTILS +KMOD +IDN)
systemd[1]: Detected architecture x86-64.
systemd[1]: Set hostname to &lt;nas&gt;.
systemd[1]: Listening on fsck to fsckd communication Socket.
systemd[1]: Listening on udev Kernel Socket.
systemd[1]: Started Forward Password Requests to Wall Directory Watch.
systemd[1]: Set up automount Arbitrary Executable File Formats File System Automount Point.
systemd[1]: Listening on Journal Socket (/dev/log).
systemd[1]: Started Dispatch Password Requests to Console Directory Watch.
systemd[1]: Reached target Swap.
EXT4-fs (sdb1): re-mounted. Opts: errors=remount-ro
systemd-journald[238]: Received request to flush runtime journal from PID 1
random: crng init done
input: Power Button as /devices/LNXSYSTM:00/LNXSYBUS:00/PNP0C0C:00/input/input3
ACPI: Power Button [PWRB]
input: Power Button as /devices/LNXSYSTM:00/LNXPWRBN:00/input/input4
ACPI: Power Button [PWRF]
input: PC Speaker as /devices/platform/pcspkr/input/input5
shpchp: Standard Hot Plug PCI Controller Driver version: 0.4
ACPI Warning: SystemIO range 0x0000000000000480-0x00000000000004AF conflicts with OpRegion 0x0000000000000480-0x00000000000004AF (\_GPE.HOKY) (20160831/utaddress-247)
ACPI: If an ACPI driver is available for this device, you should use it instead of the native driver
[drm] Initialized
sd 6:0:0:0: Attached scsi generic sg0 type 0
sd 7:0:0:0: Attached scsi generic sg1 type 0
intel_powerclamp: No package C-state available
iTCO_vendor_support: vendor-support=0
iTCO_wdt: Intel TCO WatchDog Timer Driver v1.11
iTCO_wdt: Found a ICH9R TCO device (Version=2, TCOBASE=0x0860)
iTCO_wdt: initialized. heartbeat=30 sec (nowayout=0)
asus_laptop: Asus Laptop Support version 0.42
asus_laptop: Error calling BSTS
asus_laptop: Error calling CWAP(1)
asus_laptop:    model detected
asus_laptop: Error setting bluetooth status to 1
asus_laptop: Error setting wlan status to 1
input: Asus Laptop extra buttons as /devices/platform/asus_laptop/input/input6
snd_hda_intel 0000:00:1b.0: no codecs found!
pci 0000:00:00.0: Intel GMA3150 Chipset
pci 0000:00:00.0: detected gtt size: 524288K total, 262144K mappable
pci 0000:00:00.0: detected 8192K stolen memory
[drm] Memory usable by graphics device = 512M
[drm] Replacing VGA console driver
Console: switching to colour dummy device 80x25
[drm] Supports vblank timestamp caching Rev 2 (21.10.2013).
[drm] Driver supports precise vblank timestamp query.
vgaarb: device changed decodes: PCI:0000:00:02.0,olddecodes=io+mem,decodes=io+mem:owns=io+mem
[drm] RC6 disabled, disabling runtime PM support
[drm] initialized overlay support
[drm] Initialized i915 1.6.0 20160919 for 0000:00:02.0 on minor 0
fbcon: inteldrmfb (fb0) is primary device
Console: switching to colour frame buffer device 128x48
i915 0000:00:02.0: fb0: inteldrmfb frame buffer device
&lt;/pre&gt;&lt;/small&gt;}}

&lt;small&gt;&lt;pre&gt;
root@nas:~# cat /proc/cpuinfo
processor       : 0
vendor_id       : GenuineIntel
cpu family      : 6
model           : 28
model name      : Intel(R) Atom(TM) CPU D525   @ 1.80GHz
stepping        : 10
microcode       : 0x107
cpu MHz         : 1795.505
cache size      : 512 KB
physical id     : 0
siblings        : 4
core id         : 0
cpu cores       : 2
apicid          : 0
initial apicid  : 0
fpu             : yes
fpu_exception   : yes
cpuid level     : 10
wp              : yes
flags           : fpu vme de pse tsc msr pae mce cx8 apic sep mtrr pge mca cmov pat pse36 clflush 
 dts acpi mmx fxsr sse sse2 ss ht tm pbe syscall nx lm constant_tsc arch_perfmon pebs bts rep_good 
 nopl aperfmperf eagerfpu pni dtes64 monitor ds_cpl tm2 ssse3 cx16 xtpr pdcm movbe lahf_lm dtherm
bugs            :
bogomips        : 3591.01
clflush size    : 64
cache_alignment : 64
address sizes   : 36 bits physical, 48 bits virtual
power management:

processor       : 1
vendor_id       : GenuineIntel
cpu family      : 6
model           : 28
model name      : Intel(R) Atom(TM) CPU D525   @ 1.80GHz
stepping        : 10
microcode       : 0x107
cpu MHz         : 1795.505
cache size      : 512 KB
physical id     : 0
siblings        : 4
core id         : 1
cpu cores       : 2
apicid          : 2
initial apicid  : 2
fpu             : yes
fpu_exception   : yes
cpuid level     : 10
wp              : yes
flags           : fpu vme de pse tsc msr pae mce cx8 apic sep mtrr pge mca cmov pat pse36 clflush 
 dts acpi mmx fxsr sse sse2 ss ht tm pbe syscall nx lm constant_tsc arch_perfmon pebs bts nopl 
 aperfmperf eagerfpu pni dtes64 monitor ds_cpl tm2 ssse3 cx16 xtpr pdcm movbe lahf_lm dtherm
bugs            :
bogomips        : 3591.01
clflush size    : 64
cache_alignment : 64
address sizes   : 36 bits physical, 48 bits virtual
power management:

processor       : 2
vendor_id       : GenuineIntel
cpu family      : 6
model           : 28
model name      : Intel(R) Atom(TM) CPU D525   @ 1.80GHz
stepping        : 10
microcode       : 0x107
cpu MHz         : 1795.505
cache size      : 512 KB
physical id     : 0
siblings        : 4
core id         : 0
cpu cores       : 2
apicid          : 1
initial apicid  : 1
fpu             : yes
fpu_exception   : yes
cpuid level     : 10
wp              : yes
flags           : fpu vme de pse tsc msr pae mce cx8 apic sep mtrr pge mca cmov pat pse36 clflush 
 dts acpi mmx fxsr sse sse2 ss ht tm pbe syscall nx lm constant_tsc arch_perfmon pebs bts nopl 
 aperfmperf eagerfpu pni dtes64 monitor ds_cpl tm2 ssse3 cx16 xtpr pdcm movbe lahf_lm dtherm
bugs            :
bogomips        : 3591.00
clflush size    : 64
cache_alignment : 64
address sizes   : 36 bits physical, 48 bits virtual
power management:

processor       : 3
vendor_id       : GenuineIntel
cpu family      : 6
model           : 28
model name      : Intel(R) Atom(TM) CPU D525   @ 1.80GHz
stepping        : 10
microcode       : 0x107
cpu MHz         : 1795.505
cache size      : 512 KB
physical id     : 0
siblings        : 4
core id         : 1
cpu cores       : 2
apicid          : 3
initial apicid  : 3
fpu             : yes
fpu_exception   : yes
cpuid level     : 10
wp              : yes
flags           : fpu vme de pse tsc msr pae mce cx8 apic sep mtrr pge mca cmov pat pse36 clflush 
 dts acpi mmx fxsr sse sse2 ss ht tm pbe syscall nx lm constant_tsc arch_perfmon pebs bts nopl 
 aperfmperf eagerfpu pni dtes64 monitor ds_cpl tm2 ssse3 cx16 xtpr pdcm movbe lahf_lm dtherm
bugs            :
bogomips        : 3591.01
clflush size    : 64
cache_alignment : 64
address sizes   : 36 bits physical, 48 bits virtual
power management:

root@nas:~# uname -a
Linux nas 4.9.0-1-amd64 #1 SMP Debian 4.9.6-3 (2017-01-28) x86_64 GNU/Linux
root@nas:~# lspci -nn
00:00.0 Host bridge [0600]: Intel Corporation Atom Processor D4xx/D5xx/N4xx/N5xx 
DMI Bridge [8086:a000] (rev 02)
00:02.0 VGA compatible controller [0300]: Intel Corporation Atom Processor D4xx/D5xx/N4xx/N5xx 
Integrated Graphics Controller [8086:a001] (rev 02)
00:02.1 Display controller [0380]: Intel Corporation Atom Processor D4xx/D5xx/N4xx/N5xx 
Integrated Graphics Controller [8086:a002] (rev 02)
00:1a.0 USB controller [0c03]: Intel Corporation 82801I (ICH9 Family) USB UHCI Controller #4 [8086:2937] (rev 02)
00:1a.1 USB controller [0c03]: Intel Corporation 82801I (ICH9 Family) USB UHCI Controller #5 [8086:2938] (rev 02)
00:1a.2 USB controller [0c03]: Intel Corporation 82801I (ICH9 Family) USB UHCI Controller #6 [8086:2939] (rev 02)
00:1a.7 USB controller [0c03]: Intel Corporation 82801I (ICH9 Family) USB2 EHCI Controller #2 [8086:293c] (rev 02)
00:1b.0 Audio device [0403]: Intel Corporation 82801I (ICH9 Family) HD Audio Controller [8086:293e] (rev 02)
00:1c.0 PCI bridge [0604]: Intel Corporation 82801I (ICH9 Family) PCI Express Port 1 [8086:2940] (rev 02)
00:1c.3 PCI bridge [0604]: Intel Corporation 82801I (ICH9 Family) PCI Express Port 4 [8086:2946] (rev 02)
00:1c.4 PCI bridge [0604]: Intel Corporation 82801I (ICH9 Family) PCI Express Port 5 [8086:2948] (rev 02)
00:1c.5 PCI bridge [0604]: Intel Corporation 82801I (ICH9 Family) PCI Express Port 6 [8086:294a] (rev 02)
00:1d.0 USB controller [0c03]: Intel Corporation 82801I (ICH9 Family) USB UHCI Controller #1 [8086:2934] (rev 02)
00:1d.1 USB controller [0c03]: Intel Corporation 82801I (ICH9 Family) USB UHCI Controller #2 [8086:2935] (rev 02)
00:1d.2 USB controller [0c03]: Intel Corporation 82801I (ICH9 Family) USB UHCI Controller #3 [8086:2936] (rev 02)
00:1d.7 USB controller [0c03]: Intel Corporation 82801I (ICH9 Family) USB2 EHCI Controller #1 [8086:293a] (rev 02)
00:1e.0 PCI bridge [0604]: Intel Corporation 82801 PCI Bridge [8086:244e] (rev 92)
00:1f.0 ISA bridge [0601]: Intel Corporation 82801IR (ICH9R) LPC Interface Controller [8086:2916] (rev 02)
00:1f.2 SATA controller [0106]: Intel Corporation 82801IR/IO/IH (ICH9R/DO/DH) 
6 port SATA Controller [AHCI mode] [8086:2922] (rev 02)
00:1f.3 SMBus [0c05]: Intel Corporation 82801I (ICH9 Family) SMBus Controller [8086:2930] (rev 02)
02:00.0 USB controller [0c03]: Fresco Logic FL1000G USB 3.0 Host Controller [1b73:1000] (rev 04)
03:00.0 Ethernet controller [0200]: Realtek Semiconductor Co., Ltd. 
RTL8111/8168/8411 PCI Express Gigabit Ethernet Controller [10ec:8168] (rev 06)
04:00.0 Ethernet controller [0200]: Realtek Semiconductor Co., Ltd. 
RTL8111/8168/8411 PCI Express Gigabit Ethernet Controller [10ec:8168] (rev 06)
root@nas:~# hdparm -t /dev/sda

/dev/sda:
 Timing buffered disk reads:  42 MB in  3.00 seconds =  13.98 MB/sec
root@nas:~# fdisk - /dev/sda
Disk /dev/sda: 956 MiB, 1002438656 bytes, 1957888 sectors
Units: sectors of 1 * 512 = 512 bytes
Sector size (logical/physical): 512 bytes / 512 bytes
I/O size (minimum/optimal): 512 bytes / 512 bytes
Disklabel type: dos
Disk identifier: 0x00000000

Device     Boot Start     End Sectors   Size Id Type
/dev/sda1          62 1956223 1956162 955.2M 83 Linux
&lt;/pre&gt;&lt;/small&gt;</text>
      <sha1>ihtetx7th233wb8pbkeamei1qiqvp47</sha1>
    </revision>
  </page>