<page>
    <title>Linksys WRT32X</title>
    <ns>0</ns>
    <id>71730</id>
    <revision>
      <id>354496</id>
      <parentid>354495</parentid>
      <timestamp>2019-10-05T18:34:19Z</timestamp>
      <contributor>
        <username>imported&gt;M86</username>
        <id>0</id>
      </contributor>
      <minor/>
      <comment>this tag does not seem to make any sense to me (pre-series bodge?)</comment>
      <origin>354496</origin>
      <model>wikitext</model>
      <format>text/x-wiki</format>
      <text bytes="47424" sha1="goiwzdotcpm9z8p79spwaz28lqeoj9b" xml:space="preserve">{{Wireless embedded system
|brand=Linksys
|model=WRT32X
|revision=
|series=AC3200
|asin=B072LQZFHM,B079XSHN1F,
|newegg=N82E16833124643
|price=330
|est_release_date=01/03/2017
|fcc_date=06/12/2017
|manuf_country=China
|is_manuf=No
|manuf=Wistron NeWeb
|availability=now
|type=wireless router
|fcc_id=Q87-WRT3200ACM
|ic_id=3839A-WRT3200ACM
|pcb_id=48SAM203.SGD
|pwr_v=12
|pwr_amp=3
|pwr_conn=barrel
|cpu1_brand=Marvell
|cpu1_model=88F6820
|cpu1_cspeed=1.8 GHz
|cpu1_cores=2
|fla1=256
|fla1_brand=Winbond
|fla1_model=W29N02GV
|ram1=512
|ram1_brand=Micron
|ram1_model=DDR3
|ram1_num=2
|expansion_if_types=USB 3.0, USB 2.0 / eSATA (combo port)
|expansion_usb_num=2
|expansion_sata_num=1
|jtag=yes,, 20-pad header
|serial=yes,, 6-pin header
|wi1_chip1_brand=Marvell
|wi1_chip1_model=88W8964
|wi1_802dot11_protocols=an+ac
|wi1_ant_conn=U.FL,RP-SMA
|wi1_txchains=4
|wi1_rxchains=4
|wi1_sstreams=3
|wi2_chip1_brand=Marvell
|wi2_chip1_model=88W8964
|wi2_802dot11_protocols=bgn
|wi2_ant_conn=U.FL,RP-SMA
|wi2_txchains=4
|wi2_rxchains=4
|wi2_sstreams=3
|eth_cpu=true
|sw_brand=Marvell
|sw_model=88E6352
|lan_speed=1G
|lan_ports=4
|wan_speed=1G
|wan_ports=1
|flags=Wave2, MU-MIMO, VHT160, DFS
|stock_boot=U-Boot
|stock_os=Linux;4.4.14;
|tp_firmware=OpenWrt, DD-WRT,
|802dot11_protocols=abgn+ac
|default_ip=192.168.1.1
|default_pass=admin
|oui=60:38:E0
|oui_eth=60:38:E0
}}
&lt;div style=&quot;border: solid thin gray; background-color: #EDEDED; overflow:auto; width:500px;&quot;&gt;&lt;small&gt;
:• '''2600''' Mbps - 3-stream 802.11ac device (160MHz bandswidth, 867Mbps/stream),
:• '''600''' Mbps - max. PHY rate for the 40MHz wide 2.4GHz channel = '''''3200 Mbps'' class'''
&lt;/small&gt;&lt;/div&gt;
{{TagLine|AC3200 MU-MIMO Dual-Band Gaming Router}}
:[https://www.linksys.com/us/p/P-WRT32X/ Product page] {{•}} [https://www.linksys.com/us/support-product?pid=01t34000004FeJ0AAK Support page]
:[http://http://downloads.linksys.com/downloads/userguide/WRT32X%20-%20User%20Guide%20(International).pdf User Guide] {{•}} [http://downloads.linksys.com/downloads/license/FW_License_WRT32X_v1.0.180404.58.pdf Open Source licences]

Added to the FCC entry for the [[Linksys WRT3200ACM]] 
:via [https://fccid.io/Q87-WRT3200ACM#Grant-TCB-5 Class II Permissive Change on 6/12/2017].
C2PC: - Adding a new model name: [[Linksys WRT32X]]
:- Changing the firmware for the new model
:- Changing the enclosure color for the new model
;This device has 20/40/80/160 MHz bandwidth modes.

===Specifications===
*CPU: [[Marvell]] 88F6820-A0 C180 @1.8GHz ([https://www.marvell.com/embedded-processors/armada/armada-38x/ Armada 385])
*Flash: 256MB (NAND), RAM: 512MB (DDR3)
*WLAN: 2x [[Marvell]] [http://www.marvell.com/wireless/avastar/88W8964/ 88W8964] 4T4R 802.11abgn/ac (MU-MIMO)
*Switch: [[Marvell]] [http://www.marvell.com/switching/link-street/ 88E6352] (7-Port AVB GbE Switch, 5x GbE PHY)
*PSU: 12V/3A; LED: [https://www.linksys.com/us/support-article?articleNum=247434 ''Status light behavior'']
*Dimensions: 245.9 x 193.8 x 51.8 mm (w/o antennas)
*Weight: 798.32 g (28.16 oz)

===Wikis===
*[https://openwrt.org/toh/linksys/wrt_ac_series ''Linksys WRT AC Series'' the '''OpenWrt''' Wiki]
:[https://openwrt.org/toh/linksys/wrt_ac_series#wrt32x WRT32X] - [[Marvell]] Armada 385 @1.8GHz (Venom)

===Reviews===
*[http://www.tweaktown.com/reviews/8313/linksys-wrt32x-ac3200-wireless-gaming-router-review/index.html ''Linksys WRT32X AC3200 Wireless Gaming Router'' on '''TweakTown''']
*[https://www.windowscentral.com/linksys-wrt32x-review ''Linksys WRT32X Wi-Fi router review'' on '''WindowsCentral''']

===News===
*[https://www.snbforums.com/threads/linksys-re-launches-wrt32x-gaming-router.40807/ ''Linksys Re-launches WRT32X Gaming router'' on '''SNB''' forums]
*[http://www.killernetworking.com/technology/killer-prioritization-engine ''Killer Prioritization Engine - Linksys WRT32X'' on '''KillerNetworking''']
*[http://www.anandtech.com/show/10956/linksys-wrt32x-gaming-router-announced-with-killer-prioritization-engine-from-rivet-networks ''Linksys WRT32X Announced'' on '''AnandTech''']&lt;small&gt;
:CPU [[Marvell]] ARMADA 38x @1.8GHz Dual-Core ARM (Cortex A9)
:256MB Flash and 512MB of DDR3 Memory
:Dual-Band AC3200 (N600 + AC2600) 3x3 radio (2.4/5GHz)
:''Tri-Stream 160'' radio belong to the [[Marvell]] Avastar 88W8964
:4x high-performance antennas and high-powered PAs for better range
:5-port SOHO-grade Gigabit Ethernet switch with TCAM (1x WAN, 4x LAN)
:USB 3.0, USB 2.0 and eSATA ports for NAS-like network storage
:MU-MIMO Technology for Airtime efficiency, QoS engine powered by Killer Networking
:Exclusive optimization for Killer Networking gaming clients in MSI, Alienware, Razer
:DFS certified for operation in the clear DFS channel airspace
:Custom-built firmware specially tuned for online gaming traffic
&lt;/small&gt;

===Third party firmware information===
*[https://forum.openwrt.org/t/davidc502-wrt1200ac-wrt1900acx-wrt3200acm-wrt32x-builds/15839 ''OpenWrt community builds'' on '''OpenWrt''' forums]
:OpenWrt build target: mvebu
*[https://forum.dd-wrt.com/phpBB2/viewforum.php?f=58/ ''DD-WRT build discussion'' on '''DD-WRT''' forums]
:DD-WRT build target: linksys-wrt32x
*[https://github.com/kaloz/mwlwifi/ ''Wi-Fi open source driver'': '''mwlwifi''']

&lt;!--===Reviews===
*[http://www.smallnetbuilder.com/wireless/wireless-reviews/33030-linksys-wrt3200acm-ac3200-mu-mimo-gigabit-wi-fi-router-reviewed ''Linksys WRT3200ACM MU-MIMO Wi-Fi Router'' on '''SmallNetBuilder''']
:• CPU: [[Marvell]] 88F6820-A0 C180 @1.8GHz (Armada 385 ARMv7)
:• 2.4GHz Radio: [[Marvell]] [http://www.marvell.com/wireless/assets/Marvell_Avastar_88W8964_SoC-01_PB_v2.pdf 88W8964]-BTW2 WiSoC (MU-MIMO)
::4x [[Skyworks]] SKY85309-11 2.4GHz Front End Module
::Micron 128MB DDR3 RAM
:• 5GHz Radio: [[Marvell]] [http://www.marvell.com/wireless/assets/Marvell_Avastar_88W8964_SoC-01_PB_v2.pdf 88W8964]-BTW2 WiSoC (MU-MIMO)
::[[Marvell]] 88W8887-NAA2 DFS monitor (WLAN/BT/NFC/FM)
::4x [[Skyworks]] SKY85728-11 5GHz Front End Module
::Micron 128MB DDR3 RAM
:• Switch: [[Marvell]] [http://www.marvell.com/switching/link-street/ 88E6352] GbE Switch
*[http://www.gadgetreview.com/linksys-wrt3200acm-mu-mimo-wireless-router-review Review ''Linksys WRT3200ACM'' on '''GadgetReview''']
--&gt;
===Serial===
====Stock firmware boot log====
{{SCollapse|dmesg from firmware 1.0.180404.58 &gt;&gt; • 
|&lt;small&gt;&lt;pre&gt;
[    0.000000] Booting Linux on physical CPU 0x0
[    0.000000] Linux version 4.4.14 (jenkins@ip-10-226-178-37) (gcc version 5.3.0 (OpenWrt GCC 5.3.0 50140) ) #4 SMP Wed Apr 4 18:23:44 UTC 2018
[    0.000000] CPU: ARMv7 Processor [414fc091] revision 1 (ARMv7), cr=10c5387d
[    0.000000] CPU: PIPT / VIPT nonaliasing data cache, VIPT aliasing instruction cache
[    0.000000] Machine model: Linksys WRT32X
[    0.000000] Memory policy: Data cache writealloc
[    0.000000] On node 0 totalpages: 131072
[    0.000000] free_area_init_node: node 0, pgdat c05cdec0, node_mem_map dfbf9000
[    0.000000]   Normal zone: 1024 pages used for memmap
[    0.000000]   Normal zone: 0 pages reserved
[    0.000000]   Normal zone: 131072 pages, LIFO batch:31
[    0.000000] PERCPU: Embedded 12 pages/cpu @dfbcf000 s17984 r8192 d22976 u49152
[    0.000000] pcpu-alloc: s17984 r8192 d22976 u49152 alloc=12*4096
[    0.000000] pcpu-alloc: [0] 0 [0] 1
[    0.000000] Built 1 zonelists in Zone order, mobility grouping on.  Total pages: 130048
[    0.000000] Kernel command line: console= root=/dev/mtdblock8
[    0.000000] PID hash table entries: 2048 (order: 1, 8192 bytes)
[    0.000000] Dentry cache hash table entries: 65536 (order: 6, 262144 bytes)
[    0.000000] Inode-cache hash table entries: 32768 (order: 5, 131072 bytes)
[    0.000000] Memory: 513212K/524288K available (4096K kernel code, 173K rwdata, 1532K rodata, 256K init, 295K bss, 11076K reserved, 0K cma-reserved, 0K highmem)
[    0.000000] Virtual kernel memory layout:
[    0.000000]     vector  : 0xffff0000 - 0xffff1000   (   4 kB)
[    0.000000]     fixmap  : 0xffc00000 - 0xfff00000   (3072 kB)
[    0.000000]     vmalloc : 0xe0800000 - 0xff800000   ( 496 MB)
[    0.000000]     lowmem  : 0xc0000000 - 0xe0000000   ( 512 MB)
[    0.000000]     pkmap   : 0xbfe00000 - 0xc0000000   (   2 MB)
[    0.000000]     modules : 0xbf000000 - 0xbfe00000   (  14 MB)
[    0.000000]       .text : 0xc0008000 - 0xc0587418   (5630 kB)
[    0.000000]       .init : 0xc0588000 - 0xc05c8000   ( 256 kB)
[    0.000000]       .data : 0xc05c8000 - 0xc05f3434   ( 174 kB)
[    0.000000]        .bss : 0xc05f3434 - 0xc063d12c   ( 296 kB)
[    0.000000] SLUB: HWalign=64, Order=0-3, MinObjects=0, CPUs=2, Nodes=1
[    0.000000] Hierarchical RCU implementation.
[    0.000000]  RCU restricting CPUs from NR_CPUS=4 to nr_cpu_ids=2.
[    0.000000] RCU: Adjusting geometry for rcu_fanout_leaf=16, nr_cpu_ids=2
[    0.000000] NR_IRQS:16 nr_irqs:16 16
[    0.000000] mvebu_mbus: [Firmware Warn]: deprecated mbus-mvebu Device Tree, suspend/resume will not work
[    0.000000] L2C-310 enabling early BRESP for Cortex-A9
[    0.000000] L2C-310 full line of zeros enabled for Cortex-A9
[    0.000000] L2C-310 D prefetch enabled, offset 1 lines
[    0.000000] L2C-310 dynamic clock gating enabled, standby mode enabled
[    0.000000] L2C-310 Coherent cache controller enabled, 16 ways, 1024 kB
[    0.000000] L2C-310 Coherent: CACHE_ID 0x410054c9, AUX_CTRL 0x56070001
[    0.000000] Selected CPU frequency (16) unsupported
[    0.000000] Switching to timer-based delay loop, resolution 40ns
[    0.000002] sched_clock: 32 bits at 25MHz, resolution 40ns, wraps every 85899345900ns
[    0.000007] clocksource: armada_370_xp_clocksource: mask: 0xffffffff max_cycles: 0xffffffff, max_idle_ns: 76450417870 ns
[    0.000102] Calibrating local timer... 933.11MHz.
[    0.060025] Calibrating delay loop (skipped), value calculated using timer frequency.. 50.00 BogoMIPS (lpj=250000)
[    0.060029] pid_max: default: 32768 minimum: 301
[    0.060064] Mount-cache hash table entries: 1024 (order: 0, 4096 bytes)
[    0.060068] Mountpoint-cache hash table entries: 1024 (order: 0, 4096 bytes)
[    0.060229] CPU: Testing write buffer coherency: ok
[    0.060318] CPU0: thread -1, cpu 0, socket 0, mpidr 80000000
[    0.060339] Setting up static identity map for 0x8280 - 0x82d8
[    0.060404] mvebu-soc-id: MVEBU SoC ID=0x6820, Rev=0x4
[    0.060468] mvebu-pmsu: Initializing Power Management Service Unit
[    0.060806] Booting CPU 1
[    0.060956] CPU1: thread -1, cpu 1, socket 0, mpidr 80000001
[    0.060978] Brought up 2 CPUs
[    0.060983] SMP: Total of 2 processors activated (100.00 BogoMIPS).
[    0.060986] CPU: All CPU(s) started in SVC mode.
[    0.062403] VFP support v0.3: implementor 41 architecture 3 part 30 variant 9 rev 4
[    0.062467] clocksource: jiffies: mask: 0xffffffff max_cycles: 0xffffffff, max_idle_ns: 19112604462750000 ns
[    0.062500] pinctrl core: initialized pinctrl subsystem
[    0.062768] NET: Registered protocol family 16
[    0.063173] DMA: preallocated 256 KiB pool for atomic coherent allocations
[    0.090030] cpuidle: using governor ladder
[    0.092195] mvebu-pmsu: CPU hotplug support is currently broken on Armada 38x: disabling
[    0.092202] mvebu-pmsu: CPU idle is currently broken on Armada 38x: disabling
[    0.110396] reg-fixed-voltage xhci0-vbus: could not find pctldev for node /soc/internal-regs/pinctrl@18000/xhci0-vbus-pins, deferring probe
[    0.110538] SCSI subsystem initialized
[    0.110599] libata version 3.00 loaded.
[    0.110705] usbcore: registered new interface driver usbfs
[    0.110731] usbcore: registered new interface driver hub
[    0.110752] usbcore: registered new device driver usb
[    0.111209] clocksource: Switched to clocksource armada_370_xp_clocksource
[    0.111576] NET: Registered protocol family 2
[    0.111769] TCP established hash table entries: 4096 (order: 2, 16384 bytes)
[    0.111791] TCP bind hash table entries: 4096 (order: 3, 32768 bytes)
[    0.111819] TCP: Hash tables configured (established 4096 bind 4096)
[    0.111840] UDP hash table entries: 256 (order: 1, 8192 bytes)
[    0.111853] UDP-Lite hash table entries: 256 (order: 1, 8192 bytes)
[    0.111916] NET: Registered protocol family 1
[    0.111933] PCI: CLS 0 bytes, default 64
[    0.112260] futex hash table entries: 512 (order: 3, 32768 bytes)
[    0.114167] squashfs: version 4.0 (2009/01/31) Phillip Lougher
[    0.114174] jffs2: version 2.2 (NAND) (SUMMARY) (LZMA) (RTIME) (CMODE_PRIORITY) (c) 2001-2006 Red Hat, Inc.
[    0.114791] io scheduler noop registered
[    0.114797] io scheduler deadline registered (default)
[    0.115158] armada-38x-pinctrl f1018000.pinctrl: registered pinctrl driver
[    0.115435] irq: Cannot allocate irq_descs @ IRQ45, assuming pre-allocated
[    0.115554] irq: Cannot allocate irq_descs @ IRQ77, assuming pre-allocated
[    0.115819] mvebu-pcie soc:pcie-controller: PCI host bridge to bus 0000:00
[    0.115826] pci_bus 0000:00: root bus resource [io  0x1000-0xfffff]
[    0.115830] pci_bus 0000:00: root bus resource [mem 0xe0000000-0xe7ffffff]
[    0.115835] pci_bus 0000:00: root bus resource [bus 00-ff]
[    0.115847] pci 0000:00:01.0: [11ab:6820] type 01 class 0x060400
[    0.115926] pci 0000:00:02.0: [11ab:6820] type 01 class 0x060400
[    0.115993] PCI: bus0: Fast back to back transfers disabled
[    0.115998] pci 0000:00:01.0: bridge configuration invalid ([bus 00-00]), reconfiguring
[    0.116004] pci 0000:00:02.0: bridge configuration invalid ([bus 00-00]), reconfiguring
[    0.116053] pci 0000:01:00.0: [11ab:2b40] type 00 class 0x020000
[    0.116080] pci 0000:01:00.0: reg 0x10: [mem 0x40000000-0x401fffff 64bit pref]
[    0.116090] pci 0000:01:00.0: reg 0x18: [mem 0x40200000-0x402fffff 64bit pref]
[    0.116139] pci 0000:01:00.0: supports D1 D2
[    0.116143] pci 0000:01:00.0: PME# supported from D0 D1 D3hot D3cold
[    0.116197] PCI: bus1: Fast back to back transfers disabled
[    0.116203] pci_bus 0000:01: busn_res: [bus 01-ff] end is updated to 01
[    0.116257] pci 0000:02:00.0: [11ab:2b40] type 00 class 0x020000
[    0.116291] pci 0000:02:00.0: reg 0x10: [mem 0x42000000-0x421fffff 64bit pref]
[    0.116303] pci 0000:02:00.0: reg 0x18: [mem 0x42200000-0x422fffff 64bit pref]
[    0.116369] pci 0000:02:00.0: supports D1 D2
[    0.116372] pci 0000:02:00.0: PME# supported from D0 D1 D3hot D3cold
[    0.116432] PCI: bus2: Fast back to back transfers disabled
[    0.116436] pci_bus 0000:02: busn_res: [bus 02-ff] end is updated to 02
[    0.116479] pci 0000:00:01.0: BAR 8: assigned [mem 0xe0000000-0xe02fffff]
[    0.116484] pci 0000:00:02.0: BAR 8: assigned [mem 0xe0400000-0xe06fffff]
[    0.116491] pci 0000:01:00.0: BAR 0: assigned [mem 0xe0000000-0xe01fffff 64bit pref]
[    0.116499] pci 0000:01:00.0: BAR 2: assigned [mem 0xe0200000-0xe02fffff 64bit pref]
[    0.116507] pci 0000:00:01.0: PCI bridge to [bus 01]
[    0.116512] pci 0000:00:01.0:   bridge window [mem 0xe0000000-0xe02fffff]
[    0.116518] pci 0000:02:00.0: BAR 0: assigned [mem 0xe0400000-0xe05fffff 64bit pref]
[    0.116527] pci 0000:02:00.0: BAR 2: assigned [mem 0xe0600000-0xe06fffff 64bit pref]
[    0.116535] pci 0000:00:02.0: PCI bridge to [bus 02]
[    0.116539] pci 0000:00:02.0:   bridge window [mem 0xe0400000-0xe06fffff]
[    0.116624] mv_xor f1060800.xor: Marvell shared XOR driver
[    0.151584] mv_xor f1060800.xor: Marvell XOR (Descriptor Mode): ( xor cpy intr )
[    0.151665] mv_xor f1060900.xor: Marvell shared XOR driver
[    0.191565] mv_xor f1060900.xor: Marvell XOR (Descriptor Mode): ( xor cpy intr )
[    0.191698] Serial: 8250/16550 driver, 2 ports, IRQ sharing disabled
[    0.211987] f1012000.serial: ttyS0 at MMIO 0xf1012000 (irq = 21, base_baud = 12500000) is a 16550A
[    0.212293] ahci-mvebu f10a8000.sata: AHCI 0001.0000 32 slots 2 ports 6 Gbps 0x3 impl platform mode
[    0.212300] ahci-mvebu f10a8000.sata: flags: 64bit ncq sntf led only pmp fbs pio slum part sxs
[    0.212886] scsi host0: ahci-mvebu
[    0.213014] scsi host1: ahci-mvebu
[    0.213091] ata1: SATA max UDMA/133 mmio [mem 0xf10a8000-0xf10a9fff] port 0x100 irq 41
[    0.213095] ata2: SATA max UDMA/133 mmio [mem 0xf10a8000-0xf10a9fff] port 0x180 irq 41
[    0.213437] pxa3xx-nand f10d0000.flash: This platform can't do DMA on this device
[    0.213768] nand: device found, Manufacturer ID: 0x01, Chip ID: 0xda
[    0.213772] nand: AMD/Spansion S34ML02G2
[    0.213776] nand: 256 MiB, SLC, erase size: 128 KiB, page size: 2048, OOB size: 128
[    0.213782] pxa3xx-nand f10d0000.flash: ECC strength 16, ECC step size 2048
[    0.213969] Bad block table found at page 131008, version 0x01
[    0.214303] Bad block table found at page 130944, version 0x01
[    0.214559] 10 ofpart partitions found on MTD device pxa3xx_nand-0
[    0.214563] Creating 10 MTD partitions on &quot;pxa3xx_nand-0&quot;:
[    0.214567] 0x000000000000-0x000000200000 : &quot;u-boot&quot;
[    0.214846] 0x000000200000-0x000000220000 : &quot;u_env&quot;
[    0.215117] 0x000000220000-0x000000260000 : &quot;s_env&quot;
[    0.215342] 0x000000260000-0x000000820000 : &quot;unused_area&quot;
[    0.215575] 0x0000007e0000-0x000000820000 : &quot;devinfo&quot;
[    0.215808] 0x000000900000-0x000008400000 : &quot;kernel1&quot;
[    0.216088] 0x000000c00000-0x000008400000 : &quot;rootfs1&quot;
[    0.216355] 0x000008400000-0x00000ff00000 : &quot;kernel2&quot;
[    0.216677] 0x000008700000-0x00000ff00000 : &quot;ubi&quot;
[    0.216960] 0x00000ff00000-0x000010000000 : &quot;BBT&quot;
[    0.217562] libphy: Fixed MDIO Bus: probed
[    0.217647] libphy: orion_mdio_bus: probed
[    0.217774] mvneta_bm f10c8000.bm: Buffer Manager for network controller enabled
[    0.219357] mvneta f1034000.ethernet eth0: Using hardware mac address 60:38:e0:00:00:00
[    0.220564] mvneta f1070000.ethernet eth1: Using hardware mac address 60:38:e0:00:00:00
[    0.220613] ehci_hcd: USB 2.0 'Enhanced' Host Controller (EHCI) Driver
[    0.220618] ehci-pci: EHCI PCI platform driver
[    0.220646] ehci-platform: EHCI generic platform driver
[    0.220723] ehci-orion: EHCI orion driver
[    0.220790] orion-ehci f1058000.usb: EHCI Host Controller
[    0.220802] orion-ehci f1058000.usb: new USB bus registered, assigned bus number 1
[    0.220857] orion-ehci f1058000.usb: irq 36, io mem 0xf1058000
[    0.231210] orion-ehci f1058000.usb: USB 2.0 started, EHCI 1.00
[    0.231435] hub 1-0:1.0: USB hub found
[    0.231449] hub 1-0:1.0: 1 port detected
[    0.231769] usbcore: registered new interface driver usb-storage
[    0.231893] armada38x-rtc f10a3800.rtc: rtc core: registered f10a3800.rtc as rtc0
[    0.232004] i2c /dev entries driver
[    0.243438] orion_wdt: Initial timeout 171 sec
[    0.246513] marvell-cesa f1090000.crypto: CESA device successfully registered
[    0.246963] NET: Registered protocol family 10
[    0.247353] NET: Registered protocol family 17
[    0.247371] bridge: automatic filtering via arp/ip/ip6tables has been deprecated. 
               Update your scripts to load br_netfilter if you need this.
[    0.247376] 8021q: 802.1Q VLAN Support v1.8
[    0.247417] Registering SWP/SWPB emulation handler
[    0.248126] xhci-hcd f10f8000.usb3: xHCI Host Controller
[    0.248140] xhci-hcd f10f8000.usb3: new USB bus registered, assigned bus number 2
[    0.248233] xhci-hcd f10f8000.usb3: hcc params 0x0a000990 hci version 0x100 quirks 0x00010010
[    0.248253] xhci-hcd f10f8000.usb3: irq 44, io mem 0xf10f8000
[    0.248501] hub 2-0:1.0: USB hub found
[    0.248528] hub 2-0:1.0: 1 port detected
[    0.248606] xhci-hcd f10f8000.usb3: xHCI Host Controller
[    0.248614] xhci-hcd f10f8000.usb3: new USB bus registered, assigned bus number 3
[    0.248642] usb usb3: We don't know the algorithms for LPM for this host, disabling LPM.
[    0.248821] hub 3-0:1.0: USB hub found
[    0.248847] hub 3-0:1.0: 1 port detected
[    0.249166] UBI: auto-attach mtd8
[    0.249171] ubi0: attaching mtd8
[    0.561208] ata2: SATA link down (SStatus 0 SControl 300)
[    0.561233] ata1: SATA link down (SStatus 0 SControl 300)
[    0.569363] ubi0: scanning is finished
[    0.573855] ubi0: attached mtd8 (name &quot;ubi&quot;, size 120 MiB)
[    0.573859] ubi0: PEB size: 131072 bytes (128 KiB), LEB size: 126976 bytes
[    0.573862] ubi0: min./max. I/O unit sizes: 2048/2048, sub-page size 2048
[    0.573865] ubi0: VID header offset: 2048 (aligned 2048), data offset: 4096
[    0.573868] ubi0: good PEBs: 960, bad PEBs: 0, corrupted PEBs: 0
[    0.573871] ubi0: user volume: 2, internal volumes: 1, max. volumes count: 128
[    0.573874] ubi0: max/mean erase counter: 2/1, WL threshold: 4096, image sequence number: 1718014600
[    0.573877] ubi0: available PEBs: 0, total reserved PEBs: 960, PEBs reserved for bad PEB handling: 40
[    0.573894] ubi0: background thread &quot;ubi_bgt0d&quot; started, PID 552
[    0.574312] block ubiblock0_0: created from ubi0:0(rootfs)
[    0.574316] ubiblock: device ubiblock0_0 (rootfs) set to be root filesystem
[    0.574509] mvsw61xx 10.mvsw61xx: Found MV88E6352 at f1072004.mdio-mi:10
[    0.574513] mvsw61xx 10.mvsw61xx: Using direct addressing
[    0.574559] armada38x-rtc f10a3800.rtc: setting system clock to 2097-08-03 20:21:52 UTC (4026399712)
[    0.575125] Warning: unable to open an initial console.
[    0.576669] VFS: Mounted root (squashfs filesystem) readonly on device 254:0.
[    0.576785] Freeing unused kernel memory: 256K (c0588000 - c05c8000)
[    0.616007] random: nonblocking pool is initialized
[    0.670290] usb 3-1: new SuperSpeed USB device number 2 using xhci-hcd
[    0.688802] usb-storage 3-1:1.0: USB Mass Storage device detected
[    0.688907] scsi host2: usb-storage 3-1:1.0
[    0.800612] init: Console is alive
[    0.800666] init: - watchdog -
[    1.116083] ohci_hcd: USB 1.1 'Open' Host Controller (OHCI) Driver
[    1.116333] ohci-platform: OHCI generic platform driver
[    1.116763] uhci_hcd: USB Universal Host Controller Interface driver
[    1.122810] init: - preinit -
[    1.237912] UBIFS (ubi0:1): background thread &quot;ubifs_bgt0_1&quot; started, PID 638
[    1.258896] UBIFS (ubi0:1): recovery needed
[    1.321032] UBIFS (ubi0:1): recovery completed
[    1.321064] UBIFS (ubi0:1): UBIFS: mounted UBI device 0, volume 1, name &quot;rootfs_data&quot;
[    1.321068] UBIFS (ubi0:1): LEB size: 126976 bytes (124 KiB), min./max. I/O unit sizes: 2048 bytes/2048 bytes
[    1.321073] UBIFS (ubi0:1): FS size: 106151936 bytes (101 MiB, 836 LEBs), journal size 5332992 bytes (5 MiB, 42 LEBs)
[    1.321076] UBIFS (ubi0:1): reserved for root: 4952683 bytes (4836 KiB)
[    1.321081] UBIFS (ubi0:1): media format: w4/r0 (latest is w4/r0), UUID F486C5A8-F37B-4B9F-83CF-0745E287681B, small LPT model
[    1.324917] mount_root: switching to jffs2 overlay
[    1.333188] procd: - early -
[    1.333213] procd: - watchdog -
[    1.869976] scsi 2:0:0:0: Direct-Access     Seagate  BUP Slim BK      0143 PQ: 0 ANSI: 6
[    1.870797] sd 2:0:0:0: [sda] 1953525167 512-byte logical blocks: (1.00 TB/932 GiB)
[    1.871338] sd 2:0:0:0: [sda] Write Protect is off
[    1.871345] sd 2:0:0:0: [sda] Mode Sense: 2b 00 10 08
[    1.871881] sd 2:0:0:0: [sda] Write cache: enabled, read cache: enabled, supports DPO and FUA
[    1.879878]  sda: sda1
[    1.881569] sd 2:0:0:0: [sda] Attached SCSI disk
[    2.381756] procd: failed to set stdio
[    2.381773] procd: - ubus -
[    2.434283] procd: - init -
[    2.951813] NET: Registered protocol family 8
[    2.951820] NET: Registered protocol family 20
[    2.953842] ntfs: driver 2.1.32 [Flags: R/O MODULE].
[    2.955387] tun: Universal TUN/TAP device driver, 1.6
[    2.955392] tun: (C) 1999-2004 Max Krasnyansky &lt;maxk@qualcomm.com&gt;
[    2.956770] gre: GRE over IPv4 demultiplexor driver
[    2.957099] ip_gre: GRE over IPv4 tunneling driver
[    2.958481] PPP generic driver version 2.4.2
[    2.959537] ip6_tables: (C) 2000-2006 Netfilter Core Team
[    2.966016] u32 classifier
[    2.966021]     input device check on
[    2.966023]     Actions configured
[    2.966401] Mirror/redirect action on
[    2.967828] nf_conntrack version 0.5.0 (8022 buckets, 32088 max)
[    2.974514] fuse init (API version 7.23)
[    3.039683] pci 0000:00:01.0: enabling device (0140 -&gt; 0142)
[    3.046461] wlprobe  wlpptr-&gt;ioBase0 = e3580000
[    3.046482] wlprobe  wlpptr-&gt;ioBase1 = e3800000
[    3.046617] wlInit wlpptr-&gt;pCmdBuf = dca94000  wlpptr-&gt;wlpd_p-&gt;pPhysCmdBuf = 1ca94000
[    3.061091] Physical loc =0x17790000
[    3.061114] mrvl pri mailbox Physical loc =0x0x1779f000
[    3.061123] fw file: /lib/firmware/wlan-v9_8964/W8964.bin
[    3.061128] read img file...
[    3.260496] FW len = 449468
[    3.261506] fw download start 88
[    3.261509] init ddr...
[    3.398968] FwSize = 449468 downloaded Size = 449468 currIteration 65522
[    3.654151] 0;0;0;0;0;0;0;0;0;0;0;wlFwDownload complete
[    6.267007] wlFwGetHwSpecs pCmd = dca94000
[    6.267129] Mac address = 60:38:e0:00:00:00
[    6.267131] Mac_Init
[    6.277206] wlFwSetHwSpecs ...
[    6.277215]   --&gt;pPhysTxRing     = 0x1b430000
[    6.277218]   --&gt;pPhysTxDoneRing = 0x1e22a000
[    6.277220]   --&gt;pPhysRxRing     = 0x1b460000
[    6.277221]   --&gt;pPhysRxDoneRing = 0x1b480000
[    6.277223]   --&gt;pPhysAcntRing   = 0x1b440000
[    6.277226]   --&gt;num tx desc 2048 num rx desc 16384
[    6.307622] [wlInit_monif] wlinitcnt=0, vmacIndex=17
[    6.307899] pci 0000:00:02.0: enabling device (0140 -&gt; 0142)
[    6.316303] wlprobe  wlpptr-&gt;ioBase0 = e3980000
[    6.316325] wlprobe  wlpptr-&gt;ioBase1 = e3c00000
[    6.316477] wlInit wlpptr-&gt;pCmdBuf = d6b10000  wlpptr-&gt;wlpd_p-&gt;pPhysCmdBuf = 16b10000
[    6.331009] Physical loc =0x12680000
[    6.331032] mrvl pri mailbox Physical loc =0x0x1268f000
[    6.331036] fw file: /lib/firmware/wlan-v9_8964/W8964.bin
[    6.331039] read img file...
[    6.525168] FW len = 449468
[    6.526178] fw download start 88
[    6.526183] init ddr...
[    6.667201] FwSize = 449468 downloaded Size = 449468 currIteration 65527
[    6.922575] 0;0;0;0;wlFwDownload complete
[    7.859859] wlFwGetHwSpecs pCmd = d6b10000
[    7.859985] Mac address = 60:38:e0:00:00:00
[    7.859987] Mac_Init
[    7.870191] wlFwSetHwSpecs ...
[    7.870199]   --&gt;pPhysTxRing     = 0x16b20000
[    7.870202]   --&gt;pPhysTxDoneRing = 0x16b0e000
[    7.870204]   --&gt;pPhysRxRing     = 0x16b60000
[    7.870206]   --&gt;pPhysRxDoneRing = 0x16b80000
[    7.870208]   --&gt;pPhysAcntRing   = 0x16b30000
[    7.870210]   --&gt;num tx desc 2048 num rx desc 16384
[    7.901321] [wlInit_monif] wlinitcnt=1, vmacIndex=17
[    7.904474] ip_tables: (C) 2000-2006 Netfilter Core Team
[    7.953385] nf_conntrack_rtsp v0.7 loading
[    8.092700] nf_nat_rtsp v0.7 loading
[    8.094478] PPP MPPE Compression module registered
[    8.095240] NET: Registered protocol family 24
[    8.095686] PPTP driver version 0.8.5
[    8.096673] usbcore: registered new interface driver ums-alauda
[    8.096898] usbcore: registered new interface driver ums-cypress
[    8.097163] usbcore: registered new interface driver ums-datafab
[    8.097396] usbcore: registered new interface driver ums-freecom
[    8.097663] usbcore: registered new interface driver ums-isd200
[    8.098017] usbcore: registered new interface driver ums-jumpshot
[    8.098263] usbcore: registered new interface driver ums-karma
[    8.098621] usbcore: registered new interface driver ums-sddr09
[    8.098878] usbcore: registered new interface driver ums-sddr55
[    8.099175] usbcore: registered new interface driver ums-usbat
[    8.106411] xt_time: kernel timezone is -0000
[    9.532039] Using Device Region Code!
[    9.532049] setting rxantenna 0x0, 0xf
[    9.540081] setting txantenna 0x0, 0xf
[    9.540774] req ring: vBase=0xd1c33000  pBase=11c33000
[    9.540777] req ring: vBase=0xd6937000  pBase=16937000
[    9.540800] OffChanReqHead = c007f880
[    9.540800] OffChanReqTail = c007f884
[    9.540800] OffChanDoneHead = c007f888
[    9.540800] OffChanDoneTail = c007f88c
[    9.601799] Stop client netdev = 0
[    9.602579] setting rxantenna 0x0, 0xf
[    9.602608] setting txantenna 0x0, 0xf
[    9.611338] req ring: vBase=0xd1c33000  pBase=11c33000
[    9.611351] req ring: vBase=0xd6937000  pBase=16937000
[    9.611382] OffChanReqHead = c007f880
[    9.611382] OffChanReqTail = c007f884
[    9.611382] OffChanDoneHead = c007f888
[    9.611382] OffChanDoneTail = c007f88c
[    9.613967] Using Device Region Code!
[    9.613978] setting rxantenna 0x0, 0xf
[    9.614003] setting txantenna 0x0, 0xf
[    9.614765] req ring: vBase=0xd75cb000  pBase=175cb000
[    9.614769] req ring: vBase=0xd1d0c000  pBase=11d0c000
[    9.614795] OffChanReqHead = c007f880
[    9.614795] OffChanReqTail = c007f884
[    9.614795] OffChanDoneHead = c007f888
[    9.614795] OffChanDoneTail = c007f88c
[    9.641186] Stop client netdev = 0
[    9.641889] setting rxantenna 0x0, 0xf
[    9.649297] setting txantenna 0x0, 0xf
[    9.657324] req ring: vBase=0xd75cb000  pBase=175cb000
[    9.657327] req ring: vBase=0xd1d0c000  pBase=11d0c000
[    9.657352] OffChanReqHead = c007f880
[    9.657352] OffChanReqTail = c007f884
[    9.657352] OffChanDoneHead = c007f888
[    9.657352] OffChanDoneTail = c007f88c
[   10.461795] device eth1 entered promiscuous mode
[   10.463026] br-lan: port 1(eth1) entered forwarding state
[   10.463038] br-lan: port 1(eth1) entered forwarding state
[   10.478406] IPv6: ADDRCONF(NETDEV_UP): eth0: link is not ready
[   10.651837] HTB: quantum of class 1000001 is big. Consider r2q change.
[   10.788925] HTB: quantum of class 1000001 is big. Consider r2q change.
[   11.004860] Setting Region Code not supported!
[   11.022525] Setting 20/40 Coexist on
[   11.023612] bftype is 6
[   11.065563] Stop client netdev = 0
[   11.066247] setting rxantenna 0xf, 0xf
[   11.084352] setting txantenna 0x0, 0xf
[   11.115209] ptr-&gt;ch_width=1,ptr-&gt;center_freq0=42,ptr-&gt;center_freq1=0
[   11.115216] Build_IE_192 80MHz or less
[   11.115687] req ring: vBase=0xd1c33000  pBase=11c33000
[   11.115690] req ring: vBase=0xd6937000  pBase=16937000
[   11.115713] OffChanReqHead = c007f880
[   11.115713] OffChanReqTail = c007f884
[   11.115713] OffChanDoneHead = c007f888
[   11.115713] OffChanDoneTail = c007f88c
[   11.115813] WLAN(wdev0): MLME - Disconnecting (deauth) wireless client: ffffffffffff Reason 3
[   11.143897] ptr-&gt;ch_width=1,ptr-&gt;center_freq0=42,ptr-&gt;center_freq1=0
[   11.143904] Build_IE_192 80MHz or less
[   11.144716] WTP_nable=0  macmode=0 tunnel_mode=0 RFID=0 WLANID=0
[   11.441221] br-lan: port 1(eth1) entered disabled state
[   12.111248] finished scanning channel 36, traffic cnt 22289, bbu cnt 31553
[   12.341246] WLAN(wdev0ap0): MLME - Disconnecting (deauth) wireless client: ffffffffffff Reason 3
[   12.341822] ptr-&gt;ch_width=1,ptr-&gt;center_freq0=42,ptr-&gt;center_freq1=0
[   12.341827] Build_IE_192 80MHz or less
[   12.342523] WTP_nable=0  macmode=0 tunnel_mode=0 RFID=0 WLANID=0
[   12.342867] WLAN(wdev0ap0): MLME - Disconnecting (deauth) wireless client: ffffffffffff Reason 3
[   12.342899] WLAN(wdev0ap0): MLME - Disconnecting (deauth) wireless client: ffffffffffff Reason 2
[   12.389014] WLAN(wdev0ap0): MLME - Disconnecting (deauth) wireless client: ffffffffffff Reason 3
[   12.389507] ptr-&gt;ch_width=1,ptr-&gt;center_freq0=42,ptr-&gt;center_freq1=0
[   12.389511] Build_IE_192 80MHz or less
[   12.390346] WTP_nable=0  macmode=0 tunnel_mode=0 RFID=0 WLANID=0
[   12.390770] after ieee80211wRequired=0 ieee80211w=0
[   12.391337] WLAN(wdev0ap0): MLME - Disconnecting (deauth) wireless client: ffffffffffff Reason 3
[   12.391812] ptr-&gt;ch_width=1,ptr-&gt;center_freq0=42,ptr-&gt;center_freq1=0
[   12.391816] Build_IE_192 80MHz or less
[   12.392639] WTP_nable=0  macmode=0 tunnel_mode=0 RFID=0 WLANID=0
[   12.451239] mvneta f1070000.ethernet eth1: Link is Up - 1Gbps/Full - flow control off
[   12.451264] br-lan: port 1(eth1) entered forwarding state
[   12.451285] br-lan: port 1(eth1) entered forwarding state
[   12.471354] mvneta f1034000.ethernet eth0: Link is Up - 1Gbps/Full - flow control off
[   12.471378] IPv6: ADDRCONF(NETDEV_CHANGE): eth0: link becomes ready
[   12.618218] Setting Region Code not supported!
[   12.621273] finished scanning channel 40, traffic cnt 101, bbu cnt 1841
[   12.639761] Setting 20/40 Coexist on
[   12.640856] bftype is 6
[   12.676485] Stop client netdev = 0
[   12.677174] setting rxantenna 0xf, 0xf
[   12.694582] setting txantenna 0x0, 0xf
[   12.721753] ptr-&gt;ch_width=0,ptr-&gt;center_freq0=0,ptr-&gt;center_freq1=0
[   12.721757] Build_IE_192 80MHz or less
[   12.722217] req ring: vBase=0xd75cb000  pBase=175cb000
[   12.722219] req ring: vBase=0xd1d0c000  pBase=11d0c000
[   12.722244] OffChanReqHead = c007f880
[   12.722244] OffChanReqTail = c007f884
[   12.722244] OffChanDoneHead = c007f888
[   12.722244] OffChanDoneTail = c007f88c
[   12.722368] WLAN(wdev1): MLME - Disconnecting (deauth) wireless client: ffffffffffff Reason 3
[   12.748746] ptr-&gt;ch_width=0,ptr-&gt;center_freq0=0,ptr-&gt;center_freq1=0
[   12.748753] Build_IE_192 80MHz or less
[   12.749578] WTP_nable=0  macmode=0 tunnel_mode=0 RFID=1 WLANID=0
[   13.131251] finished scanning channel 44, traffic cnt 28826, bbu cnt 39088
[   13.641247] finished scanning channel 48, traffic cnt 1924, bbu cnt 6069
[   13.721340] finished scanning channel 1, traffic cnt 19008, bbu cnt 208033
[   13.901291] WLAN(wdev0ap0): MLME - Disconnecting (deauth) wireless client: ffffffffffff Reason 3
[   13.901905] ptr-&gt;ch_width=1,ptr-&gt;center_freq0=42,ptr-&gt;center_freq1=0
[   13.901910] Build_IE_192 80MHz or less
[   13.902801] WTP_nable=0  macmode=0 tunnel_mode=0 RFID=0 WLANID=0
[   13.903179] WLAN(wdev0ap0): MLME - Disconnecting (deauth) wireless client: ffffffffffff Reason 3
[   13.903199] WLAN(wdev0ap0): MLME - Disconnecting (deauth) wireless client: ffffffffffff Reason 2
[   13.950227] WLAN(wdev0ap0): MLME - Disconnecting (deauth) wireless client: ffffffffffff Reason 3
[   13.950734] ptr-&gt;ch_width=1,ptr-&gt;center_freq0=42,ptr-&gt;center_freq1=0
[   13.950738] Build_IE_192 80MHz or less
[   13.951602] WTP_nable=0  macmode=0 tunnel_mode=0 RFID=0 WLANID=0
[   13.952070] after ieee80211wRequired=0 ieee80211w=0
[   13.952590] WLAN(wdev0ap0): MLME - Disconnecting (deauth) wireless client: ffffffffffff Reason 3
[   13.953070] ptr-&gt;ch_width=1,ptr-&gt;center_freq0=42,ptr-&gt;center_freq1=0
[   13.953074] Build_IE_192 80MHz or less
[   13.953898] WTP_nable=0  macmode=0 tunnel_mode=0 RFID=0 WLANID=0
[   14.071272] WLAN(wdev1ap0): MLME - Disconnecting (deauth) wireless client: ffffffffffff Reason 3
[   14.071819] ptr-&gt;ch_width=0,ptr-&gt;center_freq0=0,ptr-&gt;center_freq1=0
[   14.071824] Build_IE_192 80MHz or less
[   14.072516] WTP_nable=0  macmode=0 tunnel_mode=0 RFID=1 WLANID=0
[   14.072669] WLAN(wdev1ap0): MLME - Disconnecting (deauth) wireless client: ffffffffffff Reason 3
[   14.072704] WLAN(wdev1ap0): MLME - Disconnecting (deauth) wireless client: ffffffffffff Reason 2
[   14.119354] WLAN(wdev1ap0): MLME - Disconnecting (deauth) wireless client: ffffffffffff Reason 3
[   14.119835] ptr-&gt;ch_width=0,ptr-&gt;center_freq0=0,ptr-&gt;center_freq1=0
[   14.119839] Build_IE_192 80MHz or less
[   14.120665] WTP_nable=0  macmode=0 tunnel_mode=0 RFID=1 WLANID=0
[   14.121125] after ieee80211wRequired=0 ieee80211w=0
[   14.121866] WLAN(wdev1ap0): MLME - Disconnecting (deauth) wireless client: ffffffffffff Reason 3
[   14.122339] ptr-&gt;ch_width=0,ptr-&gt;center_freq0=0,ptr-&gt;center_freq1=0
[   14.122344] Build_IE_192 80MHz or less
[   14.123140] WTP_nable=0  macmode=0 tunnel_mode=0 RFID=1 WLANID=0
[   14.141249] finished scanning channel 149, traffic cnt 17156, bbu cnt 19385
[   14.221273] finished scanning channel 2, traffic cnt 8090, bbu cnt 99495
[   14.451294] br-lan: port 1(eth1) entered forwarding state
[   14.651266] finished scanning channel 153, traffic cnt 4660, bbu cnt 6267
[   14.721280] finished scanning channel 3, traffic cnt 3460, bbu cnt 64587
[   15.043212] HTB: quantum of class 1000001 is big. Consider r2q change.
[   15.161268] finished scanning channel 157, traffic cnt 6460, bbu cnt 10559
[   15.221273] finished scanning channel 4, traffic cnt 4172, bbu cnt 70997
[   15.671264] finished scanning channel 161, traffic cnt 368, bbu cnt 1783
[   15.721278] finished scanning channel 5, traffic cnt 9234, bbu cnt 96581
[   16.171262] Stop client netdev = 0
[   16.171279] WLAN(wdev0ap0): MLME - Disconnecting (deauth) wireless client: ffffffffffff Reason 3
[   16.172272] setting rxantenna 0xf, 0xf
[   16.192961] setting txantenna 0x0, 0xf
[   16.229807] finished scanning channel 6, traffic cnt 20726, bbu cnt 163614
[   16.237036] ptr-&gt;ch_width=1,ptr-&gt;center_freq0=155,ptr-&gt;center_freq1=0
[   16.237040] Build_IE_192 80MHz or less
[   16.237529] req ring: vBase=0xd1c33000  pBase=11c33000
[   16.237534] req ring: vBase=0xd6937000  pBase=16937000
[   16.237559] OffChanReqHead = c007f880
[   16.237559] OffChanReqTail = c007f884
[   16.237559] OffChanDoneHead = c007f888
[   16.237559] OffChanDoneTail = c007f88c
[   16.237829] ptr-&gt;ch_width=1,ptr-&gt;center_freq0=155,ptr-&gt;center_freq1=0
[   16.237833] Build_IE_192 80MHz or less
[   16.238770] WTP_nable=0  macmode=0 tunnel_mode=0 RFID=0 WLANID=0
[   16.731262] finished scanning channel 7, traffic cnt 4433, bbu cnt 72738
[   17.231264] finished scanning channel 8, traffic cnt 7803, bbu cnt 201845
[   17.731259] finished scanning channel 9, traffic cnt 705, bbu cnt 55527
[   18.231258] finished scanning channel 10, traffic cnt 5245, bbu cnt 143547
[   18.731258] finished scanning channel 11, traffic cnt 20492, bbu cnt 162907
[   19.231291] Stop client netdev = 0
[   19.231304] WLAN(wdev1ap0): MLME - Disconnecting (deauth) wireless client: ffffffffffff Reason 3
[   19.232318] setting rxantenna 0xf, 0xf
[   19.250007] setting txantenna 0x0, 0xf
[   19.284465] ptr-&gt;ch_width=0,ptr-&gt;center_freq0=0,ptr-&gt;center_freq1=0
[   19.284470] Build_IE_192 80MHz or less
[   19.284929] req ring: vBase=0xd75cb000  pBase=175cb000
[   19.284932] req ring: vBase=0xd1d0c000  pBase=11d0c000
[   19.284958] OffChanReqHead = c007f880
[   19.284958] OffChanReqTail = c007f884
[   19.284958] OffChanDoneHead = c007f888
[   19.284958] OffChanDoneTail = c007f88c
[   19.285261] ptr-&gt;ch_width=0,ptr-&gt;center_freq0=0,ptr-&gt;center_freq1=0
[   19.285265] Build_IE_192 80MHz or less
[   19.286133] WTP_nable=0  macmode=0 tunnel_mode=0 RFID=1 WLANID=0
[   22.430981] WLAN(wdev0ap0): MLME - Disconnecting (deauth) wireless client: ffffffffffff Reason 3
[   22.600232] Setting Region Code not supported!
[   22.611143] Setting 20/40 Coexist on
[   22.612409] bftype is 6
[   22.647816] Stop client netdev = 0
[   22.648498] setting rxantenna 0xf, 0xf
[   22.666417] setting txantenna 0x0, 0xf
[   22.694668] ptr-&gt;ch_width=1,ptr-&gt;center_freq0=155,ptr-&gt;center_freq1=0
[   22.694672] Build_IE_192 80MHz or less
[   22.695115] req ring: vBase=0xd1c33000  pBase=11c33000
[   22.695118] req ring: vBase=0xd6937000  pBase=16937000
[   22.695141] OffChanReqHead = c007f880
[   22.695141] OffChanReqTail = c007f884
[   22.695141] OffChanDoneHead = c007f888
[   22.695141] OffChanDoneTail = c007f88c
[   22.695242] WLAN(wdev0): MLME - Disconnecting (deauth) wireless client: ffffffffffff Reason 3
[   22.723511] ptr-&gt;ch_width=1,ptr-&gt;center_freq0=155,ptr-&gt;center_freq1=0
[   22.723520] Build_IE_192 80MHz or less
[   22.724265] WTP_nable=0  macmode=0 tunnel_mode=0 RFID=0 WLANID=0
[   23.691270] finished scanning channel 36, traffic cnt 9086, bbu cnt 12991
[   23.821237] WLAN(wdev0ap0): MLME - Disconnecting (deauth) wireless client: ffffffffffff Reason 3
[   23.821793] ptr-&gt;ch_width=1,ptr-&gt;center_freq0=155,ptr-&gt;center_freq1=0
[   23.821798] Build_IE_192 80MHz or less
[   23.822478] WTP_nable=0  macmode=0 tunnel_mode=0 RFID=0 WLANID=0
[   23.822834] WLAN(wdev0ap0): MLME - Disconnecting (deauth) wireless client: ffffffffffff Reason 3
[   23.822871] WLAN(wdev0ap0): MLME - Disconnecting (deauth) wireless client: ffffffffffff Reason 2
[   23.868933] WLAN(wdev0ap0): MLME - Disconnecting (deauth) wireless client: ffffffffffff Reason 3
[   23.869424] ptr-&gt;ch_width=1,ptr-&gt;center_freq0=155,ptr-&gt;center_freq1=0
[   23.869428] Build_IE_192 80MHz or less
[   23.870257] WTP_nable=0  macmode=0 tunnel_mode=0 RFID=0 WLANID=0
[   23.870695] after ieee80211wRequired=0 ieee80211w=0
[   23.871315] WLAN(wdev0ap0): MLME - Disconnecting (deauth) wireless client: ffffffffffff Reason 3
[   23.871792] ptr-&gt;ch_width=1,ptr-&gt;center_freq0=155,ptr-&gt;center_freq1=0
[   23.871796] Build_IE_192 80MHz or less
[   23.872616] WTP_nable=0  macmode=0 tunnel_mode=0 RFID=0 WLANID=0
[   23.887304] device wdev0ap0 entered promiscuous mode
[   23.887334] br-lan: port 2(wdev0ap0) entered forwarding state
[   23.887347] br-lan: port 2(wdev0ap0) entered forwarding state
[   23.992696] WLAN(wdev1ap0): MLME - Disconnecting (deauth) wireless client: ffffffffffff Reason 3
[   24.072614] after ieee80211wRequired=0 ieee80211w=0
[   24.170378] Setting Region Code not supported!
[   24.181890] Setting 20/40 Coexist on
[   24.183065] bftype is 6
[   24.201269] finished scanning channel 40, traffic cnt 14, bbu cnt 3389
[   24.229240] Stop client netdev = 0
[   24.229925] setting rxantenna 0xf, 0xf
[   24.247798] setting txantenna 0x0, 0xf
[   24.274520] ptr-&gt;ch_width=0,ptr-&gt;center_freq0=0,ptr-&gt;center_freq1=0
[   24.274523] Build_IE_192 80MHz or less
[   24.274989] req ring: vBase=0xd75cb000  pBase=175cb000
[   24.274991] req ring: vBase=0xd1d0c000  pBase=11d0c000
[   24.275018] OffChanReqHead = c007f880
[   24.275018] OffChanReqTail = c007f884
[   24.275018] OffChanDoneHead = c007f888
[   24.275018] OffChanDoneTail = c007f88c
[   24.275143] WLAN(wdev1): MLME - Disconnecting (deauth) wireless client: ffffffffffff Reason 3
[   24.302120] ptr-&gt;ch_width=0,ptr-&gt;center_freq0=0,ptr-&gt;center_freq1=0
[   24.302128] Build_IE_192 80MHz or less
[   24.302819] WTP_nable=0  macmode=0 tunnel_mode=0 RFID=1 WLANID=0
[   24.711257] finished scanning channel 44, traffic cnt 38533, bbu cnt 52742
[   25.221250] finished scanning channel 48, traffic cnt 1602, bbu cnt 8389
[   25.271256] finished scanning channel 1, traffic cnt 22959, bbu cnt 208989
[   25.491245] WLAN(wdev0ap0): MLME - Disconnecting (deauth) wireless client: ffffffffffff Reason 3
[   25.491795] ptr-&gt;ch_width=1,ptr-&gt;center_freq0=155,ptr-&gt;center_freq1=0
[   25.491800] Build_IE_192 80MHz or less
[   25.492691] WTP_nable=0  macmode=0 tunnel_mode=0 RFID=0 WLANID=0
[   25.493147] WLAN(wdev0ap0): MLME - Disconnecting (deauth) wireless client: ffffffffffff Reason 3
[   25.493280] WLAN(wdev0ap0): MLME - Disconnecting (deauth) wireless client: ffffffffffff Reason 2
[   25.540409] WLAN(wdev0ap0): MLME - Disconnecting (deauth) wireless client: ffffffffffff Reason 3
[   25.540902] ptr-&gt;ch_width=1,ptr-&gt;center_freq0=155,ptr-&gt;center_freq1=0
[   25.540906] Build_IE_192 80MHz or less
[   25.541761] WTP_nable=0  macmode=0 tunnel_mode=0 RFID=0 WLANID=0
[   25.542376] after ieee80211wRequired=0 ieee80211w=0
[   25.542921] WLAN(wdev0ap0): MLME - Disconnecting (deauth) wireless client: ffffffffffff Reason 3
[   25.543398] ptr-&gt;ch_width=1,ptr-&gt;center_freq0=155,ptr-&gt;center_freq1=0
[   25.543402] Build_IE_192 80MHz or less
[   25.544214] WTP_nable=0  macmode=0 tunnel_mode=0 RFID=0 WLANID=0
[   25.559234] device wdev1ap0 entered promiscuous mode
[   25.559266] br-lan: port 3(wdev1ap0) entered forwarding state
[   25.559280] br-lan: port 3(wdev1ap0) entered forwarding state
[   25.711263] WLAN(wdev1ap0): MLME - Disconnecting (deauth) wireless client: ffffffffffff Reason 3
[   25.711817] ptr-&gt;ch_width=0,ptr-&gt;center_freq0=0,ptr-&gt;center_freq1=0
[   25.711821] Build_IE_192 80MHz or less
[   25.712506] WTP_nable=0  macmode=0 tunnel_mode=0 RFID=1 WLANID=0
[   25.712645] WLAN(wdev1ap0): MLME - Disconnecting (deauth) wireless client: ffffffffffff Reason 3
[   25.712664] WLAN(wdev1ap0): MLME - Disconnecting (deauth) wireless client: ffffffffffff Reason 2
[   25.721279] finished scanning channel 149, traffic cnt 17341, bbu cnt 21140
[   25.771261] finished scanning channel 2, traffic cnt 11354, bbu cnt 118754
[   25.778976] WLAN(wdev1ap0): MLME - Disconnecting (deauth) wireless client: ffffffffffff Reason 3
[   25.779520] ptr-&gt;ch_width=0,ptr-&gt;center_freq0=0,ptr-&gt;center_freq1=0
[   25.779524] Build_IE_192 80MHz or less
[   25.780397] WTP_nable=0  macmode=0 tunnel_mode=0 RFID=1 WLANID=0
[   25.780879] after ieee80211wRequired=0 ieee80211w=0
[   25.781484] WLAN(wdev1ap0): MLME - Disconnecting (deauth) wireless client: ffffffffffff Reason 3
[   25.781990] ptr-&gt;ch_width=0,ptr-&gt;center_freq0=0,ptr-&gt;center_freq1=0
[   25.781994] Build_IE_192 80MHz or less
[   25.782818] WTP_nable=0  macmode=0 tunnel_mode=0 RFID=1 WLANID=0
[   25.881199] br-lan: port 2(wdev0ap0) entered forwarding state
[   26.231248] finished scanning channel 153, traffic cnt 4595, bbu cnt 6180
[   26.271254] finished scanning channel 3, traffic cnt 1135, bbu cnt 28348
[   26.741262] finished scanning channel 157, traffic cnt 4086, bbu cnt 5885
[   26.771264] finished scanning channel 4, traffic cnt 5432, bbu cnt 91891
[   27.251249] finished scanning channel 161, traffic cnt 54, bbu cnt 684
[   27.271254] finished scanning channel 5, traffic cnt 7544, bbu cnt 98046
[   27.551200] br-lan: port 3(wdev1ap0) entered forwarding state
[   27.751233] Stop client netdev = 0
[   27.751246] WLAN(wdev0ap0): MLME - Disconnecting (deauth) wireless client: ffffffffffff Reason 3
[   27.752254] setting rxantenna 0xf, 0xf
[   27.771257] finished scanning channel 6, traffic cnt 23737, bbu cnt 217021
[   27.772965] setting txantenna 0x0, 0xf
[   27.808871] ptr-&gt;ch_width=1,ptr-&gt;center_freq0=155,ptr-&gt;center_freq1=0
[   27.808876] Build_IE_192 80MHz or less
[   27.809324] req ring: vBase=0xd1c33000  pBase=11c33000
[   27.809327] req ring: vBase=0xd6937000  pBase=16937000
[   27.809349] OffChanReqHead = c007f880
[   27.809349] OffChanReqTail = c007f884
[   27.809349] OffChanDoneHead = c007f888
[   27.809349] OffChanDoneTail = c007f88c
[   27.809618] ptr-&gt;ch_width=1,ptr-&gt;center_freq0=155,ptr-&gt;center_freq1=0
[   27.809621] Build_IE_192 80MHz or less
[   27.810501] WTP_nable=0  macmode=0 tunnel_mode=0 RFID=0 WLANID=0
[   28.271257] finished scanning channel 7, traffic cnt 11223, bbu cnt 128653
[   28.771257] finished scanning channel 8, traffic cnt 656, bbu cnt 63469
[   29.271254] finished scanning channel 9, traffic cnt 1117, bbu cnt 34704
[   29.771257] finished scanning channel 10, traffic cnt 8027, bbu cnt 138392
[   30.271256] finished scanning channel 11, traffic cnt 20026, bbu cnt 152402
[   30.771239] Stop client netdev = 0
[   30.771252] WLAN(wdev1ap0): MLME - Disconnecting (deauth) wireless client: ffffffffffff Reason 3
[   30.772270] setting rxantenna 0xf, 0xf
[   30.789952] setting txantenna 0x0, 0xf
[   30.823802] ptr-&gt;ch_width=0,ptr-&gt;center_freq0=0,ptr-&gt;center_freq1=0
[   30.823809] Build_IE_192 80MHz or less
[   30.824278] req ring: vBase=0xd75cb000  pBase=175cb000
[   30.824280] req ring: vBase=0xd1d0c000  pBase=11d0c000
[   30.824307] OffChanReqHead = c007f880
[   30.824307] OffChanReqTail = c007f884
[   30.824307] OffChanDoneHead = c007f888
[   30.824307] OffChanDoneTail = c007f88c
[   30.824615] ptr-&gt;ch_width=0,ptr-&gt;center_freq0=0,ptr-&gt;center_freq1=0
[   30.824619] Build_IE_192 80MHz or less
[   30.825491] WTP_nable=0  macmode=0 tunnel_mode=0 RFID=1 WLANID=0
&lt;/pre&gt;&lt;/small&gt;}}

===See also===
[[List of Four Stream Hardware]]
*[[Linksys WRT32X]]
*[[Linksys WRT3200ACM]]
*[[Linksys WRT1900AC v1]]
*[[Linksys WRT1900AC v2]]
*[[Linksys WRT1900ACS]]
*[[Linksys WRT1200AC v1]]
*[[Linksys WRT1200AC v2]]

==Images==
*[https://openitforum.pl/gallery/album/287-linksys-wrt32x-mu-mimo-gaming-router/ ''Linksys WRT32X MU-MIMO Gaming Router photo gallery'' on '''OpenITforum''']

__NOTOC__</text>
      <sha1>goiwzdotcpm9z8p79spwaz28lqeoj9b</sha1>
    </revision>
  </page>