<page>
    <title>Meraki Mini</title>
    <ns>0</ns>
    <id>58667</id>
    <revision>
      <id>301403</id>
      <parentid>301402</parentid>
      <timestamp>2019-07-05T05:03:45Z</timestamp>
      <contributor>
        <username>imported&gt;M86</username>
        <id>0</id>
      </contributor>
      <minor/>
      <comment>Text replacement - &quot;speed=10/100&quot; to &quot;speed=100M&quot;</comment>
      <origin>301403</origin>
      <model>wikitext</model>
      <format>text/x-wiki</format>
      <text bytes="11290" sha1="ovtjqmaxo5ew2dx2qz845y5fh9y3a36" xml:space="preserve">{{Wireless embedded system
|brand=Meraki
|model=Mini
|revision=
|upc=
|ean=
|asin=
|price=
|est_release_date=
|fcc_date=07/14/2006
|manuf_country=China
|is_manuf=No
|manuf=Delta Networks
|manuf_model=
|manuf_rev=
|availability=
|type=mesh node
|fcc_id=UDX-MERAKI-MINI
|ic_id=
|us_id=
|pwr_v=7.5
|pwr_amp=1
|pwr_conn=barrel
|pwr_barrel_outer=
|pwr_barrel_inner=
|pwr_barrel_len=
|pwr_vac=
|pwr_ac_hz=
|pwr_pol=
|pwr_poe=ns
|cpu1_brand=Atheros
|cpu1_model=AR2315A
|cpu1_cspeed=180
|cpu2_brand=
|cpu2_model=
|cpu2_cspeed=
|fla1=8
|fla1_brand=STMicroelectronics
|fla1_model=25P64V6P
|fla1_num=
|fla2=
|fla2_brand=
|fla2_model=
|fla2_num=
|ram1=32
|ram1_brand=Hynix
|ram1_model=HY57V561620CTP-H
|ram1_num=
|ram2=
|ram2_brand=
|ram2_model=
|ram2_num=
|expansion_if_types=
|expansion_pcmcia_num=
|expansion_expresscard_num=
|expansion_minipci_num=
|expansion_minipcie_num=
|expansion_usb_num=
|jtag=
|serial=
|wi1_module=
|wi1_module_if=
|wi1_chip1_brand=Atheros
|wi1_chip1_model=AR2315A
|wi1_chip2_brand=
|wi1_chip2_model=
|wi1_chip3_brand=
|wi1_chip3_model=
|wi1_802dot11_protocols=bg
|wi1_ant_conn=RP-SMA
|wi1_txchains=
|wi1_rxchains=
|wi1_sstreams=
|wi2_module=
|wi2_module_if=
|wi2_chip1_brand=
|wi2_chip1_model=
|wi2_chip2_brand=
|wi2_chip2_model=
|wi2_chip3_brand=
|wi2_chip3_model=
|wi2_802dot11_protocols=
|wi2_ant_conn=
|wi2_txchains=
|wi2_rxchains=
|wi2_sstreams=
|eth_none=
|eth_cpu=true
|eth_chip1_brand=
|eth_chip1_model=
|eth_chip2_brand=Realtek
|eth_chip2_model=RTL8201CP
|eth_chip3_brand=
|eth_chip3_model=
|sw_cpu=
|sw_brand=
|sw_model=
|lan_speed=100M
|lan_ports=1
|wan_ports=
|addl_chips=
|flags=
|stock_boot=RedBoot;
|stock_os=Linux;2.6.16-meraki-mini;
|tp_firmware=
|802dot11_protocols=bg
|default_ssid=meraki
|default_ssid_regex=^meraki$
|default_ip=192.168.85.1
|default_user=
|default_pass=
|oui=00:18:0A
|oui_eth=00:18:0A
}}
&quot;MINI v1 (http://www.meraki.net/)&quot; and &quot;2976264801&quot; is silkscreened on the board in the FCC photos.

Default settings are per the FCC manual. They may not be accurate..

==Additional external links==
*[http://wiki.openwrt.org/oldwiki/openwrtdocs/hardware/meraki/mini On the '''OpenWrt''' Wiki]
*[http://www.sown.org.uk/wiki/Meraki On the '''SOWN''' Wiki]

==Serial==
===Pinout===
&lt;pre&gt;  
JP1
   [3.3] (RxD) (TxD) (GND)
&lt;/pre&gt;
===Info derived from===
{{SCollapse|boot log
|&lt;pre&gt;
Ethernet eth0: MAC address 00:18:0a:01:66:37
IP: 192.168.84.1/255.255.255.0, Gateway: 0.0.0.0
Default server: 192.168.84.9

RedBoot(tm) bootstrap and debug environment [ROMRAM]
Release, version V1.04 - built 12:24:00, Apr 17 2006

Copyright (C) 2000, 2001, 2002, 2003, 2004 Red Hat, Inc.

Board: Meraki Mini
RAM: 0x80000000-0x82000000, [0x8003d110-0x80fe1000] available
FLASH: 0xa8000000 - 0xa87e0000, 128 blocks of 0x00010000 bytes each.
== Executing boot script in 2.000 seconds - enter ^C to abort
RedBoot&gt; check_mac
Lan Mac address is  : 00:18:0a:01:66:37
Wlan Mac address is : 00:18:0a:01:66:37
Serial Number is    : d00-43c-c8a
RedBoot&gt; load art_ap51.elf
Using default protocol (TFTP)
__udp_sendto: Can't find address of server
Can't load 'art_ap51.elf': some sort of network error
RedBoot&gt; go
No entry point known - aborted
RedBoot&gt; fis load stage2
RedBoot&gt; exec
Now booting linux kernel:
 Base address 0x80030000 Entry 0x80100000
 Cmdline :
starting stage2
reading flash at 0xa8150000 - 0xa848f4ef....................done
Calculating CRC... 0x8600f85d - matches
decompressing....................done
starting linux
[     0.000] Linux version 2.6.16.16-meraki-mini (ralucam@b5station) (gcc version 4.5.3 (GCC) ) #4 Sun Oct 7 19:44:02 PDT 2012
[     0.000] CPU revision is: 00019064
[     0.000] Determined physical RAM map:
[     0.000]  memory: 02000000 @ 00000000 (usable)
[     0.000] Built 1 zonelists
[     0.000] Kernel command line:
[     0.000] Primary instruction cache 16kB, physically tagged, 4-way, linesize 16 bytes.
[     0.000] Primary data cache 16kB, 4-way, linesize 16 bytes.
[     0.000] Synthesized TLB refill handler (20 instructions).
[     0.000] Synthesized TLB load handler fastpath (32 instructions).
[     0.000] Synthesized TLB store handler fastpath (32 instructions).
[     0.000] Synthesized TLB modify handler fastpath (31 instructions).
[     0.000] PID hash table entries: 256 (order: 8, 4096 bytes)
[     0.000] Using 92.000 MHz high precision timer.
[     0.002] Dentry cache hash table entries: 8192 (order: 3, 32768 bytes)
[     0.004] Inode-cache hash table entries: 4096 (order: 2, 16384 bytes)
[     0.011] Memory: 18516k/32768k available (1435k kernel code, 14236k reserved, 296k data, 11468k init, 0k highmem)
[     0.031] Mount-cache hash table entries: 512
[     0.034] Checking for 'wait' instruction...  available.
[     0.037] unpacking initramfs....done in 0.820000
[     0.864] NET: Registered protocol family 16
[     0.925] Algorithmics/MIPS FPU Emulator v1.5
[     1.484] JFFS2 version 2.2. (NAND) (C) 2001-2003 Red Hat, Inc.
[     1.485] Initializing Cryptographic API
[     1.486] io scheduler noop registered (default)
[     1.600] watchdog hb: 90  ISR: 0x21  IMR: 0x8  WD : 0x8be346e1  WDC: 0x0
[     1.605] ar2315_wdt_init using heartbeat 90 s cycles 3600000000
[     1.606] watchdog hb: 90  ISR: 0x21  IMR: 0x88  WD : 0xd68d086a  WDC: 0x0
[     1.615] Serial: 8250/16550 driver $Revision: 1.90 $ 1 ports, IRQ sharing disabled
[     1.654] serial8250: ttyS0 at MMIO 0xb1100003 (irq = 37) is a 16550A
[     1.696] phyID=0xffffffff
[     1.697] Found RT8201CP. phyID=0x8201.
[     1.760] eth0: Dropping NETIF_F_SG since no checksum feature.
[     1.798] eth0: Atheros AR2313: 00:18:0a:01:66:37, irq 4
[     1.837] tun: Universal TUN/TAP device driver, 1.6
[     1.838] tun: (C) 1999-2004 Max Krasnyansky &lt;maxk@qualcomm.com&gt;
[     1.877] MTD driver for SPI flash.
[     1.878] spiflash: Probing for Serial flash ...
[     1.879] spiflash: Found SPI serial Flash.
[     1.880] 8388608: size
[     1.881] RedBoot partition parsing not available
[     1.882] Creating 7 MTD partitions on &quot;spiflash&quot;:
[     1.883] 0x00000000-0x00030000 : &quot;RedBoot&quot;
[     1.996] 0x00030000-0x00050000 : &quot;stage2&quot;
[     2.109] 0x00050000-0x00150000 : &quot;/storage&quot;
[     2.222] 0x00150000-0x00490000 : &quot;part1&quot;
[     2.335] 0x00490000-0x007d0000 : &quot;part2&quot;
[     2.448] 0x007d0000-0x007e0000 : &quot;redboot config&quot;
[     2.561] 0x007e0000-0x00800000 : &quot;board config&quot;
[     2.787] i2c /dev entries driver
[     2.863] i2c-dev: adapter [AR531x GPIO I2C] registered as minor 0
[     2.901] NET: Registered protocol family 2
[     2.918] IP route cache hash table entries: 512 (order: -1, 2048 bytes)
[     2.920] TCP established hash table entries: 2048 (order: 2, 16384 bytes)
[     2.921] TCP bind hash table entries: 2048 (order: 2, 16384 bytes)
[     2.922] TCP: Hash tables configured (established 2048 bind 2048)
[     2.923] TCP reno registered
[     2.924] TCP bic registered
[     2.925] NET: Registered protocol family 1
[     2.926] NET: Registered protocol family 17
[     2.934] Freeing unused kernel memory: 11468k freed
init started:  BusyBox v1.1.0 (2012.05.23-11:18+0000) multi-call binary

Please press Enter to activate this console. : sysctl: error: 'kernel.softlockup_panic' is an unknown key
: sysctl: error: 'kernel.hung_task_panic' is an unknown key
: sysctl: error: 'vm.panic_on_oom' is an unknown key
: merlot
[    11.227] module load for dummy load 0.166000 init 0.159000 total 0.325000
[    15.034] ar2315_wdt: starting watchdog w/timeout 90 seconds
[    15.036] watchdog hb: 90  ISR: 0x20  IMR: 0x89  WD : 0xd690d002  WDC: 0x0
[    15.281] ath_hal: module license 'Proprietary' taints kernel.
[    15.457] ath_hal: 0.9.17.1 (AR5212, AR5312, RF5112, RF2316, RF2317, TX_DESC_SWAP)
[    15.463] module load for ath_hal load 0.200000 init 0.006000 total 0.206000
[    16.015] wlan: 0.8.4.2 (svn 82147)
[    16.016] module load for wlan load 0.307000 init 0.001000 total 0.308000
[    16.436] ath_rate_sample: 1.2 (svn 82147)
[    16.437] module load for ath_rate_sample load 0.175000 init 0.001000 total 0.176000
[    16.849] module load for proclikefs load 0.168000 init 0.000000 total 0.168000
[    17.489] ath_ahb: 0.9.4.5 (svn 82147)
[    17.705] wifi0: 11b rates: 1Mbps 2Mbps 5.5Mbps 11Mbps
[    17.708] wifi0: 11g rates: 1Mbps 2Mbps 5.5Mbps 11Mbps 6Mbps 9Mbps 12Mbps 18Mbps 24Mbps 36Mbps 48Mbps 54Mbps
[    17.718] wifi0: H/W encryption support: WEP AES AES_CCM TKIP
[    17.721] wifi0: mac 11.0 phy 4.8 radio 7.0
[    17.723] wifi0: Use hw queue 1 for WME_AC_BE traffic
[    17.724] wifi0: Use hw queue 0 for WME_AC_BK traffic
[    17.725] wifi0: Use hw queue 2 for WME_AC_VI traffic
[    17.726] wifi0: Use hw queue 3 for WME_AC_VO traffic
[    17.727] wifi0: Use hw queue 8 for CAB traffic
[    17.728] wifi0: Use hw queue 9 for beacons
[    17.904] wifi0: Atheros 2315 WiSoC: mem=0xb0000000, irq=3
[    17.905] module load for ath_ahb load 0.238000 init 0.416000 total 0.654000
[    19.083] module load for merakiclick load 0.877000 init 0.004000 total 0.881000
[    19.208] click: starting router thread pid 351 (814146c0)
[    19.742] pca9534_detect: detected adapter at 0x38
[    19.909] pca9534_detect: detected adapter at 0x70
[    20.074] pca9534_detect: detected adapter at 0x73
[    20.239] module load for pca9534 load 0.165000 init 0.655000 total 0.820000
[    20.681] wlan: mac acl policy registered
[    20.682] module load for wlan_acl load 0.163000 init 0.001000 total 0.164000
[    21.131] module load for wlan_ccmp load 0.168000 init 0.000000 total 0.168000
[    21.583] module load for wlan_scan_ap load 0.173000 init 0.000000 total 0.173000
[    21.992] module load for wlan_scan_sta load 0.132000 init 0.000000 total 0.132000
[    22.484] module load for wlan_tkip load 0.169000 init 0.000000 total 0.169000
[    22.928] module load for wlan_wep load 0.165000 init 0.000000 total 0.165000
[    23.369] module load for wlan_xauth load 0.162000 init 0.000000 total 0.162000
: /etc/init.d/S10boot: /etc/init.d/S10boot: 859: mknod: not found

init-boot: boot 116 build 19-95554 board ar531x mac 00:18:0A:01:66:37
: modules: Module: dummy  .text=0xc0053000 .data=0xc0053540 .bss=0xc00536a0
: modules: Module: ath_hal  .text=0xc008b000 .data=0xc00ad310 .bss=0xc00b2d00
: modules: Module: wlan  .text=0xc0107000 .data=0xc013af10 .bss=0xc013bfc0
: modules: Module: ath_rate_sample  .text=0xc006a000 .data=0xc006cfe0 .bss=0xc006d120
: modules: Module: proclikefs  .text=0xc0050000 .data=0xc00513b0 .bss=0xc0051500
: modules: Module: ath_ahb  .text=0xc006f000 .data=0xc00855f0 .bss=0xc0085980
: modules: Module: merakiclick  .text= .data= .bss=
: modules: Module: pca9534  .text=0xc0087000 .data=0xc0087770 .bss=0xc0087bc0
: modules: Module: wlan_acl  .text=0xc0089000 .data=0xc0089d70 .bss=0xc0089ec0
: modules: Module: wlan_ccmp  .text=0xc00c2000 .data=0xc00c3b50 .bss=0xc00c3ca0
: modules: Module: wlan_scan_ap  .text=0xc00c7000 .data=0xc00c8db0 .bss=0xc00c8f00
: modules: Module: wlan_scan_sta  .text=0xc00d2000 .data=0xc00d5060 .bss=0xc00d51a0
: modules: Module: wlan_tkip  .text=0xc00d7000 .data=0xc00d9b70 .bss=0xc00d9cc0
: modules: Module: wlan_wep  .text=0xc00e2000 .data=0xc00e3470 .bss=0xc00e35c0
: modules: Module: wlan_xauth  .text=0xc00cc000 .data=0xc00cc230 .bss=0xc00cc380

!!!!! failed writing /click/gw_conf/run len 57 data: &quot; 10.26.90.43 255.255.255.0 10.26.90.1...&quot;
&lt;/pre&gt;|yes}}</text>
      <sha1>ovtjqmaxo5ew2dx2qz845y5fh9y3a36</sha1>
    </revision>
  </page>