<page>
    <title>Netgear EX6120</title>
    <ns>0</ns>
    <id>72834</id>
    <revision>
      <id>359228</id>
      <parentid>359227</parentid>
      <timestamp>2019-09-17T13:52:06Z</timestamp>
      <contributor>
        <ip>128.72.72.79</ip>
      </contributor>
      <comment>-</comment>
      <origin>359228</origin>
      <model>wikitext</model>
      <format>text/x-wiki</format>
      <text bytes="13861" sha1="nzi5z98li1n0y9qdxwkyl9n1g7jvpvp" xml:space="preserve">{{Wireless embedded system
|brand=Netgear
|model=EX6120
|series=AC1200
|asin=B014YN7LVE
|newegg=N82E16833122790
|is_manuf=No
|manuf=Foxconn
|manuf_model=U12H319
|manuf_rev=T30
|type=range extender
|fcc_id=PY315200308
|fcc_date=07/08/2015
|ic_id=4054A-15200308
|pcb_id=U12H319T30
|flags=DFS (master), DFS (slave),
|pwr_v=100-250
|pwr_amp=0.14
|pwr_ac_hz=50/60
|cpu1_brand=MediaTek
|cpu1_model=MT7620A;MEDIATEK, MT7620A, 1505-BMTH, FTP1YB81H;
|cpu1_cspeed=580
|fla1=8
|fla1_brand=Macronix
|fla1_model=MX25L6408E
|ram1=64
|ram1_brand=ESMT
|ram1_model=M14D5121632A
|serial=yes,, 4-pin header,, (57600,8,N,1)
|wi1_chip1_brand=MediaTek
|wi1_chip1_model=MT7620A;MEDIATEK, MT7620A, 1505-BMTH, FTP1YB81H;
|wi1_802dot11_protocols=bgn
|wi1_ant_conn=U.FL
|wi1_txchains=2
|wi1_rxchains=2
|wi1_sstreams=2
|wi2_chip1_brand=MediaTek
|wi2_chip1_model=MT7612E;MEDIATEK, MT7612EN, 1507-BMAL, ETP2CB29;
|wi2_802dot11_protocols=an+ac
|wi2_ant_conn=U.FL
|wi2_txchains=2
|wi2_rxchains=2
|wi2_sstreams=2
|eth_cpu=true
|lan_speed=100M
|lan_ports=1
|stock_boot=U-Boot;1.1.3;
|stock_os=Linux;2.6.36;
|802dot11_protocols=abgn+ac
}}
&lt;div style=&quot;border: solid thin gray; background-color: #EDEDED; overflow:auto; width:480px;&quot;&gt;&lt;small&gt;
:• '''867Mbps''' - 2SS 5GHz [https://en.wikipedia.org/wiki/IEEE_802.11ac#Data_rates_and_speed 802.11ac] (80MHz chan.),
:• '''300Mbps''' - 2SS 2.4GHz [https://en.wikipedia.org/wiki/IEEE_802.11n-2009#Data_rates 802.11n] (40MHz chan.) = '''''1200 Mbps'' class'''
&lt;/small&gt;&lt;/div&gt;
{{TagLine|AC1200 WiFi Range Extender}}
:{{ProductPage|http://netgear.com/home/products/networking/wifi-range-extenders/EX6120.aspx}}{{SupportPage|vendor=Netgear|model=EX6120}}

The product page for this device says that it is AC1200 while the support page says AC750. 
:The hardware supports AC1200 so we'll assume that's the true spec. 
This model shares a design with the [[Netgear EX3700]] but uses different RAM/Flash sources.

The ''Netgear EX6920'' ([http://netgear.com/home/products/networking/wifi-range-extenders/EX6920.aspx PPage]) appears to be a 2-pack of EX6120 devices.
:It is advertised as AC1200.

*&quot;U12H319 801801 REV.0 GP&quot; is silkscreened on the board in the FCC photos. 
*&quot;U12H319T30 LF Z142000923-00S0&quot; is printed on a sticker adhered to the board in the FCC photos.

Internally, the board is powered by 3.3V at 2.1A. 

*Web GUI: http://www.mywifiext.net

===Serial===
====Boot Log====
{{SCollapse|boot log
|&lt;small&gt;&lt;pre&gt;
EX3700 UBoot v1.0.3

U-Boot 1.1.3 (Nov 19 2014 - 22:45:38)

Board: Ralink APSoC DRAM:  64 MB
RT2880_GPIOMODE_REG:0x1A311C
RT2880_GPIOMODE_REG:0x1A351C
Stack Pointer at: 83f52f98
relocate_code Pointer at: 83fb4000
enable ephy clock...done. rf reg 29 = 5
SSC disabled.
spi_wait_nsec: 29
spi device id: c2 20 17 c2 20 (2017c220)
find flash: MX25L6405D
flash info: size=0x800000, sector_size=0x10000, n_sectors=0x80
*** Warning - bad CRC, using default environment

============================================
Ralink UBoot Version: 4.2.1.0
EX3700 UBoot Version: v1.0.3
--------------------------------------------
ASIC 7620_MP (Port5&lt;-&gt;None)
DRAM component: 512 Mbits DDR, width 16
DRAM bus: 16 bit
Total memory: 64 MBytes
Flash component: SPI Flash
Date:Nov 19 2014  Time:22:45:38
============================================
icache: sets:512, ways:4, linesz:32 ,total:65536
dcache: sets:256, ways:4, linesz:32 ,total:32768

 ##### The CPU freq = 580 MHZ ####
 estimate memory size =64 Mbytes

Please choose the operation:
   1: Load system code to SDRAM via TFTP.
   2: Load system code then write to Flash via TFTP.
   3: Boot system code via Flash (default).
   4: Entr boot command line interface.
   7: Load Boot Loader code then write to Flash via Serial.
   9: Load Boot Loader code then write to Flash via TFTP.
 0

3: System Boot system code via Flash.


 NetTxPacket = 0x83FE4CC0

 KSEG1ADDR(NetTxPacket) = 0xA3FE4CC0

 NetLoop,call eth_halt !

 NetLoop,call eth_init !
Trying Eth0 (10/100-M)

 Waitting for RX_DMA_BUSY status Start... done


 ETH_STATE_ACTIVE!!
LAN MAC: 3C:37:86:80:84:AA

[Listening] for ADVERTISE...
T3T3T3
Retry count exceeded; boot the image as usual
## Booting image at bc050000 ...
   Image Name:   Linux Kernel Image
   Image Type:   MIPS Linux Kernel Image (lzma compressed)
   Data Size:    5777647 Bytes =  5.5 MB
   Load Address: 80000000
   Entry Point:  8000c310
   Verifying Checksum ... OK
   Uncompressing Kernel Image ... OK
No initrd
## Transferring control to Linux (at address 8000c310) ...
## Giving linux memsize in MB, 64

Starting kernel ...


LINUX started...

 THIS IS ASIC
Linux version 2.6.36+ (rhaegar@sw-server-206) (gcc version 3.4.2) #103 Mon Oct 8 15:23:24 CST 2018

 The CPU feqenuce set to 580 MHz

 MIPS CPU sleep mode enabled.
 PCIE: bypass PCIe DLL.
 PCIE: Elastic buffer control: Addr:0x68 -&gt; 0xB4
 disable all power about PCIe
CPU revision is: 00019650 (MIPS 24Kc)
Software DMA cache coherency
Determined physical RAM map:
 memory: 04000000 @ 00000000 (usable)
Zone PFN ranges:
  Normal   0x00000000 -&gt; 0x00004000
Movable zone start PFN for each node
early_node_map[1] active PFN ranges
    0: 0x00000000 -&gt; 0x00004000
Built 1 zonelists in Zone order, mobility grouping on.  Total pages: 16256
Kernel command line: console=ttyS1,57600n8 root=/dev/mtdblock5 console=ttyS0
PID hash table entries: 256 (order: -2, 1024 bytes)
Dentry cache hash table entries: 8192 (order: 3, 32768 bytes)
Inode-cache hash table entries: 4096 (order: 2, 16384 bytes)
Primary instruction cache 64kB, VIPT, , 4-waylinesize 32 bytes.
Primary data cache 32kB, 4-way, PIPT, no aliases, linesize 32 bytes
Writing ErrCtl register=0007f670
Readback ErrCtl register=0007f670
Memory: 60900k/65536k available (2594k kernel code, 4636k reserved, 821k data, 156k init, 0k highmem)
NR_IRQS:128
console [ttyS1] enabled
Calibrating delay loop... 386.04 BogoMIPS (lpj=772096)
pid_max: default: 32768 minimum: 301
Mount-cache hash table entries: 512
NET: Registered protocol family 16
RALINK_GPIOMODE = 1a351c
RALINK_GPIOMODE = 18351c
PPLL_CFG1=0xe6c000
MT7620 PPLL lock
PPLL_DRV =0x80080504
start PCIe register access
RALINK_RSTCTRL = 2400000
RALINK_CLKCFG1 = 75afffc0

*************** MT7620 PCIe RC mode *************
PCIE0 enabled
init_rt2880pci done
bio: create slab &lt;bio-0&gt; at 0
vgaarb: loaded
SCSI subsystem initialized
usbcore: registered new interface driver usbfs
usbcore: registered new interface driver hub
usbcore: registered new device driver usb
pci 0000:00:00.0: BAR 0: can't assign mem (size 0x80000000)
pci 0000:00:00.0: BAR 8: assigned [mem 0x20000000-0x200fffff]
pci 0000:00:00.0: BAR 9: assigned [mem 0x20100000-0x201fffff pref]
pci 0000:00:00.0: BAR 1: assigned [mem 0x20200000-0x2020ffff]
pci 0000:00:00.0: BAR 1: set to [mem 0x20200000-0x2020ffff] (PCI address [0x20200000-0x2020ffff]
pci 0000:01:00.0: BAR 0: assigned [mem 0x20000000-0x200fffff 64bit]
pci 0000:01:00.0: BAR 0: set to [mem 0x20000000-0x200fffff 64bit] (PCI address [0x20000000-0x200fffff]
pci 0000:01:00.0: BAR 6: assigned [mem 0x20100000-0x2010ffff pref]
pci 0000:00:00.0: PCI bridge to [bus 01-01]
pci 0000:00:00.0:   bridge window [io  disabled]
pci 0000:00:00.0:   bridge window [mem 0x20000000-0x200fffff]
pci 0000:00:00.0:   bridge window [mem 0x20100000-0x201fffff pref]
BAR0 at slot 0 = 0
bus=0x0, slot = 0x0
res[0]-&gt;start = 0
res[0]-&gt;end = 0
res[1]-&gt;start = 20200000
res[1]-&gt;end = 2020ffff
res[2]-&gt;start = 0
res[2]-&gt;end = 0
res[3]-&gt;start = 0
res[3]-&gt;end = 0
res[4]-&gt;start = 0
res[4]-&gt;end = 0
res[5]-&gt;start = 0
res[5]-&gt;end = 0
bus=0x1, slot = 0x0
res[0]-&gt;start = 20000000
res[0]-&gt;end = 200fffff
res[1]-&gt;start = 0
res[1]-&gt;end = 0
res[2]-&gt;start = 0
res[2]-&gt;end = 0
res[3]-&gt;start = 0
res[3]-&gt;end = 0
res[4]-&gt;start = 0
res[4]-&gt;end = 0
res[5]-&gt;start = 0
res[5]-&gt;end = 0
Switching to clocksource Ralink Systick timer
NET: Registered protocol family 2
IP route cache hash table entries: 1024 (order: 0, 4096 bytes)
TCP established hash table entries: 2048 (order: 2, 16384 bytes)
TCP bind hash table entries: 2048 (order: 1, 8192 bytes)
TCP: Hash tables configured (established 2048 bind 2048)
TCP reno registered
UDP hash table entries: 256 (order: 0, 4096 bytes)
UDP-Lite hash table entries: 256 (order: 0, 4096 bytes)
NET: Registered protocol family 1
Load Ralink Timer0 Module
Load Ralink Timer1 Module
RT3xxx EHCI/OHCI init.
squashfs: version 4.0 (2009/01/31) Phillip Lougher
msgmni has been set to 118
Block layer SCSI generic (bsg) driver version 0.4 loaded (major 254)
io scheduler noop registered (default)
RALINK_REG_GPIOMODE:0x18351C
RALINK_REG_GPIOMODE:0x18351D
Ralink gpio driver initialized
Serial: 8250/16550 driver, 2 ports, IRQ sharing disabled
serial8250: ttyS0 at MMIO 0x10000500 (irq = 37) is a 16550A
serial8250: ttyS1 at MMIO 0x10000c00 (irq = 12) is a 16550A
brd: module loaded
deice id : c2 20 17 c2 20 (2017c220)
MX25L6405D(c2 2017c220) (8192 Kbytes)
mtd .name = raspi, .size = 0x00800000 (0M) .erasesize = 0x00000008 (0K) .numeraseregions = 65536
Creating 19 MTD partitions on &quot;raspi&quot;:
0x000000000000-0x000000800000 : &quot;ALL&quot;
0x000000000000-0x000000030000 : &quot;Bootloader&quot;
0x000000030000-0x000000040000 : &quot;Config&quot;
0x000000040000-0x000000050000 : &quot;Factory&quot;
0x000000050000-0x00000017b92f : &quot;Kernel&quot;
0x00000017b92f-0x0000006d0000 : &quot;RootFS&quot;
0x000000050000-0x0000006d0000 : &quot;Kernel_RootFS&quot;
0x0000006d0000-0x0000006f0000 : &quot;ML1&quot;
0x0000006f0000-0x000000710000 : &quot;ML2&quot;
0x000000710000-0x000000730000 : &quot;ML3&quot;
0x000000730000-0x000000750000 : &quot;ML4&quot;
0x000000750000-0x000000770000 : &quot;ML5&quot;
0x000000770000-0x000000790000 : &quot;ML6&quot;
0x000000790000-0x0000007b0000 : &quot;ML7&quot;
0x0000007b0000-0x0000007c0000 : &quot;T_Meter1&quot;
0x0000007c0000-0x0000007d0000 : &quot;T_Meter2&quot;
0x0000007d0000-0x0000007e0000 : &quot;POT&quot;
0x0000007e0000-0x0000007f0000 : &quot;board_data&quot;
0x0000007f0000-0x000000800000 : &quot;nvram&quot;
rdm_major = 253
SMACCR1 -- : 0x00003c37
SMACCR0 -- : 0x868084aa
Ralink APSoC Ethernet Driver Initilization. v3.1  512 rx/tx descriptors allocated, mtu = 1500!
SMACCR1 -- : 0x00003c37
SMACCR0 -- : 0x868084aa
PROC INIT OK!
PPP generic driver version 2.4.2
NET: Registered protocol family 24
[wifi_fwd_alloc_tbl] size of WiFiFwdBase = 600bytes
[wifi_fwd_alloc_tbl] size of pkt_src = 1200bytes
ehci_hcd: USB 2.0 'Enhanced' Host Controller (EHCI) Driver
rt3xxx-ehci rt3xxx-ehci: Ralink EHCI Host Controller
rt3xxx-ehci rt3xxx-ehci: new USB bus registered, assigned bus number 1
rt3xxx-ehci rt3xxx-ehci: irq 18, io mem 0x101c0000
rt3xxx-ehci rt3xxx-ehci: USB 0.0 started, EHCI 1.00
hub 1-0:1.0: USB hub found
hub 1-0:1.0: 1 port detected
ohci_hcd: USB 1.1 'Open' Host Controller (OHCI) Driver
rt3xxx-ohci rt3xxx-ohci: RT3xxx OHCI Controller
rt3xxx-ohci rt3xxx-ohci: new USB bus registered, assigned bus number 2
rt3xxx-ohci rt3xxx-ohci: irq 18, io mem 0x101c1000
hub 2-0:1.0: USB hub found
hub 2-0:1.0: 1 port detected
Initializing USB Mass Storage driver...
usbcore: registered new interface driver usb-storage
USB Mass Storage support registered.
MTK MSDC device init.
mtk-sd: MediaTek MT6575 MSDC Driver
GRE over IPv4 demultiplexor driver
TCP cubic registered
NET: Registered protocol family 17
802.1Q VLAN Support v1.8 Ben Greear &lt;greearb@candelatech.com&gt;
All bugs added by David S. Miller &lt;davem@redhat.com&gt;
msdc0 -&gt; ops_get_cd return&lt;0&gt; &lt;- msdc_ops_get_cd() : L&lt;2318&gt; PID&lt;kworker/u:0&gt;&lt;0x5&gt;
VFS: Mounted root (squashfs filesystem) readonly on device 31:5.
Freeing unused kernel memory: 156k freed
init started: BusyBox v1.12.1 (Algorithmics/MIPS FPU Emulator v1.5
)
starting pid 39, tty '': '/etc_ro/rcS'
mount: mounting devpts on /dev/pts failed: No such file or directory
mknod: /dev/pts/0: No such file or directory
mknod: /dev/pts/1: No such file or directory
mknod: /dev/pts/2: No such file or directory
mknod: /dev/pts/3: No such file or directory
************************************************************
******************* Starting ACOS Router *******************
************************************************************
Reading board data...
WSC UUID: 0x92e26c321266836639907d8670141c78
NTP synchronized date/time: 00-00-00
MAC address of 1st STA connected: 00-00-00-00-00-00
starting pid 195, tty '/dev/ttyS1': '/bin/sh'


BusyBox v1.12.1 () built-in shell (ash)
Enter 'help' for a list of built-in commands.

# ##### restore Ralink ESW to dump switch #####
restore GSW to dump switch mode
switch reg write offset=2004, value=ff0000
switch reg write offset=2104, value=ff0000
switch reg write offset=2204, value=ff0000
switch reg write offset=2304, value=ff0000
switch reg write offset=2404, value=ff0000
switch reg write offset=2504, value=ff0000
switch reg write offset=2604, value=ff0000
switch reg write offset=2704, value=ff0000
switch reg write offset=2010, value=810000c0
switch reg write offset=2110, value=810000c0
switch reg write offset=2210, value=810000c0
switch reg write offset=2310, value=810000c0
switch reg write offset=2410, value=810000c0
switch reg write offset=2510, value=810000c0
switch reg write offset=2610, value=810000c0
switch reg write offset=2710, value=810000c0
REG_ESW_WT_MAC_ATC is 0x7ff0002
done.
route: ioctl 0x890c failed: No such process
route: ioctl 0x890b failed: Network is unreachable
##### disable 1st wireless interface done #####
##### disable 2nd wireless interface done #####
##### bring up 1st interface done #####
##### bring up 2nd interface done #####
##### disable 2nd AP interface done #####
##### enable 1st wireless interface done #####
##### enable 2nd wireless interface done #####
Jan  1 00:00:22 miniupnpd[1854]: WPS listening on port 7777
Jan  1 00:00:22 miniupnpd[1858]: WPS listening on port 8888
Reading board data...
WSC UUID: 0x92e26c321266836639907d8670141c78
wan_lan_conflict_flag_on:0
POT integrity check OK.
sche_action: no 2G state.
sche_action: no 5G state.
check_opmodeIOCTL_AG_REGION_SET: English
: No such file or directory
Can't find handler for ASP command: profile_cgi_get_profile_table();
httpd: socket bound in 0.0.0.0:80
&lt;/pre&gt;&lt;/small&gt;}}</text>
      <sha1>nzi5z98li1n0y9qdxwkyl9n1g7jvpvp</sha1>
    </revision>
  </page>