<page>
    <title>Netgear WNR1000v3</title>
    <ns>0</ns>
    <id>49843</id>
    <revision>
      <id>244517</id>
      <parentid>244516</parentid>
      <timestamp>2019-07-05T05:11:13Z</timestamp>
      <contributor>
        <username>imported&gt;M86</username>
        <id>0</id>
      </contributor>
      <minor/>
      <comment>Text replacement - &quot;speed=10/100&quot; to &quot;speed=100M&quot;</comment>
      <origin>244517</origin>
      <model>wikitext</model>
      <format>text/x-wiki</format>
      <text bytes="6154" sha1="or6xhr0aao75kvtwx3xc5f1cdj2h4vz" xml:space="preserve">{{Wireless embedded system
|brand=Netgear
|model=WNR1000
|revision=v3
|upc=
|ean=
|asin=
|price=
|est_release_date=
|fcc_date=11/16/2009
|manuf_country=China, Vietnam
|is_manuf=No
|manuf=Foxconn
|manuf_model=U12H139
|manuf_rev=.99
|availability=
|type=wireless router
|fcc_id=PY309300117
|ic_id=4054A-09300117
|us_id=
|pwr_v=12
|pwr_amp=1
|pwr_conn=barrel
|cpu1_brand=Broadcom
|cpu1_model=BCM5356A1;BCM5356A1KFBG, CA1005 P11, 959623 N1A;
|cpu1_cspeed=333
|fla1=4
|fla1_brand=Macronix
|fla1_model=MX25L3205DM2I-12G
|ram1=16
|ram1_brand=ISSI
|ram1_model=IC42S16800E-6TL
|expansion_if_types=
|expansion_usb_num=
|jtag=
|serial=yes,, internal,, unpopulated,, 6-pin header,, (115200,8,N,1),, 3.3V TTL,, J3
|wi1_chip1_brand=Broadcom
|wi1_chip1_model=BCM5356A1;BCM5356A1KFBG, CA1005 P11, 959623 N1A;
|wi1_802dot11_protocols=bgn
|wi1_ant_conn=
|wi1_txchains=1
|wi1_rxchains=1
|wi1_sstreams=1
|eth_none=
|eth_cpu=true
|sw_cpu=true
|sw_brand=
|sw_model=
|lan_speed=100M
|lan_ports=4
|wan_ports=1
|addl_chips=
|flags=
|stock_boot=CFE;3.0.6;vendor modified;
|stock_os=Linux;2.4.20;
|tp_firmware=
|802dot11_protocols=bgn
|default_ssid=NETGEAR
|default_ssid_regex=^NETGEAR$
|default_ip=192.168.1.1
|default_user=admin
|default_pass=password
|oui=20:4E:7F, 30:46:9A, 84:1B:5E, C0:3F:0E, E0:91:F5
|oui_eth=20:4E:7F, 30:46:9A, 84:1B:5E, C0:3F:0E, E0:91:F5
}}
{{TagLine|Wireless-N 150 Router}}
:{{SupportPage|vendor=NETGEAR|model=WNR1000v3|vs_id=12591}}

&quot;U12H139T99&quot; and &quot;Rev.0 GP&quot; is silkscreened on the boards.
:The same hardware is also used for the [[Netgear WGR614v10]].

OUIs may include 20:4E:7F, [http://git.chromium.org/gitweb/?p=chromiumos/third_party/autotest.git;a=blob;f=server/cros/chaos_static_ap_list.conf;h=96ffe88e6ec025cb32eabb71d13ca12b0b0feb39;hb=dcaefdda36ec9e3c281d70ccabb2ec900efce1a7 84:1B:5E OUI]

===Serial===
====Pinout====
&lt;pre&gt;
(GND) (TxD) (...) (...) (RxD) (+3.3v)
  o     o     o     o     o     o
  6     5     4     3     2     1
                       J3
&lt;/pre&gt;
===Info derived from===
{{SCollapse|boot log
|&lt;small&gt;&lt;pre&gt;
Decompressing...done
Decompressing...done

CFE for WNR1000v3 version: 3.0.6
Build Date: Thu Jan 21 22:38:48 CST 2010
Boot partition size = 131072(0x20000)
Found a 4MB ST compatible serial flash
et0: Broadcom BCM47XX 10/100/1000 Mbps Ethernet Controller 5.10.56.46
Device eth0:  hwaddr C0-3F-0E-F0-FF-0C, ipaddr 192.168.1.1, mask 255.255.255.0
gateway not set, nameserver not set
CPU ProcId is: 0x00019749, options: 0x000021cd
Primary instruction cache 32kb, linesize 32 bytes (4 ways)
Primary data cache 32kb, linesize 32 bytes (4 ways)
Linux version 2.4.20 (zacker@svn) 
(gcc version 3.2.3 with Broadcom modifications) 
#1 Fri Jul 16 18:22:57 CST 2010
Found a 4MB ST compatible serial flash
Determined physical RAM map:
 memory: 01000000 @ 00000000 (usable)
On node 0 totalpages: 4096
zone(0): 4096 pages.
zone(1): 0 pages.
zone(2): 0 pages.
Kernel command line: root=/dev/mtdblock2 noinitrd console=ttyS0,115200
CPU: BCM5356 rev 1 at 333 MHz
Calibrating delay loop... 166.29 BogoMIPS
Memory: 14312k/16384k available 
(1408k kernel code, 2072k reserved, 108k data, 60k init, 0k highmem)
Dentry cache hash table entries: 2048 (order: 2, 16384 bytes)
Inode cache hash table entries: 1024 (order: 1, 8192 bytes)
Mount-cache hash table entries: 512 (order: 0, 4096 bytes)
Buffer-cache hash table entries: 1024 (order: 0, 4096 bytes)
Page-cache hash table entries: 4096 (order: 2, 16384 bytes)
Checking for 'wait' instruction...  unavailable.
POSIX conformance testing by UNIFIX
PCI: no core
PCI: Fixing up bus 0
Linux NET4.0 for Linux 2.4
Based upon Swansea University Computer Society NET3.039
Initializing RT netlink socket
Starting kswapd
devfs: v1.12c (20020818) Richard Gooch (rgooch@atnf.csiro.au)
devfs: boot_options: 0x1
squashfs: version 3.2-r2 (2007/01/15) Phillip Lougher
Serial driver version 5.05c (2001-07-08) with MANY_PORTS SHARE_IRQ SERIAL_PCI enabled
ttyS00 at 0xb8000300 (irq = 8) is a 16550A
PPP generic driver version 2.4.2
sflash: squash filesystem with lzma found at block 706
Creating 10 MTD partitions on &quot;sflash&quot;:
0x00000000-0x00020000 : &quot;boot&quot;
0x00020000-0x003c8000 : &quot;linux&quot;
0x000b0ae0-0x003c8000 : &quot;rootfs&quot;
0x003c8000-0x003d8000 : &quot;ML1&quot;
0x003d8000-0x003e8000 : &quot;ML2&quot;
0x003e8000-0x003f0000 : &quot;T_Meter1&quot;
0x003f0000-0x003f8000 : &quot;T_Meter2&quot;
0x003f8000-0x003f9000 : &quot;POT&quot;
0x003f9000-0x003fa000 : &quot;board_data&quot;
0x003fa000-0x00400000 : &quot;nvram&quot;
NET4: Linux TCP/IP 1.0 for NET4.0
IP Protocols: ICMP, UDP, TCP, IGMP
IP: routing cache hash table of 512 buckets, 4Kbytes
TCP: Hash tables configured (established 1024 bind 2048)
Linux IP multicast router 0.06 plus PIM-SM
NET4: Unix domain sockets 1.0/SMP for Linux NET4.0.
NET4: Ethernet Bridge 008 for NET4.0
802.1Q VLAN Support v1.7 Ben Greear &lt;greearb@candelatech.com&gt;
All bugs added by David S. Miller &lt;davem@redhat.com&gt;
VFS: Mounted root (squashfs filesystem) readonly.
Mounted devfs on /dev
Freeing unused kernel memory: 60k freed
Reading board data...
WSC UUID: 0xbf346fbfd4f68bc83e785dc9560e7f3a
NTP synchronized date/time: Sat Aug 20 23:40:59 2011
MAC address of 1st STA connected: 00-21-63-1E-D2-23
Using /lib/modules/2.4.20/kernel/drivers/net/emf/emf.o
Using /lib/modules/2.4.20/kernel/drivers/net/igs/igs.o
Using /lib/modules/2.4.20/kernel/drivers/net/et/et.o
Using /lib/modules/2.4.20/kernel/drivers/net/wl/wl.o
Hit enter to continue...WARNING: console log level set to 1
killall: upnp: no process killed
UPnP daemon is ready to run
killall: wps_monitor: no process killed
killall: wps_ap: no process killed
killall: wps_enr: no process killed
Reading board data...
WSC UUID: 0xbf346fbfd4f68bc83e785dc9560e7f3a
Using /lib/modules/2.4.20/kernel/net/ipv4/acos_nat/acos_nat.o
info, udhcp server (v0.9.8) started
error, unable to parse 'option wins '
error, unable to parse 'option domain '
POT integrity check OK.
POT time is up.
IOCTL_AG_REGION_SET: English
Start DHCP client daemon
info, udhcp client (v0.9.8) started
vlan1: No such process
Hit enter to continue...Info: No FWPT default policies.
Using /lib/modules/2.4.20/kernel/net/ipv4/multissidcontrol/MultiSsidControl.o
httpd: socket bound in 192.168.1.1:80.
&lt;/pre&gt;&lt;small&gt;}}

__NOTOC__</text>
      <sha1>or6xhr0aao75kvtwx3xc5f1cdj2h4vz</sha1>
    </revision>
  </page>