<page>
    <title>Netgear WGR614v9</title>
    <ns>0</ns>
    <id>49840</id>
    <revision>
      <id>244467</id>
      <parentid>244466</parentid>
      <timestamp>2019-07-05T05:03:52Z</timestamp>
      <contributor>
        <username>imported&gt;M86</username>
        <id>0</id>
      </contributor>
      <minor/>
      <comment>Text replacement - &quot;speed=10/100&quot; to &quot;speed=100M&quot;</comment>
      <origin>244467</origin>
      <model>wikitext</model>
      <format>text/x-wiki</format>
      <text bytes="5371" sha1="r5du770ve44ojjs355xyivyc5jkhxm2" xml:space="preserve">{{Wireless embedded system
|brand=Netgear
|model=WGR614
|revision=v9
|fcc_date=04/19/2007
|manuf_country=China
|is_manuf=No
|manuf=Foxconn
|manuf_model=U12H094
|type=wireless router
|fcc_id=PY306400057
|ic_id=4054A-06400057
|pwr_v=12
|pwr_amp=1
|pwr_conn=barrel
|cpu1_brand=Broadcom
|cpu1_model=BCM5354
|cpu1_cspeed=240
|fla1=2
|fla1_brand=Macronix
|fla1_model=MX25L160SAMC-15G
|ram1=8
|ram1_brand=ICSI
|ram1_model=IC42S16400-7TG
|serial=yes,, internal,, 6-pin header,, (115200,8,N,1)
|wi1_chip1_brand=Broadcom
|wi1_chip1_model=BCM5354
|wi1_802dot11_protocols=bg
|eth_cpu=true
|sw_cpu=true
|lan_speed=100M
|lan_ports=4
|wan_ports=1
|stock_boot=CFE;;vendor modified;
|stock_os=Linux;2.4.20;
|802dot11_protocols=bg
|default_ssid=NETGEAR
|default_ssid_regex=^NETGEAR$
|default_ip=192.168.1.1
|default_user=admin
|default_pass=password
|oui=00:1E:2A, 00:1F:33, 00:22:3F, 00:24:B2, 00:26:F2
|oui_eth=00:1E:2A, 00:1F:33, 00:22:3F, 00:24:B2, 00:26:F2
}}
{{TagLine|54 Mbps Wireless Router}}
:{{SupportPage|vendor=NETGEAR|model=WGR614v9|vs_id=2591}}

&quot;U12H072&quot;, &quot;700026&quot;, and &quot;REV. 0 GP&quot; is silkscreened on the main boards (v8).

*A ''[[Foxconn]]'' label affixed to the board noted the model v9 as '''U12H094''' 
:&lt;small&gt;('''U12H094T00''' or '''U12H094T21''')&lt;/small&gt;.

*[https://alephnull.uk/content/netgear-wgr614v9-wireless-cable-router-replacing-virgin-media-firmware-standard-netgear-firm ''Netgear WGR614v9'' on '''AlephNull''']
:Board ID: U12H094T00_NETGEAR HDR0

Per the manual, the default SSID is '''NETGEAR'''.

===Forum threads===
*[http://www.dd-wrt.com/phpBB2/viewtopic.php?t=28412&amp;start=15 On the '''DD-WRT''' forums] (w/ high-res board shots)
*[http://www.dd-wrt.com/phpBB2/viewtopic.php?p=288618 On the '''DD-WRT''' forums again]

===Serial===
====Pinout====
&lt;pre&gt;
(GND) (TxD) (...) (...) (RxD) (...) &lt;- Pin 1
                                  JP1
&lt;/pre&gt;

====Info derived from====
{{SCollapse|boot log
|&lt;small&gt;&lt;pre&gt;
CFE for WGR614v9 version: 2.6
Build Date: Tue Apr  7 17:43:44 CST 2009
et0: Broadcom BCM47xx 10/100 Mbps Ethernet Controller 4.138.1.0
Device eth0:  hwaddr 00-24-B2-AA-E9-84, ipaddr 192.168.1.1, mask 255.255.255.0
        gateway not set, nameserver not set
Loading .......................
CPU revision is: 00029029
Primary instruction cache 16kb, linesize 16 bytes (4 ways)
Primary data cache 16kb, linesize 16 bytes (2 ways)
Linux version 2.4.20 (zacker@svn) (gcc version 3.2.3 with Broadcom modifications) #1 Thu Jan 8 11:49:51 CST 2009
Setting the PFC to its default value
Determined physical RAM map:
 memory: 00800000 @ 00000000 (usable)
User-defined physical RAM map:
 memory: 00800000 @ 00000000 (usable)
On node 0 totalpages: 2048
zone(0): 2048 pages.
zone(1): 0 pages.
zone(2): 0 pages.
Kernel command line: root=/dev/mtdblock2 noinitrd console=ttyS0,115200 mem=8M
CPU: BCM5354 rev 3 at 240 MHz
Calibrating delay loop... 237.56 BogoMIPS
Memory: 6536k/8192k available (1217k kernel code, 1656k reserved, 104k data, 56k init, 0k highmem)
Dentry cache hash table entries: 1024 (order: 1, 8192 bytes)
Inode cache hash table entries: 512 (order: 0, 4096 bytes)
Mount-cache hash table entries: 512 (order: 0, 4096 bytes)
Buffer-cache hash table entries: 1024 (order: 0, 4096 bytes)
Page-cache hash table entries: 2048 (order: 1, 8192 bytes)
Checking for 'wait' instruction...  unavailable.
POSIX conformance testing by UNIFIX
PCI: no core
PCI: Fixing up bus 0
Linux NET4.0 for Linux 2.4
Based upon Swansea University Computer Society NET3.039
Initializing RT netlink socket
Starting kswapd
devfs: v1.12c (20020818) Richard Gooch (rgooch@atnf.csiro.au)
devfs: boot_options: 0x1
Squashfs 2.2-r2 (released 2005/09/08) (C) 2002-2005 Phillip Lougher
Serial driver version 5.05c (2001-07-08) with MANY_PORTS SHARE_IRQ SERIAL_PCI enabled
ttyS00 at 0xb8000300 (irq = 3) is a 16550A
ttyS01 at 0xb8000400 (irq = 0) is a 16550A
PPP generic driver version 2.4.2
sflash: squashfs filesystem found at block 573
Creating 6 MTD partitions on &quot;sflash&quot;:
0x00000000-0x00020000 : &quot;boot&quot;
0x00020000-0x001fa000 : &quot;linux&quot;
0x0008f7e4-0x001fa000 : &quot;rootfs&quot;
0x001fa000-0x001fb000 : &quot;POT&quot;
0x001fb000-0x001fc000 : &quot;board_data&quot;
0x001fc000-0x00200000 : &quot;nvram&quot;
NET4: Linux TCP/IP 1.0 for NET4.0
IP Protocols: ICMP, UDP, TCP
IP: routing cache hash table of 512 buckets, 4Kbytes
TCP: Hash tables configured (established 512 bind 1024)
NET4: Unix domain sockets 1.0/SMP for Linux NET4.0.
NET4: Ethernet Bridge 008 for NET4.0
802.1Q VLAN Support v1.7 Ben Greear &lt;greearb@candelatech.com&gt;
All bugs added by David S. Miller &lt;davem@redhat.com&gt;
VFS: Mounted root (squashfs filesystem) readonly.
Mounted devfs on /dev
Freeing unused kernel memory: 56k freed
Reading board data...
pa0maxpwr - 82
pa0b0 - 0x164B
pa0b1 - 0xFA66
pa0b2 - 0xFE86
opo - 8
configure RF parameters OK
Using /lib/modules/2.4.20/kernel/drivers/net/et/et.o
insmod: bcm57xx.o: no module by that name found
Using /lib/modules/2.4.20/kernel/drivers/net/wl/wl.o
Hit enter to continue...Reading board data...
Using /lib/modules/2.4.20/kernel/net/ipv4/acos_nat/acos_nat.o
Info: No FWPT default policies.
info, udhcp server (v0.9.8) started
error, unable to parse 'option wins '
error, unable to parse 'option domain '
POT integrity check OK.
POT time is up.
Start DHCP client daemon
Hit enter to continue...Hit enter to continue...info, udhcp client (v0.9.8) started
eth0: No such process
&lt;/pre&gt;&lt;/small&gt;}}

__NOTOC__</text>
      <sha1>r5du770ve44ojjs355xyivyc5jkhxm2</sha1>
    </revision>
  </page>