<page>
    <title>Netgear WNR834Bv2</title>
    <ns>0</ns>
    <id>52822</id>
    <revision>
      <id>269481</id>
      <parentid>269480</parentid>
      <timestamp>2019-07-05T05:05:57Z</timestamp>
      <contributor>
        <username>imported&gt;M86</username>
        <id>0</id>
      </contributor>
      <minor/>
      <comment>Text replacement - &quot;speed=10/100&quot; to &quot;speed=100M&quot;</comment>
      <origin>269481</origin>
      <model>wikitext</model>
      <format>text/x-wiki</format>
      <text bytes="7384" sha1="f2qyb9ofqc1o60vb6p51jx71f2kdyrx" xml:space="preserve">{{Wireless embedded system
|brand=Netgear
|model=WNR834
|revision=B v2
|upc=606449041415
|ean=
|asin=B000FFRZ1W;US;
|price=
|est_release_date=
|fcc_date=06/04/2007
|manuf_country=China
|is_manuf=No
|manuf=Foxconn
|manuf_model=U12H081
|manuf_rev=
|availability=
|type=wireless router
|fcc_id=PY307100061
|ic_id=4054A-0710061
|us_id=
|pwr_v=12
|pwr_amp=1
|pwr_conn=barrel
|cpu1_brand=Broadcom
|cpu1_model=BCM4704;BCM4704KPBG, CK0833 P12, 887360 R2;
|cpu1_cspeed=264 MHz
|fla1=4
|fla1_brand=Macronix
|fla1_model=MX29LV320CBTC-90G
|fla1_num=
|ram1=16
|ram1_brand=Samsung
|ram1_model=K4S641632K-UC75
|ram1_num=2
|expansion_if_types=
|expansion_usb_num=
|jtag=yes,, internal,, 10-pin header,, unpopulated,, J12
|serial=yes,, internal,, 6-pin header,, unpopulated,, 3.3V TTL,, (115200,8,N,1),, JP1
|wi1_chip1_brand=Broadcom
|wi1_chip1_model=BCM4321;BCM4321LKFBG, HN0902 P11, 097437 N3;
|wi1_chip2_brand=Broadcom
|wi1_chip2_model=BCM2055;BCM2055KFBG, HP0839 P20, 894203 R1;
|wi1_802dot11_protocols=bgn
|wi1_ant_conn=U.FL
|wi1_txchains=2
|wi1_rxchains=2
|wi1_sstreams=2
|eth_none=
|eth_cpu=true
|sw_cpu=
|sw_brand=Broadcom
|sw_model=BCM5325F;BCM5325FKQMG, RS0851 P11, 904953 1A;
|lan_speed=100M
|lan_ports=4
|wan_ports=1
|addl_chips=2.4GHz Power Amplifier IC;Skyworks;SE2528L;;2;
|flags=
|stock_boot=CFE;1.0.37;BCM947XX;
|stock_os=Linux;2.4.20;
|tp_firmware=DD-WRT
|802dot11_protocols=bgn
|default_ssid=NETGEAR
|default_ssid_regex=^NETGEAR$
|default_ip=192.168.1.1
|default_user=admin
|default_pass=password
|oui=00:1B:2F, 00:1E:2A, 00:1F:33, 00:22:3F, 00:24:B2 
|oui_eth=00:1B:2F, 00:1E:2A, 00:1F:33, 00:22:3F, 00:24:B2
}}
{{TagLine|RangeMax NEXT Wireless-N Router}}

{{SupportPage|vendor=NETGEAR|model=WNR834Bv2|vs_id=2617}}

&quot;U12H081&quot;, &quot;REV. 3 GP&quot;, and &quot;800063&quot; is silkscreened on one production model WN834Bv2.

==Additional external links==
===Wikis===
*{{TechInfoDepot|Netgear_WNR834B_v2}}
*[http://wiki.openwrt.org/toh/netgear/wnr834b On '''OpenWrt''' Wiki]
===Forums===
*[http://www.dd-wrt.com/phpBB2/viewtopic.php?t=79498 Part numbers noted the '''DD-WRT''' forums]

===Serial===
====Pinout====
This is a common ''Netgear'' / ''Foxconn'' pinout..
&lt;pre&gt;
 1         JP1
(3.3v) (RxD) (NC)  (NC)  (TxD)  (GND)
&lt;/pre&gt;
====Info derived from====
{{SCollapse|boot log
|&lt;small&gt;&lt;pre&gt;
Decompressing..........done
Decompressing..........done

CFE version 1.0.37 for BCM947XX (32bit,SP,LE)
Build Date: Thu May  3 14:43:11 CST 2007
Copyright (C) 2000,2001,2002,2003 Broadcom Corporation.

Initializing Arena
Initializing Devices.
Boot partition size = 131072(0x20000)
et0: Broadcom BCM47xx 10/100 Mbps Ethernet Controller 4.80.53.0
et1: Broadcom BCM47xx 10/100 Mbps Ethernet Controller 4.80.53.0
CPU type 0x29006: 264MHz
Total memory: 16384 KBytes

Device eth0:  hwaddr 00-24-B2-00-89-60, ipaddr 192.168.1.1, mask 255.255.255.0
              gateway not set, nameserver not set
CPU revision is: 00029006
Primary instruction cache 16kb, linesize 16 bytes (2 ways)
Primary data cache 16kb, linesize 16 bytes (2 ways)
Linux version 2.4.20 (aspen@coolteam.cs) (gcc version 3.2.3 with Broadcom modifications)
#2 Thu Mar 27 15:12:04 CST 2008
Setting the PFC to its default value
Determined physical RAM map:
 memory: 01000000 @ 00000000 (usable)
On node 0 totalpages: 4096
zone(0): 4096 pages.
zone(1): 0 pages.
zone(2): 0 pages.
Kernel command line: root=/dev/mtdblock2 noinitrd console=ttyS0,115200
CPU: BCM4704 rev 9 at 264 MHz
Calibrating delay loop... 263.78 BogoMIPS
Memory: 14360k/16384k available (1361k kernel code, 2024k reserved, 108k data, 56k init, 0k highmem)
Dentry cache hash table entries: 2048 (order: 2, 16384 bytes)
Inode cache hash table entries: 1024 (order: 1, 8192 bytes)
Mount-cache hash table entries: 512 (order: 0, 4096 bytes)
Buffer-cache hash table entries: 1024 (order: 0, 4096 bytes)
Page-cache hash table entries: 4096 (order: 2, 16384 bytes)
Checking for 'wait' instruction...  unavailable.
POSIX conformance testing by UNIFIX
PCI: Initializing host
PCI: Enabling CardBus
PCI: Fixing up bus 0
PCI: Fixing up bridge
PCI: Fixing up bus 1
Linux NET4.0 for Linux 2.4
Based upon Swansea University Computer Society NET3.039
Initializing RT netlink socket
Starting kswapd
devfs: v1.12c (20020818) Richard Gooch (rgooch@atnf.csiro.au)
devfs: boot_options: 0x1
Squashfs 2.2-r2 (released 2005/09/08) (C) 2002-2005 Phillip Lougher
Serial driver version 5.05c (2001-07-08) with MANY_PORTS SHARE_IRQ SERIAL_PCI enabled
ttyS00 at 0xb8000300 (irq = 3) is a 16550A
ttyS01 at 0xb8000400 (irq = 0) is a 16550A
PPP generic driver version 2.4.2
 Amd/Fujitsu Extended Query Table v1.1 at 0x0040
number of CFI chips: 1
Flash device: 0x400000 at 0x1c000000
Physically mapped flash: squashfs filesystem found at block 620
Creating 8 MTD partitions on &quot;Physically mapped flash&quot;:
0x00000000-0x00020000 : &quot;boot&quot;
0x00020000-0x003b0000 : &quot;linux&quot;
0x0009b324-0x003b0000 : &quot;rootfs&quot;
0x003b0000-0x003c0000 : &quot;T_Meter1&quot;
0x003c0000-0x003d0000 : &quot;T_Meter2&quot;
0x003d0000-0x003e0000 : &quot;POT&quot;
0x003e0000-0x003f0000 : &quot;board_data&quot;
0x003f0000-0x00400000 : &quot;nvram&quot;
NET4: Linux TCP/IP 1.0 for NET4.0
IP Protocols: ICMP, UDP, TCP, IGMP
IP: routing cache hash table of 512 buckets, 4Kbytes
TCP: Hash tables configured (established 1024 bind 2048)
Linux IP multicast router 0.06 plus PIM-SM
NET4: Unix domain sockets 1.0/SMP for Linux NET4.0.
NET4: Ethernet Bridge 008 for NET4.0
802.1Q VLAN Support v1.7 Ben Greear &lt;greearb@candelatech.com&gt;
All bugs added by David S. Miller &lt;davem@redhat.com&gt;
VFS: Mounted root (squashfs filesystem) readonly.
Mounted devfs on /dev
Freeing unused kernel memory: 56k freed
Algorithmics/MIPS FPU Emulator v1.5
Reading board data...
WSC UUID: 0x8062e454105b992f3427e1eda53bf588
Using /lib/modules/2.4.20/kernel/drivers/net/et/et.o
insmod: bcm57xx.o: no module by that name found
Using /lib/modules/2.4.20/kernel/drivers/net/wl/wl.o
Hit enter to continue...NVRAM upgrade required.  Starting.
NVRAM upgrade complete.
Reading board data...
WSC UUID: 0x8062e454105b992f3427e1eda53bf588
WARNING: console log level set to 1
eth2: Numerical result out of range
eth2: Operation not supported
eth2: Invalid argument
eth2: Invalid argument
eth2: Operation not supported
eth2: Operation not supported
eth2: Invalid argument
eth3: No such device
ifconfig: Illegal seek
eth4: No such device
ifconfig: Illegal seek
eth2: ignore i/f due to error(s)
*********************************************
Wi-Fi Simple Config Application - Intel Corp.
Version: Build 1.0.5, November 19 2006
*********************************************
Reading board data...
WSC UUID: 0x8062e454105b992f3427e1eda53bf588
Using /lib/modules/2.4.20/kernel/net/ipv4/acos_nat/acos_nat.o
Info: No FWPT default policies.
info, udhcp server (v0.9.8) started
error, unable to parse 'option wins '
error, unable to parse 'option domain '
POT integrity check OK.
POT time is up.
Initializing stack...button monitor start...!
apLockDownLog_init, counttion = 300, duration = 300!
 OK
Now starting stack
get mac = 00 24 B2 00 89 60
Start DHCP client daemon
info, udhcp client (v0.9.8) started
eth1: No such process
Hit enter to continue...DEVICE PIN: 75885960

******* MODE: Access Point *******

DEVICE PIN:75885960
WSC: In unconfiged AP mode, wait for start command....
tlvPtrChar* : func CMasterControl_InitiateRegistration
line 656 allocating memory 0x10004100 for 0x100040e8
Waiting for Registrar to connect...
&lt;/pre&gt;&lt;/small&gt;}}

__NOTOC__</text>
      <sha1>f2qyb9ofqc1o60vb6p51jx71f2kdyrx</sha1>
    </revision>
  </page>