<page>
    <title>Netgear WN1000RP</title>
    <ns>0</ns>
    <id>53243</id>
    <revision>
      <id>271416</id>
      <parentid>271415</parentid>
      <timestamp>2017-01-02T22:13:01Z</timestamp>
      <contributor>
        <username>imported&gt;Omega</username>
        <id>0</id>
      </contributor>
      <comment>add links ;</comment>
      <origin>271416</origin>
      <model>wikitext</model>
      <format>text/x-wiki</format>
      <text bytes="6972" sha1="6aectruajbfwyfa8oljp7tfuq0x0j1t" xml:space="preserve">{{Wireless embedded system
|brand=Netgear
|model=WN1000RP
|upc=606449083071
|asin=B008GGB342
|fcc_date=04/02/2012
|manuf_country=China
|is_manuf=No
|manuf=Delta Networks
|type=range extender
|fcc_id=PY311400182
|pwr_v=100-240
|pwr_amp=0.2
|pwr_conn=NEMA 1-15P
|pwr_vac=true
|pwr_ac_hz=50-60
|cpu1_brand=Broadcom
|cpu1_model=BCM5356C0
|cpu1_cspeed=300
|fla1=4
|fla1_brand=Macronix
|fla1_model=MX25L3206EM2I-12G
|ram1=16
|ram1_brand=Winbond
|ram1_model=W9412G6JH-5
|wi1_chip1_brand=Broadcom
|wi1_chip1_model=BCM5356C0
|wi1_802dot11_protocols=bgn
|wi1_txchains=1
|wi1_rxchains=1
|wi1_sstreams=1
|eth_none=true
|802dot11_protocols=bgn
|default_ip=192.168.1.250
|default_user=admin
|default_pass=password
|oui=00:8E:F2,E4:F4:C6
|oui_eth=00:8E:F2,E4:F4:C6
}}
{{TagLine|WiFi Booster for Mobile Devices}}
:[http://netgear.com/home/products/networking/wifi-range-extenders/WN1000RP.aspx Product page]

&quot;2976406102&quot; is silkscreened on the board in the FCC photos.
{{see also|Netgear|Delta Networks}}
Model: WN1000RP

=== Boot log ===
{{SCollapse|boot log
|&lt;small&gt;&lt;pre&gt;
 Decompressing...done
CFE version 5.60.130.20 @VERSION_TYPE@ dni 0.48 
 based on BBP 1.0.37 for BCM947XX (32bit,SP,LE)
Build Date: Thu Dec 27 04:04:49 EST 2012 (ken.gao@dni-l-sw02)
Copyright (C) 2000-2008 Broadcom Corporation.
Init Arena
Init Devs.
Boot partition size = 131072(0x20000)
Found a 4MB ST compatible serial flash
et0: Broadcom BCM47XX 10/100/1000 Mbps Ethernet Controller 5.60.130.20 
 @VERSION_TYPE@ dni 0.48
CPU type 0x19749: 300MHz
Tot mem: 16384 KBytes
CFE mem:    0x80700000 - 0x8079D4B0 (644272)
Data:       0x80733460 - 0x80736670 (12816)
BSS:        0x80736670 - 0x807374B0 (3648)
Heap:       0x807374B0 - 0x8079B4B0 (409600)
Stack:      0x8079B4B0 - 0x8079D4B0 (8192)
Text:       0x80700000 - 0x8073345C (210012)
------init2
Device eth0:  hwaddr E4-F4-C6-F3-B7-F5, ipaddr 192.168.1.250, mask 255.255.255.0
        gateway not set, nameserver not set
flag:1
led init
clear ret=0xf80
outen ret=0xf80
set ret=0xb80
0
Please press Ctrl-C to stop autoboot
xxx ui_cmd_go 
flag:1
Loader:raw Filesys:tftp Dev:eth0 File:: Options:(null)
Loading: Failed.
Could not load :: Timeout occured
Loader:raw Filesys:raw Dev:flash0.os File: Options:(null)
Loading: .... 1662976 bytes read
Entry at 0x80001000
Closing network.
Starting program at 0x80001000
==flag m:0
CPU ProcId is: 0x00019749, options: 0x000021cd
Primary instruction cache 32kb, linesize 32 bytes (4 ways)
Primary data cache 32kb, linesize 32 bytes (4 ways)

Linux version 2.4.20 (ken.gao@dni-l-sw02) (gcc version 3.2.3 
with Broadcom modifications) #1 Thu Mar 28 10:38:41 EDT 2013
Found a 4MB ST compatible serial flash
Determined physical RAM map:
 memory: 01000000 @ 00000000 (usable)
On node 0 totalpages: 4096
zone(0): 4096 pages.
zone(1): 0 pages.
zone(2): 0 pages.
Kernel command line: root=/dev/mtdblock2 noinitrd console=ttyS0,115200
CPU: BCM53572 rev 1 at 300 MHz
Calibrating delay loop... 149.91 BogoMIPS
Memory: 14372k/16384k available (1383k kernel code, 2012k reserved, 108k data, 112k init, 0k highmem)
Dentry cache hash table entries: 2048 (order: 2, 16384 bytes)
Inode cache hash table entries: 1024 (order: 1, 8192 bytes)
Mount-cache hash table entries: 512 (order: 0, 4096 bytes)
Buffer-cache hash table entries: 1024 (order: 0, 4096 bytes)
Page-cache hash table entries: 4096 (order: 2, 16384 bytes)
Checking for 'wait' instruction...  unavailable.
POSIX conformance testing by UNIFIX
PCI: no core
PCI: Fixing up bus 0
Linux NET4.0 for Linux 2.4
Based upon Swansea University Computer Society NET3.039
Initializing RT netlink socket
Starting kswapd
devfs: v1.12c (20020818) Richard Gooch (rgooch@atnf.csiro.au)
devfs: boot_options: 0x1
squashfs: version 3.2-r2 (2007/01/15) Phillip Lougher
pty: 256 Unix98 ptys configured
Serial driver version 5.05c (2001-07-08) with MANY_PORTS SHARE_IRQ SERIAL_PCI enabled
ttyS00 at 0xb8000300 (irq = 8) is a 16550A
RAMDISK driver initialized: 16 RAM disks of 4096K size 1024 blocksize
pflash: found no supported devices
sflash: squash filesystem with lzma found at block 698

Creating 7 MTD partitions on &quot;sflash&quot;:
0x00000000-0x00020000 : &quot;boot&quot;
0x00020000-0x003b0000 : &quot;linux&quot;
0x000ae9dc-0x003b0000 : &quot;rootfs&quot;
0x003b0000-0x003d0000 : &quot;language_table&quot;
0x003d0000-0x003e0000 : &quot;pot&quot;
0x003e0000-0x003f0000 : &quot;nvram2&quot;
0x003f0000-0x00400000 : &quot;nvram&quot;
NET4: Linux TCP/IP 1.0 for NET4.0
IP Protocols: ICMP, UDP, TCP, IGMP
IP: routing cache hash table of 512 buckets, 4Kbytes
TCP: Hash tables configured (established 1024 bind 2048)
Linux IP multicast router 0.06 plus PIM-SM
ip_conntrack version 2.1 (128 buckets, 2048 max) - 368 bytes per conntrack
ip_tables: (C) 2000-2002 Netfilter core team
ipt_time loading
BCM fast NAT: INIT
NET4: Unix domain sockets 1.0/SMP for Linux NET4.0.
NET4: Ethernet Bridge 008 for NET4.0
netlink_kernel_create ok
802.1Q VLAN Support v1.7 Ben Greear &lt;greearb@candelatech.com&gt;
All bugs added by David S. Miller &lt;davem@redhat.com&gt;
VFS: Mounted root (squashfs filesystem) readonly.
Mounted devfs on /dev
Freeing unused kernel memory: 112k freed
nvram2_get
nvram2_get over
Using /lib/modules/2.4.20/kernel/drivers/net/ctf/ctf.o
Using /lib/modules/2.4.20/kernel/drivers/net/emf/emf.o
Using /lib/modules/2.4.20/kernel/drivers/net/igs/igs.o
Using /lib/modules/2.4.20/kernel/drivers/net/et/et.o
insmod: bcm57xx.o: no module by that name found
Using /lib/modules/2.4.20/kernel/drivers/net/wl/wl.o
Hit enter to continue...wl0.1: No such device
The abbreviation of English is Eng!
Failed to fread data from /dev/mtd/3!
Didn't find the language table we need!
gui_region = English
region = English, download_region =  
 Update string table successfully, memory usage: 80KB.
The httpd server is running ...
led control running....
POT is Running...
The POT-(Get/Set) Demo is Running ...
WARNING: console log level set to 1
eth1: Operation not permitted
wlconf: PHYTYPE: 4
eth1: Invalid argument
eth1: Invalid argument
eth1: Invalid argument
eth1: Operation not supported
NET: Setting wl0.1 hw addr to E4:F4:C6:F3:B7:F5
NET: Error setting hw for wl0.1; returned -1
bcns:0
con_flag:0
info, udhcp client (v0.9.8) started
killall: wps_monitor: no process killed
killall: wps_ap: no process killed
killall: wps_enr: no process killed
ses: No such file or directory
ses_cl: No such file or directory
The attached devices demo is Running ...
mac is E4F4C6F3B7F5
Hit enter to continue...connect: Network is unreachable
The telnetenable is running ...
Hit enter to continue...killall: udhcpd: no process killed
/usr/share/udhcpc/default.script: line 260: can't create /proc/switch_phy: nonexistent directory
cat: /tmp/link_status: No such file or directory
info, udhcp server (v0.9.8) started
eth0:the count is 0
wl0.1 the count is 0
Hit enter to continue...ap_at_count:0
-------0---------
rm: cannot remove `/tmp/phy_connection': No such file or directory
++++0++++
bcns:0
con_flag:0
rm: cannot remove `/tmp/ping_result': No such file or directory
bcns:0
con_flag:0
&lt;/pre&gt;&lt;/small&gt;}}</text>
      <sha1>6aectruajbfwyfa8oljp7tfuq0x0j1t</sha1>
    </revision>
  </page>