<page>
    <title>Netgear R6220</title>
    <ns>0</ns>
    <id>65373</id>
    <revision>
      <id>369993</id>
      <parentid>369992</parentid>
      <timestamp>2020-01-23T16:57:49Z</timestamp>
      <contributor>
        <username>Omega</username>
        <id>24</id>
      </contributor>
      <comment>fixed ;</comment>
      <origin>369993</origin>
      <model>wikitext</model>
      <format>text/x-wiki</format>
      <text bytes="4894" sha1="5h794lzz35zc7w4ezpzeporgy5wtnmu" xml:space="preserve">{{Wireless embedded system
|brand=Netgear
|model=R6220
|revision=-100NAS
|asin=B00QGOQ2BA
|est_release_date=12/02/2014
|fcc_date=10/07/2014
|manuf_country=China
|is_manuf=No
|manuf=SerComm
|availability=common
|type=wireless router
|fcc_id=PY314200274
|ic_id=4054A-14200274
|pcb_id=AYA00B-1.6MM
|pwr_v=12
|pwr_amp=1.5
|cpu1_brand=MediaTek
|cpu1_model=MT7621ST
|cpu1_cspeed=880
|cpu1_cores=1
|fla1=128
|fla1_brand=Macronix
|fla1_model=MX30LF1G08AA-TI
|ram1=128
|ram1_brand=Nanya
|ram1_model=NT5CB64M16FP-DH
|expansion_if_types=USB 2.0
|expansion_usb_num=1
|serial=yes,, 4-pin header,, J4
|wi1_chip1_brand=MediaTek
|wi1_chip1_model=MT7603EN
|wi1_802dot11_protocols=bgn
|wi1_txchains=2
|wi1_rxchains=2
|wi1_sstreams=2
|wi2_chip1_brand=MediaTek
|wi2_chip1_model=MT7612EN
|wi2_802dot11_protocols=an+ac
|wi2_txchains=2
|wi2_rxchains=2
|wi2_sstreams=2
|eth_cpu=true
|sw_cpu=true
|lan_speed=1GbE
|lan_ports=4
|wan_speed=1GbE
|wan_ports=1
|stock_os=Linux;2.6.36;
|tp_firmware=Padavan (unofficially),OpenWrt,
|802dot11_protocols=abgn+ac
|default_ip=192.168.1.1
|default_user=admin
|default_pass=password
|oui=DC:EF:09
|oui_eth=DC:EF:09
}}
{{TagLine|AC1200 Wireless Dual Band Gigabit Router}}
:[http://www.netgear.com/home/products/networking/wifi-routers/R6220.aspx Product page]

&quot;AYA00B-1.6MM&quot;  is silkscreened on the board in the images.
{{see also|SerComm|Netgear WNDR3700v5}}
&lt;!--{{FCC ST|04/02/2015}}
:The FCC docs indicate this device is '''MTK''' based.--&gt;

===Reviews===
*[https://openitforum.pl/index/recenzje/routery/netgear/r6220/ ''Netgear R6220'' on '''OpenITforum''']
*[https://www.bestbuybusiness.com/bbfb/en/US/adirect/bestbuy?cmd=catProductDetail&amp;showAddButton=true&amp;productID=BB19597358 ''Netgear AC1200 Dual-Band Wireless-AC Router'']

===Firmware===
Firmware image &quot;R6220-V1.0.0.8_1.0.1.img&quot; downloaded 
:from FTP contains a bootloader for MT7621.
Uncompressed size of the image is 50MB, so at least 
:64MB NAND flash are likely to be present.
Wireless driver module is listed as ''rlt_wifi.ko''
{{SCollapse|rlt_wifi.ko • &gt;&gt;
|&lt;small&gt;&lt;pre&gt;
filename:       /lib/modules/2.6.36/kernel/drivers/
                net/wireless/rlt_wifi_ap/rlt_wifi.ko

license:        GPL
alias:          pci:v000014C3d00007602sv*sd*bc*sc*i*
alias:          pci:v000014C3d00007612sv*sd*bc*sc*i*
alias:          pci:v000014C3d00007632sv*sd*bc*sc*i*
alias:          pci:v000014C3d00007662sv*sd*bc*sc*i*
alias:          pci:v00001400d00007662sv*sd*bc*sc*i*
alias:          pci:v00001400d00007650sv*sd*bc*sc*i*
alias:          pci:v00001814d00003091sv*sd*bc*sc*i*
depends:        
vermagic:       2.6.36 SMP mod_unload MIPS32_R2 32BIT 
&lt;/pre&gt;&lt;/small&gt;}}

{{SCollapse|/proc/mtd • &gt;&gt;
|&lt;small&gt;&lt;pre&gt;
# cat /proc/mtd
dev: size erasesize name
mtd0: 00100000 00020000 &quot;Bootloader&quot;
mtd1: 00100000 00020000 &quot;SC PID&quot;
mtd2: 00400000 00020000 &quot;Kernel&quot;
mtd3: 01c00000 00020000 &quot;Rootfs&quot;
mtd4: 00200000 00020000 &quot;English UI&quot;
mtd5: 00200000 00020000 &quot;ML1&quot;
mtd6: 00200000 00020000 &quot;ML2&quot;
mtd7: 00200000 00020000 &quot;ML3&quot;
mtd8: 00200000 00020000 &quot;ML4&quot;
mtd9: 00200000 00020000 &quot;ML5&quot;
mtd10: 00100000 00020000 &quot;Factory&quot;
mtd11: 00100000 00020000 &quot;SC Private Data&quot;
mtd12: 00200000 00020000 &quot;POT&quot;
mtd13: 00200000 00020000 &quot;Traffic Meter&quot;
mtd14: 00200000 00020000 &quot;DPF&quot;
mtd15: 00200000 00020000 &quot;SC Nvram&quot;
mtd16: 00200000 00020000 &quot;Ralink Nvram&quot;
mtd17: 00200000 00020000 &quot;Ralink Reserved&quot;
mtd18: 00200000 00020000 &quot;ML6&quot;
mtd19: 00200000 00020000 &quot;Upgrade Flag&quot;
mtd20: 00200000 00020000 &quot;Reserved Block3&quot;
mtd21: 03c00000 00020000 &quot;Reserved Block4&quot;

Creating 22 MTD partitions on &quot;MT7621-NAND&quot;:
0x000000000000-0x000000100000 : &quot;Bootloader&quot;
0x000000100000-0x000000200000 : &quot;SC PID&quot;
0x000000200000-0x000000600000 : &quot;Kernel&quot;
0x000000600000-0x000002200000 : &quot;Rootfs&quot;
0x000002200000-0x000002400000 : &quot;English UI&quot;
0x000002400000-0x000002600000 : &quot;ML1&quot;
0x000002600000-0x000002800000 : &quot;ML2&quot;
0x000002800000-0x000002a00000 : &quot;ML3&quot;
0x000002a00000-0x000002c00000 : &quot;ML4&quot;
0x000002c00000-0x000002e00000 : &quot;ML5&quot;
0x000002e00000-0x000002f00000 : &quot;Factory&quot;
0x000002f00000-0x000003000000 : &quot;SC Private Data&quot;
0x000003000000-0x000003200000 : &quot;POT&quot;
0x000003200000-0x000003400000 : &quot;Traffic Meter&quot;
0x000003400000-0x000003600000 : &quot;DPF&quot;
0x000003600000-0x000003800000 : &quot;SC Nvram&quot;
0x000003800000-0x000003a00000 : &quot;Ralink Nvram&quot;
0x000003a00000-0x000003c00000 : &quot;Ralink Reserved&quot;
0x000003c00000-0x000003e00000 : &quot;ML6&quot;
0x000003e00000-0x000004000000 : &quot;Upgrade Flag&quot;
0x000004000000-0x000004200000 : &quot;Reserved Block3&quot;
0x000004200000-0x000007e00000 : &quot;Reserved Block4&quot;
[mtk_nand] probe successfully!
&lt;/pre&gt;&lt;/small&gt;}}
==Images==
*[http://fotkidepo.ru/?id=album:55058 Gallery on '''iXBT''']
&lt;gallery caption=&quot;internal&quot;&gt;
File:Netgear R6220 PCB.jpg|Netgear R6220 PCB
File:Pin Serial TTL R6220.jpg|Serial port
&lt;/gallery&gt;[[Has images::internal| ]]
&lt;gallery caption=&quot;from BestBuy&quot;&gt;
File:R6220-top.jpg|main
File:R6220-rear.jpg|back
&lt;/gallery&gt;[[Has images::external| ]]

__NOTOC__</text>
      <sha1>5h794lzz35zc7w4ezpzeporgy5wtnmu</sha1>
    </revision>
  </page>