<page>
    <title>Netgear R6300 v1</title>
    <ns>0</ns>
    <id>53605</id>
    <revision>
      <id>273673</id>
      <parentid>273672</parentid>
      <timestamp>2019-07-05T02:59:25Z</timestamp>
      <contributor>
        <username>imported&gt;M86</username>
        <id>0</id>
      </contributor>
      <minor/>
      <comment>Text replacement - &quot;speed=10/100/1000&quot; to &quot;speed=1G&quot;</comment>
      <origin>273673</origin>
      <model>wikitext</model>
      <format>text/x-wiki</format>
      <text bytes="18726" sha1="gy3w33s9bu92k4zxx6bsgb9osyt2qso" xml:space="preserve">{{Wireless embedded system
|brand=Netgear
|model=R6300
|revision=v1
|series=AC1750
|upc=606449084450
|asin=B0081H8TRA
|price=200
|est_release_date=05/16/2012
|fcc_date=05/09/2012
|manuf_country=Vietnam
|is_manuf=No
|manuf=Foxconn
|manuf_model=U12H218
|manuf_rev=T00
|type=wireless router,bridge
|fcc_id=PY312100188
|ic_id=4054A-12100188
|pcb_id=U12H218T00
|pwr_v=12
|pwr_amp=5
|pwr_conn=barrel
|cpu1_brand=Broadcom
|cpu1_model=BCM4706
|cpu1_cspeed=600
|fla1=128
|fla1_brand=Samsung
|fla1_model=K9F1G08U0D-SCB0
|fla2=2
|fla2_brand=Macronix
|fla2_model=MX25L1606EM2I-12G
|ram1=128
|ram1_brand=Winbond
|ram1_model=W9751G6KB-25
|ram1_num=2
|expansion_if_types=Mini PCIe, USB 2.0,
|expansion_minipcie_num=1
|expansion_usb_num=2
|wi1_chip1_brand=Broadcom
|wi1_chip1_model=BCM4331
|wi1_802dot11_protocols=bgn
|wi1_ant_conn=U.FL
|wi1_txchains=3
|wi1_rxchains=3
|wi1_sstreams=3
|wi2_module=Foxconn T77H391
|wi2_module_if=Mini PCIe (oversized)
|wi2_chip1_brand=Broadcom
|wi2_chip1_model=BCM4360
|wi2_802dot11_protocols=an+ac
|wi2_ant_conn=U.FL
|wi2_txchains=3
|wi2_rxchains=3
|wi2_sstreams=3
|eth_cpu=true
|sw_brand=Broadcom
|sw_model=BCM53125
|lan_speed=1G
|lan_ports=4
|wan_ports=1
|addl_chips=2.4GHz Power Amplifier IC;Skyworks;SE2605L;SiGe, 2605L, 151AJ;3; ,,,
5GHz Power Amplifier IC;Skyworks;SE5003L1;5003L1, 142AU;3; ,,,
Quad Differential PCIe Clock Source;IDT;ICS557G;ICS, 1226158, 1151,557G-05ALF;1; ,,,
4-port USB Hub Controller;SMSC;USB2514B;SMSC, USB2514B, D1204-A2P1G, 8J149413A, ASE-TW;1;
|flags=boot log
|stock_os=Linux;2.6.22;
|tp_firmware=DD-WRT, DD-WRT (Kong-AC), Tomato (Shibby), Tomato (Hyzoom),
|802dot11_protocols=abgn+ac
|default_ssid=NETGEARXX, NETGEARXX-5G
|default_ssid_regex=^NETGEAR[0-9]{2}$,,, ^NETGEAR[0-9]{2}-5G$
|default_ip=192.168.1.1
|default_user=admin
|default_pass=password
|oui=84:1B:5E, 9C:D3:6D, 10:0D:7F
|oui_eth=84:1B:5E, 9C:D3:6D, 10:0D:7F
}}
{{TagLine|AC1750 Dual Band WiFi Smart Gigabit Router}}
:[http://www.netgear.com/R6300 Product page] {{SupportPage|vendor=NETGEAR|model=R6300v1|vs_id=20789}} {{•}} [http://www.downloads.netgear.com/files/R6300_UM_1Jun12.pdf Manual]

There is a ''[[SMSC]]'' USB2514B USB 2.0 Hub on-board.

*OEM: [[Foxconn]] (Hon Hai) / [[Ambit]] [https://github.com/mirror/dd-wrt/blob/master/src/router/netgear/ambitCfg-r6300.h U12H218T00]

{{WiFiCert|WFA17018|12/10/2012}}

===HW Dissection===
*[http://www.chipworks.com/blog/recentteardowns/2012/09/04/comparing-netgears-r6300-and-r6200-ac-routers-big-wins-for-broadcom-and-skyworks/ '''Chipworks''''s dissection] (nice images)
:''Macronix'' MX25L1606EM2I-12G 16Mbit (2MB) Serial Flash
:''[[Samsung]]'' K9F1G08U0D 1Gbit (128MB) NAND Flash
:[[Broadcom]] BCM53125 switch, ''[[SMSC]]'' USB25148 USB 2.0 Hub
:''[[Foxconn]]'' P/N T77H391 BCM4360 wireless module (same P/N and 
:[[Broadcom]] ref. design for the BCM4352 module in the [[Netgear R6200]])
:silkscreened with &quot;BCM94360MCH5&quot; and the [[Foxconn]] P/N &quot;T77H391&quot;
:noted the dies for the BCM4360 and BCM4352 as being the same.

===Reviews===
*[http://www.smallnetbuilder.com/wireless/wireless-reviews/31772-first-look-netgear-r6300-wifi-router-80211ac-dual-band-gigabit ''First look - Netgear R6300 router'' on '''SmallNetBuilder''']
:Default SSIDs of NETGEAR57 and NETGEAR57-5G
*[http://www.smallnetbuilder.com/wireless/wireless-reviews/31799-netgear-r6300-wifi-router-80211ac-dual-band-gigabit-full-review ''Netgear R6300'' review on '''SmallNetBuilder''']
:indicates the switch chip is a [[Broadcom]] BCM53115 
::(contradicted by the ''SkyWorks'' dissection below)
:2.4GHz - [[Broadcom]] BCM4331 + 3x [[Skyworks]] SE2594L 
::(Dual Band 802.11a/b/g/n Wireless LAN Front End)
:5GHz - [[Broadcom]] BCM4360 + 3x [[Skyworks]] SE5003L 
::(5GHz, 23dBm Power Amp w/ Power Detector)
*[http://www.foxnetwork.ru/index.php/en/component/content/article/130-netgear-r6300.html Reviewed on '''Foxnetwork'''] (w/ photos [internal, external, and UI])
: 84:1B:5E OUI; NETGEARXX and NETGEARXX-5G SSIDs

===Forum threads===
*[http://www.myopenrouter.com/article/46049/Inside-the-NETGEAR-R6300-JTAG-Pinouts-USB-TTL-Extension-Pics...-Plus-DD-WRT-Kong-Mod-is-Coming/ ''Kong's shot of the board w/ serial header connected'' on '''MyOpenRouter''']
*[http://www.dd-wrt.pl/forum/viewtopic.php?p=871333 ''Shot of the header section'' on the '''DD-WRT''' forums]

===Other===
*[http://www.anandtech.com/show/5836/netgear-announces-2stream-80211ac-r6200-router-and-a6200-usb-20-adapter ''Netgear R6200 router and A6200 USB 2.0 adapter'' on '''AnandTech''']
:Processor noted as the [[Broadcom]] BCM4706

===Additional info===
====GPIO====
&lt;!--
 /* GPIO definitions */
 #define GPIO_POWER_LED_GREEN        2
 #define GPIO_POWER_LED_GREEN_STR    &quot;2&quot;
 #define GPIO_POWER_LED_AMBER        3
 #define GPIO_POWER_LED_AMBER_STR    &quot;3&quot;
 #define GPIO_LOGO_LED_1             1
 #define GPIO_LOGO_LED_1_STR         &quot;1&quot;
 #define GPIO_LOGO_LED_2             9
 #define GPIO_LOGO_LED_2_STR         &quot;9&quot;
 #define GPIO_WAN_LED                15
 #if (defined WNDR4500AC)
 #define GPIO_WIFI_5G_LED            11
 #else
 #define GPIO_WIFI_2G_LED            9
 #define GPIO_WIFI_5G_LED            11
--&gt;
{| class=&quot;wikitable&quot; border=&quot;1&quot;
|-
! Pin
! Function
! enable
! disable
|-
| 15
| WAN LED&lt;br&gt;(Internet)
| orange
| green
|-
| 14
| unknown
| 
| 
|-
| 13
| unknown
| 
| 
|-
| 12
| unknown
| 
| 
|-
| 11
| Wireless LED&lt;br&gt;(WiFi 5G)
| off
| on
|-
| 10
| unknown
| 
| 
|-
| 9
| Right LOGO LED&lt;br&gt;(WiFi 2.4G)
| off
| on
|-
| 8
| USB LED
| off
| on
|-
| 7
| unknown
| 
| 
|-
| 6
| unknown
| 
| 
|-
| 5
| unknown
| 
| 
|-
| 4
| unknown
| 
| 
|-
| 3
| Power LED&lt;br&gt;(amber)
| green
| orange
|-
| 2
| Power LED&lt;br&gt;(green)
| off
| on
|-
| 1
| Left LOGO LED
| off
| on
|-
| 0
| unknown
| 
| 
|}
Use the following dd-wrt console startup script to turn off the NETGEAR logo.
&lt;pre&gt;gpio enable 9
gpio enable 1&lt;/pre&gt;

===Serial===
====Pinout====
The serial header is '''J252'''.
&lt;pre&gt;              J252
(3.3) (TxD) (...) (...) (RxD) (GND)
Pin1  Pin2  Pin3  Pin4  Pin5  Pin6
|
v
to J251 (presumably JTAG)&lt;/pre&gt;

====Console dumps====
{{SCollapse | /proc/mtd
|&lt;small&gt;&lt;pre&gt;
#cat /proc/mtd
dev:    size   erasesize  name
mtd0: 00200000 00010000 &quot;boot&quot;
mtd1: 00140000 00010000 &quot;linux&quot;
mtd2: 00200000 00010000 &quot;rootfs&quot;
mtd3: 00010000 00010000 &quot;ML1&quot;
mtd4: 00010000 00010000 &quot;ML2&quot;
mtd5: 00010000 00010000 &quot;ML3&quot;
mtd6: 00010000 00010000 &quot;ML4&quot;
mtd7: 00010000 00010000 &quot;ML5&quot;
mtd8: 00010000 00010000 &quot;ML6&quot;
mtd9: 00010000 00010000 &quot;ML7&quot;
mtd10: 00010000 00010000 &quot;T_Meter1&quot;
mtd11: 00010000 00010000 &quot;T_Meter2&quot;
mtd12: 00010000 00010000 &quot;POT&quot;
mtd13: 00010000 00010000 &quot;board_data&quot;
mtd14: 00010000 00010000 &quot;nvram&quot;
mtd15: 02000000 00020000 &quot;linux&quot;
mtd16: 01ea787c 00020000 &quot;rootfs&quot;
mtd17: 02000000 00020000 &quot;trx&quot;
mtd18: 05f00000 00020000 &quot;brcmnand&quot;

# mount
rootfs on / type rootfs (rw)
/dev/root on / type squashfs (ro)
devfs on /dev type tmpfs (rw)
proc on /proc type proc (rw)
sysfs on /sys type sysfs (rw)
ramfs on /tmp type ramfs (rw)
usbdeffs on /proc/bus/usb type usbfs (rw)

# free
              total         used    free  shared buffers
  Mem:       125552        55868   69684   0     4984
 Swap:            0            0       0
Total:       125552        55868   69684
&lt;/pre&gt;&lt;/small&gt;}}

{{SCollapse | Boot log
|&lt;small&gt;&lt;pre&gt;
reboot
Decompressing...done

CFE for R6300 version: v1.0.4
Build Date: Tue Jun 26 16:05:40 CST 2012 
Init Arena
Init Devs.
Boot partition size = 262144(0x40000)
Found an ST compatible serial flash with 32 64KB blocks; total size 2MB
Found a Samsung NAND flash with 2048B pages or 128KB blocks; total size 128MB
et0: Broadcom BCM47XX 10/100/1000 Mbps Ethernet Controller 5.100.138
CPU type 0x19749: 600MHz
Tot mem: 131072 KBytes

Device eth0:  hwaddr 10-0D-7F-80-89-45, ipaddr 192.168.1.1, mask 255.255.255.0
        gateway not set, nameserver not set
Checking crc...Loader:raw Filesys:raw Dev:nflash0.os File: Options:(null)
Loading: ....... 4153478 bytes read
Entry at 0x80001000
Closing network.
Starting program at 0x80001000
Linux version 2.6.22 (lawrence@localhost.localdomain) 
(gcc version 4.2.3) #1 PREEMPT Tue Mar 19 13:40:40 CST 2013
CPU revision is: 00019749
Found an ST compatible serial flash with 32 64KB blocks; total size 2MB
Determined physical RAM map:
 memory: 07fff000 @ 00000000 (usable)
Initrd not found or empty - disabling initrd
Zone PFN ranges:
  Normal          0 -&gt;    32767
  HighMem     32767 -&gt;    32767
early_node_map[1] active PFN ranges
    0:        0 -&gt;    32767
Built 1 zonelists.  Total pages: 32767
Kernel command line: root=/dev/mtdblock16 console=ttyS0,115200 init=/sbin/preinit
Primary instruction cache 32kB, physically tagged, 4-way, linesize 32 bytes.
Primary data cache 32kB, 4-way, linesize 32 bytes.
Synthesized TLB refill handler (20 instructions).
Synthesized TLB load handler fastpath (32 instructions).
Synthesized TLB store handler fastpath (32 instructions).
Synthesized TLB modify handler fastpath (31 instructions).
PID hash table entries: 512 (order: 9, 2048 bytes)
CPU: BCM5300 rev 1 at 600 MHz
Using 300.000 MHz high precision timer.
Dentry cache hash table entries: 16384 (order: 4, 65536 bytes)
Inode-cache hash table entries: 8192 (order: 3, 32768 bytes)
Memory: 125168k/131068k available (3177k kernel code, 
 5748k reserved, 646k data, 232k init, 0k highmem)
Mount-cache hash table entries: 512
NET: Registered protocol family 16
SCSI subsystem initialized
PCI: Initializing host
PCI: Reset RC
PCI: Initializing host
PCI: Reset RC
PCI: Fixing up bus 0
PCI/PCIe coreunit 0 is set to bus 1.
PCI: Fixing up bridge
PCI: Fixing up bridge
PCI: Enabling device 0000:01:00.1 (0004 -&gt; 0006)
PCI: Fixing up bus 1
PCI/PCIe coreunit 1 is set to bus 2.
PCI: Fixing up bridge
PCI: Fixing up bridge
PCI: Enabling device 0000:02:00.1 (0004 -&gt; 0006)
PCI: Fixing up bus 2
NET: Registered protocol family 2
Time: MIPS clocksource has been installed.
IP route cache hash table entries: 1024 (order: 0, 4096 bytes)
TCP established hash table entries: 4096 (order: 3, 32768 bytes)
TCP bind hash table entries: 4096 (order: 2, 16384 bytes)
TCP: Hash tables configured (established 4096 bind 4096)
TCP reno registered
squashfs: version 3.2-r2 (2007/01/15) Phillip Lougher
JFFS2 version 2.2. (NAND) © 2001-2006 Red Hat, Inc.
fuse init (API version 7.8)
io scheduler noop registered (default)
Serial: 8250/16550 driver $Revision: 1.1.1.1 $ 4 ports, IRQ sharing disabled
serial8250: ttyS0 at MMIO 0x0 (irq = 8) is a 16550A
serial8250: ttyS1 at MMIO 0x0 (irq = 8) is a 16550A
RAMDISK driver initialized: 16 RAM disks of 4096K size 1024 blocksize
loop: module loaded
PPP generic driver version 2.4.2
NET: Registered protocol family 24
PPPoL2TP kernel driver, V0.17
pflash: found no supported devices
sflash: Couldn't find valid ROM disk image

Creating 15 MTD partitions on &quot;sflash&quot;:
0x00000000-0x00200000 : &quot;boot&quot;
0x00000000-0x00140000 : &quot;linux&quot;
0x00000000-0x00200000 : &quot;rootfs&quot;
0x00140000-0x00150000 : &quot;ML1&quot;
0x00150000-0x00160000 : &quot;ML2&quot;
0x00160000-0x00170000 : &quot;ML3&quot;
0x00170000-0x00180000 : &quot;ML4&quot;
0x00180000-0x00190000 : &quot;ML5&quot;
0x00190000-0x001a0000 : &quot;ML6&quot;
0x001a0000-0x001b0000 : &quot;ML7&quot;
0x001b0000-0x001c0000 : &quot;T_Meter1&quot;
0x001c0000-0x001d0000 : &quot;T_Meter2&quot;
0x001d0000-0x001e0000 : &quot;POT&quot;
0x001e0000-0x001f0000 : &quot;board_data&quot;
0x001f0000-0x00200000 : &quot;nvram&quot;
Found a Samsung NAND flash with 2048B pages or 128KB blocks; total size 128MB
lookup_nflash_rootfs_offset: offset = 0x0

 arch/mips/brcm-boards/bcm947xx/../../../../../../shared/
 nflash.c:nflash_read 643 unrecovable error. by pass all
nflash: squash filesystem with lzma found at block 10
Creating 2 MTD partitions on &quot;nflash&quot;:
0x00000000-0x02000000 : &quot;linux&quot;
0x00158784-0x02000000 : &quot;rootfs&quot;

NAND device: Manufacturer ID: 0xec, Chip ID: 0xf1 (Samsung NAND 128MiB 3,3V 8-bit)
Creating 2 MTD partitions on &quot;brcmnand&quot;:
0x00000000-0x02000000 : &quot;trx&quot;
0x02000000-0x07f00000 : &quot;brcmnand&quot;
u32 classifier
TCP cubic registered
NET: Registered protocol family 1
NET: Registered protocol family 10
6WIND/LSIIT IPv6 multicast forwarding 0.1 plus PIM-SM/SSM with *BSD API
lo: Disabled Privacy Extensions
IPv6 over IPv4 tunneling driver
sit0: Disabled Privacy Extensions
NET: Registered protocol family 17
802.1Q VLAN Support v1.8 Ben Greear &lt;greearb@candelatech.com&gt;
All bugs added by David S. Miller &lt;davem@redhat.com&gt;
VFS: Mounted root (squashfs filesystem) readonly.
Freeing unused kernel memory: 232k freed
Warning: unable to open an initial console.
Failed to execute /init
[sighandler]: No more events to be processed, quitting.
[cleanup]: Waiting for children.
[cleanup]: All children terminated.
Reading board data...
WSC UUID: 0xf3f02a167d67a04f3803cc8438dbecc6
NTP synchronized date/time: Mon Jul  8 01:49:30 2013
MAC address of 1st STA connected: C4-85-08-81-01-FA
wl: wl driver adapter not found
wl: wl driver adapter not found
wl: wl driver adapter not found
wl: wl driver adapter not found
invalid RF magic!
No RF parameters! Use default.
### main:1176 Set Normal Power!
Initialise conn table 2048 entries
insmod: dpsta.ko: no module by that name found
insmod: wl_high.ko: no module by that name found
eth3: cmd=14: No such device
wl1 not up in 3 sec
Hit enter to continue...killall: upnp: no process killed
upnp: No such file or directory
WARNING: console log level set to 1
killall: wps_monitor: no process killed
killall: wps_ap: no process killed
killall: wps_enr: no process killed

### wps_wfi_init(): &lt;wl0_wfi_enable=(null)&gt;&lt;wl1_wfi_enable=(null)&gt;WFI is not enabled ###
acsd: scan in progress ...

acsd: selected channel spec: 0x100b
Reading board data...
WSC UUID: 0xf3f02a167d67a04f3803cc8438dbecc6
acsd: scan in progress ...
info, udhcp server (v0.9.8) started
error, unable to parse 'option wins '
error, unable to parse 'option domain '
mevent start...
opened loopback socket 4
acsd: scan in progress ...
acsd: scan in progress ...
POT integrity check OK.
POT time is up.
result = 21
g_record_info1-&gt;numofrcd1 = 21
acsd: scan in progress ...
result = 271
g_record_info1-&gt;numofrcd2 = 271
result = 21
g_record_info2-&gt;numofrcd1 = 21
result = 271
g_record_info2-&gt;numofrcd2 = 271
acsd: scan in progress ...
shm ID: 32769
 Get a correct Segment_ID: 32769 and semaphore ID:32769
acsd: scan in progress ...
Can't find handler for ASP command: eco_get_redirect_link();
Can't find handler for ASP command: devices_cgi_get_acl_device_table(&quot;DEV_control&quot;);
Can't find handler for ASP command: devices_cgi_get_acl_white_table();
Can't find handler for ASP command: devices_cgi_get_acl_black_table();
Can't find handler for ASP command: devices_cgi_get_show_access_ctrl_settings();
Can't find handler for ASP command: devices_cgi_get_acl_device_table(&quot;DEV_device&quot;, &quot;wired&quot;);
Can't find handler for ASP command: devices_cgi_get_acl_device_table(&quot;DEV_device&quot;, &quot;wireless&quot;);
acsd: scan in progress ...

Can't find handler for ASP command: usb_cgi_get_register_state();
Can't find handler for ASP command: usb_cgi_get_invite_state();
Can't find handler for ASP command: cdl_cgi_set_hijack(0);
Can't find handler for ASP command: cdl_cgi_set_hijack(1);
acsd: scan in progress ...
acsd: selected channel spec: 0x100b
insmod: cannot insert '/lib/modules/2.6.22/kernel/drivers/usb/core/usbcore.ko': Success (17)
insmod: cannot insert '/lib/modules/2.6.22/kernel/drivers/usb/host/ehci-hcd.ko': Success (17)
Info: No FWPT default policies.
agnat QOS disable!
rmmod: l7_filter
/tmp/samba/private/smb.conf: no files!
killall: bftpd: no process killed
add active user:192.168.5.100
httpd: socket bound in 0.0.0.0:80.
httpd: socket bound in 0.0.0.0:443.
bftpd: segment_id:32769
shared memory reattached at address 0x5000000
bftpd: socket bound in 0.0.0.0:21
mount: mounting none on /proc/bus/usb failed: Device or resource busy
IOCTL_AG_REGION_SET: English
Unable to create /dev/ptys0: File exists
Unable to create /dev/ttys0: File exists
ACOSNAT: Set BCMCTF to off
ACOSNAT: Set NAT for LAN domain only to on
killall: timesync: no process killed

NAT Enabled
pppd executed successfully. (0)
minidlan :scan files
route: ioctl 0x890c failed: No such process
killall: dhcp6c: no process killed
killall: IPv6-relay: no process killed
killall: pppdv6: no process killed
killall: rtsol: no process killed
killall: dhcp6s: no process killed
killall: radvd: no process killed
route: ioctl 0x890c failed: No such process
killall: dhcp6s: no process killed
killall: radvd: no process killed
Hit enter to continue...Hit enter to continue...

BusyBox v1.7.2 (2013-03-19 13:45:51 CST) built-in shell (ash)
Enter 'help' for a list of built-in commands.
&lt;/pre&gt;&lt;/small&gt;}}

{{SCollapse|ps
|&lt;small&gt;&lt;pre&gt;# ps
  PID  Uid        VSZ Stat Command
    1 0          2660 S   /sbin/preinit 
    2 0               SW&lt; [kthreadd]
    3 0               SW&lt; [ksoftirqd/0]
    4 0               SW&lt; [events/0]
    5 0               SW&lt; [khelper]
   16 0               SW&lt; [kblockd/0]
   47 0               SW  [pdflush]
   48 0               SW  [pdflush]
   49 0               SW&lt; [kswapd0]
   50 0               SW&lt; [aio/0]
  600 0               SW&lt; [mtdblockd]
 1996 0               SW&lt; [ksuspend_usbd]
 1999 0               SW&lt; [khubd]
 2148 0          1540 S   /bin/eapd 
 2151 0          2140 S   nas 
 2155 0          3176 S   /bin/wps_monitor 
 2174 0          1648 S   /usr/sbin/acsd 
 2214 0          1756 S   swresetd 
 2216 0          1600 S   dnsRedirectReplyd 
 2218 0          1896 S   dlnad 
 2223 0           824 S   dnsmasq -h -n -c 0 -N -i br0 -r /tmp/resolv.conf -u r
 2226 0           844 S   udhcpd /tmp/udhcpd.conf 
 2229 0          2252 S   mevent 
 2232 0          1600 S   ddnsd &amp; 
 2235 0          1608 S   telnetenabled 
 2238 0          2256 S   heartbeat 
 2245 0          1528 S   wlanconfigd 
 2251 0          2020 S   tfmeter run 
 2255 0          1600 S   scheact 
 2258 0          2648 S   upnpd 
 2261 0          1996 S   /usr/sbin/email 
 2264 0          1668 S   lld2d br0 
 2266 0          2252 S   /usr/sbin/acl_logd 
 2273 0          1996 S   check_fw 
 2275 0          8328 S   httpd -S -E /usr/sbin/ca.pem /usr/sbin/httpsd.pem 
 2362 0          1588 S   /usr/sbin/bftpd -D -c /tmp/bftpd.conf 
 2364 0          9912 S   minidlna.exe -a 192.168.5.1/24 -f /tmp/minidlna.conf 
 2368 0               SW  [ telnetDBGD ]
 2369 0               SW  [ acktelnetDBGD ]
 2370 0               SW  [checkSBusTimeou]
 2372 0               DW  [NU INITSOCK]
 2375 0               SW  [NU UDP]
 2376 0               SW  [NU TCP]
 2387 0          1948 S   pppd file /tmp/ppp/options 
 2401 0          1596 S   /usr/sbin/timesync /sbin/ntpclient 
 2402 0          9912 S   minidlna.exe -a 192.168.5.1/24 -f /tmp/minidlna.conf 
 2407 0          9912 S   minidlna.exe -a 192.168.5.1/24 -f /tmp/minidlna.conf 
 2438 0          1588 S   wpsd 
 2440 0          1928 S   /bin/sh 
 2443 0          1920 R   ps
&lt;/pre&gt;&lt;/small&gt;}}

__NOTOC__</text>
      <sha1>gy3w33s9bu92k4zxx6bsgb9osyt2qso</sha1>
    </revision>
  </page>