<page>
    <title>Pace 5268AC</title>
    <ns>0</ns>
    <id>71661</id>
    <revision>
      <id>354064</id>
      <parentid>354063</parentid>
      <timestamp>2019-07-05T02:40:35Z</timestamp>
      <contributor>
        <username>imported&gt;M86</username>
        <id>0</id>
      </contributor>
      <minor/>
      <comment>Text replacement - &quot;speed=10/100/1000&quot; to &quot;speed=1G&quot;</comment>
      <origin>354064</origin>
      <model>wikitext</model>
      <format>text/x-wiki</format>
      <text bytes="30100" sha1="q6jw9ak0lno4lgimlrhfb89evb2168h" xml:space="preserve">{{Wireless embedded system
|brand=Pace
|model=5268AC
|revision=
|upc=
|ean=
|asin=
|fcc_date=05/19/2014
|manuf_country=China
|is_manuf=No
|manuf=Foxconn
|manuf_model=
|manuf_rev=
|availability=now
|type=CPE, dsl modem, wireless router
|fcc_id=PGR5200AC
|ic_id=3439B-5200AC
|us_id=6KRDL02B5200AC
|pwr_v=12
|pwr_amp=3
|pwr_conn=barrel
|cpu1_brand=Broadcom
|cpu1_model=BCM63168
|cpu1_cspeed=400
|cpu1_cores=2
|cpu2_brand=Quantenna
|cpu2_model=QT3840BC
|cpu2_cspeed=500
|cpu2_cores=2
|fla1=128
|fla1_brand=Samsung
|fla1_model=NAND
|fla2=16
|fla2_brand=Winbond
|fla2_model=SPI
|ram1=256
|ram1_brand=Samsung
|ram1_model=
|ram2=128
|ram2_brand=Samsung
|ram2_model=
|expansion_if_types=USB 2.0
|expansion_usb_num=1
|jtag=
|serial=
|wi1_chip1_brand=Broadcom
|wi1_chip1_model=BCM63168
|wi1_802dot11_protocols=bgn
|wi1_ant_conn=U.FL
|wi1_txchains=2
|wi1_rxchains=2
|wi1_sstreams=2
|wi2_chip1_brand=Quantenna
|wi2_chip1_model=QT3840BC
|wi2_chip2_brand=Quantenna
|wi2_chip2_model=QT2518B
|wi2_802dot11_protocols=an+ac
|wi2_ant_conn=U.FL
|wi2_txchains=4
|wi2_rxchains=4
|wi2_sstreams=4
|eth_none=
|eth_cpu=true
|sw_cpu=
|sw_brand=Broadcom
|sw_model=BCM53125
|lan_speed=1G
|lan_ports=4
|wan_ports=
|addl_chips=
|flags=VDSL2, ADSL2+
|stock_boot=U-Boot
|stock_os=Linux;2.6.30;
|tp_firmware=
|802dot11_protocols=abgn+ac
|default_ssid=PACE501,PACE501_5G
|default_ssid_regex=
|default_ip=192.168.1.254
|default_user=
|default_pass=
|oui=60:FE:20, F8:2C:18
|oui_eth=60:FE:20, F8:2C:18
}}
{{TagLine|Wireless 802.11AC DSL Residential Gateway}}
:{{ProductPage|http://www.arris.com/products/5268ac-xdsl-voice-gateway/}} (Arris)

*5268AC XDSL VOICE GATEWAY {{â€¢}} [https://fccid.io/document.php?id=2257551 FCC Doc]
:VDSL2, ADSL2+ Gateway with 802.11ac Wi-Fi &amp; HomePNA
:5GHz 4x4 802.11ac (1733Mbps) / 2.4GHz 2x2 802.11n (300Mbps)&lt;small&gt;
:Dual-core processor with hardware accelerated routing for exceptional performance.
:Based on cutting-edge 4x4 MU-MIMO Wi-Fi technology 5268AC intelligent gateway.
:In 2.4GHz band gateway uses 802.11n 2x2 MIMO technology, transmit power 100 mW.
:Integrated Gigabit Ethernet switch and dedicated Gigabit Ethernet WAN port enables.
&lt;/small&gt;
The manual states the default IP is 192.168.1.254.

===Forum threads===
*[http://www.dslreports.com/forum/r29307564-New-Gateway-Pace-5268AC-4X4-AC-5-GHz-1700-Mbps-2x2-N-2-4-GHz-300-Mbps ''Pace 5268AC'' on '''DSLReports''' forums]
*[http://www.dslreports.com/hardware/Pace-5268AC-h4060 ''Pace 5268AC'' on '''DSLReports''' hardware]

===Serial===
{{SCollapse|Bootlog
|&lt;small&gt;&lt;pre&gt;
@@mmmmmmmmoyM~oV3g_w_o{{{{~KmK!S}_p[b?}cks|}{m{__o

                                                   !
                                                    I0
                                                      &lt;I0MyY~o|3q|9{}c{6Dws&gt;{XA
A0qy
     }~{}[[o
            q
             ZQp
                &gt;?kq0I{l{_[__m{?oy_     HOLA
CPUI
L1CI
HOLA
CPUI
L1CI
DRAM
----
PHYS
STRF
400H
PHYE
DDR3
SIZ4
SIZ3
DINT
USYN
LSYN
MFAS
LMBE
RACE
PASS
----
CODE
L12F
MAIN

****************************************************************
****************************************************************
************************$

U-Boot 1.3.3(8.99.61.509224) (Aug  5 2015 - 18:13:23)

CPU:   Broadcom BCM63268 v8.0 64 kB I-Cache 32 kB D-Cache
BOARD: Pace Broadcom BCM63168D0
DRAM:  256 MB
Clearing heap 4259840 bytes from 8fb84000 to 8ff94000
NAND:  BCMNAND: Bootcfg=40000001 Cfg=15142200 CsAndNor=0 Base=0 Acc=f7001010 Id=c2f1801d
BCMNAND: System strap=1fff5bf 2048,11,1
BCMNAND: NAND: AccControl=f7001010
BCMNAND: Nand Part Name: Macronix MX30LF1G08AA LP
BCMNAND: size=128MB, block=128KB, page=2048B, spare=64
BCMNAND: Init done: 0
OOB[1/131072]ff ff cf 69 ff ff 99 a6 42 6f 6f 74 43 6f 64 65
OOB[2/262144]ff ff 96 ff ff ff 3 f 42 6f 6f 74 43 6f 64 65
OOB[3/393216]ff ff cf 0 ff ff f ff 42 6f 6f 74 43 6f 64 65
OOB[4/524288]ff ff ff ff ff ff ff ff ff ff ff ff ff ff ff ff
OOB scan: Found pattern mismatch at 4/524288
Fixed up MTD partition to mtdparts=mtd-0:524288(loader),1048576(mtdoops),-(tlpart)
OpenTL: Going to add mtd partition tlpart
Creating 1 MTD partitions on &quot;nand0&quot;:
0x00180000-0x08000000 : &quot;tlpart&quot;
BCMNAND: IsBad block at off=69337088 is bad
OPENTL: add_mtd for tlpart
nflaattach: pages per unit=64 shift=17 sectors_per_page=4
TL_debug: before mount mediasize=64768 size=64768 partiton 0 to 1012 spares=85
Adjusting virtual blocks 1012 to account for 30 bb blocks
Adjusting virtual blocks 982 to account for 1 stat blocks
resetting statsBlock statistics Num Used=712 Num Free=299 Bad=1

TL_debug: after mount stat_blocks=1 virt=982 head_pages=1
geometry wasted 252 sectors
nand_geom: cap=251132 cyl=980 nhead=16 nsectors=16
OPENTL: Found new opentla
OpenTL: get_dev hook called
-----------get_partition_info_disklabel: Called part=1------------
** Checking 5 partitions...
** Partition(0) 8/80 blocksize=512
** Partition(1) 88/80 blocksize=512
** Partition(2) 0/3c200 blocksize=512
** Partition(3) 108/78 blocksize=512
** Partition(4) 180/3c080 blocksize=512
** Part(1) is at 8 to 128 sectorsize=512
tldisk primary, 8:128
-----------get_partition_info_disklabel: Called part=2------------
** Part(2) is at 136 to 128 sectorsize=512
tldisk backup, 136:128
env dump -----54 e4 2e ca 0 62 6f 6f 74 63 6d 64 3d 69 66 20 74 6c 20 63 68 65 6
3 6b 66 73 74 79 70 65 20 35
tldisk env part info:  CRC=54e42eca/54e42eca env_size=65531
env dump -----54 e4 2e ca 0 62 6f 6f 74 63 6d 64 3d 69 66 20 74 6c 20 63 68 65 6
3 6b 66 73 74 79 70 65 20 35
tldisk env part info:  CRC=54e42eca/54e42eca env_size=65531
In:    serial
Out:   serial
Err:   serial
Board Id : 260-2173300
Hello world
Net:   br0
Hit any key to stop autoboot:  0
OpenTL: get_dev hook called
-----------get_partition_info_disklabel: Called part=5------------
** Part(5) is at 384 to 245888 sectorsize=512
OpenTL: get_dev hook called
-----------get_partition_info_disklabel: Called part=5------------
** Part(5) is at 384 to 245888 sectorsize=512
OpenTL: get_dev hook called
Using device opentl 0:5, directory: /
-----------get_partition_info_disklabel: Called part=5------------
** Part(5) is at 384 to 245888 sectorsize=512
&lt;DIR&gt;       1024 .
&lt;DIR&gt;       1024 ..
&lt;DIR&gt;    1258496 lost+found
&lt;DIR&gt;       1024 tmp
&lt;DIR&gt;       1024 sys1
&lt;DIR&gt;       1024 bcm
&lt;DIR&gt;       1024 sys2
&lt;DIR&gt;       1024 cm
&lt;DIR&gt;       1024 pkg
&lt;DIR&gt;       1024 sysinit
&lt;DIR&gt;       1024 subsys
               2 isupgrade
&lt;DIR&gt;       1024 service
&lt;DIR&gt;       1024 config
OpenTL: get_dev hook called
Using device opentl0, partition 5
-----------get_partition_info_disklabel: Called part=5------------
** Part(5) is at 384 to 245888 sectorsize=512

Loading from block device opentl device 0, partition 5: Name: Disklabel:4  Type:
 U-Boot  File:/sys1/uImage
-----------get_partition_info_disklabel: Called part=5------------
** Part(5) is at 384 to 245888 sectorsize=512

2990665 bytes read
Upgrade Image present. Checking image integrity

## Checking Image at 80800000 ...
   Legacy image found
   Image Name:   Install image
   Created:      2016-01-21  22:47:52 UTC
   Image Type:   MIPS Linux Multi-File Image (gzip compressed)
   Data Size:    2990601 Bytes =  2.9 MB
   Load Address: 80010000
   Entry Point:  80389b70
   Contents:
      Image 0: 2232244 Bytes =  2.1 MB
      Image 1: 758345 Bytes = 740.6 kB
   Verifying Checksum ... OK
Valid kernel Found
OpenTL: get_dev hook called
Using device opentl0, partition 5
-----------get_partition_info_disklabel: Called part=5------------
** Part(5) is at 384 to 245888 sectorsize=512

Loading from block device opentl device 0, partition 5: Name: Disklabel:4  Type:
 U-Boot  File:/sys1/initrd
-----------get_partition_info_disklabel: Called part=5------------
** Part(5) is at 384 to 245888 sectorsize=512

** Unable to read &quot;/sys1/initrd&quot; from opentl 0:5 **
No initrd Image
## Booting kernel from Legacy Image at 80800000 ...
   Image Name:   Install image
   Created:      2016-01-21  22:47:52 UTC
   Image Type:   MIPS Linux Multi-File Image (gzip compressed)
   Data Size:    2990601 Bytes =  2.9 MB
   Load Address: 80010000
   Entry Point:  80389b70
   Contents:
      Image 0: 2232244 Bytes =  2.1 MB
      Image 1: 758345 Bytes = 740.6 kB
   Verifying Checksum ... OK
   Uncompressing Multi-File Image ... OK
## Loading init Ramdisk from multi component Legacy Image at 80800000 ...
## U-boot passing env 0x80A21000
## U-boot passing env 0xB9249

Starting kernel commandline=console=ttyS0,115200 mtdoops.mtddev=mtdoops mtdoops.
record_size=131072 mtdparts=mtd-0:524288(loader),1048576(mtdoops),-(tlpart) init
=/bin/init 6,afb63fb0,afb64440...

[    0.000000] Linux version 2.6.30 (buildbot@krackel) (gcc version 4.4.2 (Buildroot 2010.02-git) ) #2 SMP PREEMPT Thu Jan 21 16:46:53 CST 2016
[    0.000000] BCMNAND: Bootcfg=40000001 Cfg=15142200 CsAndNor=0 Base=0 Acc=f7001010 Id=c2f1801d
[    0.000000] BCMNAND: System strap=1fff5bf 2048,11,1
[    0.000000] BCMNAND: NAND: AccControl=f7001010
[    0.000000] BCMNAND: size=128MB, block=128KB, page=2048B, spare=64
[    0.000000] BRCMNAND device: block: 131072 page: 2048 name: nand0
[    0.000000] Nand Scan: Block 529 is factory bad...
[    0.000000] &gt;&gt; nand_scan_part - Total 1 bad and 1023 good blocks found
[    0.000000] BRCM NAND flash device: name nand0, id 0xc2f1 size 131072KB
[    0.000000]  detected as Boot Flash
[    0.000000] kerSysEarlyFlashInit: NVRAM size=4092 CRC 8e6f3237 8e6f3237
[    0.000000] 260-2173300 prom init
[    0.000000] Found arg console=ttyS0,115200 of length 20 left=4074
[    0.000000] Found arg mtdoops.mtddev=mtdoops of length 22 left=4053
[    0.000000] Found arg mtdoops.record_size=131072 of length 26 left=4030
[    0.000000] Found arg mtdparts=mtd-0:524288(loader),1048576(mtdoops),-(tlpart) of length 56 left=4003
[    0.000000] Found arg init=/bin/init of length 14 left=3946
[    0.000000] Found env memsize=256 of length 11
[    0.000000] Found env rd_start=0x80A21000 of length 19
[    0.000000] Found env rd_size=0xB9249 of length 15
[    0.000000] Found env flash_start=0xFFFFCDDF of length 22
[    0.000000] Found env flash_size=0xFFFFDBFF of length 21
[    0.000000] U-boot passed args  console=ttyS0,115200 console=ttyS0,115200 
mtdoops.mtddev=mtdoops mtdoops.record_size=131072 mtdparts=mtd-0:524288(loader),
1048576(mtdoops),-(tlpart) init=/bin/init rd_start=0x80A21000 rd_size=0xB9249 board
.battery_index=0 board.gmac=1 board.dsl_afe=3 board.enet_mac=12 board.ext_intr=6
 board.board_features=9 board.gpio_map=9 board.gpio_overlay=8 board.single_lan_led=1 
 board.srom_patch=5 board.voice_parm=1 board.wlan_config=2  left=3667 copied=429
[    0.000000] CPU revision is: 0002a080 (Broadcom4350)
[    0.000000] DSL SDRAM reserved: 0x180000
[    0.000000] Determined physical RAM map:
[    0.000000]  memory: 0fe80000 @ 00000000 (usable)
[    0.000000] Initial ramdisk at: 0x80a21000 (758345 bytes)
[    0.000000] Zone PFN ranges:
[    0.000000]   DMA      0x00000000 -&gt; 0x00001000
[    0.000000]   Normal   0x00001000 -&gt; 0x0000fe80
[    0.000000] Movable zone start PFN for each node
[    0.000000] early_node_map[1] active PFN ranges
[    0.000000]     0: 0x00000000 -&gt; 0x0000fe80
[    0.000000] On node 0 totalpages: 65152
[    0.000000] free_area_init_node: node 0, pgdat 804716f0, node_mem_map 81000000
[    0.000000]   DMA zone: 32 pages used for memmap
[    0.000000]   DMA zone: 0 pages reserved
[    0.000000]   DMA zone: 4064 pages, LIFO batch:0
[    0.000000]   Normal zone: 477 pages used for memmap
[    0.000000]   Normal zone: 60579 pages, LIFO batch:15
[    0.000000] Built 1 zonelists in Zone order, mobility grouping on.  Total pages: 64643
[    0.000000] Kernel command line:  console=ttyS0,115200 console=ttyS0,115200 
mtdoops.mtddev=mtdoops mtdoops.record_size=131072 mtdparts=mtd-0:524288(loader),
1048576(mtdoops),-(tlpart) init=/bin/init rd_start=0x80A21000 rd_size=0xB9249 
board.battery_index=0 board.gmac=1 board.dsl_afe=3 board.enet_mac=12 board.ext_intr=6 
board.board_features=9 board.gpio_map=9 board.gpio_overlay=8 board.single_lan_led=1 
board.srom_patch=5 board.voice_parm=1 board.wlan_config=2
[    0.000000] wait instruction: enabled
[    0.000000] Primary instruction cache 64kB, VIPT, 4-way, linesize 16 bytes.
[    0.000000] Primary data cache 32kB, 2-way, VIPT, cache aliases, linesize 16bytes
[    0.000000] RCU-based detection of stalled CPUs is enabled.
[    0.000000] NR_IRQS:128
[    0.000000] PID hash table entries: 1024 (order: 10, 4096 bytes)
[    0.000000] console [ttyS0] enabled
[    0.001000] Dentry cache hash table entries: 32768 (order: 5, 131072 bytes)
[    0.003000] Inode-cache hash table entries: 16384 (order: 4, 65536 bytes)
[    0.004000] Allocating memory for DSP module core and initialization code
[    0.005000] Allocated DSP module memory - CORE=0x0 SIZE=0, INIT=0x0 SIZE=0
[    0.026000] Memory: 247000k/260608k available (3597k kernel code, 13404k reserved, 912k data, 184k init, 0k highmem)
[    0.027000] Calibrating delay loop... 398.33 BogoMIPS (lpj=199168)
[    0.049000] Mount-cache hash table entries: 512
[    0.050000] --Kernel Config--
[    0.051000]   SMP=1
[    0.052000]   PREEMPT=1
[    0.053000]   DEBUG_SPINLOCK=1
[    0.054000]   DEBUG_MUTEXES=1
[    0.055000] Broadcom Logger v0.1 Jan 21 2016 16:19:52
[    0.061000] CPU revision is: 0002a080 (Broadcom4350)
[    0.061000] Primary instruction cache 64kB, VIPT, 4-way, linesize 16 bytes.
[    0.061000] Primary data cache 32kB, 2-way, VIPT, cache aliases, linesize 16bytes
[    0.062000] Calibrating delay loop... 403.45 BogoMIPS (lpj=201728)
[    0.082000] Brought up 2 CPUs
[    0.083000] Synchronize counters across 2 CPUs: done.
[    0.086000] khelper used greatest stack depth: 15316 bytes left
[    0.091000] net_namespace: 1180 bytes
[    0.093000] NET: Registered protocol family 16
[    0.097000]
[    0.097000] *** kerSysFlashInit ....
[    0.440000] Internal 1P2 VREG will be shutdown if unused...Unused, turn it off (00008a56-00008a66=-16&lt;300)
[    0.442000] registering PCI controller with io_map_base unset
[    0.443000] registering PCI controller with io_map_base unset
[    0.445000] khelper used greatest stack depth: 15256 bytes left
[    0.485000] khelper used greatest stack depth: 15040 bytes left
[    0.500000] bio: create slab &lt;bio-0&gt; at 0
[    0.504000] SCSI subsystem initialized
[    0.506000] usbcore: registered new interface driver usbfs
[    0.507000] usbcore: registered new interface driver hub
[    0.508000] usbcore: registered new device driver usb
[    0.510000] pci 0000:00:00.0: reg 10 32bit mmio: [0x10004000-0x10005fff]
[    0.511000] pci 0000:00:00.0: supports D1 D2
[    0.512000] pci 0000:00:00.0: PME# supported from D0 D3hot D3cold
[    0.513000] pci 0000:00:00.0: PME# disabled
[    0.514000] pci 0000:00:09.0: reg 10 32bit mmio: [0x10002600-0x100026ff]
[    0.515000] pci 0000:00:0a.0: reg 10 32bit mmio: [0x10002500-0x100025ff]
[    0.518000] pci 0000:01:00.0: PME# supported from D0 D3hot
[    0.519000] pci 0000:01:00.0: PME# disabled
[    0.521000] pci 0000:01:00.0: PCI bridge, secondary bus 0000:02
[    0.522000] pci 0000:01:00.0:   IO window: disabled
[    0.523000] pci 0000:01:00.0:   MEM window: disabled
[    0.524000] pci 0000:01:00.0:   PREFETCH window: disabled
[    0.525000] PCI: Setting latency timer of device 0000:01:00.0 to 64
[    0.527000] khelper used greatest stack depth: 14648 bytes left
[    0.531000] skbFreeTask created successfully
[    0.532000] BLOG v3.0 Initialized
[    0.533000] BLOG Rule v1.0 Initialized
[    0.534000] Broadcom IQoS v0.1 Jan 21 2016 16:23:37 initialized
[    0.535000] Broadcom GBPM v0.1 Jan 21 2016 16:23:37 initialized
[    0.542000] NET: Registered protocol family 8
[    0.543000] NET: Registered protocol family 20
[    0.550000] NET: Registered protocol family 2
[    0.566000] IP route cache hash table entries: 2048 (order: 1, 8192 bytes)
[    0.575000] TCP established hash table entries: 8192 (order: 4, 65536 bytes)
[    0.583000] TCP bind hash table entries: 8192 (order: 5, 163840 bytes)
[    0.591000] TCP: Hash tables configured (established 8192 bind 8192)
[    0.598000] TCP reno registered
[    0.605000] NET: Registered protocol family 1
[    0.610000] Unpacking initramfs...

[    2.127000] Freeing initrd memory: 740k freed
[    2.137000] squashfs: version 4.0 (2009/01/31) Phillip Lougher
[    2.143000] squashfs: version 4.0 with LZMA457 ported by BRCM
[    2.150000] fuse init (API version 7.11)
[    2.154000] msgmni has been set to 484
[    2.164000] io scheduler noop registered (default)
[    2.169000] PCI: Setting latency timer of device 0000:01:00.0 to 64
[    2.198000] khelper used greatest stack depth: 14504 bytes left
[    2.216000] loop: module loaded
[    2.219000] Driver 'sd' needs updating - please use bus_type methods
[    2.227000] PPP generic driver version 2.4.2
[    2.232000] PPP Deflate Compression module registered
[    2.237000] PPP BSD Compression module registered
[    2.242000] NET: Registered protocol family 24
[    2.255000] BCMNAND: pReg=40000001 Cfg=15142200 CsAndNor=0 Acc=f7001010 Id=c2f1801d
[    2.263000] BCMNAND: System strap=1fff5bf 800,11,1
[    2.268000] BCMNAND: NAND: AccControl=f7001010
[    2.272000] BCMNAND: size=128MB, block=128KB, page=2048B, spare=64
[    2.278000] BCMNAND: Init done
[    2.282000] MTD partition(0) offset=0 size=524288 num=3
[    2.287000] MTD partition(1) offset=524288 size=1048576 num=3
[    2.293000] MTD partition(2) offset=1572864 size=132644864 num=3
[    2.299000] 3 cmdlinepart partitions found on MTD device mtd-0
[    2.305000] Creating 3 MTD partitions on &quot;mtd-0&quot;:
[    2.310000] 0x000000000000-0x000000080000 : &quot;loader&quot;
[    2.318000] 0x000000080000-0x000000180000 : &quot;mtdoops&quot;
[    2.331000] mtdoops: Attached to MTD device 1
[    2.336000] mtdoops: ready 0, 1
[    2.340000] 0x000000180000-0x000008000000 : &quot;tlpart&quot;
[    2.370000] BCMNAND: IsBad block at off=69337088 is bad
[    2.431000] ntl_init_phase_1: adding EB 517 to bad list
[    2.598000]  opentla:tldisk_partition: going to enumerate
[    2.607000] parse_bsd: tldisk header...
[    2.611000]  opentla0: &lt;tldisk:
[    2.614000] * parse_bsd: Partition 8/80 1d/0
[    2.619000] parse_bsd: adding tldisk partition at 1/8
[    2.624000]  opentla1
[    2.626000] * parse_bsd: Partition 88/80 1d/0
[    2.631000] parse_bsd: adding tldisk partition at 2/8
[    2.636000]  opentla2
[    2.638000] * parse_bsd: Partition 108/78 1c/0
[    2.643000] parse_bsd: adding tldisk partition at 3/8
[    2.648000]  opentla3
[    2.651000] * parse_bsd: Partition 180/3c080 11/0
[    2.656000] parse_bsd: adding tldisk partition at 4/8
[    2.661000]  opentla4 &gt;
[    2.669000] ehci_hcd: USB 2.0 'Enhanced' Host Controller (EHCI) Driver
[    2.676000] PCI: Enabling device 0000:00:0a.0 (0000 -&gt; 0002)
[    2.682000] PCI: Setting latency timer of device 0000:00:0a.0 to 64
[    2.689000] ehci_hcd 0000:00:0a.0: EHCI Host Controller
[    2.695000] ehci_hcd 0000:00:0a.0: new USB bus registered, assigned bus number 1
[    2.703000] ehci_hcd 0000:00:0a.0: Enabling legacy PCI PM
[    2.729000] ehci_hcd 0000:00:0a.0: irq 18, io mem 0x10002500
[    2.740000] ehci_hcd 0000:00:0a.0: USB f.f started, EHCI 1.00
[    2.746000] usb usb1: configuration #1 chosen from 1 choice
[    2.753000] hub 1-0:1.0: USB hub found
[    2.757000] hub 1-0:1.0: 2 ports detected
[    2.764000] ohci_hcd: USB 1.1 'Open' Host Controller (OHCI) Driver
[    2.770000] PCI: Enabling device 0000:00:09.0 (0000 -&gt; 0002)
[    2.776000] PCI: Setting latency timer of device 0000:00:09.0 to 64
[    2.783000] ohci_hcd 0000:00:09.0: OHCI Host Controller
[    2.789000] ohci_hcd 0000:00:09.0: new USB bus registered, assigned bus number 2
[    2.797000] ohci_hcd 0000:00:09.0: irq 17, io mem 0x10002600
[    2.858000] usb usb2: configuration #1 chosen from 1 choice
[    2.864000] hub 2-0:1.0: USB hub found
[    2.868000] hub 2-0:1.0: 2 ports detected
[    2.875000] usbcore: registered new interface driver usblp
[    2.881000] Initializing USB Mass Storage driver...
[    2.886000] usbcore: registered new interface driver usb-storage
[    2.893000] USB Mass Storage support registered.
[    2.899000] Registered led device: pace-5268:green:ethernet
[    2.905000] Registered led device: pace-5268:red:ethernet
[    2.911000] Registered led device: pace-5268:red:service
[    2.917000] Registered led device: pace-5268:green:service
[    2.924000] Registered led device: pace-5268:red:power
[    2.929000] Registered led device: pace-5268:green:power
[    2.936000] Registered led device: pace-5268:green:phone2
[    2.942000] Registered led device: pace-5268:red:phone2
[    2.948000] Registered led device: pace-5268:green:phone1
[    2.954000] Registered led device: pace-5268:red:phone1
[    2.960000] Registered led device: pace-5268:green:dsl2
[    2.966000] Registered led device: pace-5268:red:dsl2
[    2.972000] Registered led device: pace-5268:green:dsl1
[    2.978000] Registered led device: pace-5268:red:dsl1
[    2.984000] Registered led device: pace-5268:green:wps
[    2.990000] Registered led device: pace-5268:red:wps
[    2.996000] Registered led device: pace-5268:green:wifi
[    3.002000] Registered led device: pace-5268:red:wifi
[    3.008000] Registered led device: pace-5268:green:usb
[    3.014000] Registered led device: pace-5268:red:usb
[    3.020000] Registered led device: pace-5268:red:hpna
[    3.025000] brcmboard: brcm_board_init entry
[    3.030000] @@@ System Mac address table initialized ...
[    3.035000] SES: Button Interrupt 0x1 is enabled
[    3.040000] SES: LED GPIO 0x24 is enabled
[    3.044000] PCIe: No device found - Powering down
[    3.251000] IRQ 8/brcm_8: IRQF_DISABLED is not guaranteed on shared IRQs
[    3.263000] Serial: BCM63XX driver $Revision: 3.00 $
[    3.268000] Magic SysRq enabled (type ^ h for list of supported commands)
[    3.275000] ttyS0 at MMIO 0xb0000180 (irq = 13) is a BCM63XX
[    3.281000] ttyS1 at MMIO 0xb00001a0 (irq = 42) is a BCM63XX
[    3.288000] Total # RxBds=1724
[    3.291000] bcmPktDmaBds_init: Broadcom Packet DMA BDs initialized
[    3.291000]
[    3.299000] bcmPktDma_init: Broadcom Packet DMA Library initialized
[    3.305000] bcmxtmrt: Broadcom BCM3168D0 ATM/PTM Network Device v0.5 Jan 21 2016 16:23:29
[    3.314000] IPSEC SPU: SUCCEEDED
[    3.318000] GACT probability NOT on
[    3.322000] Mirror/redirect action on
[    3.326000] u32 classifier
[    3.328000]     input device check on
[    3.332000]     Actions configured
[    3.336000] Netfilter messages via NETLINK v0.30.
[    3.344000] GRE over IPv4 tunneling driver
[    3.351000] TCP cubic registered
[    3.354000] Initializing XFRM netlink socket
[    3.359000] NET: Registered protocol family 10
[    3.377000] IPv6 over IPv4 tunneling driver
[    3.395000] NET: Registered protocol family 17
[    3.399000] NET: Registered protocol family 15
[    3.404000] Initializing MCPD Module
[    3.408000] Ebtables v2.0 registered
[    3.412000] ebt_time registered
[    3.415000] ebt_ftos registered
[    3.418000] ebt_wmm_mark registered
[    3.423000] RPC: Registered udp transport module.
[    3.428000] RPC: Registered tcp transport module.
[    3.433000] 802.1Q VLAN Support v1.8 Ben Greear &lt;greearb@candelatech.com&gt;
[    3.440000] All bugs added by David S. Miller &lt;davem@redhat.com&gt;
[    3.450000] Freeing unused kernel memory: 184k freed
[    3.479000] mount used greatest stack depth: 14368 bytes left
[    3.678000] mdev used greatest stack depth: 14192 bytes left

e2fsck 1.42.7 (21-Jan-2013)
/dev/opentla4 was not cleanly unmounted, check forced.
Pass 1: Checking inodes, blocks, and sizes
Pass 2: Checking directory structure
Pass 3: Checking directory connectivity
Pass 4: Checking reference counts
Pass 5: Checking group summary information
Block bitmap differences:  -46610 +46623 +46658
Fix? yes

Free blocks count wrong for group #6 (7345, counted=7344).
Fix? yes

Free blocks count wrong (88239, counted=88222).
Fix? yes


/dev/opentla4: ***** FILE SYSTEM WAS MODIFIED *****

         134 inodes used (1.72%, out of 7808)
           0 non-contiguous files (0.0%)
           0 non-contiguous directories (0.0%)
             # of inodes with ind/dind/tind blocks: 10/4/0
       34722 blocks used (28.24%, out of 122944)
           0 bad blocks
           0 large files

          72 regular files
          53 directories
           0 character device files
           0 block device files
           0 fifos
           0 links
           0 symbolic links (0 fast symbolic links)
           0 sockets
------------
         125 files
e2fsck returned: 1
[    6.506000] mount used greatest stack depth: 14104 bytes left
[    6.524000] mount used greatest stack depth: 13952 bytes left
[    9.631000] cp used greatest stack depth: 13744 bytes left
mknod: /dev/brcmboard: File exists
[   12.435000] bcm_ingqos: module license 'Proprietary' taints kernel.
[   12.442000] Disabling lock debugging due to kernel taint
[   12.471000] Broadcom Ingress QoS Module  Char Driver v0.1 Jan 21 2016 16:21:36 Registered&lt;243&gt;
[   12.480000]
[   12.480000] Broadcom Ingress QoS ver 0.1 initialized
[   12.609000] brcmchipinfo: brcm_chipinfo_init entry
[   12.708000] BPM: tot_mem_size=268435456B (256MB), buf_mem_size=40265310B (38MB), num of buffers=18921, buf size=2128
[   12.719000] Broadcom BPM Module Char Driver v0.1 Jan 21 2016 16:20:15 Registered&lt;244&gt;
[   13.093000] [NTC bpm] bpm_set_status: BPM status : enabled
[   13.093000]
[   13.197000] NBUFF v1.0 Initialized
[   13.209000] Initialized fcache state
[   13.214000] Broadcom Packet Flow Cache  Char Driver v2.2 Jan 21 2016 16:21:37 Registered&lt;242&gt;
[   13.223000] Created Proc FS /procfs/fcache
[   13.227000] Broadcom Packet Flow Cache registered with netdev chain
[   13.234000] Broadcom Packet Flow Cache learning via BLOG enabled.
[   13.241000] Constructed Broadcom Packet Flow Cache v2.2 Jan 21 2016 16:21:37
[   13.597000] chipId 0x631680D0
[   13.601000] Broadcom Forwarding Assist Processor (FAP) Char Driver v0.1 Jan 21 2016 16:21:23 Registered &lt;241&gt;
[   13.611000] Enabling SMISBUS PHYS_FAP_BASE[0] is 0x10c01000
[   13.637000] FAP Soft Reset Done
[   13.640000] 4ke Reset Done
[   13.653000] Enabling SMISBUS PHYS_FAP_BASE[1] is 0x10c01000
[   13.679000] FAP Soft Reset Done
[   13.682000] 4ke Reset Done
[   13.694000] FAP Debug values at 0xabb22d00 0xabba2d00
[   13.701000] Allocated FAP0 GSO Buffers (0xABB33D88) : 1048576 bytes @ 0xAB400000
[   13.710000] Allocated FAP1 GSO Buffers (0xABBB3D88) : 1048576 bytes @ 0xAB500000
[   13.718000] Allocated FAP0 TM SDRAM Queue Storage (abb33d8c) : 390144 bytes @ ab600000
[   13.727000] Allocated FAP1 TM SDRAM Queue Storage (abbb3d8c) : 390144 bytes @ ab680000
[   13.741000] [NTC fapProto] fapReset  : Reset FAP Protocol layer
[   13.748000] fapDrv_construct: FAP0: pManagedMemory=b0820650. wastage 8 bytes
[   13.756000] fapDrv_construct: FAP1: pManagedMemory=b0a20650. wastage 8 bytes
[   13.763000] [FAP0] DSPRAM : stack &lt;0x80000000&gt;&lt;1536&gt;, global &lt;0x80000600&gt;&lt;4256&gt;, free &lt;2400&gt;, total&lt;8192&gt;
[   13.773000] [FAP1] DSPRAM : stack &lt;0x80000000&gt;&lt;1536&gt;, global &lt;0x80000600&gt;&lt;4256&gt;, free &lt;2400&gt;, total&lt;8192&gt;
[   13.783000] [FAP0] PSM : addr&lt;0x80002000&gt;, used &lt;23824&gt;, free &lt;752&gt;, total &lt;24576&gt;
[   13.791000] [FAP1] PSM : addr&lt;0x80002000&gt;, used &lt;23824&gt;, free &lt;752&gt;, total &lt;24576&gt;
[   13.799000] [FAP0] DQM : availableMemory 14652 bytes, nextByteAddress 0xE0004948
[   13.806000] [FAP1] DQM : availableMemory 14652 bytes, nextByteAddress 0xE0004948
[   13.814000] [FAP0] GSO Buffer set to 0xAB400000
[   13.818000] [FAP1] GSO Buffer set to 0xAB500000
[   13.823000] [FAP0] FAP BPM Initialized.
[   13.827000] [FAP1] FAP BPM Initialized.
[   13.831000] bcmPktDma_bind: FAP Driver binding successfull
[   13.837000] [FAP0] FAP TM: ON
[   13.840000] [FAP1] FAP TM: ON
[   13.968000] bcmxtmcfg: bcmxtmcfg_init entry
[   14.385000] adsl: adsl_init entry
[   14.404000] modprobe used greatest stack depth: 13352 bytes left
[   14.783000] Broadcom BCM63168D0 Ethernet Network Device v0.1 Jan 21 2016 16:23:20
[   14.800000] ext_switch_spi_init: EXT_SWITCH_ID=0x53125...
[   14.806000] BCM53125 match...
[   14.810000] fapDrv_psmAlloc: fapIdx=1, size: 7392, offset=b0a20650 bytes remaining 8104
[   14.819000] ETH Init: Ch:0 - 308 tx BDs at 0xb0a20650
[   14.825000] fapDrv_psmAlloc: fapIdx=0, size: 7392, offset=b0820650 bytes remaining 8104
[   14.834000] ETH Init: Ch:1 - 308 tx BDs at 0xb0820650
[   14.839000] fapDrv_psmAlloc: wastage 8 bytes
[   14.844000] fapDrv_psmAlloc: fapIdx=0, size: 5912, offset=b0822330 bytes remaining 2184
[   14.852000] ETH Init: Ch:0 - 738 rx BDs at 0xb0822330
[   14.864000] fapDrv_psmAlloc: wastage 8 bytes
[   14.868000] fapDrv_psmAlloc: fapIdx=1, size: 5912, offset=b0a22330 bytes remaining 2184
[   14.877000] ETH Init: Ch:1 - 738 rx BDs at 0xb0a22330
[   14.912000] Broadcom GMAC Char Driver v0.1 Jan 21 2016 16:23:27 Registered&lt;249&gt;
[   14.919000] Broadcom GMAC Driver v0.1 Jan 21 2016 16:23:27 Initialized
[   14.927000] dgasp: kerSysRegisterDyingGaspHandler: bcmsw registered
[   14.948000] eth0: MAC Address: F8:2C:18:E2:97:55
[   14.974000] eth1: MAC Address: F8:2C:18:E2:97:55
[   14.995000] eth2: MAC Address: F8:2C:18:E2:97:55
[   15.026000] eth3: MAC Address: F8:2C:18:E2:97:55
[   15.047000] eth4: MAC Address: F8:2C:18:E2:97:55
[   15.076000] eth5: MAC Address: F8:2C:18:E2:97:55
[   15.098000] eth6: MAC Address: F8:2C:18:E2:97:55
[   15.113000] modprobe used greatest stack depth: 13264 bytes left
[   15.179000] [NTC arl] arlEnable : Enabled ARL binding to FAP
[   15.185000] Broadcom Address Resolution Logic Processor (ARL) Char Driver v0.1 Jan 21 2016 16:20:15 Registered &lt;245&gt;
[   15.356000] Broadcom 802.1Q VLAN Interface, v0.1
[   15.416000] BCM63XX_USB USB Device not present
modprobe: can't load module bcm_usb (extra/bcm_usb.ko): No such device
&lt;/pre&gt;&lt;/small&gt;}}

===See also===
*[[Pace 5168NV]]-110 (Arris Global Limited) - [[Broadcom]] BCM63168
*[[Pace 5268AC]] (Arris Global Limited) - [[Broadcom]] BCM63168 ([https://www.iol.unh.edu/testing/broadband/gvector/equipment testing])
*[[Arris NVG448B]] (Arris Group, Inc.) - VDSL2 CPE [[Broadcom]] BCM63148
*[[Arris NVG599]]
*[[Arris NVG595]]</text>
      <sha1>q6jw9ak0lno4lgimlrhfb89evb2168h</sha1>
    </revision>
  </page>