<page>
    <title>Roqos Core RC10</title>
    <ns>0</ns>
    <id>72390</id>
    <revision>
      <id>377817</id>
      <parentid>377444</parentid>
      <timestamp>2022-02-08T03:12:27Z</timestamp>
      <contributor>
        <username>Rayknight</username>
        <id>37</id>
      </contributor>
      <origin>377817</origin>
      <model>wikitext</model>
      <format>text/x-wiki</format>
      <text bytes="75133" sha1="p41xyzs9x2x78yc3pv56ofbzqucaabp" xml:space="preserve">{{Wireless embedded system
|brand=Roqos
|model=Core RC10
|revision=(v4.2)
|series=AC1600
|asin=B071P3VT9C, B01MF5RXX8, B071Z9XBPB
|newegg=9SIAEHG64B3764
|manuf_country=China
|is_manuf=No
|availability=now
|price=223
|est_release_date=10/26/2016
|fcc_date=06/10/2015
|fcc_id=TK4WLE900VX, TK4WLE200N2
|ic_id=7849A-WLE900VX, 7894A-WLE200N2
|pcb_id=PALWONN 88 M3
|type=VPN Router Firewall, wireless router
|pwr_v=12
|pwr_amp=2
|pwr_conn=barrel
|pwr_barrel_outer=5.5
|pwr_barrel_inner=2.1
|pwr_barrel_len=9.5
|cpu1_brand=Intel Atom
|cpu1_model=E3845
|cpu1_cspeed=1.91 GHz
|cpu1_cores=4
|fla1=8 GiB
|fla1_brand=FengLei
|fla1_model=FLD04A09008NC
|fla2=8
|fla2_brand=Micron
|fla2_model=N25Q064A
|ram1=2 GiB
|ram1_brand=Samsung
|ram1_model=DDR3 SODIMM
|expansion_if_types=Mini PCIe, USB 3.0, SATA, mSATA
|expansion_minipcie_num=2
|expansion_usb_num=1
|expansion_sata_num=2
|serial=yes,, 6-pin header,, populated,, (115200 8N1),, J4
|wi1_module=Compex WLE900VX
|wi1_module_if=Mini PCIe
|wi1_chip1_brand=Qualcomm Atheros
|wi1_chip1_model=QCA9880;QCA9880-BR4A;
|wi1_802dot11_protocols=an+ac
|wi1_ant_conn=U.FL
|wi1_txchains=3
|wi1_rxchains=3
|wi1_sstreams=3
|wi2_module=Compex WLE200N2
|wi2_module_if=Mini PCIe (half)
|wi2_chip1_brand=Atheros
|wi2_chip1_model=AR9287;AR9287-AL3A;
|wi2_802dot11_protocols=bgn
|wi2_ant_conn=U.FL
|wi2_txchains=2
|wi2_rxchains=2
|wi2_sstreams=2
|eth_cpu=true
|eth_chip2_brand=Intel
|eth_chip2_model=WGI211AT
|eth_chip3_brand=Intel
|eth_chip3_model=WGI211AT
|sw_brand=Broadcom
|sw_model=BCM53125
|lan_speed=1GbE
|lan_ports=4
|wan_speed=1GbE
|wan_ports=1
|addl_chips=5A Low Dropout Linear Regulator;Anpec;APL5912;;1;,,, SMBUS Advanced Power Controller;Nuvoton;NCT3012S;;1;,,, DDR Termination Regulator;National Semiconductor;LP2998;;1;,,, Quadruple Bus Buffer Gate;Texas Instruments;SN74LVC125A;;1;,,, 1+1 Voltage Regulator for IMVP-7/VR12 CPUs;Intersil;ISL95837;;1;,,, Single Supply Voltage Low Dropout Adj Regulator;Micrel;MIC69303;;2;,,, 14V 4A Step-Down DC/DC μModule Regulator;Linear Tech;LTM4624;;1;,,, HDMI Companion Chip w/ I2C Level Shifting Buffer;TI;TPD12S016;;1;,,, 6-Channel (qSPI) 1/2 Multiplexer and Demultiplexer;TI;TS3A27518E;;1;,,, Dual 4MHz 3A Synchro Step-Down DC/DC Converter;Linear;LTC3615;;1;,,, 30V Dual N-Channel Enhance Mode MOSFET;Sinopower;SM7360EK;;2;,,, 30V 15A HEXFET Power MOSFET;International Rectifier;IRF9321;;1;,,, 16-Channel Fast-Mode Plus I2C Bus LED Driver;TI;TLC59116;;1;,,, 2 Channel 1A USB Power Distribution Switch;TI;TPS2066;;1;
|flags=HDMI out, heatsink
|stock_os=Linux;4.4.0-21;Debian;8;Jessie
|tp_firmware=Debian, OpenWrt
|802dot11_protocols=abgn+ac
|default_ip=192.168.1.1
|default_user=admin
|default_pass=roqos
|oui=A8:C8:7F
|oui_eth=A8:C8:7F
}}
&lt;div style=&quot;border: solid thin gray; background-color: #EDEDED; overflow:auto; width:500px;&quot;&gt;&lt;small&gt;
:• '''1300''' Mbps - 3SS 5GHz [https://en.wikipedia.org/wiki/IEEE_802.11ac#Data_rates_and_speed 802.11ac] (80MHz chan.),
:• '''300''' Mbps - 2SS 2.4GHz [https://en.wikipedia.org/wiki/IEEE_802.11n-2009#Data_rates 802.11n] (40MHz chan.) = '''''AC1600'' class'''
&lt;/small&gt;&lt;/div&gt;
{{TagLine|VPN Wi-Fi Router}}
:{{ProductPage|https://www.roqos.com/rc10.html}}

&quot;ROQOS, INC.&quot; and &quot;RC10 REV 4.2&quot; are silkscreened on board top near Ethernet ports.
:&quot;&amp;copy; 2016 ALL RIGHTS RESERVED&quot; is silkscreened on board top near SATA connector.
:&quot;PALWONN 88 M3&quot; is silkscreened on board top near longest Mini PCIe slot.

===Reviews===
*[https://www.cnx-software.com/2016/09/26/roqos-core-ac-router-runs-debian-on-intel-atom-bay-trail-i-processor-for-19-plus-monthly-subscriptions/ ''Roqos Core AC Router Runs Debian'' on '''CNX-Software''']
*[https://linuxgizmos.com/debian-based-wifi-router-adds-security-and-parental-controls/ ''Debian-based WiFi router'' on '''LinuxGizmos''']
*[https://www.snbforums.com/threads/cloud-based-wi-fi-router-service-roqos-launches.34185/ ''Roqos Core RC10'' on '''SmallNetBuilder''' forums]

===Hardware specification===
*CPU: ''[[Intel]]'' Quad-Core Atom (@1.91GHz) 
*Memory: 2GB DDR3L (SODIMM)
*Storage: 4MB Serial SPI Flash, 8GB mSATA SSD, SATA Port
*Network: 5x Gigabit Ethernet
*USB: 1x USB 3.0 ports
*Power: 12V, 2A via barrel

===Serial===
*[https://slexy.org/view/s21TE8WgTs Roqos dmesg output]
{{SCollapse|dmesg (Linux 4.4) • &gt;&gt; 
|&lt;small&gt;&lt;pre&gt;
[    0.000000] Initializing cgroup subsys cpuset
[    0.000000] Initializing cgroup subsys cpu
[    0.000000] Initializing cgroup subsys cpuacct
[    0.000000] Linux version 4.4.0-21-generic (buildd@lgw01-21) 
     (gcc version 5.3.1 20160413 (Ubuntu 5.3.1-14ubuntu2) ) 
     #37-Ubuntu SMP Mon Apr 18 18:33:37 UTC 2016 
     (Ubuntu 4.4.0-21.37-generic 4.4.6)
[    0.000000] Command line: BOOT_IMAGE=/casper/vmlinuz.efi 
     file=/cdrom/preseed/ubuntu-mate.seed boot=casper quiet splash ---
[    0.000000] KERNEL supported cpus:
[    0.000000]   Intel GenuineIntel
[    0.000000]   AMD AuthenticAMD
[    0.000000]   Centaur CentaurHauls
[    0.000000] x86/fpu: Legacy x87 FPU detected.
[    0.000000] x86/fpu: Using 'lazy' FPU context switches.
[    0.000000] e820: BIOS-provided physical RAM map:
[    0.000000] BIOS-e820: [mem 0x0000000000000000-0x000000000009efff] usable
[    0.000000] BIOS-e820: [mem 0x000000000009f000-0x000000000009ffff] ACPI NVS
[    0.000000] BIOS-e820: [mem 0x00000000000a0000-0x00000000000fffff] reserved
[    0.000000] BIOS-e820: [mem 0x0000000000100000-0x000000007abfbfff] usable
[    0.000000] BIOS-e820: [mem 0x000000007abfc000-0x000000007ac7bfff] type 20
[    0.000000] BIOS-e820: [mem 0x000000007ac7c000-0x000000007acfbfff] reserved
[    0.000000] BIOS-e820: [mem 0x000000007acfc000-0x000000007ad9efff] usable
[    0.000000] NX (Execute Disable) protection: active
[    0.000000] efi: EFI v2.50 by EDK II
[    0.000000] efi:  ACPI 2.0=0x7adb0000  SMBIOS=0x7ad9f000 
[    0.000000] SMBIOS 2.7 present.
[    0.000000] DMI: Roqos Roqos Core RC10/Roqos Core RC10, BIOS 071516 07/14/2016
[    0.000000] e820: update [mem 0x00000000-0x00000fff] usable ==&gt; reserved
[    0.000000] e820: remove [mem 0x000a0000-0x000fffff] usable
[    0.000000] e820: last_pfn = 0x7ad9f max_arch_pfn = 0x400000000
[    0.000000] MTRR default type: uncachable
[    0.000000] MTRR fixed ranges enabled:
[    0.000000]   00000-9FFFF write-back
[    0.000000]   A0000-BFFFF uncachable
[    0.000000]   C0000-FFFFF write-back
[    0.000000] MTRR variable ranges enabled:
[    0.000000]   0 base 0FF800000 mask FFF800000 write-protect
[    0.000000]   1 base 000000000 mask F80000000 write-back
[    0.000000]   2 base 07B000000 mask FFF000000 uncachable
[    0.000000]   3 base 07C000000 mask FFC000000 uncachable
[    0.000000]   4 disabled
[    0.000000]   5 disabled
[    0.000000]   6 disabled
[    0.000000]   7 disabled
[    0.000000] x86/PAT: Configuration [0-7]: WB  WC  UC- UC  WB  WC  UC- WT  
[    0.000000] Scanning 1 areas for low memory corruption
[    0.000000] Base memory trampoline at [ffff880000099000] 99000 size 24576
[    0.000000] BRK [0x041fe000, 0x041fefff] PGTABLE
[    0.000000] BRK [0x041ff000, 0x041fffff] PGTABLE
[    0.000000] BRK [0x04200000, 0x04200fff] PGTABLE
[    0.000000] BRK [0x04201000, 0x04201fff] PGTABLE
[    0.000000] BRK [0x04202000, 0x04202fff] PGTABLE
[    0.000000] BRK [0x04203000, 0x04203fff] PGTABLE
[    0.000000] RAMDISK: [mem 0x34e1a000-0x36704fff]
[    0.000000] ACPI: Early table checksum verification disabled
[    0.000000] ACPI: RSDP 0x000000007ADB0000 000024 (v02 CORE  )
[    0.000000] ACPI: XSDT 0x000000007ADB00E0 000054 (v01 CORE   COREBOOT 00000000 CORE 00000000)
[    0.000000] ACPI: FACP 0x000000007ADB3380 0000F4 (v04 CORE   COREBOOT 00000000 CORE 00000001)
[    0.000000] ACPI: DSDT 0x000000007ADB0280 0030FF (v02 COREv4 COREBOOT 20110725 INTL 20160318)
[    0.000000] ACPI: FACS 0x000000007ADB0240 000040
[    0.000000] ACPI: FACS 0x000000007ADB0240 000040
[    0.000000] ACPI: SSDT 0x000000007ADB3480 000EF4 (v02 CORE   COREBOOT 0000002A CORE 0000002A)
[    0.000000] ACPI: MCFG 0x000000007ADB4380 00003C (v01 CORE   COREBOOT 00000000 CORE 00000000)
[    0.000000] ACPI: TCPA 0x000000007ADB43C0 000032 (v02 CORE   COREBOOT 00000000 CORE 00000000)
[    0.000000] ACPI: APIC 0x000000007ADB4400 00006C (v01 CORE   COREBOOT 00000000 CORE 00000000)
[    0.000000] ACPI: HPET 0x000000007ADB4470 000038 (v01 CORE   COREBOOT 00000000 CORE 00000000)
[    0.000000] ACPI: Local APIC address 0xfee00000
[    0.000000] No NUMA configuration found
[    0.000000] Faking a node at [mem 0x0000000000000000-0x000000007ad9efff]
[    0.000000] NODE_DATA(0) allocated [mem 0x7ad9a000-0x7ad9efff]
[    0.000000] Zone ranges:
[    0.000000]   DMA      [mem 0x0000000000001000-0x0000000000ffffff]
[    0.000000]   DMA32    [mem 0x0000000001000000-0x000000007ad9efff]
[    0.000000]   Normal   empty
[    0.000000]   Device   empty
[    0.000000] Movable zone start for each node
[    0.000000] Early memory node ranges
[    0.000000]   node   0: [mem 0x0000000000001000-0x000000000009efff]
[    0.000000]   node   0: [mem 0x0000000000100000-0x000000007abfbfff]
[    0.000000]   node   0: [mem 0x000000007acfc000-0x000000007ad9efff]
[    0.000000] Initmem setup node 0 [mem 0x0000000000001000-0x000000007ad9efff]
[    0.000000] On node 0 totalpages: 502845
[    0.000000]   DMA zone: 64 pages used for memmap
[    0.000000]   DMA zone: 1062 pages reserved
[    0.000000]   DMA zone: 3998 pages, LIFO batch:0
[    0.000000]   DMA32 zone: 7799 pages used for memmap
[    0.000000]   DMA32 zone: 498847 pages, LIFO batch:31
[    0.000000] x86/hpet: Will disable the HPET for this platform because it's not reliable
[    0.000000] Reserving Intel graphics stolen memory at 0x7c000000-0x7fffffff
[    0.000000] ACPI: PM-Timer IO Port: 0x408
[    0.000000] ACPI: Local APIC address 0xfee00000
[    0.000000] IOAPIC[0]: apic_id 2, version 32, address 0xfec00000, GSI 0-86
[    0.000000] ACPI: INT_SRC_OVR (bus 0 bus_irq 0 global_irq 2 dfl dfl)
[    0.000000] ACPI: INT_SRC_OVR (bus 0 bus_irq 9 global_irq 9 high level)
[    0.000000] ACPI: IRQ0 used by override.
[    0.000000] ACPI: IRQ9 used by override.
[    0.000000] Using ACPI (MADT) for SMP configuration information
[    0.000000] ACPI: HPET id: 0x8086a201 base: 0xfed00000
[    0.000000] smpboot: Allowing 4 CPUs, 0 hotplug CPUs
[    0.000000] PM: Registered nosave memory: [mem 0x00000000-0x00000fff]
[    0.000000] PM: Registered nosave memory: [mem 0x0009f000-0x0009ffff]
[    0.000000] PM: Registered nosave memory: [mem 0x000a0000-0x000fffff]
[    0.000000] PM: Registered nosave memory: [mem 0x7abfc000-0x7ac7bfff]
[    0.000000] PM: Registered nosave memory: [mem 0x7ac7c000-0x7acfbfff]
[    0.000000] e820: [mem 0x80000000-0xffffffff] available for PCI devices
[    0.000000] Booting paravirtualized kernel on bare hardware
[    0.000000] clocksource: refined-jiffies: mask: 0xffffffff max_cycles: 0xffffffff, max_idle_ns: 7645519600211568 ns
[    0.000000] setup_percpu: NR_CPUS:256 nr_cpumask_bits:256 nr_cpu_ids:4 nr_node_ids:1
[    0.000000] PERCPU: Embedded 33 pages/cpu @ffff880079c00000 s98008 r8192 d28968 u524288
[    0.000000] pcpu-alloc: s98008 r8192 d28968 u524288 alloc=1*2097152
[    0.000000] pcpu-alloc: [0] 0 1 2 3 
[    0.000000] Built 1 zonelists in Node order, mobility grouping on.  Total pages: 493920
[    0.000000] Policy zone: DMA32
[    0.000000] Kernel command line: BOOT_IMAGE=/casper/vmlinuz.efi file=/cdrom/preseed/ubuntu-mate.seed 
  boot=casper quiet splash ---
[    0.000000] PID hash table entries: 4096 (order: 3, 32768 bytes)
[    0.000000] Calgary: detecting Calgary via BIOS EBDA area
[    0.000000] Calgary: Unable to locate Rio Grande table in EBDA - bailing!
[    0.000000] Memory: 1916600K/2011380K available (8356K kernel code, 1278K rwdata, 
  3920K rodata, 1476K init, 1292K bss, 94780K reserved, 0K cma-reserved)
[    0.000000] SLUB: HWalign=64, Order=0-3, MinObjects=0, CPUs=4, Nodes=1
[    0.000000] Hierarchical RCU implementation.
[    0.000000] 	Build-time adjustment of leaf fanout to 64.
[    0.000000] 	RCU restricting CPUs from NR_CPUS=256 to nr_cpu_ids=4.
[    0.000000] RCU: Adjusting geometry for rcu_fanout_leaf=64, nr_cpu_ids=4
[    0.000000] NR_IRQS:16640 nr_irqs:1024 16
[    0.000000] Console: colour dummy device 80x25
[    0.000000] console [tty0] enabled
[    0.000000] Maximum core-clock to bus-clock ratio: 0x17
[    0.000000] Resolved frequency ID: 0, frequency: 83200 KHz
[    0.000000] TSC runs at 1913600 KHz
[    0.000000] lapic_timer_frequency = 332800
[    0.000000] tsc: Detected 1913.600 MHz processor
[    0.000041] Calibrating delay loop (skipped), value calculated using timer frequency.. 3827.20 BogoMIPS (lpj=7654400)
[    0.000047] pid_max: default: 32768 minimum: 301
[    0.000057] ACPI: Core revision 20150930
[    0.005623] ACPI: 2 ACPI AML tables successfully acquired and loaded
[    0.010688] Security Framework initialized
[    0.010693] Yama: becoming mindful.
[    0.010723] AppArmor: AppArmor initialized
[    0.011034] Dentry cache hash table entries: 262144 (order: 9, 2097152 bytes)
[    0.012043] Inode-cache hash table entries: 131072 (order: 8, 1048576 bytes)
[    0.012503] Mount-cache hash table entries: 4096 (order: 3, 32768 bytes)
[    0.012514] Mountpoint-cache hash table entries: 4096 (order: 3, 32768 bytes)
[    0.012894] Initializing cgroup subsys io
[    0.012904] Initializing cgroup subsys memory
[    0.012918] Initializing cgroup subsys devices
[    0.012925] Initializing cgroup subsys freezer
[    0.012930] Initializing cgroup subsys net_cls
[    0.012936] Initializing cgroup subsys perf_event
[    0.012945] Initializing cgroup subsys net_prio
[    0.012950] Initializing cgroup subsys hugetlb
[    0.012955] Initializing cgroup subsys pids
[    0.012983] CPU: Physical Processor ID: 0
[    0.012986] CPU: Processor Core ID: 0
[    0.012992] ENERGY_PERF_BIAS: Set to 'normal', was 'performance'
[    0.012995] ENERGY_PERF_BIAS: View and update with x86_energy_perf_policy(8)
[    0.017801] mce: CPU supports 6 MCE banks
[    0.017814] CPU0: Thermal monitoring enabled (TM1)
[    0.017819] process: using mwait in idle threads
[    0.017825] Last level iTLB entries: 4KB 48, 2MB 0, 4MB 0
[    0.017829] Last level dTLB entries: 4KB 128, 2MB 16, 4MB 16, 1GB 0
[    0.018203] Freeing SMP alternatives memory: 28K (ffffffff820b2000 - ffffffff820b9000)
[    0.021514] ftrace: allocating 31878 entries in 125 pages
[    0.040831] smpboot: Max logical packages: 1
[    0.040838] smpboot: APIC(0) Converting physical 0 to logical package 0
[    0.041694] ..TIMER: vector=0x30 apic1=0 pin1=2 apic2=-1 pin2=-1
[    0.081400] TSC deadline timer enabled

[    0.081406] smpboot: CPU0: Intel(R) Atom(TM) CPU  E3845  @ 1.91GHz (family: 0x6, model: 0x37, stepping: 0x9)
[    0.081435] Performance Events: PEBS fmt2+, 8-deep LBR, Silvermont events, full-width counters, Intel PMU driver.
[    0.081452] ... version:                3
[    0.081455] ... bit width:              40
[    0.081457] ... generic registers:      2
[    0.081459] ... value mask:             000000ffffffffff
[    0.081462] ... max period:             000000ffffffffff
[    0.081464] ... fixed-purpose events:   3
[    0.081466] ... event mask:             0000000700000003
[    0.083007] x86: Booting SMP configuration:
[    0.083013] .... node  #0, CPUs:      #1
[    0.090099] NMI watchdog: enabled on all CPUs, permanently consumes one hw-PMU counter.
[    0.090316]  #2 #3
[    0.104325] x86: Booted up 1 node, 4 CPUs
[    0.104331] smpboot: Total of 4 processors activated (15308.80 BogoMIPS)
[    0.105234] devtmpfs: initialized
[    0.112019] evm: security.selinux
[    0.112022] evm: security.SMACK64
[    0.112025] evm: security.SMACK64EXEC
[    0.112027] evm: security.SMACK64TRANSMUTE
[    0.112029] evm: security.SMACK64MMAP
[    0.112031] evm: security.ima
[    0.112033] evm: security.capability
[    0.112160] PM: Registering ACPI NVS region [mem 0x0009f000-0x0009ffff] (4096 bytes)
[    0.112307] clocksource: jiffies: mask: 0xffffffff max_cycles: 0xffffffff, max_idle_ns: 7645041785100000 ns
[    0.112480] pinctrl core: initialized pinctrl subsystem
[    0.112684] RTC time:  1:09:15, date: 10/08/16
[    0.112967] NET: Registered protocol family 16
[    0.121967] cpuidle: using governor ladder
[    0.133977] cpuidle: using governor menu
[    0.133984] PCCT header not found.
[    0.134118] ACPI: bus type PCI registered
[    0.134122] acpiphp: ACPI Hot Plug PCI Controller Driver version: 0.5
[    0.134255] PCI: MMCONFIG for domain 0000 [bus 00-ff] at [mem 0xe0000000-0xefffffff] (base 0xe0000000)
[    0.134259] PCI: not using MMCONFIG
[    0.134263] PCI: Using configuration type 1 for base access
[    0.146787] ACPI: Added _OSI(Module Device)
[    0.146792] ACPI: Added _OSI(Processor Device)
[    0.146795] ACPI: Added _OSI(3.0 _SCP Extensions)
[    0.146798] ACPI: Added _OSI(Processor Aggregator Device)
[    0.149385] ACPI: Executed 1 blocks of module-level executable AML code
[    0.153208] ACPI: Interpreter enabled
[    0.153220] ACPI Exception: AE_NOT_FOUND, While evaluating Sleep State [\_S1_] (20150930/hwxface-580)
[    0.153229] ACPI Exception: AE_NOT_FOUND, While evaluating Sleep State [\_S2_] (20150930/hwxface-580)
[    0.153236] ACPI Exception: AE_NOT_FOUND, While evaluating Sleep State [\_S3_] (20150930/hwxface-580)
[    0.153257] ACPI: (supports S0 S4 S5)
[    0.153260] ACPI: Using IOAPIC for interrupt routing
[    0.153318] PCI: MMCONFIG for domain 0000 [bus 00-ff] at [mem 0xe0000000-0xefffffff] (base 0xe0000000)
[    0.153695] PCI: MMCONFIG at [mem 0xe0000000-0xefffffff] reserved in ACPI motherboard resources
[    0.153728] PCI: Using host bridge windows from ACPI; if necessary, use &quot;pci=nocrs&quot; and report a bug
[    0.161530] ACPI: Power Resource [PLPE] (on)
[    0.162180] ACPI: PCI Root Bridge [PCI0] (domain 0000 [bus 00-ff])
[    0.162191] acpi PNP0A08:00: _OSC: OS supports [ExtendedConfig ASPM ClockPM Segments MSI]
[    0.162300] acpi PNP0A08:00: _OSC: OS now controls [PCIeHotplug PME AER PCIeCapability]
[    0.162699] PCI host bridge to bus 0000:00
[    0.162706] pci_bus 0000:00: root bus resource [io  0x0000-0x0cf7 window]
[    0.162710] pci_bus 0000:00: root bus resource [io  0x0d00-0xffff window]
[    0.162715] pci_bus 0000:00: root bus resource [mem 0x000a0000-0x000bffff window]
[    0.162719] pci_bus 0000:00: root bus resource [mem 0x000c0000-0x000c3fff window]
[    0.162723] pci_bus 0000:00: root bus resource [mem 0x000c4000-0x000c7fff window]
[    0.162728] pci_bus 0000:00: root bus resource [mem 0x000c8000-0x000cbfff window]
[    0.162732] pci_bus 0000:00: root bus resource [mem 0x000cc000-0x000cffff window]
[    0.162736] pci_bus 0000:00: root bus resource [mem 0x000d0000-0x000d3fff window]
[    0.162741] pci_bus 0000:00: root bus resource [mem 0x000d4000-0x000d7fff window]
[    0.162745] pci_bus 0000:00: root bus resource [mem 0x000d8000-0x000dbfff window]
[    0.162749] pci_bus 0000:00: root bus resource [mem 0x000dc000-0x000dffff window]
[    0.162753] pci_bus 0000:00: root bus resource [mem 0x000e0000-0x000e3fff window]
[    0.162758] pci_bus 0000:00: root bus resource [mem 0x000e4000-0x000e7fff window]
[    0.162762] pci_bus 0000:00: root bus resource [mem 0x000e8000-0x000ebfff window]
[    0.162766] pci_bus 0000:00: root bus resource [mem 0x000ec000-0x000effff window]
[    0.162770] pci_bus 0000:00: root bus resource [mem 0x000f0000-0x000fffff window]
[    0.162775] pci_bus 0000:00: root bus resource [mem 0x7ae00000-0xdfffffff window]
[    0.162779] pci_bus 0000:00: root bus resource [mem 0xfed40000-0xfed44fff window]
[    0.162783] pci_bus 0000:00: root bus resource [mem 0xc00000000-0xfffffffff window]
[    0.162788] pci_bus 0000:00: root bus resource [bus 00-ff]
[    0.162802] pci 0000:00:00.0: [8086:0f00] type 00 class 0x060000
[    0.162963] pci 0000:00:02.0: [8086:0f31] type 00 class 0x030000
[    0.162986] pci 0000:00:02.0: reg 0x10: [mem 0xd0000000-0xd03fffff]
[    0.162999] pci 0000:00:02.0: reg 0x18: [mem 0xc0000000-0xcfffffff pref]
[    0.163012] pci 0000:00:02.0: reg 0x20: [io  0x3040-0x3047]
[    0.163171] pci 0000:00:11.0: [8086:0f15] type 00 class 0x080501
[    0.163198] pci 0000:00:11.0: reg 0x10: [mem 0xd0c1c000-0xd0c1cfff]
[    0.163210] pci 0000:00:11.0: reg 0x14: [mem 0xd0c1d000-0xd0c1dfff]
[    0.163277] pci 0000:00:11.0: PME# supported from D0 D3hot
[    0.163410] pci 0000:00:12.0: [8086:0f16] type 00 class 0x080501
[    0.163437] pci 0000:00:12.0: reg 0x10: [mem 0xd0c1e000-0xd0c1efff]
[    0.163449] pci 0000:00:12.0: reg 0x14: [mem 0xd0c1f000-0xd0c1ffff]
[    0.163516] pci 0000:00:12.0: PME# supported from D0 D3hot
[    0.163646] pci 0000:00:13.0: [8086:0f23] type 00 class 0x010601
[    0.163677] pci 0000:00:13.0: reg 0x10: [io  0x3048-0x304f]
[    0.163688] pci 0000:00:13.0: reg 0x14: [io  0x3058-0x305b]
[    0.163700] pci 0000:00:13.0: reg 0x18: [io  0x3050-0x3057]
[    0.163711] pci 0000:00:13.0: reg 0x1c: [io  0x305c-0x305f]
[    0.163722] pci 0000:00:13.0: reg 0x20: [io  0x3000-0x301f]
[    0.163734] pci 0000:00:13.0: reg 0x24: [mem 0xd0c3c000-0xd0c3c7ff]
[    0.163776] pci 0000:00:13.0: PME# supported from D3hot
[    0.163905] pci 0000:00:14.0: [8086:0f35] type 00 class 0x0c0330
[    0.163936] pci 0000:00:14.0: reg 0x10: [mem 0xd0c00000-0xd0c0ffff 64bit]
[    0.163994] pci 0000:00:14.0: PME# supported from D3hot D3cold
[    0.164066] pci 0000:00:14.0: System wakeup disabled by ACPI
[    0.164152] pci 0000:00:17.0: [8086:0f50] type 00 class 0x080501
[    0.164179] pci 0000:00:17.0: reg 0x10: [mem 0xd0c20000-0xd0c20fff]
[    0.164192] pci 0000:00:17.0: reg 0x14: [mem 0xd0c21000-0xd0c21fff]
[    0.164258] pci 0000:00:17.0: PME# supported from D0 D3hot
[    0.164387] pci 0000:00:18.0: [8086:0f40] type 00 class 0x080102
[    0.164414] pci 0000:00:18.0: reg 0x10: [mem 0xd0c10000-0xd0c13fff]
[    0.164427] pci 0000:00:18.0: reg 0x14: [mem 0xd0c22000-0xd0c22fff]
[    0.164603] pci 0000:00:18.1: [8086:0f41] type 00 class 0x0c8000
[    0.164630] pci 0000:00:18.1: reg 0x10: [mem 0xd0c23000-0xd0c23fff]
[    0.164642] pci 0000:00:18.1: reg 0x14: [mem 0xd0c24000-0xd0c24fff]
[    0.164819] pci 0000:00:18.2: [8086:0f42] type 00 class 0x0c8000
[    0.164846] pci 0000:00:18.2: reg 0x10: [mem 0xd0c25000-0xd0c25fff]
[    0.164858] pci 0000:00:18.2: reg 0x14: [mem 0xd0c26000-0xd0c26fff]
[    0.165034] pci 0000:00:18.3: [8086:0f43] type 00 class 0x0c8000
[    0.165061] pci 0000:00:18.3: reg 0x10: [mem 0xd0c27000-0xd0c27fff]
[    0.165073] pci 0000:00:18.3: reg 0x14: [mem 0xd0c28000-0xd0c28fff]
[    0.165249] pci 0000:00:18.4: [8086:0f44] type 00 class 0x0c8000
[    0.165276] pci 0000:00:18.4: reg 0x10: [mem 0xd0c29000-0xd0c29fff]
[    0.165288] pci 0000:00:18.4: reg 0x14: [mem 0xd0c2a000-0xd0c2afff]
[    0.165464] pci 0000:00:18.5: [8086:0f45] type 00 class 0x0c8000
[    0.165491] pci 0000:00:18.5: reg 0x10: [mem 0xd0c2b000-0xd0c2bfff]
[    0.165503] pci 0000:00:18.5: reg 0x14: [mem 0xd0c2c000-0xd0c2cfff]
[    0.165681] pci 0000:00:18.6: [8086:0f46] type 00 class 0x0c8000
[    0.165708] pci 0000:00:18.6: reg 0x10: [mem 0xd0c2d000-0xd0c2dfff]
[    0.165720] pci 0000:00:18.6: reg 0x14: [mem 0xd0c2e000-0xd0c2efff]
[    0.165896] pci 0000:00:18.7: [8086:0f47] type 00 class 0x0c8000
[    0.165923] pci 0000:00:18.7: reg 0x10: [mem 0xd0c2f000-0xd0c2ffff]
[    0.165935] pci 0000:00:18.7: reg 0x14: [mem 0xd0c30000-0xd0c30fff]
[    0.166126] pci 0000:00:1a.0: [8086:0f18] type 00 class 0x108000
[    0.166156] pci 0000:00:1a.0: reg 0x10: [mem 0xd0700000-0xd07fffff]
[    0.166168] pci 0000:00:1a.0: reg 0x14: [mem 0xd0800000-0xd08fffff]
[    0.166234] pci 0000:00:1a.0: PME# supported from D0 D3hot
[    0.166363] pci 0000:00:1b.0: [8086:0f04] type 00 class 0x040300
[    0.166398] pci 0000:00:1b.0: reg 0x10: [mem 0xd0c14000-0xd0c17fff 64bit]
[    0.166467] pci 0000:00:1b.0: PME# supported from D0 D3hot D3cold
[    0.166595] pci 0000:00:1c.0: [8086:0f48] type 01 class 0x060400
[    0.166664] pci 0000:00:1c.0: PME# supported from D0 D3hot D3cold
[    0.166739] pci 0000:00:1c.0: System wakeup disabled by ACPI
[    0.166821] pci 0000:00:1c.1: [8086:0f4a] type 01 class 0x060400
[    0.166890] pci 0000:00:1c.1: PME# supported from D0 D3hot D3cold
[    0.166961] pci 0000:00:1c.1: System wakeup disabled by ACPI
[    0.167041] pci 0000:00:1c.2: [8086:0f4c] type 01 class 0x060400
[    0.167109] pci 0000:00:1c.2: PME# supported from D0 D3hot D3cold
[    0.167181] pci 0000:00:1c.2: System wakeup disabled by ACPI
[    0.167266] pci 0000:00:1c.3: [8086:0f4e] type 01 class 0x060400
[    0.167334] pci 0000:00:1c.3: PME# supported from D0 D3hot D3cold
[    0.167405] pci 0000:00:1c.3: System wakeup disabled by ACPI
[    0.167495] pci 0000:00:1e.0: [8086:0f06] type 00 class 0x080102
[    0.167522] pci 0000:00:1e.0: reg 0x10: [mem 0xd0c18000-0xd0c1bfff]
[    0.167534] pci 0000:00:1e.0: reg 0x14: [mem 0xd0c31000-0xd0c31fff]
[    0.167712] pci 0000:00:1e.1: [8086:0f08] type 00 class 0x0c8000
[    0.167739] pci 0000:00:1e.1: reg 0x10: [mem 0xd0c32000-0xd0c32fff]
[    0.167751] pci 0000:00:1e.1: reg 0x14: [mem 0xd0c33000-0xd0c33fff]
[    0.167934] pci 0000:00:1e.2: [8086:0f09] type 00 class 0x0c8000
[    0.167961] pci 0000:00:1e.2: reg 0x10: [mem 0xd0c34000-0xd0c34fff]
[    0.167974] pci 0000:00:1e.2: reg 0x14: [mem 0xd0c35000-0xd0c35fff]
[    0.168151] pci 0000:00:1e.3: [8086:0f0a] type 00 class 0x078000
[    0.168178] pci 0000:00:1e.3: reg 0x10: [mem 0xd0c36000-0xd0c36fff]
[    0.168190] pci 0000:00:1e.3: reg 0x14: [mem 0xd0c37000-0xd0c37fff]
[    0.168368] pci 0000:00:1e.4: [8086:0f0c] type 00 class 0x078000
[    0.168395] pci 0000:00:1e.4: reg 0x10: [mem 0xd0c38000-0xd0c38fff]
[    0.168407] pci 0000:00:1e.4: reg 0x14: [mem 0xd0c39000-0xd0c39fff]
[    0.168584] pci 0000:00:1e.5: [8086:0f0e] type 00 class 0x0c8000
[    0.168611] pci 0000:00:1e.5: reg 0x10: [mem 0xd0c3a000-0xd0c3afff]
[    0.168623] pci 0000:00:1e.5: reg 0x14: [mem 0xd0c3b000-0xd0c3bfff]
[    0.168801] pci 0000:00:1f.0: [8086:0f1c] type 00 class 0x060100
[    0.169011] pci 0000:00:1f.3: [8086:0f12] type 00 class 0x0c0500
[    0.169062] pci 0000:00:1f.3: reg 0x10: [mem 0xd0c3d000-0xd0c3d01f]
[    0.169136] pci 0000:00:1f.3: reg 0x20: [io  0x3020-0x303f]
[    0.169424] pci 0000:01:00.0: [8086:1539] type 00 class 0x020000
[    0.169486] pci 0000:01:00.0: reg 0x10: [mem 0xd0900000-0xd091ffff]
[    0.169527] pci 0000:01:00.0: reg 0x18: [io  0x1000-0x101f]
[    0.169544] pci 0000:01:00.0: reg 0x1c: [mem 0xd0920000-0xd0923fff]
[    0.169667] pci 0000:01:00.0: PME# supported from D0 D3hot D3cold
[    0.174067] pci 0000:00:1c.0: PCI bridge to [bus 01]
[    0.174075] pci 0000:00:1c.0:   bridge window [io  0x1000-0x1fff]
[    0.174081] pci 0000:00:1c.0:   bridge window [mem 0xd0900000-0xd09fffff]
[    0.174182] pci 0000:02:00.0: [8086:1539] type 00 class 0x020000
[    0.174245] pci 0000:02:00.0: reg 0x10: [mem 0xd0a00000-0xd0a1ffff]
[    0.174286] pci 0000:02:00.0: reg 0x18: [io  0x2000-0x201f]
[    0.174303] pci 0000:02:00.0: reg 0x1c: [mem 0xd0a20000-0xd0a23fff]
[    0.174436] pci 0000:02:00.0: PME# supported from D0 D3hot D3cold
[    0.182070] pci 0000:00:1c.1: PCI bridge to [bus 02]
[    0.182077] pci 0000:00:1c.1:   bridge window [io  0x2000-0x2fff]
[    0.182083] pci 0000:00:1c.1:   bridge window [mem 0xd0a00000-0xd0afffff]
[    0.182179] pci 0000:03:00.0: [168c:003c] type 00 class 0x028000
[    0.182244] pci 0000:03:00.0: reg 0x10: [mem 0xd0400000-0xd05fffff 64bit]
[    0.182326] pci 0000:03:00.0: reg 0x30: [mem 0xd0600000-0xd060ffff pref]
[    0.182415] pci 0000:03:00.0: supports D1 D2
[    0.190070] pci 0000:00:1c.2: PCI bridge to [bus 03]
[    0.190079] pci 0000:00:1c.2:   bridge window [mem 0xd0400000-0xd06fffff]
[    0.190178] pci 0000:04:00.0: [168c:002e] type 00 class 0x028000
[    0.190244] pci 0000:04:00.0: reg 0x10: [mem 0xd0b00000-0xd0b0ffff 64bit]
[    0.190417] pci 0000:04:00.0: supports D1
[    0.190422] pci 0000:04:00.0: PME# supported from D0 D1 D3hot
[    0.198083] pci 0000:00:1c.3: PCI bridge to [bus 04]
[    0.198091] pci 0000:00:1c.3:   bridge window [mem 0xd0b00000-0xd0bfffff]
[    0.198406] ACPI: PCI Interrupt Link [LNKA] (IRQs 3 *4 5 6 7 10 12 14 15)
[    0.198538] ACPI: PCI Interrupt Link [LNKB] (IRQs 3 4 *5 6 7 11 12 14 15)
[    0.198667] ACPI: PCI Interrupt Link [LNKC] (IRQs 3 4 5 6 *7 10 12 14 15)
[    0.198796] ACPI: PCI Interrupt Link [LNKD] (IRQs 3 4 5 6 7 11 12 14 15) *10
[    0.198927] ACPI: PCI Interrupt Link [LNKE] (IRQs 3 4 5 6 7 10 12 14 15) *11
[    0.199057] ACPI: PCI Interrupt Link [LNKF] (IRQs 3 4 5 6 7 11 *12 14 15)
[    0.199189] ACPI: PCI Interrupt Link [LNKG] (IRQs 3 4 5 6 7 10 12 *14 15)
[    0.199326] ACPI: PCI Interrupt Link [LNKH] (IRQs 3 4 5 6 7 11 12 14 *15)
[    0.201871] vgaarb: setting as boot device: PCI:0000:00:02.0
[    0.201877] vgaarb: device added: PCI:0000:00:02.0,decodes=io+mem,owns=io+mem,locks=none
[    0.201890] vgaarb: loaded
[    0.201892] vgaarb: bridge control possible 0000:00:02.0
[    0.202423] SCSI subsystem initialized
[    0.202526] libata version 3.00 loaded.
[    0.202581] ACPI: bus type USB registered
[    0.202623] usbcore: registered new interface driver usbfs
[    0.202644] usbcore: registered new interface driver hub
[    0.202687] usbcore: registered new device driver usb
[    0.203049] PCI: Using ACPI for IRQ routing
[    0.209055] PCI: pci_cache_line_size set to 64 bytes
[    0.209249] e820: reserve RAM buffer [mem 0x0009f000-0x0009ffff]
[    0.209253] e820: reserve RAM buffer [mem 0x7abfc000-0x7bffffff]
[    0.209257] e820: reserve RAM buffer [mem 0x7ad9f000-0x7bffffff]
[    0.209484] NetLabel: Initializing
[    0.209487] NetLabel:  domain hash size = 128
[    0.209490] NetLabel:  protocols = UNLABELED CIPSOv4
[    0.209511] NetLabel:  unlabeled traffic allowed by default
[    0.209693] clocksource: Switched to clocksource refined-jiffies
[    0.222144] AppArmor: AppArmor Filesystem Enabled
[    0.222281] pnp: PnP ACPI init
[    0.222482] system 00:00: [mem 0xfeb00000-0xfebfffff] has been reserved
[    0.222489] system 00:00: [mem 0xe0000000-0xefffffff] could not be reserved
[    0.222494] system 00:00: [mem 0xfed03000-0xfed033ff] has been reserved
[    0.222498] system 00:00: [mem 0xfed08000-0xfed083ff] has been reserved
[    0.222503] system 00:00: [mem 0xfed01000-0xfed013ff] has been reserved
[    0.222508] system 00:00: [mem 0xfef00000-0xfeffffff] has been reserved
[    0.222512] system 00:00: [mem 0xfed05000-0xfed057ff] has been reserved
[    0.222517] system 00:00: [mem 0xfed1c000-0xfed1c3ff] has been reserved
[    0.222526] system 00:00: Plug and Play ACPI device, IDs PNP0c02 (active)
[    0.222875] system 00:01: [mem 0xfed00000-0xfed003ff] has been reserved
[    0.222884] system 00:01: Plug and Play ACPI device, IDs PNP0103 PNP0c01 (active)
[    0.222992] system 00:02: Plug and Play ACPI device, IDs PNP0c02 (active)
[    0.223055] pnp 00:03: Plug and Play ACPI device, IDs PNP0b00 (active)
[    0.223606] pnp: PnP ACPI: found 4 devices
[    0.232410] clocksource: acpi_pm: mask: 0xffffff max_cycles: 0xffffff, max_idle_ns: 2085701024 ns
[    0.232440] clocksource: Switched to clocksource acpi_pm
[    0.232500] pci 0000:00:1c.0: PCI bridge to [bus 01]
[    0.232506] pci 0000:00:1c.0:   bridge window [io  0x1000-0x1fff]
[    0.232513] pci 0000:00:1c.0:   bridge window [mem 0xd0900000-0xd09fffff]
[    0.232524] pci 0000:00:1c.1: PCI bridge to [bus 02]
[    0.232528] pci 0000:00:1c.1:   bridge window [io  0x2000-0x2fff]
[    0.232535] pci 0000:00:1c.1:   bridge window [mem 0xd0a00000-0xd0afffff]
[    0.232545] pci 0000:00:1c.2: PCI bridge to [bus 03]
[    0.232551] pci 0000:00:1c.2:   bridge window [mem 0xd0400000-0xd06fffff]
[    0.232561] pci 0000:00:1c.3: PCI bridge to [bus 04]
[    0.232567] pci 0000:00:1c.3:   bridge window [mem 0xd0b00000-0xd0bfffff]
[    0.232578] pci_bus 0000:00: resource 4 [io  0x0000-0x0cf7 window]
[    0.232583] pci_bus 0000:00: resource 5 [io  0x0d00-0xffff window]
[    0.232587] pci_bus 0000:00: resource 6 [mem 0x000a0000-0x000bffff window]
[    0.232592] pci_bus 0000:00: resource 7 [mem 0x000c0000-0x000c3fff window]
[    0.232596] pci_bus 0000:00: resource 8 [mem 0x000c4000-0x000c7fff window]
[    0.232600] pci_bus 0000:00: resource 9 [mem 0x000c8000-0x000cbfff window]
[    0.232605] pci_bus 0000:00: resource 10 [mem 0x000cc000-0x000cffff window]
[    0.232609] pci_bus 0000:00: resource 11 [mem 0x000d0000-0x000d3fff window]
[    0.232613] pci_bus 0000:00: resource 12 [mem 0x000d4000-0x000d7fff window]
[    0.232617] pci_bus 0000:00: resource 13 [mem 0x000d8000-0x000dbfff window]
[    0.232622] pci_bus 0000:00: resource 14 [mem 0x000dc000-0x000dffff window]
[    0.232626] pci_bus 0000:00: resource 15 [mem 0x000e0000-0x000e3fff window]
[    0.232630] pci_bus 0000:00: resource 16 [mem 0x000e4000-0x000e7fff window]
[    0.232634] pci_bus 0000:00: resource 17 [mem 0x000e8000-0x000ebfff window]
[    0.232639] pci_bus 0000:00: resource 18 [mem 0x000ec000-0x000effff window]
[    0.232643] pci_bus 0000:00: resource 19 [mem 0x000f0000-0x000fffff window]
[    0.232647] pci_bus 0000:00: resource 20 [mem 0x7ae00000-0xdfffffff window]
[    0.232651] pci_bus 0000:00: resource 21 [mem 0xfed40000-0xfed44fff window]
[    0.232656] pci_bus 0000:00: resource 22 [mem 0xc00000000-0xfffffffff window]
[    0.232660] pci_bus 0000:01: resource 0 [io  0x1000-0x1fff]
[    0.232664] pci_bus 0000:01: resource 1 [mem 0xd0900000-0xd09fffff]
[    0.232669] pci_bus 0000:02: resource 0 [io  0x2000-0x2fff]
[    0.232673] pci_bus 0000:02: resource 1 [mem 0xd0a00000-0xd0afffff]
[    0.232677] pci_bus 0000:03: resource 1 [mem 0xd0400000-0xd06fffff]
[    0.232681] pci_bus 0000:04: resource 1 [mem 0xd0b00000-0xd0bfffff]
[    0.232745] NET: Registered protocol family 2
[    0.233048] TCP established hash table entries: 16384 (order: 5, 131072 bytes)
[    0.233129] TCP bind hash table entries: 16384 (order: 6, 262144 bytes)
[    0.233211] TCP: Hash tables configured (established 16384 bind 16384)
[    0.233264] UDP hash table entries: 1024 (order: 3, 32768 bytes)
[    0.233291] UDP-Lite hash table entries: 1024 (order: 3, 32768 bytes)
[    0.233391] NET: Registered protocol family 1
[    0.233421] pci 0000:00:02.0: Video device with shadowed ROM
[    0.233582] PCI: CLS 64 bytes, default 64
[    0.233693] Trying to unpack rootfs image as initramfs...

[    9.689718] Freeing initrd memory: 25516K (ffff880034e1a000 - ffff880036705000)
[    9.690048] Scanning for low memory corruption every 60 seconds
[    9.690867] futex hash table entries: 1024 (order: 4, 65536 bytes)
[    9.690919] audit: initializing netlink subsys (disabled)
[    9.690954] audit: type=2000 audit(1475888964.663:1): initialized
[    9.691716] Initialise system trusted keyring
[    9.691993] HugeTLB registered 2 MB page size, pre-allocated 0 pages
[    9.695384] zbud: loaded
[    9.695837] VFS: Disk quotas dquot_6.6.0
[    9.695914] VFS: Dquot-cache hash table entries: 512 (order 0, 4096 bytes)
[    9.697042] fuse init (API version 7.23)
[    9.697331] Key type big_key registered
[    9.698570] Key type asymmetric registered
[    9.698577] Asymmetric key parser 'x509' registered
[    9.698665] Block layer SCSI generic (bsg) driver version 0.4 loaded (major 249)
[    9.698793] io scheduler noop registered
[    9.698803] io scheduler deadline registered (default)
[    9.698905] io scheduler cfq registered
[    9.703889] pcieport 0000:00:1c.0: Signaling PME through PCIe PME interrupt
[    9.703895] pci 0000:01:00.0: Signaling PME through PCIe PME interrupt
[    9.703901] pcie_pme 0000:00:1c.0:pcie01: service driver pcie_pme loaded
[    9.703935] pcieport 0000:00:1c.1: Signaling PME through PCIe PME interrupt
[    9.703940] pci 0000:02:00.0: Signaling PME through PCIe PME interrupt
[    9.703946] pcie_pme 0000:00:1c.1:pcie01: service driver pcie_pme loaded
[    9.703982] pcieport 0000:00:1c.2: Signaling PME through PCIe PME interrupt
[    9.703986] pci 0000:03:00.0: Signaling PME through PCIe PME interrupt
[    9.703992] pcie_pme 0000:00:1c.2:pcie01: service driver pcie_pme loaded
[    9.704024] pcieport 0000:00:1c.3: Signaling PME through PCIe PME interrupt
[    9.704028] pci 0000:04:00.0: Signaling PME through PCIe PME interrupt
[    9.704034] pcie_pme 0000:00:1c.3:pcie01: service driver pcie_pme loaded
[    9.704049] pci_hotplug: PCI Hot Plug PCI Core version: 0.5
[    9.704064] pciehp: PCI Express Hot Plug Controller Driver version: 0.4
[    9.704141] efifb: probing for efifb
[    9.704164] efifb: framebuffer at 0xc0000000, mapped to 0xffffc90000400000, using 2304k, total 2304k
[    9.704168] efifb: mode is 1024x768x24, linelength=3072, pages=1
[    9.704170] efifb: scrolling: redraw
[    9.704173] efifb: Truecolor: size=0:8:8:8, shift=0:0:8:16
[    9.712754] Console: switching to colour frame buffer device 128x48
[    9.721099] fb0: EFI VGA frame buffer device
[    9.721118] intel_idle: MWAIT substates: 0x3000020
[    9.721122] intel_idle: v0.4.1 model 0x37
[    9.721125] intel_idle: lapic_timer_reliable_states 0xffffffff
[    9.721503] input: Power Button as /devices/LNXSYSTM:00/PNP0C0C:00/input/input0
[    9.721511] ACPI: Power Button [PWRB]
[    9.721595] input: Power Button as /devices/LNXSYSTM:00/LNXPWRBN:00/input/input1
[    9.721601] ACPI: Power Button [PWRF]
[    9.722597] GHES: HEST is not enabled!
[    9.722832] Serial: 8250/16550 driver, 32 ports, IRQ sharing enabled
[    9.743019] serial8250: ttyS0 at I/O 0x3f8 (irq = 4, base_baud = 115200) is a 16550A
[    9.748756] 0000:00:1e.3: ttyS4 at MMIO 0xd0c36000 (irq = 20, base_baud = 2764800) is a 16550A
[    9.749529] 0000:00:1e.4: ttyS5 at MMIO 0xd0c38000 (irq = 21, base_baud = 2764800) is a 16550A
[    9.749951] hpet_acpi_add: no address or irqs in _CRS
[    9.750053] Linux agpgart interface v0.103
[    9.759766] brd: module loaded
[    9.765895] loop: module loaded
[    9.766370] libphy: Fixed MDIO Bus: probed
[    9.766378] tun: Universal TUN/TAP device driver, 1.6
[    9.766381] tun: (C) 1999-2004 Max Krasnyansky &lt;maxk@qualcomm.com&gt;
[    9.766492] PPP generic driver version 2.4.2
[    9.766636] ehci_hcd: USB 2.0 'Enhanced' Host Controller (EHCI) Driver
[    9.766646] ehci-pci: EHCI PCI platform driver
[    9.766673] ehci-platform: EHCI generic platform driver
[    9.766695] ohci_hcd: USB 1.1 'Open' Host Controller (OHCI) Driver
[    9.766705] ohci-pci: OHCI PCI platform driver
[    9.766731] ohci-platform: OHCI generic platform driver
[    9.766753] uhci_hcd: USB Universal Host Controller Interface driver
[    9.767405] xhci_hcd 0000:00:14.0: xHCI Host Controller
[    9.767418] xhci_hcd 0000:00:14.0: new USB bus registered, assigned bus number 1
[    9.768514] xhci_hcd 0000:00:14.0: hcc params 0x200077c1 hci version 0x100 quirks 0x00009810
[    9.768522] xhci_hcd 0000:00:14.0: cache line size of 64 is not supported
[    9.769179] usb usb1: New USB device found, idVendor=1d6b, idProduct=0002
[    9.769184] usb usb1: New USB device strings: Mfr=3, Product=2, SerialNumber=1
[    9.769188] usb usb1: Product: xHCI Host Controller
[    9.769192] usb usb1: Manufacturer: Linux 4.4.0-21-generic xhci-hcd
[    9.769196] usb usb1: SerialNumber: 0000:00:14.0
[    9.769528] hub 1-0:1.0: USB hub found
[    9.769548] hub 1-0:1.0: 6 ports detected
[    9.769995] xhci_hcd 0000:00:14.0: xHCI Host Controller
[    9.770003] xhci_hcd 0000:00:14.0: new USB bus registered, assigned bus number 2
[    9.770083] usb usb2: New USB device found, idVendor=1d6b, idProduct=0003
[    9.770088] usb usb2: New USB device strings: Mfr=3, Product=2, SerialNumber=1
[    9.770092] usb usb2: Product: xHCI Host Controller
[    9.770096] usb usb2: Manufacturer: Linux 4.4.0-21-generic xhci-hcd
[    9.770099] usb usb2: SerialNumber: 0000:00:14.0
[    9.770406] hub 2-0:1.0: USB hub found
[    9.770423] hub 2-0:1.0: 1 port detected
[    9.770667] i8042: PNP: No PS/2 controller found. Probing ports directly.
[   10.493164] usb 1-1: new high-speed USB device number 2 using xhci_hcd
[   10.534900] usb 2-1: new SuperSpeed USB device number 2 using xhci_hcd
[   10.636435] usb 2-1: New USB device found, idVendor=2109, idProduct=0813
[   10.636440] usb 2-1: New USB device strings: Mfr=1, Product=2, SerialNumber=0
[   10.636445] usb 2-1: Product: USB3.0 Hub             
[   10.636448] usb 2-1: Manufacturer: VIA Labs, Inc.         
[   10.640514] hub 2-1:1.0: USB hub found
[   10.640762] hub 2-1:1.0: 4 ports detected
[   10.801685] i8042: No controller found
[   10.801722] tsc: Refined TSC clocksource calibration: 1916.666 MHz
[   10.801728] clocksource: tsc: mask: 0xffffffffffffffff max_cycles: 0x37415710be0, max_idle_ns: 881590555136 ns
[   10.802508] mousedev: PS/2 mouse device common for all mice
[   10.803000] rtc_cmos 00:03: RTC can wake from S4
[   10.803229] rtc_cmos 00:03: rtc core: registered rtc_cmos as rtc0
[   10.803261] rtc_cmos 00:03: alarms up to one month, 242 bytes nvram
[   10.803278] i2c /dev entries driver
[   10.803402] device-mapper: uevent: version 1.0.3
[   10.803604] device-mapper: ioctl: 4.34.0-ioctl (2015-10-28) initialised: dm-devel@redhat.com
[   10.803626] Intel P-state driver initializing.
[   10.804234] ledtrig-cpu: registered to indicate activity on CPUs
[   10.804248] EFI Variables Facility v0.08 2004-May-17
[   10.811151] NET: Registered protocol family 10
[   10.813311] NET: Registered protocol family 17
[   10.813524] Key type dns_resolver registered
[   10.814381] microcode: CPU0 sig=0x30679, pf=0x1, revision=0x907
[   10.814486] microcode: CPU1 sig=0x30679, pf=0x1, revision=0x907
[   10.814880] microcode: CPU2 sig=0x30679, pf=0x1, revision=0x907
[   10.815002] microcode: CPU3 sig=0x30679, pf=0x1, revision=0x907
[   10.815339] microcode: Microcode Update Driver: v2.01 &lt;tigran@aivazian.fsnet.co.uk&gt;, Peter Oruba
[   10.816331] registered taskstats version 1
[   10.816363] Loading compiled-in X.509 certificates
[   10.818368] Loaded X.509 cert 'Build time autogenerated kernel key: fc7c0e9f152f32eca50ea2d9722926e5127af244'
[   10.818413] zswap: loaded using pool lzo/zbud
[   10.825320] Key type trusted registered
[   10.841073] Key type encrypted registered
[   10.841093] AppArmor: AppArmor sha1 policy hashing enabled
[   10.841100] ima: No TPM chip found, activating TPM-bypass!
[   10.841150] evm: HMAC attrs: 0x1
[   10.842582]   Magic number: 4:344:154
[   10.842609] bdi 1:6: hash matches
[   10.842984] rtc_cmos 00:03: setting system clock to 2016-10-08 01:09:26 UTC (1475888966)
[   10.843643] BIOS EDD facility v0.16 2004-Jun-25, 0 devices found
[   10.843647] EDD information not available.
[   10.843737] PM: Hibernation image not present or could not be loaded.
[   10.847018] Freeing unused kernel memory: 1476K (ffffffff81f41000 - ffffffff820b2000)
[   10.847024] Write protecting the kernel read-only data: 14336k
[   10.849152] Freeing unused kernel memory: 1872K (ffff88000382c000 - ffff880003a00000)
[   10.850709] Freeing unused kernel memory: 176K (ffff880003dd4000 - ffff880003e00000)
[   10.889600] random: systemd-udevd urandom read with 3 bits of entropy available
[   10.958761] sdhci: Secure Digital Host Controller Interface driver
[   10.958766] sdhci: Copyright(c) Pierre Ossman
[   10.968391] FUJITSU Extended Socket Network Device Driver - version 1.0 - Copyright (c) 2015 FUJITSU LIMITED
[   10.980757] sdhci-pci 0000:00:11.0: SDHCI controller found [8086:0f15] (rev 11)
[   10.982328] sdhci-pci 0000:00:11.0: No vmmc regulator found
[   10.982335] sdhci-pci 0000:00:11.0: No vqmmc regulator found
[   10.985574] mmc0: SDHCI controller on PCI [0000:00:11.0] using ADMA
[   10.990797] [drm] Initialized drm 1.1.0 20060810
[   10.996036] pps_core: LinuxPPS API ver. 1 registered
[   10.996041] pps_core: Software ver. 5.3.6 - Copyright 2005-2007 Rodolfo Giometti &lt;giometti@linux.it&gt;
[   10.999319] sdhci-pci 0000:00:12.0: SDHCI controller found [8086:0f16] (rev 11)
[   10.999363] sdhci-pci 0000:00:12.0: failed to setup card detect gpio
[   11.000381] sdhci-pci 0000:00:12.0: No vmmc regulator found
[   11.000385] sdhci-pci 0000:00:12.0: No vqmmc regulator found
[   11.000533] PTP clock support registered
[   11.004261] dca service started, version 1.12.1
[   11.009742] mmc1: SDHCI controller on PCI [0000:00:12.0] using ADMA
[   11.010327] sdhci-pci 0000:00:17.0: SDHCI controller found [8086:0f50] (rev 11)
[   11.011394] sdhci-pci 0000:00:17.0: No vmmc regulator found
[   11.011401] sdhci-pci 0000:00:17.0: No vqmmc regulator found
[   11.017362] mmc2: SDHCI controller on PCI [0000:00:17.0] using ADMA
[   11.021550] igb: Intel(R) Gigabit Ethernet Network Driver - version 5.3.0-k
[   11.021556] igb: Copyright (c) 2007-2014 Intel Corporation.
[   11.030404] ahci 0000:00:13.0: version 3.0
[   11.030448] ahci 0000:00:13.0: controller can't do DEVSLP, turning off
[   11.031025] ahci 0000:00:13.0: SSS flag set, parallel bus scan disabled
[   11.045989] ahci 0000:00:13.0: AHCI 0001.0300 32 slots 2 ports 3 Gbps 0x3 impl SATA mode
[   11.045998] ahci 0000:00:13.0: flags: 64bit ncq stag pm led clo pio slum part sxs deso 
[   11.049412] scsi host0: ahci
[   11.049725] scsi host1: ahci
[   11.049911] ata1: SATA max UDMA/133 abar m2048@0xd0c3c000 port 0xd0c3c100 irq 271
[   11.049919] ata2: SATA max UDMA/133 abar m2048@0xd0c3c000 port 0xd0c3c180 irq 271
[   11.052001] pps pps0: new PPS source ptp0
[   11.052010] igb 0000:01:00.0: added PHC on eth0
[   11.052014] igb 0000:01:00.0: Intel(R) Gigabit Ethernet Network Connection
[   11.052019] igb 0000:01:00.0: eth0: (PCIe:2.5Gb/s:Width x1) a8:c8:7f:00:27:fb
[   11.052024] igb 0000:01:00.0: eth0: PBA No: FFFFFF-0FF
[   11.052028] igb 0000:01:00.0: Using MSI-X interrupts. 2 rx queue(s), 2 tx queue(s)
[   11.053809] [drm] Memory usable by graphics device = 2048M
[   11.053836] checking generic (c0000000 240000) vs hw (c0000000 10000000)
[   11.053840] fb: switching to inteldrmfb from EFI VGA
[   11.053883] Console: switching to colour dummy device 80x25
[   11.054127] [drm] Replacing VGA console driver
[   11.054926] [drm] Supports vblank timestamp caching Rev 2 (21.10.2013).
[   11.054931] [drm] Driver supports precise vblank timestamp query.
[   11.095105] pps pps1: new PPS source ptp1
[   11.095113] igb 0000:02:00.0: added PHC on eth1
[   11.095117] igb 0000:02:00.0: Intel(R) Gigabit Ethernet Network Connection
[   11.095121] igb 0000:02:00.0: eth1: (PCIe:2.5Gb/s:Width x1) a8:c8:7f:10:27:fb
[   11.095126] igb 0000:02:00.0: eth1: PBA No: FFFFFF-0FF
[   11.095130] igb 0000:02:00.0: Using MSI-X interrupts. 2 rx queue(s), 2 tx queue(s)
[   11.097146] igb 0000:01:00.0 enp1s0: renamed from eth0
[   11.106235] igb 0000:02:00.0 enp2s0: renamed from eth1
[   11.112504] vgaarb: device changed decodes: PCI:0000:00:02.0,olddecodes=io+mem,decodes=io+mem:owns=io+mem
[   11.198405] [drm] GMBUS [i915 gmbus vga] timed out, falling back to bit banging on pin 2
[   11.271887] [drm] Initialized i915 1.6.0 20151010 for 0000:00:02.0 on minor 0
[   11.272409] fbcon: inteldrmfb (fb0) is primary device
[   11.378688] ata1: SATA link down (SStatus 0 SControl 300)
[   11.506746] Console: switching to colour frame buffer device 210x65
[   11.512115] i915 0000:00:02.0: fb0: inteldrmfb frame buffer device
[   11.698949] ata2: SATA link up 1.5 Gbps (SStatus 113 SControl 300)
[   11.699542] ata2.00: ATA-8: SSD08G, 0311A, max UDMA/133
[   11.699547] ata2.00: 15650208 sectors, multi 0: LBA 
[   11.700297] ata2.00: configured for UDMA/133
[   11.701223] scsi 1:0:0:0: Direct-Access     ATA      SSD08G           A    PQ: 0 ANSI: 5
[   11.702046] sd 1:0:0:0: [sda] 15650208 512-byte logical blocks: (8.01 GB/7.46 GiB)
[   11.702206] sd 1:0:0:0: [sda] Write Protect is off
[   11.702213] sd 1:0:0:0: [sda] Mode Sense: 00 3a 00 00
[   11.702280] sd 1:0:0:0: [sda] Write cache: enabled, read cache: enabled, doesn't support DPO or FUA
[   11.702675] sd 1:0:0:0: Attached scsi generic sg0 type 0
[   11.704850]  sda: sda1 sda2 sda3
[   11.705885] sd 1:0:0:0: [sda] Attached SCSI removable disk
[   11.804753] clocksource: Switched to clocksource tsc
[   20.794023] usb 1-1: device descriptor read/all, error -110
[   20.905914] usb 1-1: new high-speed USB device number 3 using xhci_hcd
[   21.042122] usb 1-1: New USB device found, idVendor=2109, idProduct=2813
[   21.042129] usb 1-1: New USB device strings: Mfr=1, Product=2, SerialNumber=0
[   21.042134] usb 1-1: Product: USB2.0 Hub             
[   21.042138] usb 1-1: Manufacturer: VIA Labs, Inc.         
[   21.043364] hub 1-1:1.0: USB hub found
[   21.044780] hub 1-1:1.0: 4 ports detected
[   21.402326] usb 1-1.3: new low-speed USB device number 4 using xhci_hcd
[   21.557879] usb 1-1.3: New USB device found, idVendor=413c, idProduct=2107
[   21.557886] usb 1-1.3: New USB device strings: Mfr=1, Product=2, SerialNumber=0
[   21.557890] usb 1-1.3: Product: Dell USB Entry Keyboard
[   21.557894] usb 1-1.3: Manufacturer: DELL
[   21.558275] usb 1-1.3: ep 0x81 - rounding interval to 64 microframes, ep desc says 80 microframes
[   21.568896] hidraw: raw HID events driver (C) Jiri Kosina
[   21.575957] usbcore: registered new interface driver usbhid
[   21.575962] usbhid: USB HID core driver
[   21.580275] input: DELL Dell USB Entry Keyboard as /devices/pci0000:00/0000:00:14.0
  /usb1/1-1/1-1.3/1-1.3:1.0/0003:413C:2107.0001/input/input2
[   21.636003] hid-generic 0003:413C:2107.0001: input,hidraw0: USB HID v1.10 Keyboard 
  [DELL Dell USB Entry Keyboard] on usb-0000:00:14.0-1.3/input0
[   21.647500] usb 1-1.4: new high-speed USB device number 5 using xhci_hcd
[   21.684556] EXT4-fs (sda2): INFO: recovery required on readonly filesystem
[   21.684562] EXT4-fs (sda2): write access will be enabled during recovery
[   21.728887] EXT4-fs (sda2): orphan cleanup on readonly fs
[   21.729008] EXT4-fs (sda2): 2 orphan inodes deleted
[   21.729012] EXT4-fs (sda2): recovery complete
[   21.740726] EXT4-fs (sda2): mounted filesystem with ordered data mode. Opts: (null)
[   21.749375] usb 1-1.4: New USB device found, idVendor=0781, idProduct=5406
[   21.749382] usb 1-1.4: New USB device strings: Mfr=1, Product=2, SerialNumber=3
[   21.749386] usb 1-1.4: Product: U3 Cruzer Micro
[   21.749390] usb 1-1.4: Manufacturer: SanDisk
[   21.749393] usb 1-1.4: SerialNumber: 077430113D0034D0
[   21.758782] usb-storage 1-1.4:1.0: USB Mass Storage device detected
[   21.759899] scsi host2: usb-storage 1-1.4:1.0
[   21.760078] usbcore: registered new interface driver usb-storage
[   21.763526] usbcore: registered new interface driver uas
[   21.782423] EXT4-fs (sda3): INFO: recovery required on readonly filesystem
[   21.782429] EXT4-fs (sda3): write access will be enabled during recovery
[   21.814423] EXT4-fs (sda3): recovery complete
[   21.816881] EXT4-fs (sda3): mounted filesystem with ordered data mode. Opts: (null)
[   22.763446] scsi 2:0:0:0: Direct-Access     SanDisk  Cruzer           8.01 PQ: 0 ANSI: 0 CCS
[   22.765491] scsi 2:0:0:1: CD-ROM            SanDisk  Cruzer           8.01 PQ: 0 ANSI: 0
[   22.767698] sd 2:0:0:0: Attached scsi generic sg1 type 0
[   22.768811] sd 2:0:0:0: [sdb] 7843839 512-byte logical blocks: (4.02 GB/3.74 GiB)
[   22.769047] sd 2:0:0:0: [sdb] Write Protect is off
[   22.769054] sd 2:0:0:0: [sdb] Mode Sense: 45 00 00 08
[   22.769197] sd 2:0:0:0: [sdb] No Caching mode page found
[   22.769204] sd 2:0:0:0: [sdb] Assuming drive cache: write through
[   22.769366] sr 2:0:0:1: [sr0] scsi3-mmc drive: 48x/48x tray
[   22.769376] cdrom: Uniform CD-ROM driver Revision: 3.20
[   22.769700] sr 2:0:0:1: Attached scsi CD-ROM sr0
[   22.772305] sr 2:0:0:1: Attached scsi generic sg2 type 5
[   22.776396]  sdb: sdb1 sdb2
[   22.777990] sd 2:0:0:0: [sdb] Attached SCSI removable disk
[   22.801698] sr 2:0:0:1: [sr0] unaligned transfer
[   22.801720] sr 2:0:0:1: [sr0] unaligned transfer
[   22.801735] sr 2:0:0:1: [sr0] unaligned transfer
[   22.801748] sr 2:0:0:1: [sr0] unaligned transfer
[   22.801761] sr 2:0:0:1: [sr0] unaligned transfer
[   22.801774] sr 2:0:0:1: [sr0] unaligned transfer
[   22.801787] sr 2:0:0:1: [sr0] unaligned transfer
[   22.801800] sr 2:0:0:1: [sr0] unaligned transfer
[   22.801813] sr 2:0:0:1: [sr0] unaligned transfer
[   22.899393] sr 2:0:0:1: [sr0] tag#0 FAILED Result: hostbyte=DID_ERROR driverbyte=DRIVER_SENSE
[   22.899402] sr 2:0:0:1: [sr0] tag#0 Sense Key : Hardware Error [current] 
[   22.899407] sr 2:0:0:1: [sr0] tag#0 Add. Sense: No additional sense information
[   22.899414] sr 2:0:0:1: [sr0] tag#0 CDB: Read(10) 28 00 00 00 bf fc 00 00 02 00
[   22.899419] blk_update_request: I/O error, dev sr0, sector 196592
[   22.921539] sr 2:0:0:1: [sr0] tag#0 FAILED Result: hostbyte=DID_ERROR driverbyte=DRIVER_SENSE
[   22.921549] sr 2:0:0:1: [sr0] tag#0 Sense Key : Hardware Error [current] 
[   22.921554] sr 2:0:0:1: [sr0] tag#0 Add. Sense: No additional sense information
[   22.921560] sr 2:0:0:1: [sr0] tag#0 CDB: Read(10) 28 00 00 00 bf fc 00 00 01 00
[   22.921565] blk_update_request: I/O error, dev sr0, sector 196592
[   22.921571] Buffer I/O error on dev sr0, logical block 49148, async page read
[   22.945101] sr 2:0:0:1: [sr0] tag#0 FAILED Result: hostbyte=DID_ERROR driverbyte=DRIVER_SENSE
[   22.945110] sr 2:0:0:1: [sr0] tag#0 Sense Key : Hardware Error [current] 
[   22.945115] sr 2:0:0:1: [sr0] tag#0 Add. Sense: No additional sense information
[   22.945122] sr 2:0:0:1: [sr0] tag#0 CDB: Read(10) 28 00 00 00 bf fd 00 00 01 00
[   22.945126] blk_update_request: I/O error, dev sr0, sector 196596
[   22.945132] Buffer I/O error on dev sr0, logical block 49149, async page read
[   22.950137] sr 2:0:0:1: [sr0] GET_EVENT and TUR disagree continuously, suppress GET_EVENT events
[   22.987808] sr 2:0:0:1: [sr0] tag#0 FAILED Result: hostbyte=DID_ERROR driverbyte=DRIVER_SENSE
[   22.987817] sr 2:0:0:1: [sr0] tag#0 Sense Key : Hardware Error [current] 
[   22.987822] sr 2:0:0:1: [sr0] tag#0 Add. Sense: No additional sense information
[   22.987829] sr 2:0:0:1: [sr0] tag#0 CDB: Read(10) 28 00 00 00 bf fc 00 00 02 00
[   22.987833] blk_update_request: I/O error, dev sr0, sector 196592
[   23.017299] sr 2:0:0:1: [sr0] tag#0 FAILED Result: hostbyte=DID_ERROR driverbyte=DRIVER_SENSE
[   23.017306] sr 2:0:0:1: [sr0] tag#0 Sense Key : Hardware Error [current] 
[   23.017311] sr 2:0:0:1: [sr0] tag#0 Add. Sense: No additional sense information
[   23.017317] sr 2:0:0:1: [sr0] tag#0 CDB: Read(10) 28 00 00 00 bf fc 00 00 01 00
[   23.017320] blk_update_request: I/O error, dev sr0, sector 196592
[   23.017325] Buffer I/O error on dev sr0, logical block 49148, async page read
[   23.039048] ISO 9660 Extensions: Microsoft Joliet Level 3
[   23.041237] sr 2:0:0:1: [sr0] tag#0 FAILED Result: hostbyte=DID_ERROR driverbyte=DRIVER_SENSE
[   23.041245] sr 2:0:0:1: [sr0] tag#0 Sense Key : Hardware Error [current] 
[   23.041250] sr 2:0:0:1: [sr0] tag#0 Add. Sense: No additional sense information
[   23.041257] sr 2:0:0:1: [sr0] tag#0 CDB: Read(10) 28 00 00 00 bf fd 00 00 01 00
[   23.041261] blk_update_request: I/O error, dev sr0, sector 196596
[   23.041266] Buffer I/O error on dev sr0, logical block 49149, async page read
[   23.044650] ISO 9660 Extensions: RRIP_1991A
[   23.081705] sr 2:0:0:1: [sr0] tag#0 FAILED Result: hostbyte=DID_ERROR driverbyte=DRIVER_SENSE
[   23.081714] sr 2:0:0:1: [sr0] tag#0 Sense Key : Hardware Error [current] 
[   23.081719] sr 2:0:0:1: [sr0] tag#0 Add. Sense: No additional sense information
[   23.081725] sr 2:0:0:1: [sr0] tag#0 CDB: Read(10) 28 00 00 00 bf fc 00 00 02 00
[   23.081730] blk_update_request: I/O error, dev sr0, sector 196592
[   23.114464] sr 2:0:0:1: [sr0] tag#0 FAILED Result: hostbyte=DID_ERROR driverbyte=DRIVER_SENSE
[   23.114473] sr 2:0:0:1: [sr0] tag#0 Sense Key : Hardware Error [current] 
[   23.114478] sr 2:0:0:1: [sr0] tag#0 Add. Sense: No additional sense information
[   23.114484] sr 2:0:0:1: [sr0] tag#0 CDB: Read(10) 28 00 00 00 bf fc 00 00 01 00
[   23.114489] blk_update_request: I/O error, dev sr0, sector 196592
[   23.114495] Buffer I/O error on dev sr0, logical block 49148, async page read
[   23.137972] sr 2:0:0:1: [sr0] tag#0 FAILED Result: hostbyte=DID_ERROR driverbyte=DRIVER_SENSE
[   23.137978] sr 2:0:0:1: [sr0] tag#0 Sense Key : Hardware Error [current] 
[   23.137984] sr 2:0:0:1: [sr0] tag#0 Add. Sense: No additional sense information
[   23.137989] sr 2:0:0:1: [sr0] tag#0 CDB: Read(10) 28 00 00 00 bf fd 00 00 01 00
[   23.137993] blk_update_request: I/O error, dev sr0, sector 196596
[   23.137997] Buffer I/O error on dev sr0, logical block 49149, async page read
[   23.177446] sr 2:0:0:1: [sr0] tag#0 FAILED Result: hostbyte=DID_ERROR driverbyte=DRIVER_SENSE
[   23.177456] sr 2:0:0:1: [sr0] tag#0 Sense Key : Hardware Error [current] 
[   23.177461] sr 2:0:0:1: [sr0] tag#0 Add. Sense: No additional sense information
[   23.177468] sr 2:0:0:1: [sr0] tag#0 CDB: Read(10) 28 00 00 00 bf fc 00 00 02 00
[   23.177472] blk_update_request: I/O error, dev sr0, sector 196592
[   23.201658] Buffer I/O error on dev sr0, logical block 49148, async page read
[   23.225514] Buffer I/O error on dev sr0, logical block 49149, async page read
[   23.285747] Buffer I/O error on dev sr0, logical block 49148, async page read
[   23.310019] Buffer I/O error on dev sr0, logical block 49149, async page read
[   23.609949] squashfs: version 4.0 (2009/01/31) Phillip Lougher
[   23.742054] random: nonblocking pool is initialized
[   30.758044] scsi_io_completion: 14 callbacks suppressed
[   30.758056] sr 2:0:0:1: [sr0] tag#0 FAILED Result: hostbyte=DID_ERROR driverbyte=DRIVER_SENSE
[   30.758063] sr 2:0:0:1: [sr0] tag#0 Sense Key : Hardware Error [current] 
[   30.758068] sr 2:0:0:1: [sr0] tag#0 Add. Sense: No additional sense information
[   30.758074] sr 2:0:0:1: [sr0] tag#0 CDB: Read(10) 28 00 00 00 bf fc 00 00 02 00
[   30.758077] blk_update_request: 14 callbacks suppressed
[   30.758081] blk_update_request: I/O error, dev sr0, sector 196592
[   30.781891] sr 2:0:0:1: [sr0] tag#0 FAILED Result: hostbyte=DID_ERROR driverbyte=DRIVER_SENSE
[   30.781898] sr 2:0:0:1: [sr0] tag#0 Sense Key : Hardware Error [current] 
[   30.781903] sr 2:0:0:1: [sr0] tag#0 Add. Sense: No additional sense information
[   30.781908] sr 2:0:0:1: [sr0] tag#0 CDB: Read(10) 28 00 00 00 bf fc 00 00 01 00
[   30.781912] blk_update_request: I/O error, dev sr0, sector 196592
[   30.781916] buffer_io_error: 6 callbacks suppressed
[   30.781919] Buffer I/O error on dev sr0, logical block 49148, async page read
[   30.805738] sr 2:0:0:1: [sr0] tag#0 FAILED Result: hostbyte=DID_ERROR driverbyte=DRIVER_SENSE
[   30.805745] sr 2:0:0:1: [sr0] tag#0 Sense Key : Hardware Error [current] 
[   30.805750] sr 2:0:0:1: [sr0] tag#0 Add. Sense: No additional sense information
[   30.805755] sr 2:0:0:1: [sr0] tag#0 CDB: Read(10) 28 00 00 00 bf fd 00 00 01 00
[   30.805759] blk_update_request: I/O error, dev sr0, sector 196596
[   30.805763] Buffer I/O error on dev sr0, logical block 49149, async page read
[   36.133896] usb 1-1.1: new full-speed USB device number 6 using xhci_hcd
[   36.237004] usb 1-1.1: New USB device found, idVendor=046d, idProduct=c52b
[   36.237011] usb 1-1.1: New USB device strings: Mfr=1, Product=2, SerialNumber=0
[   36.237016] usb 1-1.1: Product: USB Receiver
[   36.237019] usb 1-1.1: Manufacturer: Logitech
[   36.250309] logitech-djreceiver 0003:046D:C52B.0004: hiddev0,hidraw1: USB HID v1.11 Device 
  [Logitech USB Receiver] on usb-0000:00:14.0-1.1/input2
[   36.497448] input: Logitech M570 as /devices/pci0000:00/0000:00:14.0/usb1/1-1/1-1.1/1-1.1:1.2/0003:046D:C52B.0004/0003:046D:1028.0005/input/input3
[   36.498495] logitech-hidpp-device 0003:046D:1028.0005: input,hidraw2: USB HID v1.11 Mouse 
  [Logitech M570] on usb-0000:00:14.0-1.1:1
[   39.574258] systemd[1]: systemd 229 running in system mode. (+PAM +AUDIT +SELINUX +IMA +APPARMOR +SMACK 
  +SYSVINIT +UTMP +LIBCRYPTSETUP +GCRYPT +GNUTLS +ACL +XZ -LZ4 +SECCOMP +BLKID +ELFUTILS +KMOD -IDN)
[   39.574594] systemd[1]: Detected architecture x86-64.
[   39.574974] systemd[1]: Set hostname to &lt;ubuntu-mate&gt;.
[   39.575318] systemd[1]: Initializing machine ID from random generator.
[   39.738559] systemd[1]: Created slice User and Session Slice.
[   39.738722] systemd[1]: Listening on LVM2 metadata daemon socket.
[   39.738825] systemd[1]: Started Forward Password Requests to Wall Directory Watch.
[   39.738936] systemd[1]: Listening on Journal Socket.
[   39.739181] systemd[1]: Created slice System Slice.
[   39.752728] systemd[1]: Started Read required files in advance.
[   39.753187] systemd[1]: Listening on udev Kernel Socket.
[   39.755006] systemd[1]: Starting Create list of required static device nodes for the current kernel...
[   39.755048] systemd[1]: Reached target User and Group Name Lookups.
[   39.756478] systemd[1]: Mounting Huge Pages File System...
[   39.757948] systemd[1]: Starting Nameserver information manager...
[   39.760894] systemd[1]: Starting Load Kernel Modules...
[   39.762372] systemd[1]: Mounting POSIX Message Queue File System...
[   39.762535] systemd[1]: Listening on Syslog Socket.
[   39.762708] systemd[1]: Listening on Device-mapper event daemon FIFOs.
[   39.762834] systemd[1]: Listening on /dev/initctl Compatibility Named Pipe.
[   39.762864] systemd[1]: Reached target Slices.
[   39.762897] systemd[1]: Reached target Encrypted Volumes.
[   39.762939] systemd[1]: Reached target Remote File Systems (Pre).
[   39.762974] systemd[1]: Reached target Remote File Systems.
[   39.764334] systemd[1]: Mounting Debug File System...
[   39.764378] systemd[1]: Reached target Swap.
[   39.765737] systemd[1]: Starting Uncomplicated firewall...
[   39.765882] systemd[1]: Listening on Journal Socket (/dev/log).
[   39.767210] systemd[1]: Starting Braille Device Support...
[   39.767360] systemd[1]: Listening on udev Control Socket.
[   39.767802] systemd[1]: Set up automount Arbitrary Executable File Formats File System Automount Point.
[   39.769245] systemd[1]: Starting Remount Root and Kernel File Systems...
[   39.769438] systemd[1]: Listening on Journal Audit Socket.
[   39.770928] systemd[1]: Starting Journal Service...
[   39.771405] systemd[1]: Created slice system-getty.slice.
[   39.772724] systemd[1]: Starting Monitoring of LVM2 mirrors, snapshots etc. using dmeventd or progress polling...
[   39.786897] systemd[1]: Listening on LVM2 poll daemon socket.
[   39.806525] systemd[1]: Started Braille Device Support.
[   39.823056] systemd[1]: Mounted Debug File System.
[   39.825026] systemd[1]: Mounted POSIX Message Queue File System.
[   39.825178] systemd[1]: Mounted Huge Pages File System.
[   39.827552] systemd[1]: Started Create list of required static device nodes for the current kernel.
[   39.832038] systemd[1]: Started Uncomplicated firewall.
[   39.838046] systemd[1]: Started Remount Root and Kernel File Systems.
[   39.860252] systemd[1]: Started Nameserver information manager.
[   39.920105] lp: driver loaded but no devices found
[   39.932771] ppdev: user-space parallel port driver
[   39.945774] systemd[1]: Started Load Kernel Modules.
[   39.960855] systemd[1]: Started Journal Service.
[   40.106272] systemd-journald[1003]: Received request to flush runtime journal from PID 1
[   40.579299] dw_dmac_pci 0000:00:18.0: DesignWare DMA Controller, 8 channels
[   40.581696] dw_dmac_pci 0000:00:1e.0: DesignWare DMA Controller, 8 channels
[   41.295960] SSE version of gcm_enc/dec engaged.
[   41.583134] mei_txe 0000:00:1a.0: wait for readiness failed
[   41.583184] mei_txe 0000:00:1a.0: waiting for readiness failed
[   41.583221] mei_txe 0000:00:1a.0: hw_start failed ret = -62
[   41.603070] intel_soc_dts_thermal: request_threaded_irq ret -22
[   41.652887] intel_rapl: Found RAPL domain package
[   41.652893] intel_rapl: Found RAPL domain core
[   41.669076] divide error: 0000 [#1] SMP 
[   41.669121] Modules linked in: intel_rapl intel_soc_dts_iosf intel_powerclamp coretemp kvm_intel kvm irqbypass punit_atom_debug crct10dif_pclmul crc32_pclmul aesni_intel aes_x86_64 lrw snd_intel_sst_acpi gf128mul snd_intel_sst_core glue_helper snd_soc_sst_mfld_platform ablk_helper snd_soc_core cryptd snd_hda_intel(+) snd_compress ac97_bus snd_hda_codec snd_pcm_dmaengine snd_seq_midi snd_seq_midi_event snd_hda_core lpc_ich(+) snd_rawmidi snd_hwdep pwm_lpss_pci(+) spi_pxa2xx_pci(+) mei_txe(+) snd_pcm snd_seq mei snd_seq_device shpchp(+) snd_timer dw_dmac_pci i2c_designware_pci snd mac_hid dw_dmac 8250_dw dw_dmac_core soundcore i2c_designware_platform i2c_designware_core spi_pxa2xx_platform pwm_lpss_platform pwm_lpss snd_soc_sst_acpi parport_pc ppdev lp parport autofs4 hid_logitech_hidpp hid_logitech_dj
[   41.669699]  squashfs overlay nls_utf8 isofs uas usb_storage nls_iso8859_1 hid_generic usbhid hid dm_mirror dm_region_hash dm_log i915 igb video drm_kms_helper dca syscopyarea ptp sysfillrect pps_core sysimgblt fb_sys_fops i2c_algo_bit ahci drm libahci sdhci_pci fjes sdhci_acpi sdhci
[   41.669939] CPU: 0 PID: 1176 Comm: ModemManager Not tainted 4.4.0-21-generic #37-Ubuntu
[   41.669984] Hardware name: Roqos Roqos Core RC10/Roqos Core RC10, BIOS 071516 07/14/2016
[   41.670028] task: ffff880075890c80 ti: ffff880075b0c000 task.ti: ffff880075b0c000
[   41.670069] RIP: 0010:[&lt;ffffffff8150ba6e&gt;]  [&lt;ffffffff8150ba6e&gt;] byt_set_termios+0x4e/0x100
[   41.670125] RSP: 0018:ffff880075b0fbb8  EFLAGS: 00010246
[   41.670155] RAX: 0000000005f5e100 RBX: 0000000000000001 RCX: 00000000ffffffff
[   41.670194] RDX: 0000000000000000 RSI: 0000000000000000 RDI: ffff880076dced30
[   41.670232] RBP: ffff880075b0fbf0 R08: ffffffff814e4b60 R09: ffff880075b0fbc0
[   41.670271] R10: ffff88007561f638 R11: ffff8800768bf440 R12: ffff880075b0fc74
[   41.670309] R13: ffffffff821e0460 R14: ffff880076dced30 R15: ffff8800765006f8
[   41.670349] FS:  00007f01703a5880(0000) GS:ffff880079c00000(0000) knlGS:0000000000000000
[   41.670392] CS:  0010 DS: 0000 ES: 0000 CR0: 0000000080050033
[   41.670424] CR2: 00007f016d866160 CR3: 0000000075efe000 CR4: 00000000001006f0
[   41.670462] Stack:
[   41.670477]  0000000000002400 0000000000003d09 0000000057bc55d2 ffffffff821e0460
[   41.670531]  ffff880076dcec00 ffff880075b0fc74 ffff880076500600 ffff880075b0fc00
[   41.670584]  ffffffff81507f94 ffff880075b0fc28 ffffffff815029c8 ffff880076dcec00
[   41.670638] Call Trace:
[   41.670662]  [&lt;ffffffff81507f94&gt;] serial8250_set_termios+0x14/0x20
[   41.670700]  [&lt;ffffffff815029c8&gt;] uart_change_speed.isra.8+0x38/0x100
[   41.670738]  [&lt;ffffffff81502b14&gt;] uart_set_termios+0x84/0x1b0
[   41.670774]  [&lt;ffffffff814e88a7&gt;] tty_set_termios+0x1a7/0x270
[   41.670809]  [&lt;ffffffff814e8df9&gt;] set_termios+0x179/0x240
[   41.670842]  [&lt;ffffffff814e9358&gt;] tty_mode_ioctl+0x438/0x4f0
[   41.670878]  [&lt;ffffffff81823b4a&gt;] ? ldsem_down_read+0x3a/0x220
[   41.670913]  [&lt;ffffffff814e9467&gt;] n_tty_ioctl_helper+0x27/0x100
[   41.670948]  [&lt;ffffffff814e4bd2&gt;] n_tty_ioctl+0x72/0xf0
[   41.670979]  [&lt;ffffffff814e2517&gt;] tty_ioctl+0x397/0xc40
[   41.671013]  [&lt;ffffffff81384be5&gt;] ? common_file_perm+0x55/0x180
[   41.671049]  [&lt;ffffffff81259482&gt;] ? eventfd_write+0x92/0x250
[   41.671084]  [&lt;ffffffff812200ff&gt;] do_vfs_ioctl+0x29f/0x490
[   41.671117]  [&lt;ffffffff8120c969&gt;] ? vfs_write+0x149/0x1a0
[   41.671149]  [&lt;ffffffff81220369&gt;] SyS_ioctl+0x79/0x90
[   41.671181]  [&lt;ffffffff818244f2&gt;] entry_SYSCALL_64_fastpath+0x16/0x71
[   41.671217] Code: 00 00 65 48 8b 04 25 28 00 00 00 48 89 45 d8 31 c0 e8 07 c7 fd ff c1 e0 04 31 d2 b9 
  ff ff ff ff 89 c6 b8 00 e1 f5 05 4c 8d 4d d0 &lt;48&gt; f7 f6 48 0f bd c8 48 d3 e3 4c 8d 45 c8 b9 ff 7f 00 00 ba ff 
[   41.671551] RIP  [&lt;ffffffff8150ba6e&gt;] byt_set_termios+0x4e/0x100
[   41.671590]  RSP &lt;ffff880075b0fbb8&gt;
[   41.671675] ---[ end trace 78570fdb8c6a5cc3 ]---
[   42.102020] IPv6: ADDRCONF(NETDEV_UP): enp2s0: link is not ready
[   42.128377] IPv6: ADDRCONF(NETDEV_UP): enp2s0: link is not ready
[   42.140293] IPv6: ADDRCONF(NETDEV_UP): enp1s0: link is not ready
[   42.166643] IPv6: ADDRCONF(NETDEV_UP): enp1s0: link is not ready
[   42.368542] sr 2:0:0:1: [sr0] tag#0 FAILED Result: hostbyte=DID_ERROR driverbyte=DRIVER_SENSE
[   42.368553] sr 2:0:0:1: [sr0] tag#0 Sense Key : Hardware Error [current] 
[   42.368558] sr 2:0:0:1: [sr0] tag#0 Add. Sense: No additional sense information
[   42.368565] sr 2:0:0:1: [sr0] tag#0 CDB: Read(10) 28 00 00 00 bf fc 00 00 02 00
[   42.368569] blk_update_request: I/O error, dev sr0, sector 196592
[   42.396301] sr 2:0:0:1: [sr0] tag#0 FAILED Result: hostbyte=DID_ERROR driverbyte=DRIVER_SENSE
[   42.396312] sr 2:0:0:1: [sr0] tag#0 Sense Key : Hardware Error [current] 
[   42.396318] sr 2:0:0:1: [sr0] tag#0 Add. Sense: No additional sense information
[   42.396324] sr 2:0:0:1: [sr0] tag#0 CDB: Read(10) 28 00 00 00 bf fc 00 00 01 00
[   42.396329] blk_update_request: I/O error, dev sr0, sector 196592
[   42.396334] Buffer I/O error on dev sr0, logical block 49148, async page read
[   42.423609] sr 2:0:0:1: [sr0] tag#0 FAILED Result: hostbyte=DID_ERROR driverbyte=DRIVER_SENSE
[   42.423619] sr 2:0:0:1: [sr0] tag#0 Sense Key : Hardware Error [current] 
[   42.423625] sr 2:0:0:1: [sr0] tag#0 Add. Sense: No additional sense information
[   42.423632] sr 2:0:0:1: [sr0] tag#0 CDB: Read(10) 28 00 00 00 bf fd 00 00 01 00
[   42.423637] blk_update_request: I/O error, dev sr0, sector 196596
[   42.423641] Buffer I/O error on dev sr0, logical block 49149, async page read
[   42.588221] mei_txe 0000:00:1a.0: wait for readiness failed
[   42.588230] mei_txe 0000:00:1a.0: waiting for readiness failed
[   42.588235] mei_txe 0000:00:1a.0: hw_start failed ret = -62
[   43.589911] mei_txe 0000:00:1a.0: wait for readiness failed
[   43.589920] mei_txe 0000:00:1a.0: waiting for readiness failed
[   43.589925] mei_txe 0000:00:1a.0: hw_start failed ret = -62
[   43.589929] mei_txe 0000:00:1a.0: reset: reached maximal consecutive resets: disabling the device
[   43.589933] mei_txe 0000:00:1a.0: reset failed ret = -19
[   43.589937] mei_txe 0000:00:1a.0: link layer initialization failed.
[   43.589941] mei_txe 0000:00:1a.0: init hw failure.
[   43.590619] mei_txe 0000:00:1a.0: initialization failed.
[   43.591817] shpchp: Standard Hot Plug PCI Controller Driver version: 0.4
[   43.634922] snd_hda_intel 0000:00:1b.0: bound 0000:00:02.0 (ops i915_audio_component_bind_ops [i915])
[   43.677990] input: HDA Intel PCH HDMI/DP,pcm=3 as /devices/pci0000:00/0000:00:1b.0/sound/card0/input4
[   43.678160] input: HDA Intel PCH HDMI/DP,pcm=7 as /devices/pci0000:00/0000:00:1b.0/sound/card0/input5
[   43.678309] input: HDA Intel PCH HDMI/DP,pcm=8 as /devices/pci0000:00/0000:00:1b.0/sound/card0/input6
[   43.774803] cfg80211: World regulatory domain updated:
[   43.774812] cfg80211:  DFS Master region: unset
[   43.774816] cfg80211:   (start_freq - end_freq @ bandwidth), (max_antenna_gain, max_eirp), (dfs_cac_time)
[   43.774821] cfg80211:   (2402000 KHz - 2472000 KHz @ 40000 KHz), (N/A, 2000 mBm), (N/A)
[   43.774825] cfg80211:   (2457000 KHz - 2482000 KHz @ 40000 KHz), (N/A, 2000 mBm), (N/A)
[   43.774829] cfg80211:   (2474000 KHz - 2494000 KHz @ 20000 KHz), (N/A, 2000 mBm), (N/A)
[   43.774833] cfg80211:   (5170000 KHz - 5250000 KHz @ 80000 KHz, 160000 KHz AUTO), (N/A, 2000 mBm), (N/A)
[   43.774837] cfg80211:   (5250000 KHz - 5330000 KHz @ 80000 KHz, 160000 KHz AUTO), (N/A, 2000 mBm), (0 s)
[   43.774841] cfg80211:   (5490000 KHz - 5730000 KHz @ 160000 KHz), (N/A, 2000 mBm), (0 s)
[   43.774845] cfg80211:   (5735000 KHz - 5835000 KHz @ 80000 KHz), (N/A, 2000 mBm), (N/A)
[   43.774849] cfg80211:   (57240000 KHz - 63720000 KHz @ 2160000 KHz), (N/A, 0 mBm), (N/A)
[   43.785311] ath10k_pci 0000:03:00.0: pci irq msi interrupts 1 irq_mode 0 reset_mode 0
[   43.925233] ath10k_pci 0000:03:00.0: Direct firmware load for ath10k/cal-pci-0000:03:00.0.bin failed with error -2
[   43.925712] ath: phy1: ASPM enabled: 0x43
[   43.925719] ath: EEPROM regdomain: 0x0
[   43.925722] ath: EEPROM indicates default country code should be used
[   43.925724] ath: doing EEPROM country-&gt;regdmn map search
[   43.925728] ath: country maps to regdmn code: 0x3a
[   43.925731] ath: Country alpha2 being used: US
[   43.925733] ath: Regpair used: 0x3a
[   43.958994] ieee80211 phy1: Selected rate control algorithm 'minstrel_ht'
[   43.959734] ieee80211 phy1: Atheros AR9287 Rev:2 mem=0xffffc900005a0000, irq=23
[   43.972498] ath9k 0000:04:00.0 wlp4s0: renamed from wlan0
[   43.988746] ath10k_pci 0000:03:00.0: Direct firmware load for ath10k/QCA988X/hw2.0/board-2.bin failed with error -2
[   44.022037] IPv6: ADDRCONF(NETDEV_UP): wlp4s0: link is not ready
[   44.048135] IPv6: ADDRCONF(NETDEV_UP): wlp4s0: link is not ready
[   44.078138] cfg80211: Regulatory domain changed to country: US
[   44.078145] cfg80211:  DFS Master region: FCC
[   44.078149] cfg80211:   (start_freq - end_freq @ bandwidth), (max_antenna_gain, max_eirp), (dfs_cac_time)
[   44.078154] cfg80211:   (2402000 KHz - 2472000 KHz @ 40000 KHz), (N/A, 3000 mBm), (N/A)
[   44.078158] cfg80211:   (5170000 KHz - 5250000 KHz @ 80000 KHz, 160000 KHz AUTO), (N/A, 1700 mBm), (N/A)
[   44.078162] cfg80211:   (5250000 KHz - 5330000 KHz @ 80000 KHz, 160000 KHz AUTO), (N/A, 2300 mBm), (0 s)
[   44.078166] cfg80211:   (5490000 KHz - 5730000 KHz @ 160000 KHz), (N/A, 2300 mBm), (0 s)
[   44.078170] cfg80211:   (5735000 KHz - 5835000 KHz @ 80000 KHz), (N/A, 3000 mBm), (N/A)
[   44.078174] cfg80211:   (57240000 KHz - 63720000 KHz @ 2160000 KHz), (N/A, 4000 mBm), (N/A)
[   44.327138] IPv6: ADDRCONF(NETDEV_UP): wlp4s0: link is not ready
[   45.084877] igb 0000:02:00.0 enp2s0: igb: enp2s0 NIC Link is Up 1000 Mbps Full Duplex, Flow Control: RX/TX
[   45.085235] IPv6: ADDRCONF(NETDEV_CHANGE): enp2s0: link becomes ready
[   45.134016] ath10k_pci 0000:03:00.0: qca988x hw2.0 (0x4100016c, 0x043202ff sub 0000:0000) fw 10.2.4.70.9-2 
  fwapi 5 bdapi 1 htt-ver 2.1 wmi-op 5 htt-op 2 cal otp max-sta 128 raw 0 hwcrypto 1 features no-p2p,raw-mode
[   45.134026] ath10k_pci 0000:03:00.0: debug 0 debugfs 1 tracing 1 dfs 0 testmode 0
[   45.199357] ath: EEPROM regdomain: 0x0
[   45.199365] ath: EEPROM indicates default country code should be used
[   45.199368] ath: doing EEPROM country-&gt;regdmn map search
[   45.199371] ath: country maps to regdmn code: 0x3a
[   45.199374] ath: Country alpha2 being used: US
[   45.199376] ath: Regpair used: 0x3a
[   45.205426] ath10k_pci 0000:03:00.0 wlp3s0: renamed from wlan0
[   45.234957] IPv6: ADDRCONF(NETDEV_UP): wlp3s0: link is not ready
[   45.265108] igb 0000:01:00.0 enp1s0: igb: enp1s0 NIC Link is Up 1000 Mbps Full Duplex, Flow Control: RX/TX
[   46.539129] IPv6: ADDRCONF(NETDEV_UP): wlp3s0: link is not ready
[   46.540852] IPv6: ADDRCONF(NETDEV_CHANGE): enp1s0: link becomes ready
[   46.654510] IPv6: ADDRCONF(NETDEV_UP): wlp3s0: link is not ready
[   50.195975] EXT4-fs (sda2): mounted filesystem with ordered data mode. Opts: (null)
[   50.218432] EXT4-fs (sda3): mounted filesystem with ordered data mode. Opts: (null)
[   72.579596] Non-volatile memory driver v1.3
[   92.317400] igb 0000:01:00.0 enp1s0: igb: enp1s0 NIC Link is Down
&lt;/pre&gt;&lt;/small&gt;}}

==Images==
&lt;gallery&gt;
File:Roqos_core_pcb.jpg|Internal view
File:Roqos Core RC10 Top.jpeg|Front
File:Roqos Core RC10 Bottom.jpeg|Back
File:Roqos Core RC10 LED.jpeg|LED Board
&lt;/gallery&gt;[[Has images::internal| ]]

__NOTOC__</text>
      <sha1>p41xyzs9x2x78yc3pv56ofbzqucaabp</sha1>
    </revision>
  </page>