<page>
    <title>USource DFP-34G-2C2</title>
    <ns>0</ns>
    <id>76718</id>
    <revision>
      <id>377610</id>
      <parentid>377588</parentid>
      <timestamp>2021-12-28T20:59:01Z</timestamp>
      <contributor>
        <username>Omega</username>
        <id>24</id>
      </contributor>
      <comment>fixed ;</comment>
      <origin>377610</origin>
      <model>wikitext</model>
      <format>text/x-wiki</format>
      <text bytes="2067" sha1="oo6seucmvlzmwx9zb111eke22wly2z4" xml:space="preserve">{{Wired embedded system
|brand=USource
|model=DFP-34G
|revision=-2C2
|is_manuf=No
|type=SFP Module
|cpu1_brand=ZTE
|cpu1_model=ZX279125
|cpu1_cspeed=600
|cpu1_cores=2
|fla1=16
|fla1_brand=Winbond
|fla1_model=W25Q128FVSG
|ram1=32
|ram1_brand=Winbond
|ram1_model=
|expansion_if_types=SFP
|expansion_sfp_num=1
|eth_cpu=true
|eth_chip2_brand=Atheros
|eth_chip2_model=AR8035-A
|lan_speed=1GbE
|lan_ports=1
|wan_speed=2.5GbE
|wan_ports=1
|flags=GPON, SFP
}}
{{TagLine|GPON ONU Stick - GPON SFP Module}}
:[http://www.usourcetech.com/web/userfiles/download/GPONSTICKSFPCLASSB-2B_Rev01.pdf PBrief]

*[https://forum.openwrt.org/t/gpon-module-dfp-34g-2c2-sfp/51641 ''DFP-34G-2C2'' on '''OpenWrt''' forums]

*[https://github.com/Anime4000/DFP-34G-2C2 ''DFP-34G-2C2'' - Hacking &amp; Research for ONU SFP Stick]

:;SoC
&lt;pre&gt;
Processor       : ARMv7 Processor rev 1 (v7l)
BogoMIPS        : 1196.03
Features        : swp half fastmult edsp 
CPU implementer : 0x41
CPU architecture: 7
CPU variant     : 0x4
CPU part        : 0xc09
CPU revision    : 1

Hardware        : ZX279125
Revision        : 0020
Serial          : 0000000000000000
&lt;/pre&gt;

:;RAM
&lt;pre&gt;
MemTotal:          17756 kB
MemFree:            1224 kB
Buffers:               0 kB
Cached:             7960 kB
SwapCached:            0 kB
Active:             6176 kB
Inactive:           5028 kB
Active(anon):       1444 kB
Inactive(anon):     2032 kB
Active(file):       4732 kB
Inactive(file):     2996 kB
Unevictable:           0 kB
Mlocked:               0 kB
SwapTotal:             0 kB
SwapFree:              0 kB
Dirty:                 0 kB
Writeback:             0 kB
AnonPages:          3284 kB
Mapped:             3252 kB
Shmem:               232 kB
Slab:               2048 kB
SReclaimable:        280 kB
SUnreclaim:         1768 kB
KernelStack:         504 kB
PageTables:          268 kB
NFS_Unstable:          0 kB
Bounce:                0 kB
WritebackTmp:          0 kB
CommitLimit:        8876 kB
Committed_AS:      13808 kB
VmallocTotal:     745472 kB
VmallocUsed:         436 kB
VmallocChunk:     740304 kB
&lt;/pre&gt;</text>
      <sha1>oo6seucmvlzmwx9zb111eke22wly2z4</sha1>
    </revision>
  </page>